2026-09-30 22:29:53,356 INFO 运行 main_A0_s0，设备 cuda，torch 2.11.0+cu128
2026-09-30 22:29:54,199 INFO 数据：T=4344 N=275 训练/验证/测试起点 3001/409/841；{'train': ('2022-09-01', '2023-01-05'), 'val': ('2023-01-06', '2023-01-23'), 'test': ('2023-01-24', '2023-02-28')}
2026-09-30 22:29:54,377 INFO 模型参数 198,211；锚定方式 cut；锚定来源 fivemin_main
2026-09-30 22:30:20,493 INFO 第   1 轮  训练 0.02303  验证 pinball 0.01701  分时小区平均 β -0.213  24.9s
2026-09-30 22:30:44,852 INFO 第   2 轮  训练 0.01836  验证 pinball 0.01612  分时小区平均 β -0.213  24.4s
2026-09-30 22:31:09,256 INFO 第   3 轮  训练 0.01705  验证 pinball 0.01525  分时小区平均 β -0.213  24.4s
2026-09-30 22:31:33,543 INFO 第   4 轮  训练 0.01580  验证 pinball 0.01432  分时小区平均 β -0.213  24.3s
2026-09-30 22:31:57,901 INFO 第   5 轮  训练 0.01495  验证 pinball 0.01452  分时小区平均 β -0.213  24.4s
2026-09-30 22:32:22,266 INFO 第   6 轮  训练 0.01434  验证 pinball 0.01396  分时小区平均 β -0.213  24.4s
2026-09-30 22:32:46,703 INFO 第   7 轮  训练 0.01405  验证 pinball 0.01380  分时小区平均 β -0.213  24.4s
2026-09-30 22:33:11,093 INFO 第   8 轮  训练 0.01384  验证 pinball 0.01363  分时小区平均 β -0.213  24.4s
2026-09-30 22:33:35,493 INFO 第   9 轮  训练 0.01355  验证 pinball 0.01460  分时小区平均 β -0.213  24.4s
2026-09-30 22:33:59,884 INFO 第  10 轮  训练 0.01340  验证 pinball 0.01367  分时小区平均 β -0.213  24.4s
2026-09-30 22:34:24,221 INFO 第  11 轮  训练 0.01327  验证 pinball 0.01317  分时小区平均 β -0.213  24.3s
2026-09-30 22:34:48,575 INFO 第  12 轮  训练 0.01305  验证 pinball 0.01297  分时小区平均 β -0.213  24.3s
2026-09-30 22:35:12,995 INFO 第  13 轮  训练 0.01296  验证 pinball 0.01324  分时小区平均 β -0.213  24.4s
2026-09-30 22:35:37,408 INFO 第  14 轮  训练 0.01288  验证 pinball 0.01328  分时小区平均 β -0.213  24.4s
2026-09-30 22:36:01,798 INFO 第  15 轮  训练 0.01275  验证 pinball 0.01302  分时小区平均 β -0.213  24.4s
2026-09-30 22:36:26,106 INFO 第  16 轮  训练 0.01258  验证 pinball 0.01293  分时小区平均 β -0.213  24.3s
2026-09-30 22:36:50,494 INFO 第  17 轮  训练 0.01254  验证 pinball 0.01305  分时小区平均 β -0.213  24.4s
2026-09-30 22:37:14,818 INFO 第  18 轮  训练 0.01238  验证 pinball 0.01316  分时小区平均 β -0.213  24.3s
2026-09-30 22:37:39,178 INFO 第  19 轮  训练 0.01231  验证 pinball 0.01303  分时小区平均 β -0.213  24.4s
2026-09-30 22:38:03,552 INFO 第  20 轮  训练 0.01224  验证 pinball 0.01298  分时小区平均 β -0.213  24.4s
2026-09-30 22:38:27,996 INFO 第  21 轮  训练 0.01221  验证 pinball 0.01309  分时小区平均 β -0.213  24.4s
2026-09-30 22:38:52,368 INFO 第  22 轮  训练 0.01209  验证 pinball 0.01310  分时小区平均 β -0.213  24.4s
2026-09-30 22:39:16,712 INFO 第  23 轮  训练 0.01203  验证 pinball 0.01290  分时小区平均 β -0.213  24.3s
2026-09-30 22:39:41,109 INFO 第  24 轮  训练 0.01203  验证 pinball 0.01304  分时小区平均 β -0.213  24.4s
2026-09-30 22:40:05,529 INFO 第  25 轮  训练 0.01191  验证 pinball 0.01340  分时小区平均 β -0.213  24.4s
2026-09-30 22:40:29,913 INFO 第  26 轮  训练 0.01188  验证 pinball 0.01316  分时小区平均 β -0.213  24.4s
2026-09-30 22:40:54,350 INFO 第  27 轮  训练 0.01187  验证 pinball 0.01304  分时小区平均 β -0.213  24.4s
2026-09-30 22:41:18,870 INFO 第  28 轮  训练 0.01180  验证 pinball 0.01280  分时小区平均 β -0.213  24.5s
2026-09-30 22:41:43,214 INFO 第  29 轮  训练 0.01171  验证 pinball 0.01297  分时小区平均 β -0.213  24.3s
2026-09-30 22:42:07,611 INFO 第  30 轮  训练 0.01166  验证 pinball 0.01322  分时小区平均 β -0.213  24.4s
2026-09-30 22:42:32,003 INFO 第  31 轮  训练 0.01163  验证 pinball 0.01334  分时小区平均 β -0.213  24.4s
2026-09-30 22:42:56,389 INFO 第  32 轮  训练 0.01162  验证 pinball 0.01339  分时小区平均 β -0.213  24.4s
2026-09-30 22:43:20,762 INFO 第  33 轮  训练 0.01158  验证 pinball 0.01339  分时小区平均 β -0.213  24.4s
2026-09-30 22:43:45,123 INFO 第  34 轮  训练 0.01148  验证 pinball 0.01313  分时小区平均 β -0.213  24.4s
2026-09-30 22:44:09,950 INFO 第  35 轮  训练 0.01145  验证 pinball 0.01372  分时小区平均 β -0.213  24.8s
2026-09-30 22:44:36,578 INFO 第  36 轮  训练 0.01142  验证 pinball 0.01311  分时小区平均 β -0.213  26.6s
2026-09-30 22:45:03,387 INFO 第  37 轮  训练 0.01142  验证 pinball 0.01343  分时小区平均 β -0.213  26.8s
2026-09-30 22:45:30,042 INFO 第  38 轮  训练 0.01129  验证 pinball 0.01354  分时小区平均 β -0.213  26.7s
2026-09-30 22:45:56,749 INFO 第  39 轮  训练 0.01124  验证 pinball 0.01332  分时小区平均 β -0.213  26.7s
2026-09-30 22:46:23,414 INFO 第  40 轮  训练 0.01127  验证 pinball 0.01323  分时小区平均 β -0.213  26.7s
2026-09-30 22:46:50,203 INFO 第  41 轮  训练 0.01130  验证 pinball 0.01399  分时小区平均 β -0.213  26.8s
2026-09-30 22:47:16,994 INFO 第  42 轮  训练 0.01117  验证 pinball 0.01335  分时小区平均 β -0.213  26.8s
2026-09-30 22:47:43,530 INFO 第  43 轮  训练 0.01115  验证 pinball 0.01321  分时小区平均 β -0.213  26.5s
2026-09-30 22:47:43,530 INFO 验证损失 15 轮未改善，提前停止
2026-09-30 22:47:48,434 INFO 切换点一致性（all）：观测 β -1.180（0.393）  模型 β -0.535（0.209）
2026-09-30 22:47:48,726 INFO 切换点一致性（novel）：观测 β -0.367（0.505）  模型 β -0.259（0.269）
2026-09-30 22:48:06,618 INFO 测试期 MAE 0.0448  WAPE 0.229  CRPS 0.0263  PICP90 原始 0.809 / ACI 0.901；输出 D:\EV充电因果预测sci论文\05_实验结果\runs\main_A0_s0
