2026-10-01 18:45:24,022 INFO 运行 ess_rho0.5_A0pooled_s0，设备 cuda，torch 2.11.0+cu128
2026-10-01 18:45:32,655 INFO E-SS 半合成数据：109 个小区（处理组 54），ρ = 0.5，真实弹性 [-0.2, -0.8, -1.5]；锚定 pooled（在合成训练期上重新估计）
2026-10-01 18:45:32,656 INFO 数据：T=4344 N=109 训练/验证/测试起点 3001/409/841；{'train': ('2022-09-01', '2023-01-05'), 'val': ('2023-01-06', '2023-01-23'), 'test': ('2023-01-24', '2023-02-28')}
2026-10-01 18:45:32,802 INFO 模型参数 194,891；锚定方式 cut；锚定来源 ess_pooled
2026-10-01 18:45:46,325 INFO 第   1 轮  训练 0.02359  验证 pinball 0.01854  分时小区平均 β -1.271  10.2s
2026-10-01 18:45:55,613 INFO 第   2 轮  训练 0.01845  验证 pinball 0.01777  分时小区平均 β -1.271  9.3s
2026-10-01 18:46:04,259 INFO 第   3 轮  训练 0.01670  验证 pinball 0.01524  分时小区平均 β -1.271  8.6s
2026-10-01 18:46:13,308 INFO 第   4 轮  训练 0.01529  验证 pinball 0.01466  分时小区平均 β -1.271  9.0s
2026-10-01 18:46:22,365 INFO 第   5 轮  训练 0.01427  验证 pinball 0.01464  分时小区平均 β -1.271  9.0s
2026-10-01 18:46:31,051 INFO 第   6 轮  训练 0.01358  验证 pinball 0.01451  分时小区平均 β -1.271  8.7s
2026-10-01 18:46:40,113 INFO 第   7 轮  训练 0.01327  验证 pinball 0.01451  分时小区平均 β -1.271  9.1s
2026-10-01 18:46:49,028 INFO 第   8 轮  训练 0.01301  验证 pinball 0.01393  分时小区平均 β -1.271  8.9s
2026-10-01 18:46:57,715 INFO 第   9 轮  训练 0.01279  验证 pinball 0.01542  分时小区平均 β -1.271  8.7s
2026-10-01 18:47:06,489 INFO 第  10 轮  训练 0.01261  验证 pinball 0.01417  分时小区平均 β -1.271  8.8s
2026-10-01 18:47:15,117 INFO 第  11 轮  训练 0.01242  验证 pinball 0.01502  分时小区平均 β -1.271  8.6s
2026-10-01 18:47:23,753 INFO 第  12 轮  训练 0.01226  验证 pinball 0.01419  分时小区平均 β -1.271  8.6s
2026-10-01 18:47:32,503 INFO 第  13 轮  训练 0.01213  验证 pinball 0.01454  分时小区平均 β -1.271  8.7s
2026-10-01 18:47:41,633 INFO 第  14 轮  训练 0.01202  验证 pinball 0.01443  分时小区平均 β -1.271  9.1s
2026-10-01 18:47:50,614 INFO 第  15 轮  训练 0.01183  验证 pinball 0.01408  分时小区平均 β -1.271  9.0s
2026-10-01 18:47:59,278 INFO 第  16 轮  训练 0.01184  验证 pinball 0.01410  分时小区平均 β -1.271  8.7s
2026-10-01 18:48:08,478 INFO 第  17 轮  训练 0.01169  验证 pinball 0.01465  分时小区平均 β -1.271  9.2s
2026-10-01 18:48:17,335 INFO 第  18 轮  训练 0.01153  验证 pinball 0.01458  分时小区平均 β -1.271  8.9s
2026-10-01 18:48:25,936 INFO 第  19 轮  训练 0.01141  验证 pinball 0.01474  分时小区平均 β -1.271  8.6s
2026-10-01 18:48:34,599 INFO 第  20 轮  训练 0.01134  验证 pinball 0.01518  分时小区平均 β -1.271  8.7s
2026-10-01 18:48:43,405 INFO 第  21 轮  训练 0.01121  验证 pinball 0.01512  分时小区平均 β -1.271  8.8s
2026-10-01 18:48:52,056 INFO 第  22 轮  训练 0.01112  验证 pinball 0.01563  分时小区平均 β -1.271  8.6s
2026-10-01 18:49:00,944 INFO 第  23 轮  训练 0.01106  验证 pinball 0.01495  分时小区平均 β -1.271  8.9s
2026-10-01 18:49:00,944 INFO 验证损失 15 轮未改善，提前停止
2026-10-01 18:49:06,516 INFO E-SS flat：真实隐含弹性 -1.101；模型 -1.260（反事实 MAE 0.0445）；插补 P0 -1.260（0.0445）
2026-10-01 18:49:06,516 INFO E-SS spread1.5：真实隐含弹性 -1.100；模型 -1.260（反事实 MAE 0.0459）；插补 P0 -1.260（0.0459）
2026-10-01 18:49:13,558 INFO 测试期 MAE 0.0473  WAPE 0.249  CRPS 0.0273  PICP90 原始 0.850 / ACI 0.902；输出 D:\EV充电因果预测sci论文\05_实验结果\runs\ess_rho0.5_A0pooled_s0
