2026-09-27 19:08:14,127 INFO 运行 smoke_gwn_cut，设备 cpu，torch 2.14.0
2026-09-27 19:08:14,590 INFO 数据：T=4344 N=40 训练/验证/测试起点 3001/409/841；{'train': ('2022-09-01', '2023-01-05'), 'val': ('2023-01-06', '2023-01-23'), 'test': ('2023-01-24', '2023-02-28')}
2026-09-27 19:08:14,590 WARNING 正在使用占位锚定（β̂=−0.45）：结果只能用于调试，不能写进论文
2026-09-27 19:08:14,595 INFO 模型参数 32,583；锚定方式 cut；锚定来源 placeholder
2026-09-27 19:08:15,761 INFO 第   1 轮  训练 0.02518  验证 pinball 0.02428  分时小区平均 β -0.450  0.7s
2026-09-27 19:08:16,429 INFO 第   2 轮  训练 0.02645  验证 pinball 0.02423  分时小区平均 β -0.450  0.7s
2026-09-27 19:08:18,061 INFO 切换点一致性（all）：观测 β -1.346（0.947）  模型 β -0.418（0.007）
2026-09-27 19:08:18,073 INFO 切换点一致性（novel）：观测 β +5.237（2.022）  模型 β -0.415（0.025）
2026-09-27 19:08:19,344 INFO 测试期 MAE 0.0847  WAPE 0.565  CRPS 0.0521  PICP90 原始 0.902 / ACI 0.906；输出 /Users/zhangshien/Desktop/EV充电因果预测sci论文/05_实验结果/runs/smoke_gwn_cut
2026-09-29 18:10:31,480 INFO 运行 smoke_gwn_cut，设备 cuda，torch 2.11.0+cu128
2026-09-29 18:10:32,059 INFO 数据：T=4344 N=40 训练/验证/测试起点 3001/409/841；{'train': ('2022-09-01', '2023-01-05'), 'val': ('2023-01-06', '2023-01-23'), 'test': ('2023-01-24', '2023-02-28')}
2026-09-29 18:10:32,060 WARNING 正在使用占位锚定（β̂=−0.45）：结果只能用于调试，不能写进论文
2026-09-29 18:10:32,136 INFO 模型参数 32,583；锚定方式 cut；锚定来源 placeholder
2026-09-29 18:10:34,108 INFO 第   1 轮  训练 0.02518  验证 pinball 0.02428  分时小区平均 β -0.450  0.7s
2026-09-29 18:10:34,414 INFO 第   2 轮  训练 0.02645  验证 pinball 0.02423  分时小区平均 β -0.450  0.3s
2026-09-29 18:10:35,188 INFO 切换点一致性（all）：观测 β -1.346（0.947）  模型 β -0.418（0.007）
2026-09-29 18:10:35,213 INFO 切换点一致性（novel）：观测 β +5.237（2.022）  模型 β -0.415（0.025）
2026-09-29 18:10:36,644 INFO 测试期 MAE 0.0847  WAPE 0.565  CRPS 0.0521  PICP90 原始 0.902 / ACI 0.906；输出 D:\EV充电因果预测sci论文\05_实验结果\runs\smoke_gwn_cut
2026-09-29 18:16:42,785 INFO 运行 smoke_gwn_cut，设备 cuda，torch 2.11.0+cu128
2026-09-29 18:16:43,377 INFO 数据：T=4344 N=40 训练/验证/测试起点 3001/409/841；{'train': ('2022-09-01', '2023-01-05'), 'val': ('2023-01-06', '2023-01-23'), 'test': ('2023-01-24', '2023-02-28')}
2026-09-29 18:16:43,378 WARNING 正在使用占位锚定（β̂=−0.45）：结果只能用于调试，不能写进论文
2026-09-29 18:16:43,443 INFO 模型参数 32,583；锚定方式 cut；锚定来源 placeholder
2026-09-29 18:16:45,554 INFO 第   1 轮  训练 0.02518  验证 pinball 0.02428  分时小区平均 β -0.450  0.7s
2026-09-29 18:16:45,863 INFO 第   2 轮  训练 0.02645  验证 pinball 0.02423  分时小区平均 β -0.450  0.3s
2026-09-29 18:16:46,607 INFO 切换点一致性（all）：观测 β -1.346（0.947）  模型 β -0.418（0.007）
2026-09-29 18:16:46,632 INFO 切换点一致性（novel）：观测 β +5.237（2.022）  模型 β -0.415（0.025）
2026-09-29 18:16:48,027 INFO 测试期 MAE 0.0847  WAPE 0.565  CRPS 0.0521  PICP90 原始 0.902 / ACI 0.906；输出 D:\EV充电因果预测sci论文\05_实验结果\runs\smoke_gwn_cut
