2026-10-01 06:02:16,629 INFO 运行 base_gcnlstm_s4，基线 gcnlstm，设备 cuda，torch 2.11.0+cu128
2026-10-01 06:02:17,483 INFO 数据：T=4344 N=275 目标 utilization 训练/验证/测试起点 3001/409/841
2026-10-01 06:02:17,632 INFO 模型参数 1,081,144；价格输入 none；损失 pinball（分位数）
2026-10-01 06:02:24,692 INFO 训练 第   1 轮  训练 0.02298  验证 0.01757  4.8s
2026-10-01 06:02:28,980 INFO 训练 第   2 轮  训练 0.01874  验证 0.01617  4.3s
2026-10-01 06:02:33,264 INFO 训练 第   3 轮  训练 0.01743  验证 0.01558  4.3s
2026-10-01 06:02:37,616 INFO 训练 第   4 轮  训练 0.01661  验证 0.01532  4.3s
2026-10-01 06:02:41,936 INFO 训练 第   5 轮  训练 0.01591  验证 0.01526  4.3s
2026-10-01 06:02:46,214 INFO 训练 第   6 轮  训练 0.01533  验证 0.01521  4.3s
2026-10-01 06:02:50,497 INFO 训练 第   7 轮  训练 0.01491  验证 0.01535  4.3s
2026-10-01 06:02:54,735 INFO 训练 第   8 轮  训练 0.01451  验证 0.01550  4.2s
2026-10-01 06:02:59,036 INFO 训练 第   9 轮  训练 0.01421  验证 0.01554  4.3s
2026-10-01 06:03:03,333 INFO 训练 第  10 轮  训练 0.01392  验证 0.01579  4.3s
2026-10-01 06:03:07,626 INFO 训练 第  11 轮  训练 0.01369  验证 0.01583  4.3s
2026-10-01 06:03:11,984 INFO 训练 第  12 轮  训练 0.01347  验证 0.01607  4.4s
2026-10-01 06:03:16,285 INFO 训练 第  13 轮  训练 0.01329  验证 0.01612  4.3s
2026-10-01 06:03:20,569 INFO 训练 第  14 轮  训练 0.01309  验证 0.01613  4.3s
2026-10-01 06:03:24,880 INFO 训练 第  15 轮  训练 0.01288  验证 0.01653  4.3s
2026-10-01 06:03:29,137 INFO 训练 第  16 轮  训练 0.01279  验证 0.01644  4.3s
2026-10-01 06:03:33,403 INFO 训练 第  17 轮  训练 0.01257  验证 0.01680  4.3s
2026-10-01 06:03:37,694 INFO 训练 第  18 轮  训练 0.01244  验证 0.01688  4.3s
2026-10-01 06:03:42,060 INFO 训练 第  19 轮  训练 0.01231  验证 0.01689  4.4s
2026-10-01 06:03:46,394 INFO 训练 第  20 轮  训练 0.01222  验证 0.01704  4.3s
2026-10-01 06:03:50,682 INFO 训练 第  21 轮  训练 0.01206  验证 0.01698  4.3s
2026-10-01 06:03:50,683 INFO 验证损失 15 轮未改善，提前停止
2026-10-01 06:03:51,975 INFO 切换点一致性（all）：观测 β -1.180（0.393）  模型 β -0.318（0.131）
2026-10-01 06:03:52,209 INFO 切换点一致性（novel）：观测 β -0.367（0.505）  模型 β -0.206（0.151）
2026-10-01 06:04:04,605 INFO 测试期 MAE 0.0517  WAPE 0.265  CRPS 0.0303  PICP90 原始 0.867 / ACI 0.899；输出 D:\EV充电因果预测sci论文\05_实验结果\runs\base_gcnlstm_s4
