2026-10-01 22:53:27,458 INFO 运行 eid_init-2.0_s1，设备 cuda，torch 2.11.0+cu128
2026-10-01 22:53:28,534 INFO 数据：T=4344 N=275 训练/验证/测试起点 3001/409/841；{'train': ('2022-09-01', '2023-01-05'), 'val': ('2023-01-06', '2023-01-23'), 'test': ('2023-01-24', '2023-02-28')}
2026-10-01 22:53:28,669 INFO 模型参数 199,326；锚定方式 free；锚定来源 fivemin_main
2026-10-01 22:53:59,249 INFO 第   1 轮  训练 0.02283  验证 pinball 0.01815  分时小区平均 β -1.936  27.6s
2026-10-01 22:54:26,160 INFO 第   2 轮  训练 0.01859  验证 pinball 0.01619  分时小区平均 β -1.848  26.9s
2026-10-01 22:54:52,930 INFO 第   3 轮  训练 0.01723  验证 pinball 0.01516  分时小区平均 β -1.769  26.8s
2026-10-01 22:55:19,921 INFO 第   4 轮  训练 0.01594  验证 pinball 0.01488  分时小区平均 β -1.698  27.0s
2026-10-01 22:55:46,818 INFO 第   5 轮  训练 0.01503  验证 pinball 0.01459  分时小区平均 β -1.630  26.9s
2026-10-01 22:56:13,726 INFO 第   6 轮  训练 0.01440  验证 pinball 0.01388  分时小区平均 β -1.565  26.9s
2026-10-01 22:56:40,678 INFO 第   7 轮  训练 0.01418  验证 pinball 0.01398  分时小区平均 β -1.505  26.9s
2026-10-01 22:57:07,661 INFO 第   8 轮  训练 0.01381  验证 pinball 0.01344  分时小区平均 β -1.448  27.0s
2026-10-01 22:57:34,669 INFO 第   9 轮  训练 0.01351  验证 pinball 0.01345  分时小区平均 β -1.393  27.0s
2026-10-01 22:58:01,566 INFO 第  10 轮  训练 0.01340  验证 pinball 0.01322  分时小区平均 β -1.341  26.9s
2026-10-01 22:58:28,339 INFO 第  11 轮  训练 0.01325  验证 pinball 0.01322  分时小区平均 β -1.292  26.8s
2026-10-01 22:58:55,318 INFO 第  12 轮  训练 0.01311  验证 pinball 0.01369  分时小区平均 β -1.245  27.0s
2026-10-01 22:59:22,203 INFO 第  13 轮  训练 0.01292  验证 pinball 0.01344  分时小区平均 β -1.201  26.9s
2026-10-01 22:59:49,049 INFO 第  14 轮  训练 0.01275  验证 pinball 0.01367  分时小区平均 β -1.157  26.8s
2026-10-01 23:00:15,938 INFO 第  15 轮  训练 0.01269  验证 pinball 0.01307  分时小区平均 β -1.117  26.9s
2026-10-01 23:00:42,752 INFO 第  16 轮  训练 0.01267  验证 pinball 0.01348  分时小区平均 β -1.079  26.8s
2026-10-01 23:01:09,719 INFO 第  17 轮  训练 0.01247  验证 pinball 0.01312  分时小区平均 β -1.042  27.0s
2026-10-01 23:01:36,749 INFO 第  18 轮  训练 0.01235  验证 pinball 0.01304  分时小区平均 β -1.007  27.0s
2026-10-01 23:02:03,702 INFO 第  19 轮  训练 0.01229  验证 pinball 0.01323  分时小区平均 β -0.974  26.9s
2026-10-01 23:02:30,477 INFO 第  20 轮  训练 0.01226  验证 pinball 0.01295  分时小区平均 β -0.943  26.8s
2026-10-01 23:02:57,355 INFO 第  21 轮  训练 0.01210  验证 pinball 0.01355  分时小区平均 β -0.912  26.9s
2026-10-01 23:03:24,179 INFO 第  22 轮  训练 0.01206  验证 pinball 0.01436  分时小区平均 β -0.883  26.8s
2026-10-01 23:03:51,157 INFO 第  23 轮  训练 0.01203  验证 pinball 0.01317  分时小区平均 β -0.857  27.0s
2026-10-01 23:04:18,251 INFO 第  24 轮  训练 0.01193  验证 pinball 0.01340  分时小区平均 β -0.831  27.1s
2026-10-01 23:04:45,182 INFO 第  25 轮  训练 0.01191  验证 pinball 0.01315  分时小区平均 β -0.807  26.9s
2026-10-01 23:05:11,673 INFO 第  26 轮  训练 0.01184  验证 pinball 0.01381  分时小区平均 β -0.784  26.5s
2026-10-01 23:05:36,120 INFO 第  27 轮  训练 0.01174  验证 pinball 0.01320  分时小区平均 β -0.762  24.4s
2026-10-01 23:06:00,646 INFO 第  28 轮  训练 0.01175  验证 pinball 0.01423  分时小区平均 β -0.741  24.5s
2026-10-01 23:06:25,102 INFO 第  29 轮  训练 0.01174  验证 pinball 0.01331  分时小区平均 β -0.721  24.5s
2026-10-01 23:06:49,478 INFO 第  30 轮  训练 0.01157  验证 pinball 0.01344  分时小区平均 β -0.701  24.4s
2026-10-01 23:07:13,729 INFO 第  31 轮  训练 0.01153  验证 pinball 0.01364  分时小区平均 β -0.683  24.3s
2026-10-01 23:07:38,181 INFO 第  32 轮  训练 0.01141  验证 pinball 0.01387  分时小区平均 β -0.665  24.5s
2026-10-01 23:08:02,649 INFO 第  33 轮  训练 0.01137  验证 pinball 0.01368  分时小区平均 β -0.647  24.5s
2026-10-01 23:08:27,146 INFO 第  34 轮  训练 0.01135  验证 pinball 0.01339  分时小区平均 β -0.631  24.5s
2026-10-01 23:08:51,605 INFO 第  35 轮  训练 0.01136  验证 pinball 0.01347  分时小区平均 β -0.615  24.5s
2026-10-01 23:08:51,605 INFO 验证损失 15 轮未改善，提前停止
2026-10-01 23:08:55,904 INFO 切换点一致性（all）：观测 β -1.180（0.393）  模型 β -0.905（0.220）
2026-10-01 23:08:56,064 INFO 切换点一致性（novel）：观测 β -0.367（0.505）  模型 β -0.512（0.253）
2026-10-01 23:09:04,876 INFO 测试期 MAE 0.0447  WAPE 0.229  CRPS 0.0260  PICP90 原始 0.833 / ACI 0.901；输出 D:\EV充电因果预测sci论文\05_实验结果\runs\eid_init-2.0_s1
