2026-10-01 19:41:02,022 INFO 运行 ess_rho0.5_A2none_s2，设备 cuda，torch 2.11.0+cu128
2026-10-01 19:41:09,599 INFO E-SS 半合成数据：109 个小区（处理组 54），ρ = 0.5，真实弹性 [-0.2, -0.8, -1.5]；锚定 cells（在合成训练期上重新估计）
2026-10-01 19:41:09,599 INFO 数据：T=4344 N=109 训练/验证/测试起点 3001/409/841；{'train': ('2022-09-01', '2023-01-05'), 'val': ('2023-01-06', '2023-01-23'), 'test': ('2023-01-24', '2023-02-28')}
2026-10-01 19:41:09,790 INFO 模型参数 195,342；锚定方式 none；锚定来源 ess_cells
2026-10-01 19:41:22,740 INFO 第   1 轮  训练 0.02327  验证 pinball 0.01806  分时小区平均 β -1.102  9.7s
2026-10-01 19:41:31,917 INFO 第   2 轮  训练 0.01824  验证 pinball 0.01588  分时小区平均 β -1.037  9.2s
2026-10-01 19:41:40,769 INFO 第   3 轮  训练 0.01651  验证 pinball 0.01543  分时小区平均 β -1.009  8.8s
2026-10-01 19:41:49,795 INFO 第   4 轮  训练 0.01533  验证 pinball 0.01491  分时小区平均 β -0.992  9.0s
2026-10-01 19:41:58,644 INFO 第   5 轮  训练 0.01425  验证 pinball 0.01434  分时小区平均 β -0.979  8.8s
2026-10-01 19:42:07,717 INFO 第   6 轮  训练 0.01367  验证 pinball 0.01395  分时小区平均 β -0.964  9.1s
2026-10-01 19:42:17,201 INFO 第   7 轮  训练 0.01322  验证 pinball 0.01370  分时小区平均 β -0.950  9.5s
2026-10-01 19:42:26,177 INFO 第   8 轮  训练 0.01292  验证 pinball 0.01424  分时小区平均 β -0.942  9.0s
2026-10-01 19:42:35,003 INFO 第   9 轮  训练 0.01282  验证 pinball 0.01401  分时小区平均 β -0.934  8.8s
2026-10-01 19:42:43,699 INFO 第  10 轮  训练 0.01258  验证 pinball 0.01445  分时小区平均 β -0.929  8.7s
2026-10-01 19:42:52,510 INFO 第  11 轮  训练 0.01234  验证 pinball 0.01405  分时小区平均 β -0.926  8.8s
2026-10-01 19:43:01,717 INFO 第  12 轮  训练 0.01215  验证 pinball 0.01399  分时小区平均 β -0.923  9.2s
2026-10-01 19:43:10,521 INFO 第  13 轮  训练 0.01209  验证 pinball 0.01446  分时小区平均 β -0.921  8.8s
2026-10-01 19:43:19,583 INFO 第  14 轮  训练 0.01200  验证 pinball 0.01384  分时小区平均 β -0.917  9.1s
2026-10-01 19:43:28,876 INFO 第  15 轮  训练 0.01186  验证 pinball 0.01421  分时小区平均 β -0.915  9.3s
2026-10-01 19:43:38,095 INFO 第  16 轮  训练 0.01172  验证 pinball 0.01469  分时小区平均 β -0.914  9.2s
2026-10-01 19:43:47,352 INFO 第  17 轮  训练 0.01166  验证 pinball 0.01444  分时小区平均 β -0.912  9.3s
2026-10-01 19:43:56,619 INFO 第  18 轮  训练 0.01149  验证 pinball 0.01444  分时小区平均 β -0.910  9.3s
2026-10-01 19:44:05,555 INFO 第  19 轮  训练 0.01139  验证 pinball 0.01454  分时小区平均 β -0.909  8.9s
2026-10-01 19:44:14,806 INFO 第  20 轮  训练 0.01131  验证 pinball 0.01482  分时小区平均 β -0.908  9.3s
2026-10-01 19:44:23,730 INFO 第  21 轮  训练 0.01121  验证 pinball 0.01477  分时小区平均 β -0.907  8.9s
2026-10-01 19:44:32,593 INFO 第  22 轮  训练 0.01115  验证 pinball 0.01486  分时小区平均 β -0.907  8.9s
2026-10-01 19:44:32,593 INFO 验证损失 15 轮未改善，提前停止
2026-10-01 19:44:38,322 INFO E-SS flat：真实隐含弹性 -1.028；模型 -0.866（反事实 MAE 0.0485）；插补 P0 -1.159（0.0483）
2026-10-01 19:44:38,322 INFO E-SS spread1.5：真实隐含弹性 -1.028；模型 -0.866（反事实 MAE 0.0484）；插补 P0 -1.158（0.0485）
2026-10-01 19:44:46,381 INFO 测试期 MAE 0.0472  WAPE 0.249  CRPS 0.0272  PICP90 原始 0.861 / ACI 0.901；输出 D:\EV充电因果预测sci论文\05_实验结果\runs\ess_rho0.5_A2none_s2
