2026-10-01 02:49:38,853 INFO 运行 base_fcnn_s2，基线 fcnn，设备 cuda，torch 2.11.0+cu128
2026-10-01 02:49:40,123 INFO 数据：T=4344 N=275 目标 utilization 训练/验证/测试起点 3001/409/841
2026-10-01 02:49:40,290 INFO 模型参数 32,711；价格输入 none；损失 pinball（分位数）
2026-10-01 02:49:47,872 INFO 训练 第   1 轮  训练 0.02358  验证 0.01785  4.3s
2026-10-01 02:49:51,724 INFO 训练 第   2 轮  训练 0.01955  验证 0.01658  3.9s
2026-10-01 02:49:55,457 INFO 训练 第   3 轮  训练 0.01861  验证 0.01586  3.7s
2026-10-01 02:49:59,158 INFO 训练 第   4 轮  训练 0.01789  验证 0.01528  3.7s
2026-10-01 02:50:02,940 INFO 训练 第   5 轮  训练 0.01747  验证 0.01502  3.8s
2026-10-01 02:50:06,660 INFO 训练 第   6 轮  训练 0.01720  验证 0.01492  3.7s
2026-10-01 02:50:10,325 INFO 训练 第   7 轮  训练 0.01694  验证 0.01477  3.7s
2026-10-01 02:50:14,095 INFO 训练 第   8 轮  训练 0.01679  验证 0.01468  3.8s
2026-10-01 02:50:17,944 INFO 训练 第   9 轮  训练 0.01666  验证 0.01459  3.8s
2026-10-01 02:50:21,826 INFO 训练 第  10 轮  训练 0.01654  验证 0.01459  3.9s
2026-10-01 02:50:25,595 INFO 训练 第  11 轮  训练 0.01647  验证 0.01455  3.8s
2026-10-01 02:50:29,314 INFO 训练 第  12 轮  训练 0.01636  验证 0.01444  3.7s
2026-10-01 02:50:33,146 INFO 训练 第  13 轮  训练 0.01632  验证 0.01455  3.8s
2026-10-01 02:50:36,864 INFO 训练 第  14 轮  训练 0.01622  验证 0.01446  3.7s
2026-10-01 02:50:40,629 INFO 训练 第  15 轮  训练 0.01615  验证 0.01429  3.8s
2026-10-01 02:50:44,353 INFO 训练 第  16 轮  训练 0.01613  验证 0.01433  3.7s
2026-10-01 02:50:48,106 INFO 训练 第  17 轮  训练 0.01605  验证 0.01432  3.8s
2026-10-01 02:50:51,918 INFO 训练 第  18 轮  训练 0.01600  验证 0.01429  3.8s
2026-10-01 02:50:55,797 INFO 训练 第  19 轮  训练 0.01593  验证 0.01431  3.9s
2026-10-01 02:50:59,698 INFO 训练 第  20 轮  训练 0.01589  验证 0.01423  3.9s
2026-10-01 02:51:03,665 INFO 训练 第  21 轮  训练 0.01582  验证 0.01415  4.0s
2026-10-01 02:51:07,660 INFO 训练 第  22 轮  训练 0.01579  验证 0.01419  4.0s
2026-10-01 02:51:11,669 INFO 训练 第  23 轮  训练 0.01574  验证 0.01407  4.0s
2026-10-01 02:51:15,620 INFO 训练 第  24 轮  训练 0.01570  验证 0.01406  4.0s
2026-10-01 02:51:19,609 INFO 训练 第  25 轮  训练 0.01569  验证 0.01402  4.0s
2026-10-01 02:51:23,572 INFO 训练 第  26 轮  训练 0.01562  验证 0.01399  4.0s
2026-10-01 02:51:27,507 INFO 训练 第  27 轮  训练 0.01556  验证 0.01399  3.9s
2026-10-01 02:51:31,347 INFO 训练 第  28 轮  训练 0.01551  验证 0.01401  3.8s
2026-10-01 02:51:35,044 INFO 训练 第  29 轮  训练 0.01554  验证 0.01398  3.7s
2026-10-01 02:51:38,790 INFO 训练 第  30 轮  训练 0.01545  验证 0.01390  3.7s
2026-10-01 02:51:42,566 INFO 训练 第  31 轮  训练 0.01542  验证 0.01394  3.8s
2026-10-01 02:51:46,312 INFO 训练 第  32 轮  训练 0.01539  验证 0.01390  3.7s
2026-10-01 02:51:50,081 INFO 训练 第  33 轮  训练 0.01535  验证 0.01396  3.8s
2026-10-01 02:51:53,861 INFO 训练 第  34 轮  训练 0.01532  验证 0.01384  3.8s
2026-10-01 02:51:57,713 INFO 训练 第  35 轮  训练 0.01531  验证 0.01383  3.9s
2026-10-01 02:52:01,532 INFO 训练 第  36 轮  训练 0.01527  验证 0.01388  3.8s
2026-10-01 02:52:05,445 INFO 训练 第  37 轮  训练 0.01525  验证 0.01380  3.9s
2026-10-01 02:52:09,364 INFO 训练 第  38 轮  训练 0.01525  验证 0.01387  3.9s
2026-10-01 02:52:13,125 INFO 训练 第  39 轮  训练 0.01521  验证 0.01374  3.8s
2026-10-01 02:52:16,861 INFO 训练 第  40 轮  训练 0.01517  验证 0.01378  3.7s
2026-10-01 02:52:20,667 INFO 训练 第  41 轮  训练 0.01515  验证 0.01380  3.8s
2026-10-01 02:52:24,554 INFO 训练 第  42 轮  训练 0.01513  验证 0.01382  3.9s
2026-10-01 02:52:28,310 INFO 训练 第  43 轮  训练 0.01512  验证 0.01378  3.8s
2026-10-01 02:52:32,033 INFO 训练 第  44 轮  训练 0.01510  验证 0.01372  3.7s
2026-10-01 02:52:35,748 INFO 训练 第  45 轮  训练 0.01508  验证 0.01372  3.7s
2026-10-01 02:52:39,499 INFO 训练 第  46 轮  训练 0.01507  验证 0.01377  3.8s
2026-10-01 02:52:43,251 INFO 训练 第  47 轮  训练 0.01504  验证 0.01378  3.8s
2026-10-01 02:52:46,981 INFO 训练 第  48 轮  训练 0.01503  验证 0.01380  3.7s
2026-10-01 02:52:50,804 INFO 训练 第  49 轮  训练 0.01501  验证 0.01376  3.8s
2026-10-01 02:52:54,505 INFO 训练 第  50 轮  训练 0.01499  验证 0.01367  3.7s
2026-10-01 02:52:58,307 INFO 训练 第  51 轮  训练 0.01498  验证 0.01364  3.8s
2026-10-01 02:53:02,243 INFO 训练 第  52 轮  训练 0.01497  验证 0.01363  3.9s
2026-10-01 02:53:06,177 INFO 训练 第  53 轮  训练 0.01495  验证 0.01377  3.9s
2026-10-01 02:53:09,928 INFO 训练 第  54 轮  训练 0.01495  验证 0.01362  3.7s
2026-10-01 02:53:13,671 INFO 训练 第  55 轮  训练 0.01492  验证 0.01360  3.7s
2026-10-01 02:53:17,389 INFO 训练 第  56 轮  训练 0.01492  验证 0.01383  3.7s
2026-10-01 02:53:21,066 INFO 训练 第  57 轮  训练 0.01491  验证 0.01361  3.7s
2026-10-01 02:53:24,787 INFO 训练 第  58 轮  训练 0.01492  验证 0.01356  3.7s
2026-10-01 02:53:28,475 INFO 训练 第  59 轮  训练 0.01488  验证 0.01356  3.7s
2026-10-01 02:53:32,205 INFO 训练 第  60 轮  训练 0.01487  验证 0.01361  3.7s
2026-10-01 02:53:36,146 INFO 训练 第  61 轮  训练 0.01487  验证 0.01372  3.9s
2026-10-01 02:53:40,059 INFO 训练 第  62 轮  训练 0.01484  验证 0.01365  3.9s
2026-10-01 02:53:43,797 INFO 训练 第  63 轮  训练 0.01484  验证 0.01358  3.7s
2026-10-01 02:53:47,566 INFO 训练 第  64 轮  训练 0.01483  验证 0.01347  3.8s
2026-10-01 02:53:51,212 INFO 训练 第  65 轮  训练 0.01483  验证 0.01354  3.6s
2026-10-01 02:53:54,969 INFO 训练 第  66 轮  训练 0.01480  验证 0.01355  3.8s
2026-10-01 02:53:58,673 INFO 训练 第  67 轮  训练 0.01479  验证 0.01360  3.7s
2026-10-01 02:54:02,366 INFO 训练 第  68 轮  训练 0.01478  验证 0.01362  3.7s
2026-10-01 02:54:06,090 INFO 训练 第  69 轮  训练 0.01478  验证 0.01354  3.7s
2026-10-01 02:54:09,803 INFO 训练 第  70 轮  训练 0.01477  验证 0.01356  3.7s
2026-10-01 02:54:13,443 INFO 训练 第  71 轮  训练 0.01476  验证 0.01351  3.6s
2026-10-01 02:54:17,299 INFO 训练 第  72 轮  训练 0.01476  验证 0.01353  3.9s
2026-10-01 02:54:21,242 INFO 训练 第  73 轮  训练 0.01476  验证 0.01352  3.9s
2026-10-01 02:54:25,146 INFO 训练 第  74 轮  训练 0.01476  验证 0.01357  3.9s
2026-10-01 02:54:29,026 INFO 训练 第  75 轮  训练 0.01474  验证 0.01355  3.9s
2026-10-01 02:54:32,830 INFO 训练 第  76 轮  训练 0.01472  验证 0.01365  3.8s
2026-10-01 02:54:36,624 INFO 训练 第  77 轮  训练 0.01472  验证 0.01358  3.8s
2026-10-01 02:54:40,555 INFO 训练 第  78 轮  训练 0.01473  验证 0.01352  3.9s
2026-10-01 02:54:44,326 INFO 训练 第  79 轮  训练 0.01468  验证 0.01346  3.8s
2026-10-01 02:54:48,152 INFO 训练 第  80 轮  训练 0.01468  验证 0.01347  3.8s
2026-10-01 02:54:51,935 INFO 训练 第  81 轮  训练 0.01471  验证 0.01360  3.8s
2026-10-01 02:54:55,828 INFO 训练 第  82 轮  训练 0.01468  验证 0.01354  3.9s
2026-10-01 02:54:59,676 INFO 训练 第  83 轮  训练 0.01468  验证 0.01352  3.8s
2026-10-01 02:55:03,494 INFO 训练 第  84 轮  训练 0.01470  验证 0.01360  3.8s
2026-10-01 02:55:07,194 INFO 训练 第  85 轮  训练 0.01465  验证 0.01346  3.7s
2026-10-01 02:55:10,947 INFO 训练 第  86 轮  训练 0.01465  验证 0.01351  3.8s
2026-10-01 02:55:14,718 INFO 训练 第  87 轮  训练 0.01466  验证 0.01353  3.8s
2026-10-01 02:55:18,441 INFO 训练 第  88 轮  训练 0.01465  验证 0.01349  3.7s
2026-10-01 02:55:22,144 INFO 训练 第  89 轮  训练 0.01463  验证 0.01345  3.7s
2026-10-01 02:55:25,886 INFO 训练 第  90 轮  训练 0.01462  验证 0.01352  3.7s
2026-10-01 02:55:29,647 INFO 训练 第  91 轮  训练 0.01462  验证 0.01355  3.8s
2026-10-01 02:55:33,380 INFO 训练 第  92 轮  训练 0.01463  验证 0.01342  3.7s
2026-10-01 02:55:37,092 INFO 训练 第  93 轮  训练 0.01462  验证 0.01370  3.7s
2026-10-01 02:55:40,847 INFO 训练 第  94 轮  训练 0.01462  验证 0.01355  3.8s
2026-10-01 02:55:44,598 INFO 训练 第  95 轮  训练 0.01461  验证 0.01350  3.7s
2026-10-01 02:55:48,357 INFO 训练 第  96 轮  训练 0.01460  验证 0.01351  3.8s
2026-10-01 02:55:52,025 INFO 训练 第  97 轮  训练 0.01459  验证 0.01349  3.7s
2026-10-01 02:55:55,758 INFO 训练 第  98 轮  训练 0.01462  验证 0.01342  3.7s
2026-10-01 02:55:59,586 INFO 训练 第  99 轮  训练 0.01457  验证 0.01340  3.8s
2026-10-01 02:56:03,457 INFO 训练 第 100 轮  训练 0.01461  验证 0.01349  3.9s
2026-10-01 02:56:04,900 INFO 切换点一致性（all）：观测 β -1.180（0.393）  模型 β -0.676（0.217）
2026-10-01 02:56:05,256 INFO 切换点一致性（novel）：观测 β -0.367（0.505）  模型 β -0.423（0.204）
2026-10-01 02:56:23,005 INFO 测试期 MAE 0.0439  WAPE 0.225  CRPS 0.0262  PICP90 原始 0.896 / ACI 0.899；输出 D:\EV充电因果预测sci论文\05_实验结果\runs\base_fcnn_s2
