2026-10-02 01:43:57,596 INFO 运行 eid_profile-1.2_s0，设备 cuda，torch 2.11.0+cu128
2026-10-02 01:43:58,836 INFO 数据：T=4344 N=275 训练/验证/测试起点 3001/409/841；{'train': ('2022-09-01', '2023-01-05'), 'val': ('2023-01-06', '2023-01-23'), 'test': ('2023-01-24', '2023-02-28')}
2026-10-02 01:43:58,967 INFO 模型参数 198,211；锚定方式 cut；锚定来源 fivemin_main|fixed_beta=-1.2
2026-10-02 01:44:29,634 INFO 第   1 轮  训练 0.02303  验证 pinball 0.01707  分时小区平均 β -1.200  27.3s
2026-10-02 01:44:56,305 INFO 第   2 轮  训练 0.01843  验证 pinball 0.01634  分时小区平均 β -1.200  26.7s
2026-10-02 01:45:23,041 INFO 第   3 轮  训练 0.01717  验证 pinball 0.01533  分时小区平均 β -1.200  26.7s
2026-10-02 01:45:49,719 INFO 第   4 轮  训练 0.01598  验证 pinball 0.01445  分时小区平均 β -1.200  26.7s
2026-10-02 01:46:16,422 INFO 第   5 轮  训练 0.01509  验证 pinball 0.01453  分时小区平均 β -1.200  26.7s
2026-10-02 01:46:43,195 INFO 第   6 轮  训练 0.01445  验证 pinball 0.01422  分时小区平均 β -1.200  26.8s
2026-10-02 01:47:10,021 INFO 第   7 轮  训练 0.01412  验证 pinball 0.01393  分时小区平均 β -1.200  26.8s
2026-10-02 01:47:36,738 INFO 第   8 轮  训练 0.01392  验证 pinball 0.01366  分时小区平均 β -1.200  26.7s
2026-10-02 01:48:03,518 INFO 第   9 轮  训练 0.01364  验证 pinball 0.01500  分时小区平均 β -1.200  26.8s
2026-10-02 01:48:30,357 INFO 第  10 轮  训练 0.01350  验证 pinball 0.01381  分时小区平均 β -1.200  26.8s
2026-10-02 01:48:57,154 INFO 第  11 轮  训练 0.01337  验证 pinball 0.01338  分时小区平均 β -1.200  26.8s
2026-10-02 01:49:23,971 INFO 第  12 轮  训练 0.01315  验证 pinball 0.01318  分时小区平均 β -1.200  26.8s
2026-10-02 01:49:50,874 INFO 第  13 轮  训练 0.01304  验证 pinball 0.01332  分时小区平均 β -1.200  26.9s
2026-10-02 01:50:17,557 INFO 第  14 轮  训练 0.01295  验证 pinball 0.01331  分时小区平均 β -1.200  26.7s
2026-10-02 01:50:44,362 INFO 第  15 轮  训练 0.01281  验证 pinball 0.01319  分时小区平均 β -1.200  26.8s
2026-10-02 01:51:11,110 INFO 第  16 轮  训练 0.01267  验证 pinball 0.01310  分时小区平均 β -1.200  26.7s
2026-10-02 01:51:37,694 INFO 第  17 轮  训练 0.01262  验证 pinball 0.01315  分时小区平均 β -1.200  26.6s
2026-10-02 01:52:04,475 INFO 第  18 轮  训练 0.01247  验证 pinball 0.01331  分时小区平均 β -1.200  26.8s
2026-10-02 01:52:31,324 INFO 第  19 轮  训练 0.01240  验证 pinball 0.01315  分时小区平均 β -1.200  26.8s
2026-10-02 01:52:58,126 INFO 第  20 轮  训练 0.01233  验证 pinball 0.01311  分时小区平均 β -1.200  26.8s
2026-10-02 01:53:24,904 INFO 第  21 轮  训练 0.01228  验证 pinball 0.01326  分时小区平均 β -1.200  26.8s
2026-10-02 01:53:51,674 INFO 第  22 轮  训练 0.01218  验证 pinball 0.01327  分时小区平均 β -1.200  26.8s
2026-10-02 01:54:18,381 INFO 第  23 轮  训练 0.01211  验证 pinball 0.01314  分时小区平均 β -1.200  26.7s
2026-10-02 01:54:44,909 INFO 第  24 轮  训练 0.01214  验证 pinball 0.01316  分时小区平均 β -1.200  26.5s
2026-10-02 01:55:11,803 INFO 第  25 轮  训练 0.01200  验证 pinball 0.01330  分时小区平均 β -1.200  26.9s
2026-10-02 01:55:38,598 INFO 第  26 轮  训练 0.01195  验证 pinball 0.01332  分时小区平均 β -1.200  26.8s
2026-10-02 01:56:05,338 INFO 第  27 轮  训练 0.01194  验证 pinball 0.01313  分时小区平均 β -1.200  26.7s
2026-10-02 01:56:32,271 INFO 第  28 轮  训练 0.01186  验证 pinball 0.01294  分时小区平均 β -1.200  26.9s
2026-10-02 01:56:58,971 INFO 第  29 轮  训练 0.01179  验证 pinball 0.01323  分时小区平均 β -1.200  26.7s
2026-10-02 01:57:25,771 INFO 第  30 轮  训练 0.01175  验证 pinball 0.01352  分时小区平均 β -1.200  26.8s
2026-10-02 01:57:52,556 INFO 第  31 轮  训练 0.01170  验证 pinball 0.01357  分时小区平均 β -1.200  26.8s
2026-10-02 01:58:19,136 INFO 第  32 轮  训练 0.01169  验证 pinball 0.01337  分时小区平均 β -1.200  26.6s
2026-10-02 01:58:45,864 INFO 第  33 轮  训练 0.01163  验证 pinball 0.01357  分时小区平均 β -1.200  26.7s
2026-10-02 01:59:12,689 INFO 第  34 轮  训练 0.01156  验证 pinball 0.01346  分时小区平均 β -1.200  26.8s
2026-10-02 01:59:39,424 INFO 第  35 轮  训练 0.01158  验证 pinball 0.01334  分时小区平均 β -1.200  26.7s
2026-10-02 02:00:06,146 INFO 第  36 轮  训练 0.01149  验证 pinball 0.01332  分时小区平均 β -1.200  26.7s
2026-10-02 02:00:32,906 INFO 第  37 轮  训练 0.01150  验证 pinball 0.01357  分时小区平均 β -1.200  26.8s
2026-10-02 02:00:59,685 INFO 第  38 轮  训练 0.01138  验证 pinball 0.01377  分时小区平均 β -1.200  26.8s
2026-10-02 02:01:26,387 INFO 第  39 轮  训练 0.01134  验证 pinball 0.01333  分时小区平均 β -1.200  26.7s
2026-10-02 02:01:53,110 INFO 第  40 轮  训练 0.01137  验证 pinball 0.01358  分时小区平均 β -1.200  26.7s
2026-10-02 02:02:19,843 INFO 第  41 轮  训练 0.01135  验证 pinball 0.01408  分时小区平均 β -1.200  26.7s
2026-10-02 02:02:46,703 INFO 第  42 轮  训练 0.01125  验证 pinball 0.01366  分时小区平均 β -1.200  26.9s
2026-10-02 02:03:13,552 INFO 第  43 轮  训练 0.01122  验证 pinball 0.01355  分时小区平均 β -1.200  26.8s
2026-10-02 02:03:13,552 INFO 验证损失 15 轮未改善，提前停止
2026-10-02 02:03:18,488 INFO 切换点一致性（all）：观测 β -1.180（0.393）  模型 β -1.111（0.220）
2026-10-02 02:03:18,742 INFO 切换点一致性（novel）：观测 β -0.367（0.505）  模型 β -0.650（0.278）
2026-10-02 02:03:35,225 INFO 测试期 MAE 0.0450  WAPE 0.230  CRPS 0.0264  PICP90 原始 0.812 / ACI 0.902；输出 D:\EV充电因果预测sci论文\05_实验结果\runs\eid_profile-1.2_s0
