2026-10-01 01:28:59,947 INFO 运行 base_gcn_s1，基线 gcn，设备 cuda，torch 2.11.0+cu128
2026-10-01 01:29:00,992 INFO 数据：T=4344 N=275 目标 utilization 训练/验证/测试起点 3001/409/841
2026-10-01 01:29:01,140 INFO 模型参数 1,074,616；价格输入 none；损失 pinball（分位数）
2026-10-01 01:29:08,690 INFO 训练 第   1 轮  训练 0.02299  验证 0.01738  4.6s
2026-10-01 01:29:12,764 INFO 训练 第   2 轮  训练 0.01855  验证 0.01585  4.1s
2026-10-01 01:29:16,765 INFO 训练 第   3 轮  训练 0.01737  验证 0.01535  4.0s
2026-10-01 01:29:20,719 INFO 训练 第   4 轮  训练 0.01654  验证 0.01487  3.9s
2026-10-01 01:29:24,517 INFO 训练 第   5 轮  训练 0.01599  验证 0.01465  3.8s
2026-10-01 01:29:28,395 INFO 训练 第   6 轮  训练 0.01553  验证 0.01468  3.9s
2026-10-01 01:29:32,227 INFO 训练 第   7 轮  训练 0.01518  验证 0.01464  3.8s
2026-10-01 01:29:36,074 INFO 训练 第   8 轮  训练 0.01490  验证 0.01469  3.8s
2026-10-01 01:29:40,029 INFO 训练 第   9 轮  训练 0.01462  验证 0.01463  4.0s
2026-10-01 01:29:44,007 INFO 训练 第  10 轮  训练 0.01439  验证 0.01469  4.0s
2026-10-01 01:29:48,132 INFO 训练 第  11 轮  训练 0.01417  验证 0.01465  4.1s
2026-10-01 01:29:52,153 INFO 训练 第  12 轮  训练 0.01395  验证 0.01477  4.0s
2026-10-01 01:29:56,184 INFO 训练 第  13 轮  训练 0.01377  验证 0.01494  4.0s
2026-10-01 01:30:00,068 INFO 训练 第  14 轮  训练 0.01360  验证 0.01478  3.9s
2026-10-01 01:30:03,963 INFO 训练 第  15 轮  训练 0.01346  验证 0.01489  3.9s
2026-10-01 01:30:07,917 INFO 训练 第  16 轮  训练 0.01329  验证 0.01506  4.0s
2026-10-01 01:30:11,971 INFO 训练 第  17 轮  训练 0.01313  验证 0.01500  4.1s
2026-10-01 01:30:15,894 INFO 训练 第  18 轮  训练 0.01303  验证 0.01511  3.9s
2026-10-01 01:30:19,756 INFO 训练 第  19 轮  训练 0.01286  验证 0.01510  3.9s
2026-10-01 01:30:23,536 INFO 训练 第  20 轮  训练 0.01279  验证 0.01529  3.8s
2026-10-01 01:30:27,447 INFO 训练 第  21 轮  训练 0.01262  验证 0.01527  3.9s
2026-10-01 01:30:31,367 INFO 训练 第  22 轮  训练 0.01256  验证 0.01527  3.9s
2026-10-01 01:30:35,296 INFO 训练 第  23 轮  训练 0.01241  验证 0.01528  3.9s
2026-10-01 01:30:39,143 INFO 训练 第  24 轮  训练 0.01235  验证 0.01545  3.8s
2026-10-01 01:30:39,143 INFO 验证损失 15 轮未改善，提前停止
2026-10-01 01:30:40,508 INFO 切换点一致性（all）：观测 β -1.180（0.393）  模型 β -0.397（0.156）
2026-10-01 01:30:40,767 INFO 切换点一致性（novel）：观测 β -0.367（0.505）  模型 β -0.196（0.170）
2026-10-01 01:30:56,370 INFO 测试期 MAE 0.0506  WAPE 0.259  CRPS 0.0297  PICP90 原始 0.845 / ACI 0.902；输出 D:\EV充电因果预测sci论文\05_实验结果\runs\base_gcn_s1
