2026-10-01 09:31:16,020 INFO 运行 abl_A11_predefined_s0，设备 cuda，torch 2.11.0+cu128
2026-10-01 09:31:17,473 INFO 数据：T=4344 N=275 训练/验证/测试起点 3001/409/841；{'train': ('2022-09-01', '2023-01-05'), 'val': ('2023-01-06', '2023-01-23'), 'test': ('2023-01-24', '2023-02-28')}
2026-10-01 09:31:17,701 INFO 模型参数 176,327；锚定方式 cut；锚定来源 fivemin_main
2026-10-01 09:31:45,123 INFO 第   1 轮  训练 0.02282  验证 pinball 0.01694  分时小区平均 β -0.213  24.3s
2026-10-01 09:32:08,221 INFO 第   2 轮  训练 0.01835  验证 pinball 0.01635  分时小区平均 β -0.213  23.1s
2026-10-01 09:32:31,191 INFO 第   3 轮  训练 0.01737  验证 pinball 0.01547  分时小区平均 β -0.213  23.0s
2026-10-01 09:32:54,327 INFO 第   4 轮  训练 0.01661  验证 pinball 0.01494  分时小区平均 β -0.213  23.1s
2026-10-01 09:33:17,257 INFO 第   5 轮  训练 0.01578  验证 pinball 0.01472  分时小区平均 β -0.213  22.9s
2026-10-01 09:33:40,116 INFO 第   6 轮  训练 0.01503  验证 pinball 0.01417  分时小区平均 β -0.213  22.8s
2026-10-01 09:34:03,251 INFO 第   7 轮  训练 0.01459  验证 pinball 0.01369  分时小区平均 β -0.213  23.1s
2026-10-01 09:34:26,050 INFO 第   8 轮  训练 0.01425  验证 pinball 0.01349  分时小区平均 β -0.213  22.8s
2026-10-01 09:34:49,098 INFO 第   9 轮  训练 0.01381  验证 pinball 0.01460  分时小区平均 β -0.213  23.0s
2026-10-01 09:35:12,201 INFO 第  10 轮  训练 0.01366  验证 pinball 0.01384  分时小区平均 β -0.213  23.1s
2026-10-01 09:35:35,229 INFO 第  11 轮  训练 0.01344  验证 pinball 0.01396  分时小区平均 β -0.213  23.0s
2026-10-01 09:35:58,175 INFO 第  12 轮  训练 0.01320  验证 pinball 0.01336  分时小区平均 β -0.213  22.9s
2026-10-01 09:36:21,220 INFO 第  13 轮  训练 0.01312  验证 pinball 0.01368  分时小区平均 β -0.213  23.0s
2026-10-01 09:36:44,175 INFO 第  14 轮  训练 0.01295  验证 pinball 0.01343  分时小区平均 β -0.213  23.0s
2026-10-01 09:37:07,077 INFO 第  15 轮  训练 0.01293  验证 pinball 0.01335  分时小区平均 β -0.213  22.9s
2026-10-01 09:37:30,174 INFO 第  16 轮  训练 0.01270  验证 pinball 0.01315  分时小区平均 β -0.213  23.1s
2026-10-01 09:37:53,054 INFO 第  17 轮  训练 0.01261  验证 pinball 0.01346  分时小区平均 β -0.213  22.9s
2026-10-01 09:38:16,145 INFO 第  18 轮  训练 0.01252  验证 pinball 0.01378  分时小区平均 β -0.213  23.1s
2026-10-01 09:38:39,169 INFO 第  19 轮  训练 0.01242  验证 pinball 0.01381  分时小区平均 β -0.213  23.0s
2026-10-01 09:39:02,237 INFO 第  20 轮  训练 0.01237  验证 pinball 0.01451  分时小区平均 β -0.213  23.1s
2026-10-01 09:39:25,135 INFO 第  21 轮  训练 0.01229  验证 pinball 0.01387  分时小区平均 β -0.213  22.9s
2026-10-01 09:39:48,317 INFO 第  22 轮  训练 0.01218  验证 pinball 0.01335  分时小区平均 β -0.213  23.2s
2026-10-01 09:40:11,345 INFO 第  23 轮  训练 0.01209  验证 pinball 0.01367  分时小区平均 β -0.213  23.0s
2026-10-01 09:40:34,411 INFO 第  24 轮  训练 0.01207  验证 pinball 0.01327  分时小区平均 β -0.213  23.1s
2026-10-01 09:40:57,476 INFO 第  25 轮  训练 0.01199  验证 pinball 0.01392  分时小区平均 β -0.213  23.1s
2026-10-01 09:41:20,460 INFO 第  26 轮  训练 0.01191  验证 pinball 0.01342  分时小区平均 β -0.213  23.0s
2026-10-01 09:41:43,405 INFO 第  27 轮  训练 0.01191  验证 pinball 0.01389  分时小区平均 β -0.213  22.9s
2026-10-01 09:42:06,359 INFO 第  28 轮  训练 0.01178  验证 pinball 0.01332  分时小区平均 β -0.213  23.0s
2026-10-01 09:42:29,347 INFO 第  29 轮  训练 0.01172  验证 pinball 0.01349  分时小区平均 β -0.213  23.0s
2026-10-01 09:42:52,299 INFO 第  30 轮  训练 0.01178  验证 pinball 0.01352  分时小区平均 β -0.213  23.0s
2026-10-01 09:43:15,349 INFO 第  31 轮  训练 0.01165  验证 pinball 0.01396  分时小区平均 β -0.213  23.0s
2026-10-01 09:43:15,351 INFO 验证损失 15 轮未改善，提前停止
2026-10-01 09:43:19,906 INFO 切换点一致性（all）：观测 β -1.180（0.393）  模型 β -0.557（0.197）
2026-10-01 09:43:20,196 INFO 切换点一致性（novel）：观测 β -0.367（0.505）  模型 β -0.294（0.237）
2026-10-01 09:43:37,587 INFO 测试期 MAE 0.0453  WAPE 0.232  CRPS 0.0262  PICP90 原始 0.836 / ACI 0.900；输出 D:\EV充电因果预测sci论文\05_实验结果\runs\abl_A11_predefined_s0
