2026-10-01 03:20:34,845 INFO 运行 base_agcrn_s2，基线 agcrn，设备 cuda，torch 2.11.0+cu128
2026-10-01 03:20:35,943 INFO 数据：T=4344 N=275 目标 utilization 训练/验证/测试起点 3001/409/841
2026-10-01 03:20:36,120 INFO 模型参数 812,933；价格输入 none；损失 pinball（分位数）
2026-10-01 03:21:13,745 INFO 训练 第   1 轮  训练 0.02617  验证 0.01886  34.9s
2026-10-01 03:21:47,448 INFO 训练 第   2 轮  训练 0.01923  验证 0.01815  33.7s
2026-10-01 03:22:21,631 INFO 训练 第   3 轮  训练 0.01809  验证 0.01721  34.2s
2026-10-01 03:22:57,069 INFO 训练 第   4 轮  训练 0.01727  验证 0.01666  35.4s
2026-10-01 03:23:32,580 INFO 训练 第   5 轮  训练 0.01663  验证 0.01609  35.5s
2026-10-01 03:24:07,493 INFO 训练 第   6 轮  训练 0.01573  验证 0.01552  34.9s
2026-10-01 03:24:42,768 INFO 训练 第   7 轮  训练 0.01512  验证 0.01524  35.3s
2026-10-01 03:25:15,783 INFO 训练 第   8 轮  训练 0.01477  验证 0.01521  33.0s
2026-10-01 03:25:49,568 INFO 训练 第   9 轮  训练 0.01452  验证 0.01509  33.8s
2026-10-01 03:26:25,150 INFO 训练 第  10 轮  训练 0.01419  验证 0.01506  35.6s
2026-10-01 03:26:59,509 INFO 训练 第  11 轮  训练 0.01395  验证 0.01494  34.4s
2026-10-01 03:27:34,006 INFO 训练 第  12 轮  训练 0.01373  验证 0.01487  34.5s
2026-10-01 03:28:09,211 INFO 训练 第  13 轮  训练 0.01355  验证 0.01483  35.2s
2026-10-01 03:28:42,462 INFO 训练 第  14 轮  训练 0.01337  验证 0.01490  33.2s
2026-10-01 03:29:16,413 INFO 训练 第  15 轮  训练 0.01316  验证 0.01487  33.9s
2026-10-01 03:29:49,070 INFO 训练 第  16 轮  训练 0.01298  验证 0.01492  32.7s
2026-10-01 03:30:23,372 INFO 训练 第  17 轮  训练 0.01283  验证 0.01486  34.3s
2026-10-01 03:30:58,385 INFO 训练 第  18 轮  训练 0.01266  验证 0.01471  35.0s
2026-10-01 03:31:33,980 INFO 训练 第  19 轮  训练 0.01250  验证 0.01487  35.6s
2026-10-01 03:32:06,234 INFO 训练 第  20 轮  训练 0.01237  验证 0.01501  32.3s
2026-10-01 03:32:41,070 INFO 训练 第  21 轮  训练 0.01225  验证 0.01513  34.8s
2026-10-01 03:33:14,848 INFO 训练 第  22 轮  训练 0.01212  验证 0.01516  33.8s
2026-10-01 03:33:48,336 INFO 训练 第  23 轮  训练 0.01199  验证 0.01525  33.5s
2026-10-01 03:34:22,748 INFO 训练 第  24 轮  训练 0.01187  验证 0.01540  34.4s
2026-10-01 03:34:56,111 INFO 训练 第  25 轮  训练 0.01175  验证 0.01546  33.4s
2026-10-01 03:35:30,250 INFO 训练 第  26 轮  训练 0.01160  验证 0.01557  34.1s
2026-10-01 03:36:03,081 INFO 训练 第  27 轮  训练 0.01153  验证 0.01571  32.8s
2026-10-01 03:36:37,686 INFO 训练 第  28 轮  训练 0.01137  验证 0.01580  34.6s
2026-10-01 03:37:11,432 INFO 训练 第  29 轮  训练 0.01125  验证 0.01600  33.7s
2026-10-01 03:37:46,072 INFO 训练 第  30 轮  训练 0.01113  验证 0.01613  34.6s
2026-10-01 03:38:18,064 INFO 训练 第  31 轮  训练 0.01104  验证 0.01621  32.0s
2026-10-01 03:38:50,491 INFO 训练 第  32 轮  训练 0.01089  验证 0.01624  32.4s
2026-10-01 03:39:24,475 INFO 训练 第  33 轮  训练 0.01075  验证 0.01649  34.0s
2026-10-01 03:39:24,475 INFO 验证损失 15 轮未改善，提前停止
2026-10-01 03:39:29,929 INFO 切换点一致性（all）：观测 β -1.180（0.393）  模型 β -0.373（0.209）
2026-10-01 03:39:30,245 INFO 切换点一致性（novel）：观测 β -0.367（0.505）  模型 β -0.078（0.240）
2026-10-01 03:39:46,124 INFO 测试期 MAE 0.0509  WAPE 0.260  CRPS 0.0298  PICP90 原始 0.810 / ACI 0.904；输出 D:\EV充电因果预测sci论文\05_实验结果\runs\base_agcrn_s2
