2026-10-01 04:17:40,416 INFO 运行 base_fcnn_s3，基线 fcnn，设备 cuda，torch 2.11.0+cu128
2026-10-01 04:17:41,502 INFO 数据：T=4344 N=275 目标 utilization 训练/验证/测试起点 3001/409/841
2026-10-01 04:17:41,626 INFO 模型参数 32,711；价格输入 none；损失 pinball（分位数）
2026-10-01 04:17:48,914 INFO 训练 第   1 轮  训练 0.02345  验证 0.01791  4.1s
2026-10-01 04:17:52,612 INFO 训练 第   2 轮  训练 0.01973  验证 0.01676  3.7s
2026-10-01 04:17:56,287 INFO 训练 第   3 轮  训练 0.01880  验证 0.01612  3.7s
2026-10-01 04:18:00,031 INFO 训练 第   4 轮  训练 0.01813  验证 0.01541  3.7s
2026-10-01 04:18:03,955 INFO 训练 第   5 轮  训练 0.01763  验证 0.01523  3.9s
2026-10-01 04:18:07,646 INFO 训练 第   6 轮  训练 0.01731  验证 0.01495  3.7s
2026-10-01 04:18:11,254 INFO 训练 第   7 轮  训练 0.01708  验证 0.01505  3.6s
2026-10-01 04:18:14,973 INFO 训练 第   8 轮  训练 0.01690  验证 0.01474  3.7s
2026-10-01 04:18:18,707 INFO 训练 第   9 轮  训练 0.01675  验证 0.01465  3.7s
2026-10-01 04:18:22,450 INFO 训练 第  10 轮  训练 0.01663  验证 0.01460  3.7s
2026-10-01 04:18:26,240 INFO 训练 第  11 轮  训练 0.01655  验证 0.01450  3.8s
2026-10-01 04:18:29,953 INFO 训练 第  12 轮  训练 0.01646  验证 0.01455  3.7s
2026-10-01 04:18:33,769 INFO 训练 第  13 轮  训练 0.01634  验证 0.01447  3.8s
2026-10-01 04:18:37,387 INFO 训练 第  14 轮  训练 0.01628  验证 0.01437  3.6s
2026-10-01 04:18:41,158 INFO 训练 第  15 轮  训练 0.01621  验证 0.01441  3.8s
2026-10-01 04:18:44,986 INFO 训练 第  16 轮  训练 0.01614  验证 0.01425  3.8s
2026-10-01 04:18:48,957 INFO 训练 第  17 轮  训练 0.01609  验证 0.01431  4.0s
2026-10-01 04:18:52,905 INFO 训练 第  18 轮  训练 0.01604  验证 0.01429  3.9s
2026-10-01 04:18:56,758 INFO 训练 第  19 轮  训练 0.01597  验证 0.01422  3.9s
2026-10-01 04:19:00,699 INFO 训练 第  20 轮  训练 0.01592  验证 0.01418  3.9s
2026-10-01 04:19:04,557 INFO 训练 第  21 轮  训练 0.01587  验证 0.01416  3.9s
2026-10-01 04:19:08,385 INFO 训练 第  22 轮  训练 0.01583  验证 0.01416  3.8s
2026-10-01 04:19:12,336 INFO 训练 第  23 轮  训练 0.01578  验证 0.01407  4.0s
2026-10-01 04:19:16,245 INFO 训练 第  24 轮  训练 0.01573  验证 0.01399  3.9s
2026-10-01 04:19:20,044 INFO 训练 第  25 轮  训练 0.01568  验证 0.01400  3.8s
2026-10-01 04:19:23,769 INFO 训练 第  26 轮  训练 0.01566  验证 0.01415  3.7s
2026-10-01 04:19:27,695 INFO 训练 第  27 轮  训练 0.01562  验证 0.01407  3.9s
2026-10-01 04:19:31,569 INFO 训练 第  28 轮  训练 0.01557  验证 0.01387  3.9s
2026-10-01 04:19:35,301 INFO 训练 第  29 轮  训练 0.01554  验证 0.01402  3.7s
2026-10-01 04:19:39,084 INFO 训练 第  30 轮  训练 0.01550  验证 0.01398  3.8s
2026-10-01 04:19:42,892 INFO 训练 第  31 轮  训练 0.01548  验证 0.01396  3.8s
2026-10-01 04:19:46,776 INFO 训练 第  32 轮  训练 0.01543  验证 0.01388  3.9s
2026-10-01 04:19:50,773 INFO 训练 第  33 轮  训练 0.01541  验证 0.01385  4.0s
2026-10-01 04:19:54,663 INFO 训练 第  34 轮  训练 0.01538  验证 0.01390  3.9s
2026-10-01 04:19:58,494 INFO 训练 第  35 轮  训练 0.01536  验证 0.01383  3.8s
2026-10-01 04:20:02,259 INFO 训练 第  36 轮  训练 0.01533  验证 0.01377  3.8s
2026-10-01 04:20:05,907 INFO 训练 第  37 轮  训练 0.01532  验证 0.01381  3.6s
2026-10-01 04:20:09,624 INFO 训练 第  38 轮  训练 0.01527  验证 0.01385  3.7s
2026-10-01 04:20:13,341 INFO 训练 第  39 轮  训练 0.01528  验证 0.01398  3.7s
2026-10-01 04:20:17,145 INFO 训练 第  40 轮  训练 0.01524  验证 0.01376  3.8s
2026-10-01 04:20:20,944 INFO 训练 第  41 轮  训练 0.01522  验证 0.01378  3.8s
2026-10-01 04:20:24,714 INFO 训练 第  42 轮  训练 0.01518  验证 0.01389  3.8s
2026-10-01 04:20:28,684 INFO 训练 第  43 轮  训练 0.01515  验证 0.01366  4.0s
2026-10-01 04:20:32,721 INFO 训练 第  44 轮  训练 0.01514  验证 0.01379  4.0s
2026-10-01 04:20:36,577 INFO 训练 第  45 轮  训练 0.01514  验证 0.01370  3.9s
2026-10-01 04:20:40,350 INFO 训练 第  46 轮  训练 0.01510  验证 0.01380  3.8s
2026-10-01 04:20:43,945 INFO 训练 第  47 轮  训练 0.01508  验证 0.01373  3.6s
2026-10-01 04:20:47,674 INFO 训练 第  48 轮  训练 0.01508  验证 0.01365  3.7s
2026-10-01 04:20:51,430 INFO 训练 第  49 轮  训练 0.01505  验证 0.01366  3.8s
2026-10-01 04:20:55,295 INFO 训练 第  50 轮  训练 0.01504  验证 0.01373  3.9s
2026-10-01 04:20:59,214 INFO 训练 第  51 轮  训练 0.01502  验证 0.01367  3.9s
2026-10-01 04:21:03,167 INFO 训练 第  52 轮  训练 0.01501  验证 0.01368  4.0s
2026-10-01 04:21:07,036 INFO 训练 第  53 轮  训练 0.01498  验证 0.01360  3.9s
2026-10-01 04:21:10,791 INFO 训练 第  54 轮  训练 0.01496  验证 0.01363  3.8s
2026-10-01 04:21:14,593 INFO 训练 第  55 轮  训练 0.01499  验证 0.01372  3.8s
2026-10-01 04:21:18,251 INFO 训练 第  56 轮  训练 0.01495  验证 0.01354  3.7s
2026-10-01 04:21:22,039 INFO 训练 第  57 轮  训练 0.01494  验证 0.01370  3.8s
2026-10-01 04:21:25,877 INFO 训练 第  58 轮  训练 0.01492  验证 0.01362  3.8s
2026-10-01 04:21:29,745 INFO 训练 第  59 轮  训练 0.01492  验证 0.01360  3.9s
2026-10-01 04:21:33,455 INFO 训练 第  60 轮  训练 0.01490  验证 0.01361  3.7s
2026-10-01 04:21:37,328 INFO 训练 第  61 轮  训练 0.01488  验证 0.01356  3.9s
2026-10-01 04:21:41,177 INFO 训练 第  62 轮  训练 0.01489  验证 0.01351  3.8s
2026-10-01 04:21:44,882 INFO 训练 第  63 轮  训练 0.01489  验证 0.01364  3.7s
2026-10-01 04:21:48,615 INFO 训练 第  64 轮  训练 0.01487  验证 0.01375  3.7s
2026-10-01 04:21:52,345 INFO 训练 第  65 轮  训练 0.01486  验证 0.01364  3.7s
2026-10-01 04:21:56,054 INFO 训练 第  66 轮  训练 0.01484  验证 0.01352  3.7s
2026-10-01 04:21:59,887 INFO 训练 第  67 轮  训练 0.01482  验证 0.01362  3.8s
2026-10-01 04:22:03,686 INFO 训练 第  68 轮  训练 0.01482  验证 0.01356  3.8s
2026-10-01 04:22:07,565 INFO 训练 第  69 轮  训练 0.01479  验证 0.01353  3.9s
2026-10-01 04:22:11,408 INFO 训练 第  70 轮  训练 0.01478  验证 0.01355  3.8s
2026-10-01 04:22:15,206 INFO 训练 第  71 轮  训练 0.01478  验证 0.01359  3.8s
2026-10-01 04:22:19,062 INFO 训练 第  72 轮  训练 0.01477  验证 0.01348  3.9s
2026-10-01 04:22:22,960 INFO 训练 第  73 轮  训练 0.01477  验证 0.01352  3.9s
2026-10-01 04:22:26,920 INFO 训练 第  74 轮  训练 0.01475  验证 0.01361  4.0s
2026-10-01 04:22:30,764 INFO 训练 第  75 轮  训练 0.01475  验证 0.01363  3.8s
2026-10-01 04:22:34,651 INFO 训练 第  76 轮  训练 0.01473  验证 0.01357  3.9s
2026-10-01 04:22:38,373 INFO 训练 第  77 轮  训练 0.01470  验证 0.01357  3.7s
2026-10-01 04:22:42,129 INFO 训练 第  78 轮  训练 0.01472  验证 0.01348  3.8s
2026-10-01 04:22:46,007 INFO 训练 第  79 轮  训练 0.01471  验证 0.01343  3.9s
2026-10-01 04:22:49,967 INFO 训练 第  80 轮  训练 0.01470  验证 0.01351  4.0s
2026-10-01 04:22:53,865 INFO 训练 第  81 轮  训练 0.01470  验证 0.01349  3.9s
2026-10-01 04:22:57,756 INFO 训练 第  82 轮  训练 0.01467  验证 0.01349  3.9s
2026-10-01 04:23:01,597 INFO 训练 第  83 轮  训练 0.01467  验证 0.01349  3.8s
2026-10-01 04:23:05,476 INFO 训练 第  84 轮  训练 0.01467  验证 0.01353  3.9s
2026-10-01 04:23:09,260 INFO 训练 第  85 轮  训练 0.01466  验证 0.01352  3.8s
2026-10-01 04:23:13,124 INFO 训练 第  86 轮  训练 0.01466  验证 0.01341  3.9s
2026-10-01 04:23:17,067 INFO 训练 第  87 轮  训练 0.01464  验证 0.01344  3.9s
2026-10-01 04:23:20,942 INFO 训练 第  88 轮  训练 0.01464  验证 0.01353  3.9s
2026-10-01 04:23:24,698 INFO 训练 第  89 轮  训练 0.01463  验证 0.01354  3.8s
2026-10-01 04:23:28,426 INFO 训练 第  90 轮  训练 0.01463  验证 0.01344  3.7s
2026-10-01 04:23:32,398 INFO 训练 第  91 轮  训练 0.01462  验证 0.01353  4.0s
2026-10-01 04:23:36,289 INFO 训练 第  92 轮  训练 0.01461  验证 0.01353  3.9s
2026-10-01 04:23:40,023 INFO 训练 第  93 轮  训练 0.01462  验证 0.01343  3.7s
2026-10-01 04:23:43,826 INFO 训练 第  94 轮  训练 0.01460  验证 0.01344  3.8s
2026-10-01 04:23:47,582 INFO 训练 第  95 轮  训练 0.01459  验证 0.01348  3.8s
2026-10-01 04:23:51,320 INFO 训练 第  96 轮  训练 0.01459  验证 0.01351  3.7s
2026-10-01 04:23:55,198 INFO 训练 第  97 轮  训练 0.01459  验证 0.01336  3.9s
2026-10-01 04:23:58,973 INFO 训练 第  98 轮  训练 0.01460  验证 0.01351  3.8s
2026-10-01 04:24:02,685 INFO 训练 第  99 轮  训练 0.01457  验证 0.01351  3.7s
2026-10-01 04:24:06,489 INFO 训练 第 100 轮  训练 0.01457  验证 0.01354  3.8s
2026-10-01 04:24:07,833 INFO 切换点一致性（all）：观测 β -1.180（0.393）  模型 β -0.773（0.212）
2026-10-01 04:24:08,159 INFO 切换点一致性（novel）：观测 β -0.367（0.505）  模型 β -0.372（0.168）
2026-10-01 04:24:27,007 INFO 测试期 MAE 0.0434  WAPE 0.222  CRPS 0.0259  PICP90 原始 0.900 / ACI 0.900；输出 D:\EV充电因果预测sci论文\05_实验结果\runs\base_fcnn_s3
