2026-10-01 03:04:35,086 INFO 运行 base_gcnlstm_s2，基线 gcnlstm，设备 cuda，torch 2.11.0+cu128
2026-10-01 03:04:36,189 INFO 数据：T=4344 N=275 目标 utilization 训练/验证/测试起点 3001/409/841
2026-10-01 03:04:36,340 INFO 模型参数 1,081,144；价格输入 none；损失 pinball（分位数）
2026-10-01 03:04:44,176 INFO 训练 第   1 轮  训练 0.02284  验证 0.01725  5.1s
2026-10-01 03:04:48,876 INFO 训练 第   2 轮  训练 0.01836  验证 0.01609  4.7s
2026-10-01 03:04:53,423 INFO 训练 第   3 轮  训练 0.01694  验证 0.01578  4.5s
2026-10-01 03:04:57,858 INFO 训练 第   4 轮  训练 0.01611  验证 0.01558  4.4s
2026-10-01 03:05:02,359 INFO 训练 第   5 轮  训练 0.01557  验证 0.01557  4.5s
2026-10-01 03:05:06,922 INFO 训练 第   6 轮  训练 0.01519  验证 0.01568  4.6s
2026-10-01 03:05:11,387 INFO 训练 第   7 轮  训练 0.01479  验证 0.01578  4.5s
2026-10-01 03:05:15,856 INFO 训练 第   8 轮  训练 0.01451  验证 0.01635  4.5s
2026-10-01 03:05:20,431 INFO 训练 第   9 轮  训练 0.01423  验证 0.01617  4.6s
2026-10-01 03:05:24,938 INFO 训练 第  10 轮  训练 0.01402  验证 0.01642  4.5s
2026-10-01 03:05:29,584 INFO 训练 第  11 轮  训练 0.01384  验证 0.01637  4.6s
2026-10-01 03:05:34,248 INFO 训练 第  12 轮  训练 0.01360  验证 0.01662  4.7s
2026-10-01 03:05:38,856 INFO 训练 第  13 轮  训练 0.01345  验证 0.01656  4.6s
2026-10-01 03:05:43,452 INFO 训练 第  14 轮  训练 0.01329  验证 0.01684  4.6s
2026-10-01 03:05:47,941 INFO 训练 第  15 轮  训练 0.01314  验证 0.01704  4.5s
2026-10-01 03:05:52,448 INFO 训练 第  16 轮  训练 0.01297  验证 0.01708  4.5s
2026-10-01 03:05:56,986 INFO 训练 第  17 轮  训练 0.01292  验证 0.01721  4.5s
2026-10-01 03:06:01,442 INFO 训练 第  18 轮  训练 0.01279  验证 0.01724  4.5s
2026-10-01 03:06:05,970 INFO 训练 第  19 轮  训练 0.01262  验证 0.01728  4.5s
2026-10-01 03:06:10,634 INFO 训练 第  20 轮  训练 0.01255  验证 0.01710  4.7s
2026-10-01 03:06:10,635 INFO 验证损失 15 轮未改善，提前停止
2026-10-01 03:06:12,091 INFO 切换点一致性（all）：观测 β -1.180（0.393）  模型 β -0.269（0.119）
2026-10-01 03:06:12,393 INFO 切换点一致性（novel）：观测 β -0.367（0.505）  模型 β -0.127（0.120）
2026-10-01 03:06:29,066 INFO 测试期 MAE 0.0544  WAPE 0.278  CRPS 0.0317  PICP90 原始 0.858 / ACI 0.899；输出 D:\EV充电因果预测sci论文\05_实验结果\runs\base_gcnlstm_s2
