2026-10-02 02:03:38,953 INFO 运行 eid_profile-1.6_s0，设备 cuda，torch 2.11.0+cu128
2026-10-02 02:03:40,358 INFO 数据：T=4344 N=275 训练/验证/测试起点 3001/409/841；{'train': ('2022-09-01', '2023-01-05'), 'val': ('2023-01-06', '2023-01-23'), 'test': ('2023-01-24', '2023-02-28')}
2026-10-02 02:03:40,512 INFO 模型参数 198,211；锚定方式 cut；锚定来源 fivemin_main|fixed_beta=-1.6
2026-10-02 02:04:11,534 INFO 第   1 轮  训练 0.02309  验证 pinball 0.01716  分时小区平均 β -1.600  27.4s
2026-10-02 02:04:38,316 INFO 第   2 轮  训练 0.01849  验证 pinball 0.01617  分时小区平均 β -1.600  26.8s
2026-10-02 02:05:05,031 INFO 第   3 轮  训练 0.01722  验证 pinball 0.01536  分时小区平均 β -1.600  26.7s
2026-10-02 02:05:31,781 INFO 第   4 轮  训练 0.01605  验证 pinball 0.01455  分时小区平均 β -1.600  26.7s
2026-10-02 02:05:58,441 INFO 第   5 轮  训练 0.01516  验证 pinball 0.01449  分时小区平均 β -1.600  26.7s
2026-10-02 02:06:25,268 INFO 第   6 轮  训练 0.01450  验证 pinball 0.01421  分时小区平均 β -1.600  26.8s
2026-10-02 02:06:51,927 INFO 第   7 轮  训练 0.01422  验证 pinball 0.01408  分时小区平均 β -1.600  26.6s
2026-10-02 02:07:18,819 INFO 第   8 轮  训练 0.01402  验证 pinball 0.01397  分时小区平均 β -1.600  26.9s
2026-10-02 02:07:45,584 INFO 第   9 轮  训练 0.01372  验证 pinball 0.01469  分时小区平均 β -1.600  26.8s
2026-10-02 02:08:12,375 INFO 第  10 轮  训练 0.01355  验证 pinball 0.01382  分时小区平均 β -1.600  26.8s
2026-10-02 02:08:39,195 INFO 第  11 轮  训练 0.01344  验证 pinball 0.01349  分时小区平均 β -1.600  26.8s
2026-10-02 02:09:05,786 INFO 第  12 轮  训练 0.01321  验证 pinball 0.01331  分时小区平均 β -1.600  26.6s
2026-10-02 02:09:32,356 INFO 第  13 轮  训练 0.01312  验证 pinball 0.01332  分时小区平均 β -1.600  26.6s
2026-10-02 02:09:59,093 INFO 第  14 轮  训练 0.01301  验证 pinball 0.01336  分时小区平均 β -1.600  26.7s
2026-10-02 02:10:25,908 INFO 第  15 轮  训练 0.01288  验证 pinball 0.01330  分时小区平均 β -1.600  26.8s
2026-10-02 02:10:52,516 INFO 第  16 轮  训练 0.01276  验证 pinball 0.01326  分时小区平均 β -1.600  26.6s
2026-10-02 02:11:19,359 INFO 第  17 轮  训练 0.01270  验证 pinball 0.01326  分时小区平均 β -1.600  26.8s
2026-10-02 02:11:46,315 INFO 第  18 轮  训练 0.01254  验证 pinball 0.01338  分时小区平均 β -1.600  26.9s
2026-10-02 02:12:13,045 INFO 第  19 轮  训练 0.01247  验证 pinball 0.01322  分时小区平均 β -1.600  26.7s
2026-10-02 02:12:39,833 INFO 第  20 轮  训练 0.01240  验证 pinball 0.01313  分时小区平均 β -1.600  26.8s
2026-10-02 02:13:06,460 INFO 第  21 轮  训练 0.01234  验证 pinball 0.01336  分时小区平均 β -1.600  26.6s
2026-10-02 02:13:33,127 INFO 第  22 轮  训练 0.01227  验证 pinball 0.01328  分时小区平均 β -1.600  26.7s
2026-10-02 02:13:59,842 INFO 第  23 轮  训练 0.01218  验证 pinball 0.01323  分时小区平均 β -1.600  26.7s
2026-10-02 02:14:26,437 INFO 第  24 轮  训练 0.01219  验证 pinball 0.01333  分时小区平均 β -1.600  26.6s
2026-10-02 02:14:53,278 INFO 第  25 轮  训练 0.01207  验证 pinball 0.01341  分时小区平均 β -1.600  26.8s
2026-10-02 02:15:20,133 INFO 第  26 轮  训练 0.01198  验证 pinball 0.01343  分时小区平均 β -1.600  26.9s
2026-10-02 02:15:46,936 INFO 第  27 轮  训练 0.01197  验证 pinball 0.01327  分时小区平均 β -1.600  26.8s
2026-10-02 02:16:13,769 INFO 第  28 轮  训练 0.01189  验证 pinball 0.01306  分时小区平均 β -1.600  26.8s
2026-10-02 02:16:40,493 INFO 第  29 轮  训练 0.01183  验证 pinball 0.01334  分时小区平均 β -1.600  26.7s
2026-10-02 02:17:07,244 INFO 第  30 轮  训练 0.01179  验证 pinball 0.01355  分时小区平均 β -1.600  26.8s
2026-10-02 02:17:34,056 INFO 第  31 轮  训练 0.01173  验证 pinball 0.01344  分时小区平均 β -1.600  26.8s
2026-10-02 02:18:00,877 INFO 第  32 轮  训练 0.01170  验证 pinball 0.01372  分时小区平均 β -1.600  26.8s
2026-10-02 02:18:27,631 INFO 第  33 轮  训练 0.01166  验证 pinball 0.01353  分时小区平均 β -1.600  26.8s
2026-10-02 02:18:54,677 INFO 第  34 轮  训练 0.01157  验证 pinball 0.01358  分时小区平均 β -1.600  27.0s
2026-10-02 02:19:21,404 INFO 第  35 轮  训练 0.01160  验证 pinball 0.01341  分时小区平均 β -1.600  26.7s
2026-10-02 02:19:48,191 INFO 第  36 轮  训练 0.01154  验证 pinball 0.01346  分时小区平均 β -1.600  26.8s
2026-10-02 02:20:15,078 INFO 第  37 轮  训练 0.01152  验证 pinball 0.01358  分时小区平均 β -1.600  26.9s
2026-10-02 02:20:41,838 INFO 第  38 轮  训练 0.01138  验证 pinball 0.01384  分时小区平均 β -1.600  26.8s
2026-10-02 02:21:08,632 INFO 第  39 轮  训练 0.01136  验证 pinball 0.01361  分时小区平均 β -1.600  26.8s
2026-10-02 02:21:35,286 INFO 第  40 轮  训练 0.01135  验证 pinball 0.01357  分时小区平均 β -1.600  26.7s
2026-10-02 02:22:01,920 INFO 第  41 轮  训练 0.01138  验证 pinball 0.01406  分时小区平均 β -1.600  26.6s
2026-10-02 02:22:28,697 INFO 第  42 轮  训练 0.01127  验证 pinball 0.01385  分时小区平均 β -1.600  26.8s
2026-10-02 02:22:55,704 INFO 第  43 轮  训练 0.01125  验证 pinball 0.01376  分时小区平均 β -1.600  27.0s
2026-10-02 02:22:55,705 INFO 验证损失 15 轮未改善，提前停止
2026-10-02 02:23:00,562 INFO 切换点一致性（all）：观测 β -1.180（0.393）  模型 β -1.243（0.226）
2026-10-02 02:23:00,855 INFO 切换点一致性（novel）：观测 β -0.367（0.505）  模型 β -0.783（0.307）
2026-10-02 02:23:17,381 INFO 测试期 MAE 0.0453  WAPE 0.232  CRPS 0.0266  PICP90 原始 0.813 / ACI 0.901；输出 D:\EV充电因果预测sci论文\05_实验结果\runs\eid_profile-1.6_s0
