2026-10-01 13:34:19,546 INFO 运行 abl_A11_predefined_s1，设备 cuda，torch 2.11.0+cu128
2026-10-01 13:34:21,173 INFO 数据：T=4344 N=275 训练/验证/测试起点 3001/409/841；{'train': ('2022-09-01', '2023-01-05'), 'val': ('2023-01-06', '2023-01-23'), 'test': ('2023-01-24', '2023-02-28')}
2026-10-01 13:34:21,364 INFO 模型参数 176,327；锚定方式 cut；锚定来源 fivemin_main
2026-10-01 13:34:49,225 INFO 第   1 轮  训练 0.02287  验证 pinball 0.01744  分时小区平均 β -0.213  24.4s
2026-10-01 13:35:12,263 INFO 第   2 轮  训练 0.01841  验证 pinball 0.01602  分时小区平均 β -0.213  23.0s
2026-10-01 13:35:35,246 INFO 第   3 轮  训练 0.01726  验证 pinball 0.01508  分时小区平均 β -0.213  23.0s
2026-10-01 13:35:58,114 INFO 第   4 轮  训练 0.01631  验证 pinball 0.01466  分时小区平均 β -0.213  22.9s
2026-10-01 13:36:21,242 INFO 第   5 轮  训练 0.01540  验证 pinball 0.01437  分时小区平均 β -0.213  23.1s
2026-10-01 13:36:44,330 INFO 第   6 轮  训练 0.01471  验证 pinball 0.01419  分时小区平均 β -0.213  23.1s
2026-10-01 13:37:07,371 INFO 第   7 轮  训练 0.01450  验证 pinball 0.01401  分时小区平均 β -0.213  23.0s
2026-10-01 13:37:30,354 INFO 第   8 轮  训练 0.01403  验证 pinball 0.01345  分时小区平均 β -0.213  23.0s
2026-10-01 13:37:53,345 INFO 第   9 轮  训练 0.01365  验证 pinball 0.01329  分时小区平均 β -0.213  23.0s
2026-10-01 13:38:16,388 INFO 第  10 轮  训练 0.01351  验证 pinball 0.01321  分时小区平均 β -0.213  23.0s
2026-10-01 13:38:39,442 INFO 第  11 轮  训练 0.01335  验证 pinball 0.01409  分时小区平均 β -0.213  23.0s
2026-10-01 13:39:02,524 INFO 第  12 轮  训练 0.01318  验证 pinball 0.01396  分时小区平均 β -0.213  23.1s
2026-10-01 13:39:25,419 INFO 第  13 轮  训练 0.01299  验证 pinball 0.01365  分时小区平均 β -0.213  22.9s
2026-10-01 13:39:48,561 INFO 第  14 轮  训练 0.01284  验证 pinball 0.01367  分时小区平均 β -0.213  23.1s
2026-10-01 13:40:11,634 INFO 第  15 轮  训练 0.01275  验证 pinball 0.01316  分时小区平均 β -0.213  23.1s
2026-10-01 13:40:34,762 INFO 第  16 轮  训练 0.01278  验证 pinball 0.01368  分时小区平均 β -0.213  23.1s
2026-10-01 13:40:57,787 INFO 第  17 轮  训练 0.01257  验证 pinball 0.01308  分时小区平均 β -0.213  23.0s
2026-10-01 13:41:20,846 INFO 第  18 轮  训练 0.01247  验证 pinball 0.01330  分时小区平均 β -0.213  23.0s
2026-10-01 13:41:43,803 INFO 第  19 轮  训练 0.01244  验证 pinball 0.01324  分时小区平均 β -0.213  23.0s
2026-10-01 13:42:06,812 INFO 第  20 轮  训练 0.01242  验证 pinball 0.01302  分时小区平均 β -0.213  23.0s
2026-10-01 13:42:29,756 INFO 第  21 轮  训练 0.01226  验证 pinball 0.01325  分时小区平均 β -0.213  22.9s
2026-10-01 13:42:52,604 INFO 第  22 轮  训练 0.01223  验证 pinball 0.01426  分时小区平均 β -0.213  22.8s
2026-10-01 13:43:15,588 INFO 第  23 轮  训练 0.01215  验证 pinball 0.01314  分时小区平均 β -0.213  23.0s
2026-10-01 13:43:38,499 INFO 第  24 轮  训练 0.01209  验证 pinball 0.01310  分时小区平均 β -0.213  22.9s
2026-10-01 13:44:01,541 INFO 第  25 轮  训练 0.01208  验证 pinball 0.01321  分时小区平均 β -0.213  23.0s
2026-10-01 13:44:24,552 INFO 第  26 轮  训练 0.01204  验证 pinball 0.01373  分时小区平均 β -0.213  23.0s
2026-10-01 13:44:47,587 INFO 第  27 轮  训练 0.01188  验证 pinball 0.01333  分时小区平均 β -0.213  23.0s
2026-10-01 13:45:10,497 INFO 第  28 轮  训练 0.01194  验证 pinball 0.01426  分时小区平均 β -0.213  22.9s
2026-10-01 13:45:33,572 INFO 第  29 轮  训练 0.01187  验证 pinball 0.01337  分时小区平均 β -0.213  23.1s
2026-10-01 13:45:56,441 INFO 第  30 轮  训练 0.01172  验证 pinball 0.01347  分时小区平均 β -0.213  22.9s
2026-10-01 13:46:19,421 INFO 第  31 轮  训练 0.01175  验证 pinball 0.01349  分时小区平均 β -0.213  23.0s
2026-10-01 13:46:42,659 INFO 第  32 轮  训练 0.01163  验证 pinball 0.01378  分时小区平均 β -0.213  23.2s
2026-10-01 13:47:05,664 INFO 第  33 轮  训练 0.01159  验证 pinball 0.01344  分时小区平均 β -0.213  23.0s
2026-10-01 13:47:28,887 INFO 第  34 轮  训练 0.01158  验证 pinball 0.01362  分时小区平均 β -0.213  23.2s
2026-10-01 13:47:51,931 INFO 第  35 轮  训练 0.01158  验证 pinball 0.01328  分时小区平均 β -0.213  23.0s
2026-10-01 13:47:51,932 INFO 验证损失 15 轮未改善，提前停止
2026-10-01 13:47:56,412 INFO 切换点一致性（all）：观测 β -1.180（0.393）  模型 β -0.657（0.199）
2026-10-01 13:47:56,660 INFO 切换点一致性（novel）：观测 β -0.367（0.505）  模型 β -0.407（0.229）
2026-10-01 13:48:12,312 INFO 测试期 MAE 0.0451  WAPE 0.231  CRPS 0.0263  PICP90 原始 0.829 / ACI 0.901；输出 D:\EV充电因果预测sci论文\05_实验结果\runs\abl_A11_predefined_s1
