2026-10-02 00:25:07,533 INFO 运行 eid_profile-0.1_s0，设备 cuda，torch 2.11.0+cu128
2026-10-02 00:25:09,073 INFO 数据：T=4344 N=275 训练/验证/测试起点 3001/409/841；{'train': ('2022-09-01', '2023-01-05'), 'val': ('2023-01-06', '2023-01-23'), 'test': ('2023-01-24', '2023-02-28')}
2026-10-02 00:25:09,214 INFO 模型参数 198,211；锚定方式 cut；锚定来源 fivemin_main|fixed_beta=-0.1
2026-10-02 00:25:40,000 INFO 第   1 轮  训练 0.02305  验证 pinball 0.01701  分时小区平均 β -0.100  27.5s
2026-10-02 00:26:06,613 INFO 第   2 轮  训练 0.01836  验证 pinball 0.01621  分时小区平均 β -0.100  26.6s
2026-10-02 00:26:33,198 INFO 第   3 轮  训练 0.01705  验证 pinball 0.01526  分时小区平均 β -0.100  26.6s
2026-10-02 00:27:00,069 INFO 第   4 轮  训练 0.01578  验证 pinball 0.01430  分时小区平均 β -0.100  26.9s
2026-10-02 00:27:26,835 INFO 第   5 轮  训练 0.01494  验证 pinball 0.01442  分时小区平均 β -0.100  26.8s
2026-10-02 00:27:53,640 INFO 第   6 轮  训练 0.01433  验证 pinball 0.01412  分时小区平均 β -0.100  26.8s
2026-10-02 00:28:20,455 INFO 第   7 轮  训练 0.01403  验证 pinball 0.01381  分时小区平均 β -0.100  26.8s
2026-10-02 00:28:47,083 INFO 第   8 轮  训练 0.01382  验证 pinball 0.01358  分时小区平均 β -0.100  26.6s
2026-10-02 00:29:13,895 INFO 第   9 轮  训练 0.01354  验证 pinball 0.01468  分时小区平均 β -0.100  26.8s
2026-10-02 00:29:40,661 INFO 第  10 轮  训练 0.01339  验证 pinball 0.01364  分时小区平均 β -0.100  26.8s
2026-10-02 00:30:07,402 INFO 第  11 轮  训练 0.01327  验证 pinball 0.01319  分时小区平均 β -0.100  26.7s
2026-10-02 00:30:34,012 INFO 第  12 轮  训练 0.01305  验证 pinball 0.01298  分时小区平均 β -0.100  26.6s
2026-10-02 00:31:00,592 INFO 第  13 轮  训练 0.01295  验证 pinball 0.01323  分时小区平均 β -0.100  26.6s
2026-10-02 00:31:27,250 INFO 第  14 轮  训练 0.01288  验证 pinball 0.01327  分时小区平均 β -0.100  26.7s
2026-10-02 00:31:54,009 INFO 第  15 轮  训练 0.01274  验证 pinball 0.01300  分时小区平均 β -0.100  26.8s
2026-10-02 00:32:20,742 INFO 第  16 轮  训练 0.01257  验证 pinball 0.01291  分时小区平均 β -0.100  26.7s
2026-10-02 00:32:47,534 INFO 第  17 轮  训练 0.01254  验证 pinball 0.01308  分时小区平均 β -0.100  26.8s
2026-10-02 00:33:14,175 INFO 第  18 轮  训练 0.01238  验证 pinball 0.01313  分时小区平均 β -0.100  26.6s
2026-10-02 00:33:40,815 INFO 第  19 轮  训练 0.01231  验证 pinball 0.01303  分时小区平均 β -0.100  26.6s
2026-10-02 00:34:07,529 INFO 第  20 轮  训练 0.01223  验证 pinball 0.01299  分时小区平均 β -0.100  26.7s
2026-10-02 00:34:34,207 INFO 第  21 轮  训练 0.01221  验证 pinball 0.01312  分时小区平均 β -0.100  26.7s
2026-10-02 00:35:00,900 INFO 第  22 轮  训练 0.01210  验证 pinball 0.01311  分时小区平均 β -0.100  26.7s
2026-10-02 00:35:27,772 INFO 第  23 轮  训练 0.01204  验证 pinball 0.01291  分时小区平均 β -0.100  26.9s
2026-10-02 00:35:54,553 INFO 第  24 轮  训练 0.01203  验证 pinball 0.01305  分时小区平均 β -0.100  26.8s
2026-10-02 00:36:21,340 INFO 第  25 轮  训练 0.01191  验证 pinball 0.01337  分时小区平均 β -0.100  26.8s
2026-10-02 00:36:47,943 INFO 第  26 轮  训练 0.01188  验证 pinball 0.01324  分时小区平均 β -0.100  26.6s
2026-10-02 00:37:14,730 INFO 第  27 轮  训练 0.01188  验证 pinball 0.01302  分时小区平均 β -0.100  26.8s
2026-10-02 00:37:41,345 INFO 第  28 轮  训练 0.01180  验证 pinball 0.01277  分时小区平均 β -0.100  26.6s
2026-10-02 00:38:07,984 INFO 第  29 轮  训练 0.01171  验证 pinball 0.01302  分时小区平均 β -0.100  26.6s
2026-10-02 00:38:34,626 INFO 第  30 轮  训练 0.01166  验证 pinball 0.01326  分时小区平均 β -0.100  26.6s
2026-10-02 00:39:01,312 INFO 第  31 轮  训练 0.01164  验证 pinball 0.01341  分时小区平均 β -0.100  26.7s
2026-10-02 00:39:27,797 INFO 第  32 轮  训练 0.01163  验证 pinball 0.01344  分时小区平均 β -0.100  26.5s
2026-10-02 00:39:54,545 INFO 第  33 轮  训练 0.01159  验证 pinball 0.01343  分时小区平均 β -0.100  26.7s
2026-10-02 00:40:21,374 INFO 第  34 轮  训练 0.01148  验证 pinball 0.01316  分时小区平均 β -0.100  26.8s
2026-10-02 00:40:48,110 INFO 第  35 轮  训练 0.01147  验证 pinball 0.01379  分时小区平均 β -0.100  26.7s
2026-10-02 00:41:14,752 INFO 第  36 轮  训练 0.01142  验证 pinball 0.01323  分时小区平均 β -0.100  26.6s
2026-10-02 00:41:41,434 INFO 第  37 轮  训练 0.01143  验证 pinball 0.01342  分时小区平均 β -0.100  26.7s
2026-10-02 00:42:08,282 INFO 第  38 轮  训练 0.01130  验证 pinball 0.01359  分时小区平均 β -0.100  26.8s
2026-10-02 00:42:34,881 INFO 第  39 轮  训练 0.01125  验证 pinball 0.01342  分时小区平均 β -0.100  26.6s
2026-10-02 00:43:01,726 INFO 第  40 轮  训练 0.01127  验证 pinball 0.01333  分时小区平均 β -0.100  26.8s
2026-10-02 00:43:28,600 INFO 第  41 轮  训练 0.01123  验证 pinball 0.01384  分时小区平均 β -0.100  26.9s
2026-10-02 00:43:55,344 INFO 第  42 轮  训练 0.01117  验证 pinball 0.01369  分时小区平均 β -0.100  26.7s
2026-10-02 00:44:22,098 INFO 第  43 轮  训练 0.01111  验证 pinball 0.01357  分时小区平均 β -0.100  26.8s
2026-10-02 00:44:22,099 INFO 验证损失 15 轮未改善，提前停止
2026-10-02 00:44:27,246 INFO 切换点一致性（all）：观测 β -1.180（0.393）  模型 β -0.439（0.208）
2026-10-02 00:44:27,518 INFO 切换点一致性（novel）：观测 β -0.367（0.505）  模型 β -0.181（0.260）
2026-10-02 00:44:45,604 INFO 测试期 MAE 0.0446  WAPE 0.228  CRPS 0.0261  PICP90 原始 0.816 / ACI 0.902；输出 D:\EV充电因果预测sci论文\05_实验结果\runs\eid_profile-0.1_s0
