2026-10-01 06:59:36,378 INFO 运行 base_agcrn_price_s4，基线 agcrn，设备 cuda，torch 2.11.0+cu128
2026-10-01 06:59:37,640 INFO 数据：T=4344 N=275 目标 utilization 训练/验证/测试起点 3001/409/841
2026-10-01 06:59:37,834 INFO 模型参数 816,901；价格输入 hist_fut；损失 pinball（分位数）
2026-10-01 07:00:16,386 INFO 训练 第   1 轮  训练 0.02643  验证 0.01911  35.0s
2026-10-01 07:00:50,996 INFO 训练 第   2 轮  训练 0.01922  验证 0.01808  34.6s
2026-10-01 07:01:26,247 INFO 训练 第   3 轮  训练 0.01845  验证 0.01782  35.2s
2026-10-01 07:02:00,811 INFO 训练 第   4 轮  训练 0.01746  验证 0.01688  34.6s
2026-10-01 07:02:35,836 INFO 训练 第   5 轮  训练 0.01667  验证 0.01627  35.0s
2026-10-01 07:03:03,488 INFO 训练 第   6 轮  训练 0.01589  验证 0.01614  27.6s
2026-10-01 07:03:29,943 INFO 训练 第   7 轮  训练 0.01525  验证 0.01555  26.4s
2026-10-01 07:03:56,417 INFO 训练 第   8 轮  训练 0.01487  验证 0.01544  26.5s
2026-10-01 07:04:22,872 INFO 训练 第   9 轮  训练 0.01457  验证 0.01523  26.5s
2026-10-01 07:04:49,373 INFO 训练 第  10 轮  训练 0.01432  验证 0.01526  26.5s
2026-10-01 07:05:15,808 INFO 训练 第  11 轮  训练 0.01413  验证 0.01518  26.4s
2026-10-01 07:05:42,154 INFO 训练 第  12 轮  训练 0.01396  验证 0.01518  26.3s
2026-10-01 07:06:08,550 INFO 训练 第  13 轮  训练 0.01374  验证 0.01505  26.4s
2026-10-01 07:06:34,966 INFO 训练 第  14 轮  训练 0.01354  验证 0.01498  26.4s
2026-10-01 07:07:01,438 INFO 训练 第  15 轮  训练 0.01329  验证 0.01507  26.5s
2026-10-01 07:07:27,942 INFO 训练 第  16 轮  训练 0.01308  验证 0.01505  26.5s
2026-10-01 07:07:55,640 INFO 训练 第  17 轮  训练 0.01285  验证 0.01490  27.7s
2026-10-01 07:08:30,056 INFO 训练 第  18 轮  训练 0.01267  验证 0.01505  34.4s
2026-10-01 07:09:04,164 INFO 训练 第  19 轮  训练 0.01251  验证 0.01515  34.1s
2026-10-01 07:09:37,861 INFO 训练 第  20 轮  训练 0.01238  验证 0.01519  33.7s
2026-10-01 07:10:14,288 INFO 训练 第  21 轮  训练 0.01227  验证 0.01509  36.4s
2026-10-01 07:10:49,351 INFO 训练 第  22 轮  训练 0.01211  验证 0.01543  35.1s
2026-10-01 07:11:23,291 INFO 训练 第  23 轮  训练 0.01199  验证 0.01533  33.9s
2026-10-01 07:11:58,602 INFO 训练 第  24 轮  训练 0.01188  验证 0.01539  35.3s
2026-10-01 07:12:32,757 INFO 训练 第  25 轮  训练 0.01175  验证 0.01550  34.2s
2026-10-01 07:13:05,899 INFO 训练 第  26 轮  训练 0.01162  验证 0.01554  33.1s
2026-10-01 07:13:40,943 INFO 训练 第  27 轮  训练 0.01150  验证 0.01571  35.0s
2026-10-01 07:14:15,054 INFO 训练 第  28 轮  训练 0.01140  验证 0.01584  34.1s
2026-10-01 07:14:49,373 INFO 训练 第  29 轮  训练 0.01127  验证 0.01600  34.3s
2026-10-01 07:15:26,027 INFO 训练 第  30 轮  训练 0.01116  验证 0.01610  36.7s
2026-10-01 07:16:00,831 INFO 训练 第  31 轮  训练 0.01105  验证 0.01625  34.8s
2026-10-01 07:16:35,281 INFO 训练 第  32 轮  训练 0.01093  验证 0.01635  34.4s
2026-10-01 07:16:35,281 INFO 验证损失 15 轮未改善，提前停止
2026-10-01 07:16:44,613 INFO 价格响应读出（分时小区 dl_hist+dl_fut 价格 +5%）：弧弹性均值 +0.067，中位数 +0.023，为负的比例 0.41
2026-10-01 07:16:44,908 INFO 切换点一致性（all）：观测 β -1.180（0.393）  模型 β -0.386（0.197）
2026-10-01 07:16:45,234 INFO 切换点一致性（novel）：观测 β -0.367（0.505）  模型 β -0.094（0.217）
2026-10-01 07:17:00,564 INFO 测试期 MAE 0.0516  WAPE 0.264  CRPS 0.0301  PICP90 原始 0.820 / ACI 0.905；输出 D:\EV充电因果预测sci论文\05_实验结果\runs\base_agcrn_price_s4
