2026-10-01 06:54:13,565 INFO 运行 base_stgcn_price_s4，基线 stgcn，设备 cuda，torch 2.11.0+cu128
2026-10-01 06:54:14,868 INFO 数据：T=4344 N=275 目标 utilization 训练/验证/测试起点 3001/409/841
2026-10-01 06:54:15,158 INFO 模型参数 301,511；价格输入 hist_fut；损失 pinball（分位数）
2026-10-01 06:54:29,462 INFO 训练 第   1 轮  训练 0.02308  验证 0.01740  12.1s
2026-10-01 06:54:40,583 INFO 训练 第   2 轮  训练 0.01881  验证 0.01702  11.1s
2026-10-01 06:54:51,614 INFO 训练 第   3 轮  训练 0.01809  验证 0.01651  11.0s
2026-10-01 06:55:02,732 INFO 训练 第   4 轮  训练 0.01713  验证 0.01601  11.1s
2026-10-01 06:55:13,714 INFO 训练 第   5 轮  训练 0.01658  验证 0.01541  11.0s
2026-10-01 06:55:24,857 INFO 训练 第   6 轮  训练 0.01578  验证 0.01532  11.1s
2026-10-01 06:55:35,830 INFO 训练 第   7 轮  训练 0.01507  验证 0.01528  11.0s
2026-10-01 06:55:46,952 INFO 训练 第   8 轮  训练 0.01447  验证 0.01471  11.1s
2026-10-01 06:55:57,948 INFO 训练 第   9 轮  训练 0.01408  验证 0.01482  11.0s
2026-10-01 06:56:09,041 INFO 训练 第  10 轮  训练 0.01384  验证 0.01468  11.1s
2026-10-01 06:56:20,065 INFO 训练 第  11 轮  训练 0.01361  验证 0.01471  11.0s
2026-10-01 06:56:31,165 INFO 训练 第  12 轮  训练 0.01346  验证 0.01461  11.1s
2026-10-01 06:56:42,200 INFO 训练 第  13 轮  训练 0.01331  验证 0.01470  11.0s
2026-10-01 06:56:53,270 INFO 训练 第  14 轮  训练 0.01310  验证 0.01493  11.1s
2026-10-01 06:57:04,232 INFO 训练 第  15 轮  训练 0.01293  验证 0.01497  11.0s
2026-10-01 06:57:15,328 INFO 训练 第  16 轮  训练 0.01274  验证 0.01495  11.1s
2026-10-01 06:57:26,296 INFO 训练 第  17 轮  训练 0.01261  验证 0.01497  11.0s
2026-10-01 06:57:37,422 INFO 训练 第  18 轮  训练 0.01248  验证 0.01502  11.1s
2026-10-01 06:57:48,431 INFO 训练 第  19 轮  训练 0.01236  验证 0.01508  11.0s
2026-10-01 06:57:59,518 INFO 训练 第  20 轮  训练 0.01220  验证 0.01514  11.1s
2026-10-01 06:58:10,527 INFO 训练 第  21 轮  训练 0.01206  验证 0.01526  11.0s
2026-10-01 06:58:21,640 INFO 训练 第  22 轮  训练 0.01200  验证 0.01531  11.1s
2026-10-01 06:58:32,654 INFO 训练 第  23 轮  训练 0.01184  验证 0.01530  11.0s
2026-10-01 06:58:43,694 INFO 训练 第  24 轮  训练 0.01170  验证 0.01554  11.0s
2026-10-01 06:58:54,748 INFO 训练 第  25 轮  训练 0.01161  验证 0.01547  11.1s
2026-10-01 06:59:05,873 INFO 训练 第  26 轮  训练 0.01152  验证 0.01557  11.1s
2026-10-01 06:59:16,819 INFO 训练 第  27 轮  训练 0.01143  验证 0.01565  10.9s
2026-10-01 06:59:16,819 INFO 验证损失 15 轮未改善，提前停止
2026-10-01 06:59:20,420 INFO 价格响应读出（分时小区 dl_hist+dl_fut 价格 +5%）：弧弹性均值 -0.000，中位数 -0.016，为负的比例 0.54
2026-10-01 06:59:20,675 INFO 切换点一致性（all）：观测 β -1.180（0.393）  模型 β -0.448（0.195）
2026-10-01 06:59:20,894 INFO 切换点一致性（novel）：观测 β -0.367（0.505）  模型 β -0.344（0.262）
2026-10-01 06:59:32,971 INFO 测试期 MAE 0.0510  WAPE 0.261  CRPS 0.0294  PICP90 原始 0.839 / ACI 0.904；输出 D:\EV充电因果预测sci论文\05_实验结果\runs\base_stgcn_price_s4
