2026-09-30 23:58:46,965 INFO 运行 base_gcnlstm_s0，基线 gcnlstm，设备 cuda，torch 2.11.0+cu128
2026-09-30 23:58:47,916 INFO 数据：T=4344 N=275 目标 utilization 训练/验证/测试起点 3001/409/841
2026-09-30 23:58:48,070 INFO 模型参数 1,081,144；价格输入 none；损失 pinball（分位数）
2026-09-30 23:58:56,344 INFO 训练 第   1 轮  训练 0.02297  验证 0.01731  5.1s
2026-09-30 23:59:00,896 INFO 训练 第   2 轮  训练 0.01856  验证 0.01622  4.5s
2026-09-30 23:59:05,490 INFO 训练 第   3 轮  训练 0.01717  验证 0.01573  4.6s
2026-09-30 23:59:10,071 INFO 训练 第   4 轮  训练 0.01625  验证 0.01532  4.6s
2026-09-30 23:59:14,707 INFO 训练 第   5 轮  训练 0.01557  验证 0.01524  4.6s
2026-09-30 23:59:19,250 INFO 训练 第   6 轮  训练 0.01502  验证 0.01526  4.5s
2026-09-30 23:59:24,006 INFO 训练 第   7 轮  训练 0.01466  验证 0.01535  4.8s
2026-09-30 23:59:28,658 INFO 训练 第   8 轮  训练 0.01427  验证 0.01546  4.7s
2026-09-30 23:59:33,215 INFO 训练 第   9 轮  训练 0.01397  验证 0.01560  4.6s
2026-09-30 23:59:37,929 INFO 训练 第  10 轮  训练 0.01367  验证 0.01569  4.7s
2026-09-30 23:59:42,638 INFO 训练 第  11 轮  训练 0.01346  验证 0.01582  4.7s
2026-09-30 23:59:47,153 INFO 训练 第  12 轮  训练 0.01326  验证 0.01592  4.5s
2026-09-30 23:59:51,772 INFO 训练 第  13 轮  训练 0.01303  验证 0.01585  4.6s
2026-09-30 23:59:56,352 INFO 训练 第  14 轮  训练 0.01281  验证 0.01604  4.6s
2026-10-01 00:00:00,926 INFO 训练 第  15 轮  训练 0.01264  验证 0.01620  4.6s
2026-10-01 00:00:05,438 INFO 训练 第  16 轮  训练 0.01246  验证 0.01611  4.5s
2026-10-01 00:00:09,989 INFO 训练 第  17 轮  训练 0.01234  验证 0.01631  4.6s
2026-10-01 00:00:14,516 INFO 训练 第  18 轮  训练 0.01224  验证 0.01644  4.5s
2026-10-01 00:00:19,198 INFO 训练 第  19 轮  训练 0.01207  验证 0.01660  4.7s
2026-10-01 00:00:23,901 INFO 训练 第  20 轮  训练 0.01194  验证 0.01666  4.7s
2026-10-01 00:00:23,901 INFO 验证损失 15 轮未改善，提前停止
2026-10-01 00:00:25,353 INFO 切换点一致性（all）：观测 β -1.180（0.393）  模型 β -0.326（0.134）
2026-10-01 00:00:25,617 INFO 切换点一致性（novel）：观测 β -0.367（0.505）  模型 β -0.157（0.130）
2026-10-01 00:00:43,123 INFO 测试期 MAE 0.0518  WAPE 0.265  CRPS 0.0302  PICP90 原始 0.870 / ACI 0.902；输出 D:\EV充电因果预测sci论文\05_实验结果\runs\base_gcnlstm_s0
