2026-10-01 09:43:41,047 INFO 运行 abl_A11_adaptive_s0，设备 cuda，torch 2.11.0+cu128
2026-10-01 09:43:42,286 INFO 数据：T=4344 N=275 训练/验证/测试起点 3001/409/841；{'train': ('2022-09-01', '2023-01-05'), 'val': ('2023-01-06', '2023-01-23'), 'test': ('2023-01-24', '2023-02-28')}
2026-10-01 09:43:42,427 INFO 模型参数 149,059；锚定方式 cut；锚定来源 fivemin_main
2026-10-01 09:44:04,256 INFO 第   1 轮  训练 0.02322  验证 pinball 0.01721  分时小区平均 β -0.213  18.6s
2026-10-01 09:44:22,163 INFO 第   2 轮  训练 0.01848  验证 pinball 0.01732  分时小区平均 β -0.213  17.9s
2026-10-01 09:44:39,983 INFO 第   3 轮  训练 0.01708  验证 pinball 0.01540  分时小区平均 β -0.213  17.8s
2026-10-01 09:44:57,935 INFO 第   4 轮  训练 0.01598  验证 pinball 0.01467  分时小区平均 β -0.213  17.9s
2026-10-01 09:45:15,750 INFO 第   5 轮  训练 0.01517  验证 pinball 0.01435  分时小区平均 β -0.213  17.8s
2026-10-01 09:45:33,691 INFO 第   6 轮  训练 0.01459  验证 pinball 0.01413  分时小区平均 β -0.213  17.9s
2026-10-01 09:45:51,609 INFO 第   7 轮  训练 0.01439  验证 pinball 0.01360  分时小区平均 β -0.213  17.9s
2026-10-01 09:46:09,520 INFO 第   8 轮  训练 0.01417  验证 pinball 0.01338  分时小区平均 β -0.213  17.9s
2026-10-01 09:46:27,559 INFO 第   9 轮  训练 0.01381  验证 pinball 0.01461  分时小区平均 β -0.213  18.0s
2026-10-01 09:46:45,508 INFO 第  10 轮  训练 0.01367  验证 pinball 0.01334  分时小区平均 β -0.213  17.9s
2026-10-01 09:47:03,569 INFO 第  11 轮  训练 0.01348  验证 pinball 0.01347  分时小区平均 β -0.213  18.1s
2026-10-01 09:47:21,716 INFO 第  12 轮  训练 0.01331  验证 pinball 0.01305  分时小区平均 β -0.213  18.1s
2026-10-01 09:47:39,686 INFO 第  13 轮  训练 0.01323  验证 pinball 0.01312  分时小区平均 β -0.213  17.9s
2026-10-01 09:47:57,582 INFO 第  14 轮  训练 0.01310  验证 pinball 0.01290  分时小区平均 β -0.213  17.9s
2026-10-01 09:48:15,601 INFO 第  15 轮  训练 0.01312  验证 pinball 0.01306  分时小区平均 β -0.213  18.0s
2026-10-01 09:48:33,596 INFO 第  16 轮  训练 0.01289  验证 pinball 0.01281  分时小区平均 β -0.213  18.0s
2026-10-01 09:48:51,466 INFO 第  17 轮  训练 0.01285  验证 pinball 0.01337  分时小区平均 β -0.213  17.9s
2026-10-01 09:49:09,350 INFO 第  18 轮  训练 0.01275  验证 pinball 0.01336  分时小区平均 β -0.213  17.9s
2026-10-01 09:49:27,315 INFO 第  19 轮  训练 0.01268  验证 pinball 0.01293  分时小区平均 β -0.213  18.0s
2026-10-01 09:49:45,348 INFO 第  20 轮  训练 0.01261  验证 pinball 0.01350  分时小区平均 β -0.213  18.0s
2026-10-01 09:50:03,342 INFO 第  21 轮  训练 0.01252  验证 pinball 0.01325  分时小区平均 β -0.213  18.0s
2026-10-01 09:50:21,195 INFO 第  22 轮  训练 0.01244  验证 pinball 0.01278  分时小区平均 β -0.213  17.9s
2026-10-01 09:50:39,055 INFO 第  23 轮  训练 0.01235  验证 pinball 0.01285  分时小区平均 β -0.213  17.9s
2026-10-01 09:50:57,005 INFO 第  24 轮  训练 0.01233  验证 pinball 0.01277  分时小区平均 β -0.213  17.9s
2026-10-01 09:51:14,984 INFO 第  25 轮  训练 0.01225  验证 pinball 0.01300  分时小区平均 β -0.213  18.0s
2026-10-01 09:51:32,980 INFO 第  26 轮  训练 0.01218  验证 pinball 0.01282  分时小区平均 β -0.213  18.0s
2026-10-01 09:51:50,878 INFO 第  27 轮  训练 0.01218  验证 pinball 0.01270  分时小区平均 β -0.213  17.9s
2026-10-01 09:52:08,821 INFO 第  28 轮  训练 0.01205  验证 pinball 0.01262  分时小区平均 β -0.213  17.9s
2026-10-01 09:52:26,592 INFO 第  29 轮  训练 0.01198  验证 pinball 0.01282  分时小区平均 β -0.213  17.8s
2026-10-01 09:52:44,373 INFO 第  30 轮  训练 0.01206  验证 pinball 0.01291  分时小区平均 β -0.213  17.8s
2026-10-01 09:53:02,276 INFO 第  31 轮  训练 0.01194  验证 pinball 0.01302  分时小区平均 β -0.213  17.9s
2026-10-01 09:53:20,166 INFO 第  32 轮  训练 0.01198  验证 pinball 0.01283  分时小区平均 β -0.213  17.9s
2026-10-01 09:53:38,057 INFO 第  33 轮  训练 0.01184  验证 pinball 0.01293  分时小区平均 β -0.213  17.9s
2026-10-01 09:53:55,907 INFO 第  34 轮  训练 0.01176  验证 pinball 0.01271  分时小区平均 β -0.213  17.8s
2026-10-01 09:54:13,822 INFO 第  35 轮  训练 0.01175  验证 pinball 0.01273  分时小区平均 β -0.213  17.9s
2026-10-01 09:54:31,789 INFO 第  36 轮  训练 0.01172  验证 pinball 0.01265  分时小区平均 β -0.213  18.0s
2026-10-01 09:54:49,931 INFO 第  37 轮  训练 0.01169  验证 pinball 0.01293  分时小区平均 β -0.213  18.1s
2026-10-01 09:55:07,953 INFO 第  38 轮  训练 0.01158  验证 pinball 0.01301  分时小区平均 β -0.213  18.0s
2026-10-01 09:55:25,911 INFO 第  39 轮  训练 0.01155  验证 pinball 0.01281  分时小区平均 β -0.213  18.0s
2026-10-01 09:55:43,900 INFO 第  40 轮  训练 0.01164  验证 pinball 0.01282  分时小区平均 β -0.213  18.0s
2026-10-01 09:56:01,785 INFO 第  41 轮  训练 0.01151  验证 pinball 0.01313  分时小区平均 β -0.213  17.9s
2026-10-01 09:56:19,771 INFO 第  42 轮  训练 0.01148  验证 pinball 0.01290  分时小区平均 β -0.213  18.0s
2026-10-01 09:56:37,650 INFO 第  43 轮  训练 0.01145  验证 pinball 0.01284  分时小区平均 β -0.213  17.9s
2026-10-01 09:56:37,650 INFO 验证损失 15 轮未改善，提前停止
2026-10-01 09:56:41,278 INFO 切换点一致性（all）：观测 β -1.180（0.393）  模型 β -0.535（0.221）
2026-10-01 09:56:41,502 INFO 切换点一致性（novel）：观测 β -0.367（0.505）  模型 β -0.141（0.235）
2026-10-01 09:57:00,045 INFO 测试期 MAE 0.0438  WAPE 0.224  CRPS 0.0256  PICP90 原始 0.827 / ACI 0.901；输出 D:\EV充电因果预测sci论文\05_实验结果\runs\abl_A11_adaptive_s0
