2026-10-02 02:43:02,901 INFO 运行 eid_profile-3.0_s0，设备 cuda，torch 2.11.0+cu128
2026-10-02 02:43:03,871 INFO 数据：T=4344 N=275 训练/验证/测试起点 3001/409/841；{'train': ('2022-09-01', '2023-01-05'), 'val': ('2023-01-06', '2023-01-23'), 'test': ('2023-01-24', '2023-02-28')}
2026-10-02 02:43:03,999 INFO 模型参数 198,211；锚定方式 cut；锚定来源 fivemin_main|fixed_beta=-3.0
2026-10-02 02:43:33,286 INFO 第   1 轮  训练 0.02344  验证 pinball 0.01757  分时小区平均 β -3.000  26.8s
2026-10-02 02:43:59,608 INFO 第   2 轮  训练 0.01898  验证 pinball 0.01714  分时小区平均 β -3.000  26.3s
2026-10-02 02:44:25,974 INFO 第   3 轮  训练 0.01779  验证 pinball 0.01590  分时小区平均 β -3.000  26.4s
2026-10-02 02:44:52,257 INFO 第   4 轮  训练 0.01660  验证 pinball 0.01525  分时小区平均 β -3.000  26.3s
2026-10-02 02:45:18,588 INFO 第   5 轮  训练 0.01558  验证 pinball 0.01482  分时小区平均 β -3.000  26.3s
2026-10-02 02:45:44,818 INFO 第   6 轮  训练 0.01489  验证 pinball 0.01468  分时小区平均 β -3.000  26.2s
2026-10-02 02:46:11,109 INFO 第   7 轮  训练 0.01458  验证 pinball 0.01461  分时小区平均 β -3.000  26.3s
2026-10-02 02:46:37,385 INFO 第   8 轮  训练 0.01440  验证 pinball 0.01418  分时小区平均 β -3.000  26.3s
2026-10-02 02:47:03,785 INFO 第   9 轮  训练 0.01408  验证 pinball 0.01495  分时小区平均 β -3.000  26.4s
2026-10-02 02:47:30,036 INFO 第  10 轮  训练 0.01389  验证 pinball 0.01431  分时小区平均 β -3.000  26.2s
2026-10-02 02:47:56,427 INFO 第  11 轮  训练 0.01376  验证 pinball 0.01383  分时小区平均 β -3.000  26.4s
2026-10-02 02:48:22,769 INFO 第  12 轮  训练 0.01353  验证 pinball 0.01370  分时小区平均 β -3.000  26.3s
2026-10-02 02:48:49,133 INFO 第  13 轮  训练 0.01343  验证 pinball 0.01367  分时小区平均 β -3.000  26.4s
2026-10-02 02:49:15,386 INFO 第  14 轮  训练 0.01332  验证 pinball 0.01375  分时小区平均 β -3.000  26.2s
2026-10-02 02:49:41,695 INFO 第  15 轮  训练 0.01319  验证 pinball 0.01367  分时小区平均 β -3.000  26.3s
2026-10-02 02:50:08,132 INFO 第  16 轮  训练 0.01308  验证 pinball 0.01359  分时小区平均 β -3.000  26.4s
2026-10-02 02:50:34,450 INFO 第  17 轮  训练 0.01299  验证 pinball 0.01363  分时小区平均 β -3.000  26.3s
2026-10-02 02:51:00,814 INFO 第  18 轮  训练 0.01289  验证 pinball 0.01387  分时小区平均 β -3.000  26.4s
2026-10-02 02:51:27,066 INFO 第  19 轮  训练 0.01277  验证 pinball 0.01381  分时小区平均 β -3.000  26.3s
2026-10-02 02:51:53,544 INFO 第  20 轮  训练 0.01268  验证 pinball 0.01357  分时小区平均 β -3.000  26.5s
2026-10-02 02:52:19,890 INFO 第  21 轮  训练 0.01267  验证 pinball 0.01365  分时小区平均 β -3.000  26.3s
2026-10-02 02:52:46,195 INFO 第  22 轮  训练 0.01258  验证 pinball 0.01373  分时小区平均 β -3.000  26.3s
2026-10-02 02:53:12,511 INFO 第  23 轮  训练 0.01247  验证 pinball 0.01359  分时小区平均 β -3.000  26.3s
2026-10-02 02:53:38,785 INFO 第  24 轮  训练 0.01249  验证 pinball 0.01368  分时小区平均 β -3.000  26.3s
2026-10-02 02:54:05,153 INFO 第  25 轮  训练 0.01237  验证 pinball 0.01383  分时小区平均 β -3.000  26.4s
2026-10-02 02:54:31,401 INFO 第  26 轮  训练 0.01230  验证 pinball 0.01381  分时小区平均 β -3.000  26.2s
2026-10-02 02:54:57,680 INFO 第  27 轮  训练 0.01227  验证 pinball 0.01357  分时小区平均 β -3.000  26.3s
2026-10-02 02:55:23,966 INFO 第  28 轮  训练 0.01219  验证 pinball 0.01345  分时小区平均 β -3.000  26.3s
2026-10-02 02:55:50,295 INFO 第  29 轮  训练 0.01212  验证 pinball 0.01369  分时小区平均 β -3.000  26.3s
2026-10-02 02:56:16,531 INFO 第  30 轮  训练 0.01208  验证 pinball 0.01379  分时小区平均 β -3.000  26.2s
2026-10-02 02:56:42,852 INFO 第  31 轮  训练 0.01203  验证 pinball 0.01396  分时小区平均 β -3.000  26.3s
2026-10-02 02:57:09,134 INFO 第  32 轮  训练 0.01199  验证 pinball 0.01388  分时小区平均 β -3.000  26.3s
2026-10-02 02:57:35,476 INFO 第  33 轮  训练 0.01191  验证 pinball 0.01395  分时小区平均 β -3.000  26.3s
2026-10-02 02:58:01,793 INFO 第  34 轮  训练 0.01183  验证 pinball 0.01381  分时小区平均 β -3.000  26.3s
2026-10-02 02:58:27,902 INFO 第  35 轮  训练 0.01186  验证 pinball 0.01397  分时小区平均 β -3.000  26.1s
2026-10-02 02:58:54,152 INFO 第  36 轮  训练 0.01177  验证 pinball 0.01376  分时小区平均 β -3.000  26.3s
2026-10-02 02:59:20,429 INFO 第  37 轮  训练 0.01176  验证 pinball 0.01392  分时小区平均 β -3.000  26.3s
2026-10-02 02:59:46,804 INFO 第  38 轮  训练 0.01160  验证 pinball 0.01382  分时小区平均 β -3.000  26.4s
2026-10-02 03:00:13,154 INFO 第  39 轮  训练 0.01157  验证 pinball 0.01401  分时小区平均 β -3.000  26.3s
2026-10-02 03:00:39,377 INFO 第  40 轮  训练 0.01152  验证 pinball 0.01379  分时小区平均 β -3.000  26.2s
2026-10-02 03:01:05,655 INFO 第  41 轮  训练 0.01153  验证 pinball 0.01449  分时小区平均 β -3.000  26.3s
2026-10-02 03:01:31,897 INFO 第  42 轮  训练 0.01144  验证 pinball 0.01412  分时小区平均 β -3.000  26.2s
2026-10-02 03:01:58,157 INFO 第  43 轮  训练 0.01139  验证 pinball 0.01408  分时小区平均 β -3.000  26.3s
2026-10-02 03:01:58,157 INFO 验证损失 15 轮未改善，提前停止
2026-10-02 03:02:02,896 INFO 切换点一致性（all）：观测 β -1.180（0.393）  模型 β -1.793（0.254）
2026-10-02 03:02:03,093 INFO 切换点一致性（novel）：观测 β -0.367（0.505）  模型 β -1.188（0.346）
2026-10-02 03:02:15,463 INFO 测试期 MAE 0.0463  WAPE 0.237  CRPS 0.0272  PICP90 原始 0.816 / ACI 0.902；输出 D:\EV充电因果预测sci论文\05_实验结果\runs\eid_profile-3.0_s0
