2026-10-01 20:01:07,304 INFO 运行 ess_rho0_A1free_s0，设备 cuda，torch 2.11.0+cu128
2026-10-01 20:01:20,107 INFO E-SS 半合成数据：109 个小区（处理组 54），ρ = 0.0，真实弹性 [-0.2, -0.8, -1.5]；锚定 cells（在合成训练期上重新估计）
2026-10-01 20:01:20,107 INFO 数据：T=4344 N=109 训练/验证/测试起点 3001/409/841；{'train': ('2022-09-01', '2023-01-05'), 'val': ('2023-01-06', '2023-01-23'), 'test': ('2023-01-24', '2023-02-28')}
2026-10-01 20:01:20,235 INFO 模型参数 195,342；锚定方式 free；锚定来源 ess_cells
2026-10-01 20:01:33,594 INFO 第   1 轮  训练 0.02354  验证 pinball 0.01810  分时小区平均 β -1.370  10.1s
2026-10-01 20:01:42,261 INFO 第   2 轮  训练 0.01838  验证 pinball 0.01684  分时小区平均 β -1.353  8.7s
2026-10-01 20:01:50,953 INFO 第   3 轮  训练 0.01667  验证 pinball 0.01522  分时小区平均 β -1.333  8.7s
2026-10-01 20:01:59,965 INFO 第   4 轮  训练 0.01530  验证 pinball 0.01462  分时小区平均 β -1.313  9.0s
2026-10-01 20:02:09,362 INFO 第   5 轮  训练 0.01419  验证 pinball 0.01460  分时小区平均 β -1.293  9.4s
2026-10-01 20:02:18,323 INFO 第   6 轮  训练 0.01350  验证 pinball 0.01462  分时小区平均 β -1.277  9.0s
2026-10-01 20:02:27,694 INFO 第   7 轮  训练 0.01323  验证 pinball 0.01443  分时小区平均 β -1.262  9.4s
2026-10-01 20:02:36,758 INFO 第   8 轮  训练 0.01294  验证 pinball 0.01402  分时小区平均 β -1.251  9.1s
2026-10-01 20:02:45,579 INFO 第   9 轮  训练 0.01270  验证 pinball 0.01527  分时小区平均 β -1.241  8.8s
2026-10-01 20:02:54,485 INFO 第  10 轮  训练 0.01255  验证 pinball 0.01423  分时小区平均 β -1.231  8.9s
2026-10-01 20:03:03,435 INFO 第  11 轮  训练 0.01239  验证 pinball 0.01502  分时小区平均 β -1.222  8.9s
2026-10-01 20:03:12,357 INFO 第  12 轮  训练 0.01221  验证 pinball 0.01411  分时小区平均 β -1.213  8.9s
2026-10-01 20:03:21,255 INFO 第  13 轮  训练 0.01210  验证 pinball 0.01419  分时小区平均 β -1.206  8.9s
2026-10-01 20:03:30,192 INFO 第  14 轮  训练 0.01197  验证 pinball 0.01436  分时小区平均 β -1.200  8.9s
2026-10-01 20:03:39,232 INFO 第  15 轮  训练 0.01182  验证 pinball 0.01408  分时小区平均 β -1.195  9.0s
2026-10-01 20:03:48,288 INFO 第  16 轮  训练 0.01179  验证 pinball 0.01411  分时小区平均 β -1.189  9.1s
2026-10-01 20:03:57,168 INFO 第  17 轮  训练 0.01166  验证 pinball 0.01445  分时小区平均 β -1.185  8.9s
2026-10-01 20:04:06,102 INFO 第  18 轮  训练 0.01155  验证 pinball 0.01505  分时小区平均 β -1.181  8.9s
2026-10-01 20:04:15,579 INFO 第  19 轮  训练 0.01139  验证 pinball 0.01494  分时小区平均 β -1.178  9.5s
2026-10-01 20:04:25,017 INFO 第  20 轮  训练 0.01139  验证 pinball 0.01447  分时小区平均 β -1.174  9.4s
2026-10-01 20:04:33,998 INFO 第  21 轮  训练 0.01129  验证 pinball 0.01568  分时小区平均 β -1.172  9.0s
2026-10-01 20:04:42,955 INFO 第  22 轮  训练 0.01113  验证 pinball 0.01467  分时小区平均 β -1.170  9.0s
2026-10-01 20:04:51,794 INFO 第  23 轮  训练 0.01102  验证 pinball 0.01502  分时小区平均 β -1.168  8.8s
2026-10-01 20:04:51,794 INFO 验证损失 15 轮未改善，提前停止
2026-10-01 20:04:57,417 INFO E-SS flat：真实隐含弹性 -1.102；模型 -1.239（反事实 MAE 0.0447）；插补 P0 -1.369（0.0448）
2026-10-01 20:04:57,418 INFO E-SS spread1.5：真实隐含弹性 -1.101；模型 -1.239（反事实 MAE 0.0452）；插补 P0 -1.369（0.0453）
2026-10-01 20:05:05,200 INFO 测试期 MAE 0.0472  WAPE 0.248  CRPS 0.0272  PICP90 原始 0.850 / ACI 0.903；输出 D:\EV充电因果预测sci论文\05_实验结果\runs\ess_rho0_A1free_s0
