2026-10-01 19:06:29,722 INFO 运行 ess_rho0.5_A0cells_s1，设备 cuda，torch 2.11.0+cu128
2026-10-01 19:06:35,552 INFO E-SS 半合成数据：109 个小区（处理组 54），ρ = 0.5，真实弹性 [-0.2, -0.8, -1.5]；锚定 cells（在合成训练期上重新估计）
2026-10-01 19:06:35,553 INFO 数据：T=4344 N=109 训练/验证/测试起点 3001/409/841；{'train': ('2022-09-01', '2023-01-05'), 'val': ('2023-01-06', '2023-01-23'), 'test': ('2023-01-24', '2023-02-28')}
2026-10-01 19:06:35,718 INFO 模型参数 194,891；锚定方式 cut；锚定来源 ess_cells
2026-10-01 19:06:48,800 INFO 第   1 轮  训练 0.02339  验证 pinball 0.01811  分时小区平均 β -1.393  9.6s
2026-10-01 19:06:57,630 INFO 第   2 轮  训练 0.01832  验证 pinball 0.01628  分时小区平均 β -1.393  8.8s
2026-10-01 19:07:06,257 INFO 第   3 轮  训练 0.01667  验证 pinball 0.01546  分时小区平均 β -1.393  8.6s
2026-10-01 19:07:14,901 INFO 第   4 轮  训练 0.01519  验证 pinball 0.01549  分时小区平均 β -1.393  8.6s
2026-10-01 19:07:24,046 INFO 第   5 轮  训练 0.01423  验证 pinball 0.01457  分时小区平均 β -1.393  9.1s
2026-10-01 19:07:33,273 INFO 第   6 轮  训练 0.01362  验证 pinball 0.01416  分时小区平均 β -1.393  9.2s
2026-10-01 19:07:42,678 INFO 第   7 轮  训练 0.01345  验证 pinball 0.01440  分时小区平均 β -1.393  9.4s
2026-10-01 19:07:51,061 INFO 第   8 轮  训练 0.01309  验证 pinball 0.01475  分时小区平均 β -1.393  8.4s
2026-10-01 19:07:58,646 INFO 第   9 轮  训练 0.01283  验证 pinball 0.01412  分时小区平均 β -1.393  7.6s
2026-10-01 19:08:06,232 INFO 第  10 轮  训练 0.01271  验证 pinball 0.01443  分时小区平均 β -1.393  7.6s
2026-10-01 19:08:13,775 INFO 第  11 轮  训练 0.01251  验证 pinball 0.01409  分时小区平均 β -1.393  7.5s
2026-10-01 19:08:21,257 INFO 第  12 轮  训练 0.01237  验证 pinball 0.01491  分时小区平均 β -1.393  7.5s
2026-10-01 19:08:28,801 INFO 第  13 轮  训练 0.01224  验证 pinball 0.01480  分时小区平均 β -1.393  7.5s
2026-10-01 19:08:36,404 INFO 第  14 轮  训练 0.01207  验证 pinball 0.01459  分时小区平均 β -1.393  7.6s
2026-10-01 19:08:43,915 INFO 第  15 轮  训练 0.01191  验证 pinball 0.01426  分时小区平均 β -1.393  7.5s
2026-10-01 19:08:51,395 INFO 第  16 轮  训练 0.01198  验证 pinball 0.01482  分时小区平均 β -1.393  7.5s
2026-10-01 19:08:58,946 INFO 第  17 轮  训练 0.01169  验证 pinball 0.01455  分时小区平均 β -1.393  7.6s
2026-10-01 19:09:06,506 INFO 第  18 轮  训练 0.01158  验证 pinball 0.01480  分时小区平均 β -1.393  7.6s
2026-10-01 19:09:14,037 INFO 第  19 轮  训练 0.01150  验证 pinball 0.01479  分时小区平均 β -1.393  7.5s
2026-10-01 19:09:21,494 INFO 第  20 轮  训练 0.01143  验证 pinball 0.01475  分时小区平均 β -1.393  7.5s
2026-10-01 19:09:29,036 INFO 第  21 轮  训练 0.01128  验证 pinball 0.01524  分时小区平均 β -1.393  7.5s
2026-10-01 19:09:36,572 INFO 第  22 轮  训练 0.01119  验证 pinball 0.01646  分时小区平均 β -1.393  7.5s
2026-10-01 19:09:44,110 INFO 第  23 轮  训练 0.01106  验证 pinball 0.01582  分时小区平均 β -1.393  7.5s
2026-10-01 19:09:51,574 INFO 第  24 轮  训练 0.01094  验证 pinball 0.01603  分时小区平均 β -1.393  7.5s
2026-10-01 19:09:59,118 INFO 第  25 轮  训练 0.01084  验证 pinball 0.01563  分时小区平均 β -1.393  7.5s
2026-10-01 19:10:06,636 INFO 第  26 轮  训练 0.01082  验证 pinball 0.01517  分时小区平均 β -1.393  7.5s
2026-10-01 19:10:06,636 INFO 验证损失 15 轮未改善，提前停止
2026-10-01 19:10:10,519 INFO E-SS flat：真实隐含弹性 -1.062；模型 -1.230（反事实 MAE 0.0442）；插补 P0 -1.230（0.0442）
2026-10-01 19:10:10,519 INFO E-SS spread1.5：真实隐含弹性 -1.062；模型 -1.230（反事实 MAE 0.0454）；插补 P0 -1.230（0.0454）
2026-10-01 19:10:14,021 INFO 测试期 MAE 0.0468  WAPE 0.247  CRPS 0.0269  PICP90 原始 0.861 / ACI 0.903；输出 D:\EV充电因果预测sci论文\05_实验结果\runs\ess_rho0.5_A0cells_s1
