2026-10-01 20:18:09,421 INFO 运行 ess_rho1_A0cells_s0，设备 cuda，torch 2.11.0+cu128
2026-10-01 20:18:18,243 INFO E-SS 半合成数据：109 个小区（处理组 54），ρ = 1.0，真实弹性 [-0.2, -0.8, -1.5]；锚定 cells（在合成训练期上重新估计）
2026-10-01 20:18:18,245 INFO 数据：T=4344 N=109 训练/验证/测试起点 3001/409/841；{'train': ('2022-09-01', '2023-01-05'), 'val': ('2023-01-06', '2023-01-23'), 'test': ('2023-01-24', '2023-02-28')}
2026-10-01 20:18:18,425 INFO 模型参数 194,891；锚定方式 cut；锚定来源 ess_cells
2026-10-01 20:18:31,573 INFO 第   1 轮  训练 0.02352  验证 pinball 0.01852  分时小区平均 β -1.378  10.1s
2026-10-01 20:18:40,771 INFO 第   2 轮  训练 0.01835  验证 pinball 0.01829  分时小区平均 β -1.378  9.2s
2026-10-01 20:18:49,489 INFO 第   3 轮  训练 0.01661  验证 pinball 0.01519  分时小区平均 β -1.378  8.7s
2026-10-01 20:18:58,465 INFO 第   4 轮  训练 0.01520  验证 pinball 0.01462  分时小区平均 β -1.378  9.0s
2026-10-01 20:19:07,815 INFO 第   5 轮  训练 0.01418  验证 pinball 0.01462  分时小区平均 β -1.378  9.3s
2026-10-01 20:19:17,481 INFO 第   6 轮  训练 0.01353  验证 pinball 0.01456  分时小区平均 β -1.378  9.7s
2026-10-01 20:19:26,968 INFO 第   7 轮  训练 0.01322  验证 pinball 0.01441  分时小区平均 β -1.378  9.5s
2026-10-01 20:19:35,827 INFO 第   8 轮  训练 0.01294  验证 pinball 0.01392  分时小区平均 β -1.378  8.8s
2026-10-01 20:19:44,974 INFO 第   9 轮  训练 0.01273  验证 pinball 0.01531  分时小区平均 β -1.378  9.1s
2026-10-01 20:19:53,627 INFO 第  10 轮  训练 0.01255  验证 pinball 0.01409  分时小区平均 β -1.378  8.7s
2026-10-01 20:20:02,302 INFO 第  11 轮  训练 0.01237  验证 pinball 0.01509  分时小区平均 β -1.378  8.7s
2026-10-01 20:20:11,053 INFO 第  12 轮  训练 0.01221  验证 pinball 0.01423  分时小区平均 β -1.378  8.7s
2026-10-01 20:20:19,609 INFO 第  13 轮  训练 0.01209  验证 pinball 0.01446  分时小区平均 β -1.378  8.6s
2026-10-01 20:20:28,559 INFO 第  14 轮  训练 0.01200  验证 pinball 0.01420  分时小区平均 β -1.378  8.9s
2026-10-01 20:20:37,885 INFO 第  15 轮  训练 0.01181  验证 pinball 0.01404  分时小区平均 β -1.378  9.3s
2026-10-01 20:20:46,568 INFO 第  16 轮  训练 0.01182  验证 pinball 0.01410  分时小区平均 β -1.378  8.7s
2026-10-01 20:20:55,399 INFO 第  17 轮  训练 0.01165  验证 pinball 0.01460  分时小区平均 β -1.378  8.8s
2026-10-01 20:21:04,224 INFO 第  18 轮  训练 0.01150  验证 pinball 0.01472  分时小区平均 β -1.378  8.8s
2026-10-01 20:21:13,258 INFO 第  19 轮  训练 0.01137  验证 pinball 0.01476  分时小区平均 β -1.378  9.0s
2026-10-01 20:21:22,178 INFO 第  20 轮  训练 0.01132  验证 pinball 0.01521  分时小区平均 β -1.378  8.9s
2026-10-01 20:21:31,330 INFO 第  21 轮  训练 0.01121  验证 pinball 0.01500  分时小区平均 β -1.378  9.2s
2026-10-01 20:21:39,969 INFO 第  22 轮  训练 0.01108  验证 pinball 0.01543  分时小区平均 β -1.378  8.6s
2026-10-01 20:21:49,279 INFO 第  23 轮  训练 0.01101  验证 pinball 0.01498  分时小区平均 β -1.378  9.3s
2026-10-01 20:21:49,279 INFO 验证损失 15 轮未改善，提前停止
2026-10-01 20:21:54,637 INFO E-SS flat：真实隐含弹性 -1.100；模型 -1.291（反事实 MAE 0.0444）；插补 P0 -1.291（0.0444）
2026-10-01 20:21:54,638 INFO E-SS spread1.5：真实隐含弹性 -1.100；模型 -1.291（反事实 MAE 0.0456）；插补 P0 -1.291（0.0456）
2026-10-01 20:22:02,791 INFO 测试期 MAE 0.0473  WAPE 0.249  CRPS 0.0272  PICP90 原始 0.851 / ACI 0.903；输出 D:\EV充电因果预测sci论文\05_实验结果\runs\ess_rho1_A0cells_s0
