2026-10-01 20:43:09,401 INFO 运行 ess_rho0.5_A0oracle_s0，设备 cuda，torch 2.11.0+cu128
2026-10-01 20:43:10,368 INFO E-SS 半合成数据：109 个小区（处理组 54），ρ = 0.5，真实弹性 [-0.2, -0.8, -1.5]；锚定 oracle（在合成训练期上重新估计）
2026-10-01 20:43:10,369 INFO 数据：T=4344 N=109 训练/验证/测试起点 3001/409/841；{'train': ('2022-09-01', '2023-01-05'), 'val': ('2023-01-06', '2023-01-23'), 'test': ('2023-01-24', '2023-02-28')}
2026-10-01 20:43:10,470 INFO 模型参数 194,891；锚定方式 cut；锚定来源 ess_oracle
2026-10-01 20:43:19,734 INFO 第   1 轮  训练 0.02347  验证 pinball 0.01843  分时小区平均 β -1.115  7.9s
2026-10-01 20:43:27,333 INFO 第   2 轮  训练 0.01831  验证 pinball 0.01828  分时小区平均 β -1.115  7.6s
2026-10-01 20:43:34,901 INFO 第   3 轮  训练 0.01663  验证 pinball 0.01519  分时小区平均 β -1.115  7.6s
2026-10-01 20:43:42,377 INFO 第   4 轮  训练 0.01524  验证 pinball 0.01457  分时小区平均 β -1.115  7.5s
2026-10-01 20:43:49,938 INFO 第   5 轮  训练 0.01420  验证 pinball 0.01452  分时小区平均 β -1.115  7.6s
2026-10-01 20:43:58,950 INFO 第   6 轮  训练 0.01350  验证 pinball 0.01448  分时小区平均 β -1.115  9.0s
2026-10-01 20:44:07,581 INFO 第   7 轮  训练 0.01320  验证 pinball 0.01437  分时小区平均 β -1.115  8.6s
2026-10-01 20:44:16,305 INFO 第   8 轮  训练 0.01293  验证 pinball 0.01383  分时小区平均 β -1.115  8.7s
2026-10-01 20:44:25,411 INFO 第   9 轮  训练 0.01271  验证 pinball 0.01520  分时小区平均 β -1.115  9.1s
2026-10-01 20:44:34,275 INFO 第  10 轮  训练 0.01255  验证 pinball 0.01400  分时小区平均 β -1.115  8.9s
2026-10-01 20:44:43,230 INFO 第  11 轮  训练 0.01238  验证 pinball 0.01499  分时小区平均 β -1.115  9.0s
2026-10-01 20:44:52,221 INFO 第  12 轮  训练 0.01219  验证 pinball 0.01411  分时小区平均 β -1.115  9.0s
2026-10-01 20:45:00,891 INFO 第  13 轮  训练 0.01208  验证 pinball 0.01441  分时小区平均 β -1.115  8.7s
2026-10-01 20:45:10,040 INFO 第  14 轮  训练 0.01199  验证 pinball 0.01427  分时小区平均 β -1.115  9.1s
2026-10-01 20:45:19,178 INFO 第  15 轮  训练 0.01179  验证 pinball 0.01394  分时小区平均 β -1.115  9.1s
2026-10-01 20:45:27,946 INFO 第  16 轮  训练 0.01177  验证 pinball 0.01405  分时小区平均 β -1.115  8.8s
2026-10-01 20:45:36,614 INFO 第  17 轮  训练 0.01164  验证 pinball 0.01450  分时小区平均 β -1.115  8.7s
2026-10-01 20:45:46,016 INFO 第  18 轮  训练 0.01149  验证 pinball 0.01455  分时小区平均 β -1.115  9.4s
2026-10-01 20:45:54,659 INFO 第  19 轮  训练 0.01136  验证 pinball 0.01449  分时小区平均 β -1.115  8.6s
2026-10-01 20:46:03,403 INFO 第  20 轮  训练 0.01132  验证 pinball 0.01509  分时小区平均 β -1.115  8.7s
2026-10-01 20:46:12,165 INFO 第  21 轮  训练 0.01119  验证 pinball 0.01497  分时小区平均 β -1.115  8.8s
2026-10-01 20:46:21,591 INFO 第  22 轮  训练 0.01108  验证 pinball 0.01523  分时小区平均 β -1.115  9.4s
2026-10-01 20:46:30,215 INFO 第  23 轮  训练 0.01100  验证 pinball 0.01495  分时小区平均 β -1.115  8.6s
2026-10-01 20:46:30,215 INFO 验证损失 15 轮未改善，提前停止
2026-10-01 20:46:35,724 INFO E-SS flat：真实隐含弹性 -1.101；模型 -1.102（反事实 MAE 0.0446）；插补 P0 -1.102（0.0446）
2026-10-01 20:46:35,724 INFO E-SS spread1.5：真实隐含弹性 -1.100；模型 -1.102（反事实 MAE 0.0448）；插补 P0 -1.102（0.0448）
2026-10-01 20:46:43,448 INFO 测试期 MAE 0.0471  WAPE 0.248  CRPS 0.0271  PICP90 原始 0.854 / ACI 0.902；输出 D:\EV充电因果预测sci论文\05_实验结果\runs\ess_rho0.5_A0oracle_s0
