2026-10-01 13:11:57,803 INFO 运行 abl_A6_priceinput_s1，设备 cuda，torch 2.11.0+cu128
2026-10-01 13:11:58,873 INFO 数据：T=4344 N=275 训练/验证/测试起点 3001/409/841；{'train': ('2022-09-01', '2023-01-05'), 'val': ('2023-01-06', '2023-01-23'), 'test': ('2023-01-24', '2023-02-28')}
2026-10-01 13:11:59,014 INFO 模型参数 198,627；锚定方式 cut；锚定来源 fivemin_main
2026-10-01 13:12:29,477 INFO 第   1 轮  训练 0.02265  验证 pinball 0.01744  分时小区平均 β +nan  27.6s
2026-10-01 13:12:56,325 INFO 第   2 轮  训练 0.01848  验证 pinball 0.01594  分时小区平均 β +nan  26.8s
2026-10-01 13:13:23,272 INFO 第   3 轮  训练 0.01693  验证 pinball 0.01511  分时小区平均 β +nan  26.9s
2026-10-01 13:13:50,146 INFO 第   4 轮  训练 0.01590  验证 pinball 0.01449  分时小区平均 β +nan  26.9s
2026-10-01 13:14:17,181 INFO 第   5 轮  训练 0.01507  验证 pinball 0.01479  分时小区平均 β +nan  27.0s
2026-10-01 13:14:44,117 INFO 第   6 轮  训练 0.01451  验证 pinball 0.01384  分时小区平均 β +nan  26.9s
2026-10-01 13:15:11,082 INFO 第   7 轮  训练 0.01423  验证 pinball 0.01435  分时小区平均 β +nan  27.0s
2026-10-01 13:15:38,112 INFO 第   8 轮  训练 0.01389  验证 pinball 0.01373  分时小区平均 β +nan  27.0s
2026-10-01 13:16:04,960 INFO 第   9 轮  训练 0.01354  验证 pinball 0.01337  分时小区平均 β +nan  26.8s
2026-10-01 13:16:31,883 INFO 第  10 轮  训练 0.01344  验证 pinball 0.01350  分时小区平均 β +nan  26.9s
2026-10-01 13:16:58,813 INFO 第  11 轮  训练 0.01322  验证 pinball 0.01329  分时小区平均 β +nan  26.9s
2026-10-01 13:17:25,974 INFO 第  12 轮  训练 0.01308  验证 pinball 0.01425  分时小区平均 β +nan  27.2s
2026-10-01 13:17:53,021 INFO 第  13 轮  训练 0.01292  验证 pinball 0.01397  分时小区平均 β +nan  27.0s
2026-10-01 13:18:19,894 INFO 第  14 轮  训练 0.01273  验证 pinball 0.01365  分时小区平均 β +nan  26.9s
2026-10-01 13:18:46,943 INFO 第  15 轮  训练 0.01266  验证 pinball 0.01310  分时小区平均 β +nan  27.0s
2026-10-01 13:19:13,951 INFO 第  16 轮  训练 0.01260  验证 pinball 0.01360  分时小区平均 β +nan  27.0s
2026-10-01 13:19:40,834 INFO 第  17 轮  训练 0.01241  验证 pinball 0.01307  分时小区平均 β +nan  26.9s
2026-10-01 13:20:07,776 INFO 第  18 轮  训练 0.01231  验证 pinball 0.01327  分时小区平均 β +nan  26.9s
2026-10-01 13:20:34,602 INFO 第  19 轮  训练 0.01225  验证 pinball 0.01339  分时小区平均 β +nan  26.8s
2026-10-01 13:21:01,673 INFO 第  20 轮  训练 0.01227  验证 pinball 0.01303  分时小区平均 β +nan  27.1s
2026-10-01 13:21:28,660 INFO 第  21 轮  训练 0.01207  验证 pinball 0.01371  分时小区平均 β +nan  27.0s
2026-10-01 13:21:55,620 INFO 第  22 轮  训练 0.01211  验证 pinball 0.01370  分时小区平均 β +nan  27.0s
2026-10-01 13:22:22,464 INFO 第  23 轮  训练 0.01195  验证 pinball 0.01324  分时小区平均 β +nan  26.8s
2026-10-01 13:22:49,495 INFO 第  24 轮  训练 0.01189  验证 pinball 0.01347  分时小区平均 β +nan  27.0s
2026-10-01 13:23:16,395 INFO 第  25 轮  训练 0.01190  验证 pinball 0.01296  分时小区平均 β +nan  26.9s
2026-10-01 13:23:43,326 INFO 第  26 轮  训练 0.01185  验证 pinball 0.01374  分时小区平均 β +nan  26.9s
2026-10-01 13:24:10,244 INFO 第  27 轮  训练 0.01173  验证 pinball 0.01347  分时小区平均 β +nan  26.9s
2026-10-01 13:24:37,075 INFO 第  28 轮  训练 0.01177  验证 pinball 0.01436  分时小区平均 β +nan  26.8s
2026-10-01 13:25:04,075 INFO 第  29 轮  训练 0.01172  验证 pinball 0.01354  分时小区平均 β +nan  27.0s
2026-10-01 13:25:30,956 INFO 第  30 轮  训练 0.01156  验证 pinball 0.01338  分时小区平均 β +nan  26.9s
2026-10-01 13:25:57,789 INFO 第  31 轮  训练 0.01160  验证 pinball 0.01387  分时小区平均 β +nan  26.8s
2026-10-01 13:26:24,748 INFO 第  32 轮  训练 0.01147  验证 pinball 0.01380  分时小区平均 β +nan  27.0s
2026-10-01 13:26:51,548 INFO 第  33 轮  训练 0.01143  验证 pinball 0.01366  分时小区平均 β +nan  26.8s
2026-10-01 13:27:18,365 INFO 第  34 轮  训练 0.01140  验证 pinball 0.01364  分时小区平均 β +nan  26.8s
2026-10-01 13:27:45,339 INFO 第  35 轮  训练 0.01139  验证 pinball 0.01386  分时小区平均 β +nan  27.0s
2026-10-01 13:28:12,154 INFO 第  36 轮  训练 0.01138  验证 pinball 0.01429  分时小区平均 β +nan  26.8s
2026-10-01 13:28:39,109 INFO 第  37 轮  训练 0.01124  验证 pinball 0.01417  分时小区平均 β +nan  27.0s
2026-10-01 13:29:06,000 INFO 第  38 轮  训练 0.01123  验证 pinball 0.01364  分时小区平均 β +nan  26.9s
2026-10-01 13:29:32,934 INFO 第  39 轮  训练 0.01123  验证 pinball 0.01395  分时小区平均 β +nan  26.9s
2026-10-01 13:29:59,902 INFO 第  40 轮  训练 0.01120  验证 pinball 0.01418  分时小区平均 β +nan  27.0s
2026-10-01 13:29:59,902 INFO 验证损失 15 轮未改善，提前停止
2026-10-01 13:30:04,733 INFO 切换点一致性（all）：观测 β -1.180（0.393）  模型 β -0.543（0.227）
2026-10-01 13:30:04,993 INFO 切换点一致性（novel）：观测 β -0.367（0.505）  模型 β -0.256（0.281）
2026-10-01 13:30:24,376 INFO 测试期 MAE 0.0440  WAPE 0.225  CRPS 0.0257  PICP90 原始 0.822 / ACI 0.901；输出 D:\EV充电因果预测sci论文\05_实验结果\runs\abl_A6_priceinput_s1
