2026-09-30 23:57:04,956 INFO 运行 base_gcn_s0，基线 gcn，设备 cuda，torch 2.11.0+cu128
2026-09-30 23:57:06,026 INFO 数据：T=4344 N=275 目标 utilization 训练/验证/测试起点 3001/409/841
2026-09-30 23:57:06,147 INFO 模型参数 1,074,616；价格输入 none；损失 pinball（分位数）
2026-09-30 23:57:13,457 INFO 训练 第   1 轮  训练 0.02285  验证 0.01724  4.5s
2026-09-30 23:57:17,318 INFO 训练 第   2 轮  训练 0.01847  验证 0.01607  3.9s
2026-09-30 23:57:21,454 INFO 训练 第   3 轮  训练 0.01714  验证 0.01567  4.1s
2026-09-30 23:57:25,604 INFO 训练 第   4 轮  训练 0.01624  验证 0.01536  4.1s
2026-09-30 23:57:29,474 INFO 训练 第   5 轮  训练 0.01557  验证 0.01546  3.9s
2026-09-30 23:57:33,281 INFO 训练 第   6 轮  训练 0.01507  验证 0.01541  3.8s
2026-09-30 23:57:37,183 INFO 训练 第   7 轮  训练 0.01470  验证 0.01547  3.9s
2026-09-30 23:57:41,104 INFO 训练 第   8 轮  训练 0.01432  验证 0.01557  3.9s
2026-09-30 23:57:44,946 INFO 训练 第   9 轮  训练 0.01401  验证 0.01571  3.8s
2026-09-30 23:57:48,986 INFO 训练 第  10 轮  训练 0.01375  验证 0.01576  4.0s
2026-09-30 23:57:52,983 INFO 训练 第  11 轮  训练 0.01354  验证 0.01577  4.0s
2026-09-30 23:57:57,015 INFO 训练 第  12 轮  训练 0.01334  验证 0.01579  4.0s
2026-09-30 23:58:00,914 INFO 训练 第  13 轮  训练 0.01312  验证 0.01584  3.9s
2026-09-30 23:58:04,818 INFO 训练 第  14 轮  训练 0.01295  验证 0.01591  3.9s
2026-09-30 23:58:08,715 INFO 训练 第  15 轮  训练 0.01280  验证 0.01597  3.9s
2026-09-30 23:58:12,641 INFO 训练 第  16 轮  训练 0.01264  验证 0.01614  3.9s
2026-09-30 23:58:16,467 INFO 训练 第  17 轮  训练 0.01246  验证 0.01628  3.8s
2026-09-30 23:58:20,405 INFO 训练 第  18 轮  训练 0.01250  验证 0.01615  3.9s
2026-09-30 23:58:24,513 INFO 训练 第  19 轮  训练 0.01222  验证 0.01634  4.1s
2026-09-30 23:58:24,514 INFO 验证损失 15 轮未改善，提前停止
2026-09-30 23:58:25,971 INFO 切换点一致性（all）：观测 β -1.180（0.393）  模型 β -0.278（0.127）
2026-09-30 23:58:26,312 INFO 切换点一致性（novel）：观测 β -0.367（0.505）  模型 β -0.251（0.184）
2026-09-30 23:58:43,191 INFO 测试期 MAE 0.0528  WAPE 0.270  CRPS 0.0309  PICP90 原始 0.866 / ACI 0.902；输出 D:\EV充电因果预测sci论文\05_实验结果\runs\base_gcn_s0
