2026-09-30 12:42:03,126 INFO 运行 tune_gwn_D64_lr2e-3_do0.3，设备 cuda，torch 2.11.0+cu128
2026-09-30 12:42:04,500 INFO 数据：T=4344 N=275 训练/验证/测试起点 3001/409/841；{'train': ('2022-09-01', '2023-01-05'), 'val': ('2023-01-06', '2023-01-23'), 'test': ('2023-01-24', '2023-02-28')}
2026-09-30 12:42:04,635 INFO 模型参数 744,323；锚定方式 cut；锚定来源 fivemin_main
2026-09-30 12:43:57,468 INFO 第   1 轮  训练 0.02155  验证 pinball 0.01695  分时小区平均 β -0.213  109.5s
2026-09-30 12:45:48,744 INFO 第   2 轮  训练 0.01706  验证 pinball 0.01625  分时小区平均 β -0.213  111.3s
2026-09-30 12:47:40,338 INFO 第   3 轮  训练 0.01526  验证 pinball 0.01419  分时小区平均 β -0.213  111.6s
2026-09-30 12:49:31,999 INFO 第   4 轮  训练 0.01426  验证 pinball 0.01368  分时小区平均 β -0.213  111.7s
2026-09-30 12:52:24,198 INFO 第   5 轮  训练 0.01363  验证 pinball 0.01357  分时小区平均 β -0.213  172.2s
2026-09-30 12:55:39,087 INFO 第   6 轮  训练 0.01312  验证 pinball 0.01356  分时小区平均 β -0.213  194.9s
2026-09-30 12:58:51,671 INFO 第   7 轮  训练 0.01281  验证 pinball 0.01341  分时小区平均 β -0.213  192.6s
2026-09-30 13:02:04,114 INFO 第   8 轮  训练 0.01248  验证 pinball 0.01333  分时小区平均 β -0.213  192.4s
2026-09-30 13:05:17,285 INFO 第   9 轮  训练 0.01220  验证 pinball 0.01323  分时小区平均 β -0.213  193.2s
2026-09-30 13:08:32,208 INFO 第  10 轮  训练 0.01192  验证 pinball 0.01483  分时小区平均 β -0.213  194.9s
2026-09-30 13:11:46,613 INFO 第  11 轮  训练 0.01170  验证 pinball 0.01383  分时小区平均 β -0.213  194.4s
2026-09-30 13:15:02,004 INFO 第  12 轮  训练 0.01155  验证 pinball 0.01483  分时小区平均 β -0.213  195.4s
2026-09-30 13:18:17,962 INFO 第  13 轮  训练 0.01135  验证 pinball 0.01402  分时小区平均 β -0.213  196.0s
2026-09-30 13:21:31,154 INFO 第  14 轮  训练 0.01124  验证 pinball 0.01364  分时小区平均 β -0.213  193.2s
2026-09-30 13:24:44,693 INFO 第  15 轮  训练 0.01107  验证 pinball 0.01471  分时小区平均 β -0.213  193.5s
2026-09-30 13:27:56,315 INFO 第  16 轮  训练 0.01074  验证 pinball 0.01453  分时小区平均 β -0.213  191.6s
2026-09-30 13:31:11,028 INFO 第  17 轮  训练 0.01066  验证 pinball 0.01459  分时小区平均 β -0.213  194.7s
2026-09-30 13:34:24,114 INFO 第  18 轮  训练 0.01038  验证 pinball 0.01492  分时小区平均 β -0.213  193.1s
2026-09-30 13:37:37,846 INFO 第  19 轮  训练 0.01043  验证 pinball 0.01607  分时小区平均 β -0.213  193.7s
2026-09-30 13:40:54,142 INFO 第  20 轮  训练 0.01016  验证 pinball 0.01527  分时小区平均 β -0.213  196.3s
2026-09-30 13:44:06,914 INFO 第  21 轮  训练 0.00996  验证 pinball 0.01552  分时小区平均 β -0.213  192.8s
2026-09-30 13:47:20,031 INFO 第  22 轮  训练 0.00976  验证 pinball 0.01565  分时小区平均 β -0.213  193.1s
2026-09-30 13:50:32,721 INFO 第  23 轮  训练 0.00964  验证 pinball 0.01573  分时小区平均 β -0.213  192.7s
2026-09-30 13:53:47,683 INFO 第  24 轮  训练 0.00978  验证 pinball 0.01556  分时小区平均 β -0.213  195.0s
2026-09-30 13:53:47,683 INFO 验证损失 15 轮未改善，提前停止
2026-09-30 13:54:30,814 INFO 测试期 MAE 0.0453  WAPE 0.232  CRPS 0.0262  PICP90 原始 0.847 / ACI 0.902；输出 D:\EV充电因果预测sci论文\05_实验结果\runs\tune_gwn_D64_lr2e-3_do0.3
