2026-10-01 21:06:11,218 INFO 运行 eid_init-0.3_s0，设备 cuda，torch 2.11.0+cu128
2026-10-01 21:06:12,543 INFO 数据：T=4344 N=275 训练/验证/测试起点 3001/409/841；{'train': ('2022-09-01', '2023-01-05'), 'val': ('2023-01-06', '2023-01-23'), 'test': ('2023-01-24', '2023-02-28')}
2026-10-01 21:06:12,680 INFO 模型参数 199,326；锚定方式 free；锚定来源 fivemin_main
2026-10-01 21:06:43,271 INFO 第   1 轮  训练 0.02302  验证 pinball 0.01701  分时小区平均 β -0.311  27.4s
2026-10-01 21:07:10,088 INFO 第   2 轮  训练 0.01836  验证 pinball 0.01614  分时小区平均 β -0.306  26.8s
2026-10-01 21:07:36,912 INFO 第   3 轮  训练 0.01705  验证 pinball 0.01526  分时小区平均 β -0.299  26.8s
2026-10-01 21:08:03,905 INFO 第   4 轮  训练 0.01582  验证 pinball 0.01434  分时小区平均 β -0.291  27.0s
2026-10-01 21:08:30,767 INFO 第   5 轮  训练 0.01496  验证 pinball 0.01455  分时小区平均 β -0.284  26.9s
2026-10-01 21:08:57,620 INFO 第   6 轮  训练 0.01434  验证 pinball 0.01384  分时小区平均 β -0.277  26.9s
2026-10-01 21:09:24,413 INFO 第   7 轮  训练 0.01406  验证 pinball 0.01383  分时小区平均 β -0.273  26.8s
2026-10-01 21:09:51,417 INFO 第   8 轮  训练 0.01382  验证 pinball 0.01348  分时小区平均 β -0.269  27.0s
2026-10-01 21:10:18,219 INFO 第   9 轮  训练 0.01355  验证 pinball 0.01489  分时小区平均 β -0.265  26.8s
2026-10-01 21:10:45,197 INFO 第  10 轮  训练 0.01341  验证 pinball 0.01368  分时小区平均 β -0.262  27.0s
2026-10-01 21:11:12,071 INFO 第  11 轮  训练 0.01328  验证 pinball 0.01320  分时小区平均 β -0.259  26.9s
2026-10-01 21:11:38,931 INFO 第  12 轮  训练 0.01306  验证 pinball 0.01299  分时小区平均 β -0.256  26.8s
2026-10-01 21:12:05,842 INFO 第  13 轮  训练 0.01296  验证 pinball 0.01325  分时小区平均 β -0.253  26.9s
2026-10-01 21:12:32,626 INFO 第  14 轮  训练 0.01287  验证 pinball 0.01324  分时小区平均 β -0.250  26.8s
2026-10-01 21:12:59,697 INFO 第  15 轮  训练 0.01275  验证 pinball 0.01303  分时小区平均 β -0.247  27.1s
2026-10-01 21:13:26,651 INFO 第  16 轮  训练 0.01259  验证 pinball 0.01293  分时小区平均 β -0.244  27.0s
2026-10-01 21:13:53,449 INFO 第  17 轮  训练 0.01254  验证 pinball 0.01305  分时小区平均 β -0.241  26.8s
2026-10-01 21:14:20,208 INFO 第  18 轮  训练 0.01238  验证 pinball 0.01310  分时小区平均 β -0.238  26.8s
2026-10-01 21:14:46,989 INFO 第  19 轮  训练 0.01230  验证 pinball 0.01304  分时小区平均 β -0.235  26.8s
2026-10-01 21:15:13,955 INFO 第  20 轮  训练 0.01223  验证 pinball 0.01298  分时小区平均 β -0.233  27.0s
2026-10-01 21:15:41,001 INFO 第  21 轮  训练 0.01220  验证 pinball 0.01308  分时小区平均 β -0.230  27.0s
2026-10-01 21:16:08,154 INFO 第  22 轮  训练 0.01208  验证 pinball 0.01308  分时小区平均 β -0.228  27.2s
2026-10-01 21:16:35,246 INFO 第  23 轮  训练 0.01202  验证 pinball 0.01291  分时小区平均 β -0.225  27.1s
2026-10-01 21:17:02,200 INFO 第  24 轮  训练 0.01203  验证 pinball 0.01301  分时小区平均 β -0.223  26.9s
2026-10-01 21:17:28,999 INFO 第  25 轮  训练 0.01189  验证 pinball 0.01340  分时小区平均 β -0.221  26.8s
2026-10-01 21:17:55,752 INFO 第  26 轮  训练 0.01186  验证 pinball 0.01309  分时小区平均 β -0.219  26.8s
2026-10-01 21:18:22,557 INFO 第  27 轮  训练 0.01184  验证 pinball 0.01301  分时小区平均 β -0.217  26.8s
2026-10-01 21:18:49,579 INFO 第  28 轮  训练 0.01177  验证 pinball 0.01275  分时小区平均 β -0.215  27.0s
2026-10-01 21:19:16,521 INFO 第  29 轮  训练 0.01169  验证 pinball 0.01301  分时小区平均 β -0.213  26.9s
2026-10-01 21:19:43,491 INFO 第  30 轮  训练 0.01166  验证 pinball 0.01333  分时小区平均 β -0.211  27.0s
2026-10-01 21:20:10,416 INFO 第  31 轮  训练 0.01161  验证 pinball 0.01347  分时小区平均 β -0.209  26.9s
2026-10-01 21:20:37,416 INFO 第  32 轮  训练 0.01162  验证 pinball 0.01331  分时小区平均 β -0.207  27.0s
2026-10-01 21:21:04,323 INFO 第  33 轮  训练 0.01155  验证 pinball 0.01333  分时小区平均 β -0.205  26.9s
2026-10-01 21:21:31,152 INFO 第  34 轮  训练 0.01145  验证 pinball 0.01322  分时小区平均 β -0.203  26.8s
2026-10-01 21:21:58,140 INFO 第  35 轮  训练 0.01143  验证 pinball 0.01383  分时小区平均 β -0.200  27.0s
2026-10-01 21:22:25,038 INFO 第  36 轮  训练 0.01138  验证 pinball 0.01311  分时小区平均 β -0.198  26.9s
2026-10-01 21:22:52,098 INFO 第  37 轮  训练 0.01140  验证 pinball 0.01349  分时小区平均 β -0.196  27.1s
2026-10-01 21:23:19,036 INFO 第  38 轮  训练 0.01127  验证 pinball 0.01360  分时小区平均 β -0.194  26.9s
2026-10-01 21:23:45,994 INFO 第  39 轮  训练 0.01121  验证 pinball 0.01338  分时小区平均 β -0.192  27.0s
2026-10-01 21:24:13,005 INFO 第  40 轮  训练 0.01123  验证 pinball 0.01339  分时小区平均 β -0.190  27.0s
2026-10-01 21:24:39,813 INFO 第  41 轮  训练 0.01127  验证 pinball 0.01405  分时小区平均 β -0.189  26.8s
2026-10-01 21:25:06,782 INFO 第  42 轮  训练 0.01114  验证 pinball 0.01349  分时小区平均 β -0.187  27.0s
2026-10-01 21:25:33,479 INFO 第  43 轮  训练 0.01110  验证 pinball 0.01332  分时小区平均 β -0.185  26.7s
2026-10-01 21:25:33,479 INFO 验证损失 15 轮未改善，提前停止
2026-10-01 21:25:38,370 INFO 切换点一致性（all）：观测 β -1.180（0.393）  模型 β -0.568（0.222）
2026-10-01 21:25:38,660 INFO 切换点一致性（novel）：观测 β -0.367（0.505）  模型 β -0.272（0.264）
2026-10-01 21:25:56,503 INFO 测试期 MAE 0.0442  WAPE 0.226  CRPS 0.0259  PICP90 原始 0.818 / ACI 0.902；输出 D:\EV充电因果预测sci论文\05_实验结果\runs\eid_init-0.3_s0
