2026-10-01 04:01:29,205 INFO 运行 base_agcrn_price_s2，基线 agcrn，设备 cuda，torch 2.11.0+cu128
2026-10-01 04:01:30,266 INFO 数据：T=4344 N=275 目标 utilization 训练/验证/测试起点 3001/409/841
2026-10-01 04:01:30,406 INFO 模型参数 816,901；价格输入 hist_fut；损失 pinball（分位数）
2026-10-01 04:02:05,037 INFO 训练 第   1 轮  训练 0.02596  验证 0.01891  32.4s
2026-10-01 04:02:37,531 INFO 训练 第   2 轮  训练 0.01921  验证 0.01818  32.5s
2026-10-01 04:03:09,807 INFO 训练 第   3 轮  训练 0.01814  验证 0.01727  32.3s
2026-10-01 04:03:41,617 INFO 训练 第   4 轮  训练 0.01716  验证 0.01658  31.8s
2026-10-01 04:04:13,716 INFO 训练 第   5 轮  训练 0.01639  验证 0.01608  32.1s
2026-10-01 04:04:46,562 INFO 训练 第   6 轮  训练 0.01556  验证 0.01561  32.8s
2026-10-01 04:05:20,005 INFO 训练 第   7 轮  训练 0.01502  验证 0.01532  33.4s
2026-10-01 04:05:53,585 INFO 训练 第   8 轮  训练 0.01466  验证 0.01530  33.6s
2026-10-01 04:06:26,177 INFO 训练 第   9 轮  训练 0.01433  验证 0.01506  32.6s
2026-10-01 04:06:58,726 INFO 训练 第  10 轮  训练 0.01396  验证 0.01490  32.5s
2026-10-01 04:07:31,570 INFO 训练 第  11 轮  训练 0.01368  验证 0.01483  32.8s
2026-10-01 04:08:04,271 INFO 训练 第  12 轮  训练 0.01345  验证 0.01474  32.7s
2026-10-01 04:08:35,966 INFO 训练 第  13 轮  训练 0.01323  验证 0.01472  31.7s
2026-10-01 04:09:07,396 INFO 训练 第  14 轮  训练 0.01304  验证 0.01467  31.4s
2026-10-01 04:09:40,398 INFO 训练 第  15 轮  训练 0.01285  验证 0.01474  33.0s
2026-10-01 04:10:13,677 INFO 训练 第  16 轮  训练 0.01269  验证 0.01469  33.3s
2026-10-01 04:10:45,194 INFO 训练 第  17 轮  训练 0.01258  验证 0.01477  31.5s
2026-10-01 04:11:18,533 INFO 训练 第  18 轮  训练 0.01245  验证 0.01471  33.3s
2026-10-01 04:11:52,209 INFO 训练 第  19 轮  训练 0.01232  验证 0.01480  33.7s
2026-10-01 04:12:25,596 INFO 训练 第  20 轮  训练 0.01217  验证 0.01488  33.4s
2026-10-01 04:12:57,903 INFO 训练 第  21 轮  训练 0.01205  验证 0.01497  32.3s
2026-10-01 04:13:29,746 INFO 训练 第  22 轮  训练 0.01192  验证 0.01501  31.8s
2026-10-01 04:14:02,415 INFO 训练 第  23 轮  训练 0.01181  验证 0.01508  32.7s
2026-10-01 04:14:35,694 INFO 训练 第  24 轮  训练 0.01169  验证 0.01520  33.3s
2026-10-01 04:15:07,854 INFO 训练 第  25 轮  训练 0.01158  验证 0.01518  32.2s
2026-10-01 04:15:39,380 INFO 训练 第  26 轮  训练 0.01144  验证 0.01539  31.5s
2026-10-01 04:16:11,678 INFO 训练 第  27 轮  训练 0.01133  验证 0.01552  32.3s
2026-10-01 04:16:44,482 INFO 训练 第  28 轮  训练 0.01120  验证 0.01564  32.8s
2026-10-01 04:17:16,646 INFO 训练 第  29 轮  训练 0.01111  验证 0.01571  32.2s
2026-10-01 04:17:16,647 INFO 验证损失 15 轮未改善，提前停止
2026-10-01 04:17:24,571 INFO 价格响应读出（分时小区 dl_hist+dl_fut 价格 +5%）：弧弹性均值 +0.117，中位数 +0.111，为负的比例 0.24
2026-10-01 04:17:24,829 INFO 切换点一致性（all）：观测 β -1.180（0.393）  模型 β -0.349（0.177）
2026-10-01 04:17:25,046 INFO 切换点一致性（novel）：观测 β -0.367（0.505）  模型 β -0.113（0.183）
2026-10-01 04:17:37,167 INFO 测试期 MAE 0.0505  WAPE 0.258  CRPS 0.0293  PICP90 原始 0.827 / ACI 0.905；输出 D:\EV充电因果预测sci论文\05_实验结果\runs\base_agcrn_price_s2
