2026-10-01 09:57:03,621 INFO 运行 abl_A13_soft0.01_s0，设备 cuda，torch 2.11.0+cu128
2026-10-01 09:57:04,886 INFO 数据：T=4344 N=275 训练/验证/测试起点 3001/409/841；{'train': ('2022-09-01', '2023-01-05'), 'val': ('2023-01-06', '2023-01-23'), 'test': ('2023-01-24', '2023-02-28')}
2026-10-01 09:57:05,026 INFO 模型参数 199,326；锚定方式 soft；锚定来源 fivemin_main
2026-10-01 09:57:36,616 INFO 第   1 轮  训练 0.02303  验证 pinball 0.01701  分时小区平均 β -0.213  28.6s
2026-10-01 09:58:04,186 INFO 第   2 轮  训练 0.01836  验证 pinball 0.01620  分时小区平均 β -0.213  27.6s
2026-10-01 09:58:32,071 INFO 第   3 轮  训练 0.01705  验证 pinball 0.01526  分时小区平均 β -0.213  27.9s
2026-10-01 09:58:59,721 INFO 第   4 轮  训练 0.01580  验证 pinball 0.01432  分时小区平均 β -0.213  27.6s
2026-10-01 09:59:27,347 INFO 第   5 轮  训练 0.01495  验证 pinball 0.01447  分时小区平均 β -0.213  27.6s
2026-10-01 09:59:54,885 INFO 第   6 轮  训练 0.01434  验证 pinball 0.01402  分时小区平均 β -0.213  27.5s
2026-10-01 10:00:22,569 INFO 第   7 轮  训练 0.01406  验证 pinball 0.01384  分时小区平均 β -0.213  27.7s
2026-10-01 10:00:50,238 INFO 第   8 轮  训练 0.01384  验证 pinball 0.01365  分时小区平均 β -0.213  27.7s
2026-10-01 10:01:17,838 INFO 第   9 轮  训练 0.01355  验证 pinball 0.01456  分时小区平均 β -0.213  27.6s
2026-10-01 10:01:45,422 INFO 第  10 轮  训练 0.01340  验证 pinball 0.01365  分时小区平均 β -0.213  27.6s
2026-10-01 10:02:13,028 INFO 第  11 轮  训练 0.01328  验证 pinball 0.01318  分时小区平均 β -0.213  27.6s
2026-10-01 10:02:40,581 INFO 第  12 轮  训练 0.01306  验证 pinball 0.01297  分时小区平均 β -0.213  27.5s
2026-10-01 10:03:08,179 INFO 第  13 轮  训练 0.01296  验证 pinball 0.01322  分时小区平均 β -0.213  27.6s
2026-10-01 10:03:35,963 INFO 第  14 轮  训练 0.01289  验证 pinball 0.01329  分时小区平均 β -0.213  27.8s
2026-10-01 10:04:03,851 INFO 第  15 轮  训练 0.01275  验证 pinball 0.01301  分时小区平均 β -0.213  27.9s
2026-10-01 10:04:31,573 INFO 第  16 轮  训练 0.01259  验证 pinball 0.01290  分时小区平均 β -0.213  27.7s
2026-10-01 10:04:59,199 INFO 第  17 轮  训练 0.01255  验证 pinball 0.01305  分时小区平均 β -0.213  27.6s
2026-10-01 10:05:26,941 INFO 第  18 轮  训练 0.01239  验证 pinball 0.01313  分时小区平均 β -0.213  27.7s
2026-10-01 10:05:54,480 INFO 第  19 轮  训练 0.01232  验证 pinball 0.01303  分时小区平均 β -0.213  27.5s
2026-10-01 10:06:22,259 INFO 第  20 轮  训练 0.01224  验证 pinball 0.01301  分时小区平均 β -0.213  27.8s
2026-10-01 10:06:49,993 INFO 第  21 轮  训练 0.01222  验证 pinball 0.01306  分时小区平均 β -0.213  27.7s
2026-10-01 10:07:17,688 INFO 第  22 轮  训练 0.01210  验证 pinball 0.01310  分时小区平均 β -0.213  27.7s
2026-10-01 10:07:45,197 INFO 第  23 轮  训练 0.01204  验证 pinball 0.01293  分时小区平均 β -0.213  27.5s
2026-10-01 10:08:12,865 INFO 第  24 轮  训练 0.01204  验证 pinball 0.01304  分时小区平均 β -0.213  27.7s
2026-10-01 10:08:40,502 INFO 第  25 轮  训练 0.01192  验证 pinball 0.01337  分时小区平均 β -0.213  27.6s
2026-10-01 10:09:08,166 INFO 第  26 轮  训练 0.01189  验证 pinball 0.01317  分时小区平均 β -0.213  27.7s
2026-10-01 10:09:35,743 INFO 第  27 轮  训练 0.01188  验证 pinball 0.01300  分时小区平均 β -0.213  27.6s
2026-10-01 10:10:03,393 INFO 第  28 轮  训练 0.01181  验证 pinball 0.01278  分时小区平均 β -0.213  27.6s
2026-10-01 10:10:31,112 INFO 第  29 轮  训练 0.01172  验证 pinball 0.01295  分时小区平均 β -0.213  27.7s
2026-10-01 10:10:58,830 INFO 第  30 轮  训练 0.01168  验证 pinball 0.01326  分时小区平均 β -0.213  27.7s
2026-10-01 10:11:26,704 INFO 第  31 轮  训练 0.01164  验证 pinball 0.01338  分时小区平均 β -0.213  27.9s
2026-10-01 10:11:54,244 INFO 第  32 轮  训练 0.01163  验证 pinball 0.01339  分时小区平均 β -0.213  27.5s
2026-10-01 10:12:21,770 INFO 第  33 轮  训练 0.01160  验证 pinball 0.01343  分时小区平均 β -0.213  27.5s
2026-10-01 10:12:49,425 INFO 第  34 轮  训练 0.01149  验证 pinball 0.01313  分时小区平均 β -0.213  27.7s
2026-10-01 10:13:17,184 INFO 第  35 轮  训练 0.01147  验证 pinball 0.01361  分时小区平均 β -0.213  27.8s
2026-10-01 10:13:44,962 INFO 第  36 轮  训练 0.01143  验证 pinball 0.01319  分时小区平均 β -0.213  27.8s
2026-10-01 10:14:12,422 INFO 第  37 轮  训练 0.01143  验证 pinball 0.01351  分时小区平均 β -0.213  27.5s
2026-10-01 10:14:40,178 INFO 第  38 轮  训练 0.01131  验证 pinball 0.01358  分时小区平均 β -0.213  27.8s
2026-10-01 10:15:07,831 INFO 第  39 轮  训练 0.01125  验证 pinball 0.01334  分时小区平均 β -0.213  27.7s
2026-10-01 10:15:35,375 INFO 第  40 轮  训练 0.01129  验证 pinball 0.01332  分时小区平均 β -0.213  27.5s
2026-10-01 10:16:02,942 INFO 第  41 轮  训练 0.01129  验证 pinball 0.01410  分时小区平均 β -0.213  27.6s
2026-10-01 10:16:30,469 INFO 第  42 轮  训练 0.01118  验证 pinball 0.01343  分时小区平均 β -0.213  27.5s
2026-10-01 10:16:57,781 INFO 第  43 轮  训练 0.01115  验证 pinball 0.01327  分时小区平均 β -0.213  27.3s
2026-10-01 10:16:57,781 INFO 验证损失 15 轮未改善，提前停止
2026-10-01 10:17:02,657 INFO 切换点一致性（all）：观测 β -1.180（0.393）  模型 β -0.520（0.201）
2026-10-01 10:17:02,886 INFO 切换点一致性（novel）：观测 β -0.367（0.505）  模型 β -0.229（0.258）
2026-10-01 10:17:20,707 INFO 测试期 MAE 0.0447  WAPE 0.229  CRPS 0.0262  PICP90 原始 0.813 / ACI 0.901；输出 D:\EV充电因果预测sci论文\05_实验结果\runs\abl_A13_soft0.01_s0
