2026-10-01 10:17:24,233 INFO 运行 abl_A13_soft0.1_s0，设备 cuda，torch 2.11.0+cu128
2026-10-01 10:17:25,260 INFO 数据：T=4344 N=275 训练/验证/测试起点 3001/409/841；{'train': ('2022-09-01', '2023-01-05'), 'val': ('2023-01-06', '2023-01-23'), 'test': ('2023-01-24', '2023-02-28')}
2026-10-01 10:17:25,406 INFO 模型参数 199,326；锚定方式 soft；锚定来源 fivemin_main
2026-10-01 10:17:57,032 INFO 第   1 轮  训练 0.02303  验证 pinball 0.01701  分时小区平均 β -0.213  28.5s
2026-10-01 10:18:24,369 INFO 第   2 轮  训练 0.01836  验证 pinball 0.01616  分时小区平均 β -0.213  27.3s
2026-10-01 10:18:51,947 INFO 第   3 轮  训练 0.01704  验证 pinball 0.01525  分时小区平均 β -0.213  27.6s
2026-10-01 10:19:19,694 INFO 第   4 轮  训练 0.01579  验证 pinball 0.01432  分时小区平均 β -0.213  27.7s
2026-10-01 10:19:47,544 INFO 第   5 轮  训练 0.01495  验证 pinball 0.01449  分时小区平均 β -0.213  27.8s
2026-10-01 10:20:15,006 INFO 第   6 轮  训练 0.01434  验证 pinball 0.01405  分时小区平均 β -0.213  27.5s
2026-10-01 10:20:42,592 INFO 第   7 轮  训练 0.01405  验证 pinball 0.01384  分时小区平均 β -0.213  27.6s
2026-10-01 10:21:10,240 INFO 第   8 轮  训练 0.01383  验证 pinball 0.01358  分时小区平均 β -0.213  27.6s
2026-10-01 10:21:37,977 INFO 第   9 轮  训练 0.01355  验证 pinball 0.01467  分时小区平均 β -0.213  27.7s
2026-10-01 10:22:05,765 INFO 第  10 轮  训练 0.01340  验证 pinball 0.01367  分时小区平均 β -0.213  27.8s
2026-10-01 10:22:33,369 INFO 第  11 轮  训练 0.01327  验证 pinball 0.01318  分时小区平均 β -0.213  27.6s
2026-10-01 10:23:01,060 INFO 第  12 轮  训练 0.01305  验证 pinball 0.01298  分时小区平均 β -0.213  27.7s
2026-10-01 10:23:28,806 INFO 第  13 轮  训练 0.01296  验证 pinball 0.01324  分时小区平均 β -0.213  27.7s
2026-10-01 10:23:56,465 INFO 第  14 轮  训练 0.01288  验证 pinball 0.01327  分时小区平均 β -0.213  27.7s
2026-10-01 10:24:23,858 INFO 第  15 轮  训练 0.01275  验证 pinball 0.01302  分时小区平均 β -0.213  27.4s
2026-10-01 10:24:51,327 INFO 第  16 轮  训练 0.01258  验证 pinball 0.01291  分时小区平均 β -0.213  27.5s
2026-10-01 10:25:19,155 INFO 第  17 轮  训练 0.01254  验证 pinball 0.01304  分时小区平均 β -0.213  27.8s
2026-10-01 10:25:46,806 INFO 第  18 轮  训练 0.01238  验证 pinball 0.01313  分时小区平均 β -0.213  27.6s
2026-10-01 10:26:14,479 INFO 第  19 轮  训练 0.01231  验证 pinball 0.01302  分时小区平均 β -0.213  27.7s
2026-10-01 10:26:42,118 INFO 第  20 轮  训练 0.01224  验证 pinball 0.01295  分时小区平均 β -0.213  27.6s
2026-10-01 10:27:09,893 INFO 第  21 轮  训练 0.01221  验证 pinball 0.01308  分时小区平均 β -0.213  27.8s
2026-10-01 10:27:37,357 INFO 第  22 轮  训练 0.01209  验证 pinball 0.01307  分时小区平均 β -0.213  27.5s
2026-10-01 10:28:05,005 INFO 第  23 轮  训练 0.01203  验证 pinball 0.01290  分时小区平均 β -0.213  27.6s
2026-10-01 10:28:32,654 INFO 第  24 轮  训练 0.01203  验证 pinball 0.01303  分时小区平均 β -0.213  27.6s
2026-10-01 10:29:00,343 INFO 第  25 轮  训练 0.01191  验证 pinball 0.01337  分时小区平均 β -0.213  27.7s
2026-10-01 10:29:28,016 INFO 第  26 轮  训练 0.01189  验证 pinball 0.01316  分时小区平均 β -0.213  27.7s
2026-10-01 10:29:55,718 INFO 第  27 轮  训练 0.01188  验证 pinball 0.01301  分时小区平均 β -0.213  27.7s
2026-10-01 10:30:23,374 INFO 第  28 轮  训练 0.01180  验证 pinball 0.01278  分时小区平均 β -0.213  27.7s
2026-10-01 10:30:51,071 INFO 第  29 轮  训练 0.01172  验证 pinball 0.01299  分时小区平均 β -0.213  27.7s
2026-10-01 10:31:18,672 INFO 第  30 轮  训练 0.01167  验证 pinball 0.01317  分时小区平均 β -0.213  27.6s
2026-10-01 10:31:46,135 INFO 第  31 轮  训练 0.01164  验证 pinball 0.01333  分时小区平均 β -0.213  27.5s
2026-10-01 10:32:13,698 INFO 第  32 轮  训练 0.01163  验证 pinball 0.01341  分时小区平均 β -0.213  27.6s
2026-10-01 10:32:41,269 INFO 第  33 轮  训练 0.01159  验证 pinball 0.01342  分时小区平均 β -0.213  27.6s
2026-10-01 10:33:09,040 INFO 第  34 轮  训练 0.01149  验证 pinball 0.01312  分时小区平均 β -0.213  27.8s
2026-10-01 10:33:36,750 INFO 第  35 轮  训练 0.01147  验证 pinball 0.01369  分时小区平均 β -0.213  27.7s
2026-10-01 10:34:04,477 INFO 第  36 轮  训练 0.01142  验证 pinball 0.01315  分时小区平均 β -0.213  27.7s
2026-10-01 10:34:31,929 INFO 第  37 轮  训练 0.01144  验证 pinball 0.01345  分时小区平均 β -0.213  27.5s
2026-10-01 10:34:59,370 INFO 第  38 轮  训练 0.01130  验证 pinball 0.01362  分时小区平均 β -0.213  27.4s
2026-10-01 10:35:26,895 INFO 第  39 轮  训练 0.01126  验证 pinball 0.01338  分时小区平均 β -0.213  27.5s
2026-10-01 10:35:54,537 INFO 第  40 轮  训练 0.01130  验证 pinball 0.01332  分时小区平均 β -0.213  27.6s
2026-10-01 10:36:22,079 INFO 第  41 轮  训练 0.01131  验证 pinball 0.01415  分时小区平均 β -0.213  27.5s
2026-10-01 10:36:49,812 INFO 第  42 轮  训练 0.01119  验证 pinball 0.01340  分时小区平均 β -0.213  27.7s
2026-10-01 10:37:17,524 INFO 第  43 轮  训练 0.01118  验证 pinball 0.01327  分时小区平均 β -0.213  27.7s
2026-10-01 10:37:17,524 INFO 验证损失 15 轮未改善，提前停止
2026-10-01 10:37:22,369 INFO 切换点一致性（all）：观测 β -1.180（0.393）  模型 β -0.516（0.210）
2026-10-01 10:37:22,631 INFO 切换点一致性（novel）：观测 β -0.367（0.505）  模型 β -0.263（0.269）
2026-10-01 10:37:39,679 INFO 测试期 MAE 0.0447  WAPE 0.228  CRPS 0.0262  PICP90 原始 0.811 / ACI 0.902；输出 D:\EV充电因果预测sci论文\05_实验结果\runs\abl_A13_soft0.1_s0
