2026-09-29 22:59:55,966 INFO 运行 tune_gwn_D32_lr2e-3_do0.3，设备 cuda，torch 2.11.0+cu128
2026-09-29 22:59:57,888 INFO 数据：T=4344 N=275 训练/验证/测试起点 3001/409/841；{'train': ('2022-09-01', '2023-01-05'), 'val': ('2023-01-06', '2023-01-23'), 'test': ('2023-01-24', '2023-02-28')}
2026-09-29 22:59:58,035 INFO 模型参数 198,211；锚定方式 cut；锚定来源 fivemin_main
2026-09-29 23:00:31,259 INFO 第   1 轮  训练 0.02180  验证 pinball 0.01657  分时小区平均 β -0.213  28.5s
2026-09-29 23:00:59,124 INFO 第   2 轮  训练 0.01741  验证 pinball 0.01620  分时小区平均 β -0.213  27.9s
2026-09-29 23:01:26,893 INFO 第   3 轮  训练 0.01555  验证 pinball 0.01442  分时小区平均 β -0.213  27.8s
2026-09-29 23:01:54,681 INFO 第   4 轮  训练 0.01458  验证 pinball 0.01395  分时小区平均 β -0.213  27.8s
2026-09-29 23:02:22,451 INFO 第   5 轮  训练 0.01399  验证 pinball 0.01431  分时小区平均 β -0.213  27.8s
2026-09-29 23:02:50,246 INFO 第   6 轮  训练 0.01354  验证 pinball 0.01334  分时小区平均 β -0.213  27.8s
2026-09-29 23:03:18,045 INFO 第   7 轮  训练 0.01342  验证 pinball 0.01403  分时小区平均 β -0.213  27.8s
2026-09-29 23:03:45,826 INFO 第   8 轮  训练 0.01325  验证 pinball 0.01311  分时小区平均 β -0.213  27.8s
2026-09-29 23:04:13,553 INFO 第   9 轮  训练 0.01295  验证 pinball 0.01304  分时小区平均 β -0.213  27.7s
2026-09-29 23:04:41,295 INFO 第  10 轮  训练 0.01281  验证 pinball 0.01325  分时小区平均 β -0.213  27.7s
2026-09-29 23:05:09,048 INFO 第  11 轮  训练 0.01269  验证 pinball 0.01338  分时小区平均 β -0.213  27.8s
2026-09-29 23:05:36,534 INFO 第  12 轮  训练 0.01254  验证 pinball 0.01322  分时小区平均 β -0.213  27.5s
2026-09-29 23:06:04,274 INFO 第  13 轮  训练 0.01238  验证 pinball 0.01316  分时小区平均 β -0.213  27.7s
2026-09-29 23:06:31,951 INFO 第  14 轮  训练 0.01241  验证 pinball 0.01340  分时小区平均 β -0.213  27.7s
2026-09-29 23:06:59,757 INFO 第  15 轮  训练 0.01220  验证 pinball 0.01301  分时小区平均 β -0.213  27.8s
2026-09-29 23:07:27,533 INFO 第  16 轮  训练 0.01205  验证 pinball 0.01305  分时小区平均 β -0.213  27.8s
2026-09-29 23:07:55,347 INFO 第  17 轮  训练 0.01198  验证 pinball 0.01314  分时小区平均 β -0.213  27.8s
2026-09-29 23:08:23,175 INFO 第  18 轮  训练 0.01187  验证 pinball 0.01361  分时小区平均 β -0.213  27.8s
2026-09-29 23:08:51,009 INFO 第  19 轮  训练 0.01179  验证 pinball 0.01330  分时小区平均 β -0.213  27.8s
2026-09-29 23:09:18,782 INFO 第  20 轮  训练 0.01164  验证 pinball 0.01348  分时小区平均 β -0.213  27.8s
2026-09-29 23:09:46,483 INFO 第  21 轮  训练 0.01165  验证 pinball 0.01364  分时小区平均 β -0.213  27.7s
2026-09-29 23:10:14,346 INFO 第  22 轮  训练 0.01160  验证 pinball 0.01370  分时小区平均 β -0.213  27.9s
2026-09-29 23:10:42,138 INFO 第  23 轮  训练 0.01150  验证 pinball 0.01326  分时小区平均 β -0.213  27.8s
2026-09-29 23:11:10,072 INFO 第  24 轮  训练 0.01145  验证 pinball 0.01360  分时小区平均 β -0.213  27.9s
2026-09-29 23:11:38,048 INFO 第  25 轮  训练 0.01135  验证 pinball 0.01355  分时小区平均 β -0.213  28.0s
2026-09-29 23:12:05,868 INFO 第  26 轮  训练 0.01132  验证 pinball 0.01363  分时小区平均 β -0.213  27.8s
2026-09-29 23:12:33,653 INFO 第  27 轮  训练 0.01121  验证 pinball 0.01340  分时小区平均 β -0.213  27.8s
2026-09-29 23:13:01,383 INFO 第  28 轮  训练 0.01113  验证 pinball 0.01346  分时小区平均 β -0.213  27.7s
2026-09-29 23:13:26,872 INFO 第  29 轮  训练 0.01107  验证 pinball 0.01421  分时小区平均 β -0.213  25.5s
2026-09-29 23:13:52,056 INFO 第  30 轮  训练 0.01104  验证 pinball 0.01381  分时小区平均 β -0.213  25.2s
2026-09-29 23:13:52,056 INFO 验证损失 15 轮未改善，提前停止
2026-09-29 23:14:04,506 INFO 测试期 MAE 0.0436  WAPE 0.223  CRPS 0.0251  PICP90 原始 0.856 / ACI 0.901；输出 D:\EV充电因果预测sci论文\05_实验结果\runs\tune_gwn_D32_lr2e-3_do0.3
