2026-10-01 10:37:43,450 INFO 运行 abl_A13_soft1_s0，设备 cuda，torch 2.11.0+cu128
2026-10-01 10:37:44,768 INFO 数据：T=4344 N=275 训练/验证/测试起点 3001/409/841；{'train': ('2022-09-01', '2023-01-05'), 'val': ('2023-01-06', '2023-01-23'), 'test': ('2023-01-24', '2023-02-28')}
2026-10-01 10:37:44,904 INFO 模型参数 199,326；锚定方式 soft；锚定来源 fivemin_main
2026-10-01 10:38:16,476 INFO 第   1 轮  训练 0.02303  验证 pinball 0.01701  分时小区平均 β -0.213  28.5s
2026-10-01 10:38:44,083 INFO 第   2 轮  训练 0.01836  验证 pinball 0.01615  分时小区平均 β -0.213  27.6s
2026-10-01 10:39:11,712 INFO 第   3 轮  训练 0.01704  验证 pinball 0.01525  分时小区平均 β -0.213  27.6s
2026-10-01 10:39:39,194 INFO 第   4 轮  训练 0.01580  验证 pinball 0.01432  分时小区平均 β -0.213  27.5s
2026-10-01 10:40:06,821 INFO 第   5 轮  训练 0.01495  验证 pinball 0.01447  分时小区平均 β -0.213  27.6s
2026-10-01 10:40:34,413 INFO 第   6 轮  训练 0.01434  验证 pinball 0.01410  分时小区平均 β -0.213  27.6s
2026-10-01 10:41:02,079 INFO 第   7 轮  训练 0.01405  验证 pinball 0.01384  分时小区平均 β -0.213  27.7s
2026-10-01 10:41:29,605 INFO 第   8 轮  训练 0.01383  验证 pinball 0.01360  分时小区平均 β -0.213  27.5s
2026-10-01 10:41:57,192 INFO 第   9 轮  训练 0.01355  验证 pinball 0.01463  分时小区平均 β -0.213  27.6s
2026-10-01 10:42:24,760 INFO 第  10 轮  训练 0.01340  验证 pinball 0.01369  分时小区平均 β -0.213  27.6s
2026-10-01 10:42:52,085 INFO 第  11 轮  训练 0.01328  验证 pinball 0.01318  分时小区平均 β -0.213  27.3s
2026-10-01 10:43:19,686 INFO 第  12 轮  训练 0.01305  验证 pinball 0.01298  分时小区平均 β -0.213  27.6s
2026-10-01 10:43:47,061 INFO 第  13 轮  训练 0.01296  验证 pinball 0.01326  分时小区平均 β -0.213  27.4s
2026-10-01 10:44:14,766 INFO 第  14 轮  训练 0.01289  验证 pinball 0.01330  分时小区平均 β -0.213  27.7s
2026-10-01 10:44:42,336 INFO 第  15 轮  训练 0.01275  验证 pinball 0.01302  分时小区平均 β -0.213  27.6s
2026-10-01 10:45:10,078 INFO 第  16 轮  训练 0.01259  验证 pinball 0.01292  分时小区平均 β -0.213  27.7s
2026-10-01 10:45:37,674 INFO 第  17 轮  训练 0.01254  验证 pinball 0.01302  分时小区平均 β -0.213  27.6s
2026-10-01 10:46:05,105 INFO 第  18 轮  训练 0.01239  验证 pinball 0.01314  分时小区平均 β -0.213  27.4s
2026-10-01 10:46:32,722 INFO 第  19 轮  训练 0.01232  验证 pinball 0.01303  分时小区平均 β -0.213  27.6s
2026-10-01 10:47:00,236 INFO 第  20 轮  训练 0.01225  验证 pinball 0.01294  分时小区平均 β -0.213  27.5s
2026-10-01 10:47:27,916 INFO 第  21 轮  训练 0.01222  验证 pinball 0.01308  分时小区平均 β -0.213  27.7s
2026-10-01 10:47:55,286 INFO 第  22 轮  训练 0.01210  验证 pinball 0.01309  分时小区平均 β -0.213  27.4s
2026-10-01 10:48:22,799 INFO 第  23 轮  训练 0.01204  验证 pinball 0.01290  分时小区平均 β -0.213  27.5s
2026-10-01 10:48:50,420 INFO 第  24 轮  训练 0.01203  验证 pinball 0.01303  分时小区平均 β -0.213  27.6s
2026-10-01 10:49:17,869 INFO 第  25 轮  训练 0.01191  验证 pinball 0.01334  分时小区平均 β -0.213  27.4s
2026-10-01 10:49:45,529 INFO 第  26 轮  训练 0.01189  验证 pinball 0.01315  分时小区平均 β -0.213  27.7s
2026-10-01 10:50:12,939 INFO 第  27 轮  训练 0.01188  验证 pinball 0.01304  分时小区平均 β -0.213  27.4s
2026-10-01 10:50:40,483 INFO 第  28 轮  训练 0.01181  验证 pinball 0.01282  分时小区平均 β -0.213  27.5s
2026-10-01 10:51:08,243 INFO 第  29 轮  训练 0.01172  验证 pinball 0.01301  分时小区平均 β -0.213  27.7s
2026-10-01 10:51:35,930 INFO 第  30 轮  训练 0.01167  验证 pinball 0.01324  分时小区平均 β -0.213  27.7s
2026-10-01 10:52:03,562 INFO 第  31 轮  训练 0.01164  验证 pinball 0.01340  分时小区平均 β -0.213  27.6s
2026-10-01 10:52:31,325 INFO 第  32 轮  训练 0.01164  验证 pinball 0.01343  分时小区平均 β -0.213  27.8s
2026-10-01 10:52:58,960 INFO 第  33 轮  训练 0.01159  验证 pinball 0.01343  分时小区平均 β -0.213  27.6s
2026-10-01 10:53:26,567 INFO 第  34 轮  训练 0.01149  验证 pinball 0.01318  分时小区平均 β -0.213  27.6s
2026-10-01 10:53:54,005 INFO 第  35 轮  训练 0.01147  验证 pinball 0.01349  分时小区平均 β -0.213  27.4s
2026-10-01 10:54:21,476 INFO 第  36 轮  训练 0.01142  验证 pinball 0.01315  分时小区平均 β -0.213  27.5s
2026-10-01 10:54:48,941 INFO 第  37 轮  训练 0.01143  验证 pinball 0.01345  分时小区平均 β -0.213  27.5s
2026-10-01 10:55:16,523 INFO 第  38 轮  训练 0.01130  验证 pinball 0.01363  分时小区平均 β -0.213  27.6s
2026-10-01 10:55:44,101 INFO 第  39 轮  训练 0.01124  验证 pinball 0.01345  分时小区平均 β -0.213  27.6s
2026-10-01 10:56:11,681 INFO 第  40 轮  训练 0.01128  验证 pinball 0.01329  分时小区平均 β -0.213  27.6s
2026-10-01 10:56:39,269 INFO 第  41 轮  训练 0.01128  验证 pinball 0.01395  分时小区平均 β -0.213  27.6s
2026-10-01 10:57:06,898 INFO 第  42 轮  训练 0.01117  验证 pinball 0.01342  分时小区平均 β -0.213  27.6s
2026-10-01 10:57:34,352 INFO 第  43 轮  训练 0.01116  验证 pinball 0.01326  分时小区平均 β -0.213  27.5s
2026-10-01 10:57:34,352 INFO 验证损失 15 轮未改善，提前停止
2026-10-01 10:57:39,284 INFO 切换点一致性（all）：观测 β -1.180（0.393）  模型 β -0.534（0.210）
2026-10-01 10:57:39,628 INFO 切换点一致性（novel）：观测 β -0.367（0.505）  模型 β -0.276（0.261）
2026-10-01 10:57:56,890 INFO 测试期 MAE 0.0448  WAPE 0.229  CRPS 0.0263  PICP90 原始 0.812 / ACI 0.902；输出 D:\EV充电因果预测sci论文\05_实验结果\runs\abl_A13_soft1_s0
