2026-09-29 22:08:49,067 INFO 运行 tune_gwn_D32_lr1e-3_do0.1，设备 cuda，torch 2.11.0+cu128
2026-09-29 22:08:50,622 INFO 数据：T=4344 N=275 训练/验证/测试起点 3001/409/841；{'train': ('2022-09-01', '2023-01-05'), 'val': ('2023-01-06', '2023-01-23'), 'test': ('2023-01-24', '2023-02-28')}
2026-09-29 22:08:50,762 INFO 模型参数 198,211；锚定方式 cut；锚定来源 fivemin_main
2026-09-29 22:09:24,425 INFO 第   1 轮  训练 0.02303  验证 pinball 0.01701  分时小区平均 β -0.213  28.2s
2026-09-29 22:09:52,283 INFO 第   2 轮  训练 0.01836  验证 pinball 0.01617  分时小区平均 β -0.213  27.9s
2026-09-29 22:10:20,056 INFO 第   3 轮  训练 0.01705  验证 pinball 0.01525  分时小区平均 β -0.213  27.8s
2026-09-29 22:10:47,838 INFO 第   4 轮  训练 0.01579  验证 pinball 0.01432  分时小区平均 β -0.213  27.8s
2026-09-29 22:11:15,677 INFO 第   5 轮  训练 0.01495  验证 pinball 0.01450  分时小区平均 β -0.213  27.8s
2026-09-29 22:11:43,350 INFO 第   6 轮  训练 0.01433  验证 pinball 0.01403  分时小区平均 β -0.213  27.7s
2026-09-29 22:12:11,090 INFO 第   7 轮  训练 0.01405  验证 pinball 0.01382  分时小区平均 β -0.213  27.7s
2026-09-29 22:12:38,865 INFO 第   8 轮  训练 0.01384  验证 pinball 0.01372  分时小区平均 β -0.213  27.8s
2026-09-29 22:13:06,671 INFO 第   9 轮  训练 0.01354  验证 pinball 0.01445  分时小区平均 β -0.213  27.8s
2026-09-29 22:13:34,274 INFO 第  10 轮  训练 0.01338  验证 pinball 0.01364  分时小区平均 β -0.213  27.6s
2026-09-29 22:14:01,972 INFO 第  11 轮  训练 0.01328  验证 pinball 0.01318  分时小区平均 β -0.213  27.7s
2026-09-29 22:14:29,616 INFO 第  12 轮  训练 0.01305  验证 pinball 0.01298  分时小区平均 β -0.213  27.6s
2026-09-29 22:14:56,754 INFO 第  13 轮  训练 0.01296  验证 pinball 0.01324  分时小区平均 β -0.213  27.1s
2026-09-29 22:15:22,294 INFO 第  14 轮  训练 0.01288  验证 pinball 0.01328  分时小区平均 β -0.213  25.5s
2026-09-29 22:15:47,515 INFO 第  15 轮  训练 0.01275  验证 pinball 0.01299  分时小区平均 β -0.213  25.2s
2026-09-29 22:16:12,772 INFO 第  16 轮  训练 0.01258  验证 pinball 0.01291  分时小区平均 β -0.213  25.3s
2026-09-29 22:16:37,987 INFO 第  17 轮  训练 0.01254  验证 pinball 0.01304  分时小区平均 β -0.213  25.2s
2026-09-29 22:17:03,210 INFO 第  18 轮  训练 0.01239  验证 pinball 0.01312  分时小区平均 β -0.213  25.2s
2026-09-29 22:17:28,346 INFO 第  19 轮  训练 0.01231  验证 pinball 0.01302  分时小区平均 β -0.213  25.1s
2026-09-29 22:17:53,566 INFO 第  20 轮  训练 0.01224  验证 pinball 0.01295  分时小区平均 β -0.213  25.2s
2026-09-29 22:18:18,777 INFO 第  21 轮  训练 0.01221  验证 pinball 0.01305  分时小区平均 β -0.213  25.2s
2026-09-29 22:18:44,021 INFO 第  22 轮  训练 0.01210  验证 pinball 0.01307  分时小区平均 β -0.213  25.2s
2026-09-29 22:19:09,477 INFO 第  23 轮  训练 0.01203  验证 pinball 0.01290  分时小区平均 β -0.213  25.5s
2026-09-29 22:19:34,716 INFO 第  24 轮  训练 0.01204  验证 pinball 0.01304  分时小区平均 β -0.213  25.2s
2026-09-29 22:19:59,973 INFO 第  25 轮  训练 0.01191  验证 pinball 0.01332  分时小区平均 β -0.213  25.3s
2026-09-29 22:20:26,297 INFO 第  26 轮  训练 0.01188  验证 pinball 0.01315  分时小区平均 β -0.213  26.3s
2026-09-29 22:20:54,265 INFO 第  27 轮  训练 0.01188  验证 pinball 0.01299  分时小区平均 β -0.213  28.0s
2026-09-29 22:21:22,180 INFO 第  28 轮  训练 0.01180  验证 pinball 0.01277  分时小区平均 β -0.213  27.9s
2026-09-29 22:21:50,071 INFO 第  29 轮  训练 0.01171  验证 pinball 0.01295  分时小区平均 β -0.213  27.9s
2026-09-29 22:22:18,002 INFO 第  30 轮  训练 0.01167  验证 pinball 0.01323  分时小区平均 β -0.213  27.9s
2026-09-29 22:22:45,919 INFO 第  31 轮  训练 0.01164  验证 pinball 0.01338  分时小区平均 β -0.213  27.9s
2026-09-29 22:23:13,822 INFO 第  32 轮  训练 0.01165  验证 pinball 0.01328  分时小区平均 β -0.213  27.9s
2026-09-29 22:23:41,660 INFO 第  33 轮  训练 0.01159  验证 pinball 0.01341  分时小区平均 β -0.213  27.8s
2026-09-29 22:24:09,658 INFO 第  34 轮  训练 0.01149  验证 pinball 0.01312  分时小区平均 β -0.213  28.0s
2026-09-29 22:24:37,430 INFO 第  35 轮  训练 0.01146  验证 pinball 0.01369  分时小区平均 β -0.213  27.8s
2026-09-29 22:25:05,094 INFO 第  36 轮  训练 0.01142  验证 pinball 0.01322  分时小区平均 β -0.213  27.7s
2026-09-29 22:25:32,824 INFO 第  37 轮  训练 0.01143  验证 pinball 0.01345  分时小区平均 β -0.213  27.7s
2026-09-29 22:26:00,524 INFO 第  38 轮  训练 0.01131  验证 pinball 0.01364  分时小区平均 β -0.213  27.7s
2026-09-29 22:26:28,305 INFO 第  39 轮  训练 0.01125  验证 pinball 0.01333  分时小区平均 β -0.213  27.8s
2026-09-29 22:26:56,113 INFO 第  40 轮  训练 0.01127  验证 pinball 0.01330  分时小区平均 β -0.213  27.8s
2026-09-29 22:27:24,008 INFO 第  41 轮  训练 0.01132  验证 pinball 0.01414  分时小区平均 β -0.213  27.9s
2026-09-29 22:27:51,782 INFO 第  42 轮  训练 0.01120  验证 pinball 0.01334  分时小区平均 β -0.213  27.8s
2026-09-29 22:28:19,678 INFO 第  43 轮  训练 0.01116  验证 pinball 0.01329  分时小区平均 β -0.213  27.9s
2026-09-29 22:28:19,679 INFO 验证损失 15 轮未改善，提前停止
2026-09-29 22:28:43,551 INFO 测试期 MAE 0.0444  WAPE 0.227  CRPS 0.0260  PICP90 原始 0.817 / ACI 0.901；输出 D:\EV充电因果预测sci论文\05_实验结果\runs\tune_gwn_D32_lr1e-3_do0.1
