2026-10-01 20:38:55,967 INFO 运行 ess_rho1_A6input_s0，设备 cuda，torch 2.11.0+cu128
2026-10-01 20:39:00,770 INFO E-SS 半合成数据：109 个小区（处理组 54），ρ = 1.0，真实弹性 [-0.2, -0.8, -1.5]；锚定 cells（在合成训练期上重新估计）
2026-10-01 20:39:00,770 INFO 数据：T=4344 N=109 训练/验证/测试起点 3001/409/841；{'train': ('2022-09-01', '2023-01-05'), 'val': ('2023-01-06', '2023-01-23'), 'test': ('2023-01-24', '2023-02-28')}
2026-10-01 20:39:00,859 INFO 模型参数 195,307；锚定方式 cut；锚定来源 ess_cells
2026-10-01 20:39:10,235 INFO 第   1 轮  训练 0.02302  验证 pinball 0.01805  分时小区平均 β +nan  8.0s
2026-10-01 20:39:17,849 INFO 第   2 轮  训练 0.01834  验证 pinball 0.01697  分时小区平均 β +nan  7.6s
2026-10-01 20:39:25,386 INFO 第   3 轮  训练 0.01674  验证 pinball 0.01570  分时小区平均 β +nan  7.5s
2026-10-01 20:39:33,002 INFO 第   4 轮  训练 0.01534  验证 pinball 0.01488  分时小区平均 β +nan  7.6s
2026-10-01 20:39:40,633 INFO 第   5 轮  训练 0.01422  验证 pinball 0.01492  分时小区平均 β +nan  7.6s
2026-10-01 20:39:48,245 INFO 第   6 轮  训练 0.01352  验证 pinball 0.01413  分时小区平均 β +nan  7.6s
2026-10-01 20:39:55,892 INFO 第   7 轮  训练 0.01325  验证 pinball 0.01454  分时小区平均 β +nan  7.6s
2026-10-01 20:40:03,415 INFO 第   8 轮  训练 0.01298  验证 pinball 0.01444  分时小区平均 β +nan  7.5s
2026-10-01 20:40:11,038 INFO 第   9 轮  训练 0.01275  验证 pinball 0.01476  分时小区平均 β +nan  7.6s
2026-10-01 20:40:18,660 INFO 第  10 轮  训练 0.01255  验证 pinball 0.01452  分时小区平均 β +nan  7.6s
2026-10-01 20:40:26,277 INFO 第  11 轮  训练 0.01248  验证 pinball 0.01409  分时小区平均 β +nan  7.6s
2026-10-01 20:40:33,918 INFO 第  12 轮  训练 0.01221  验证 pinball 0.01431  分时小区平均 β +nan  7.6s
2026-10-01 20:40:41,505 INFO 第  13 轮  训练 0.01209  验证 pinball 0.01471  分时小区平均 β +nan  7.6s
2026-10-01 20:40:49,176 INFO 第  14 轮  训练 0.01202  验证 pinball 0.01412  分时小区平均 β +nan  7.7s
2026-10-01 20:40:56,849 INFO 第  15 轮  训练 0.01189  验证 pinball 0.01415  分时小区平均 β +nan  7.7s
2026-10-01 20:41:04,485 INFO 第  16 轮  训练 0.01175  验证 pinball 0.01395  分时小区平均 β +nan  7.6s
2026-10-01 20:41:12,136 INFO 第  17 轮  训练 0.01162  验证 pinball 0.01443  分时小区平均 β +nan  7.6s
2026-10-01 20:41:19,676 INFO 第  18 轮  训练 0.01149  验证 pinball 0.01453  分时小区平均 β +nan  7.5s
2026-10-01 20:41:27,316 INFO 第  19 轮  训练 0.01142  验证 pinball 0.01560  分时小区平均 β +nan  7.6s
2026-10-01 20:41:34,941 INFO 第  20 轮  训练 0.01130  验证 pinball 0.01505  分时小区平均 β +nan  7.6s
2026-10-01 20:41:42,573 INFO 第  21 轮  训练 0.01124  验证 pinball 0.01520  分时小区平均 β +nan  7.6s
2026-10-01 20:41:50,169 INFO 第  22 轮  训练 0.01111  验证 pinball 0.01503  分时小区平均 β +nan  7.6s
2026-10-01 20:41:57,705 INFO 第  23 轮  训练 0.01102  验证 pinball 0.01485  分时小区平均 β +nan  7.5s
2026-10-01 20:42:05,323 INFO 第  24 轮  训练 0.01099  验证 pinball 0.01547  分时小区平均 β +nan  7.6s
2026-10-01 20:42:12,932 INFO 第  25 轮  训练 0.01083  验证 pinball 0.01573  分时小区平均 β +nan  7.6s
2026-10-01 20:42:20,551 INFO 第  26 轮  训练 0.01071  验证 pinball 0.01579  分时小区平均 β +nan  7.6s
2026-10-01 20:42:28,042 INFO 第  27 轮  训练 0.01069  验证 pinball 0.01602  分时小区平均 β +nan  7.5s
2026-10-01 20:42:35,668 INFO 第  28 轮  训练 0.01052  验证 pinball 0.01552  分时小区平均 β +nan  7.6s
2026-10-01 20:42:43,262 INFO 第  29 轮  训练 0.01045  验证 pinball 0.01543  分时小区平均 β +nan  7.6s
2026-10-01 20:42:50,894 INFO 第  30 轮  训练 0.01037  验证 pinball 0.01597  分时小区平均 β +nan  7.6s
2026-10-01 20:42:58,467 INFO 第  31 轮  训练 0.01029  验证 pinball 0.01595  分时小区平均 β +nan  7.6s
2026-10-01 20:42:58,467 INFO 验证损失 15 轮未改善，提前停止
2026-10-01 20:43:02,494 INFO E-SS flat：真实隐含弹性 -1.100；模型 -0.664（反事实 MAE 0.0457）；插补 P0 -1.292（0.0452）
2026-10-01 20:43:02,495 INFO E-SS spread1.5：真实隐含弹性 -1.100；模型 -0.663（反事实 MAE 0.0456）；插补 P0 -1.291（0.0458）
2026-10-01 20:43:06,137 INFO 测试期 MAE 0.0477  WAPE 0.252  CRPS 0.0280  PICP90 原始 0.803 / ACI 0.904；输出 D:\EV充电因果预测sci论文\05_实验结果\runs\ess_rho1_A6input_s0
