2026-10-01 01:30:59,845 INFO 运行 base_gcnlstm_s1，基线 gcnlstm，设备 cuda，torch 2.11.0+cu128
2026-10-01 01:31:00,986 INFO 数据：T=4344 N=275 目标 utilization 训练/验证/测试起点 3001/409/841
2026-10-01 01:31:01,187 INFO 模型参数 1,081,144；价格输入 none；损失 pinball（分位数）
2026-10-01 01:31:09,887 INFO 训练 第   1 轮  训练 0.02282  验证 0.01753  5.4s
2026-10-01 01:31:14,435 INFO 训练 第   2 轮  训练 0.01847  验证 0.01613  4.5s
2026-10-01 01:31:19,114 INFO 训练 第   3 轮  训练 0.01718  验证 0.01582  4.7s
2026-10-01 01:31:23,903 INFO 训练 第   4 轮  训练 0.01638  验证 0.01564  4.8s
2026-10-01 01:31:28,553 INFO 训练 第   5 轮  训练 0.01575  验证 0.01566  4.6s
2026-10-01 01:31:33,088 INFO 训练 第   6 轮  训练 0.01518  验证 0.01552  4.5s
2026-10-01 01:31:37,607 INFO 训练 第   7 轮  训练 0.01474  验证 0.01539  4.5s
2026-10-01 01:31:42,119 INFO 训练 第   8 轮  训练 0.01436  验证 0.01556  4.5s
2026-10-01 01:31:46,618 INFO 训练 第   9 轮  训练 0.01407  验证 0.01567  4.5s
2026-10-01 01:31:51,123 INFO 训练 第  10 轮  训练 0.01381  验证 0.01584  4.5s
2026-10-01 01:31:55,751 INFO 训练 第  11 轮  训练 0.01355  验证 0.01578  4.6s
2026-10-01 01:32:00,353 INFO 训练 第  12 轮  训练 0.01336  验证 0.01587  4.6s
2026-10-01 01:32:04,867 INFO 训练 第  13 轮  训练 0.01317  验证 0.01604  4.5s
2026-10-01 01:32:09,378 INFO 训练 第  14 轮  训练 0.01296  验证 0.01604  4.5s
2026-10-01 01:32:13,965 INFO 训练 第  15 轮  训练 0.01285  验证 0.01608  4.6s
2026-10-01 01:32:18,589 INFO 训练 第  16 轮  训练 0.01265  验证 0.01609  4.6s
2026-10-01 01:32:23,314 INFO 训练 第  17 轮  训练 0.01250  验证 0.01634  4.7s
2026-10-01 01:32:28,026 INFO 训练 第  18 轮  训练 0.01242  验证 0.01638  4.7s
2026-10-01 01:32:32,568 INFO 训练 第  19 轮  训练 0.01224  验证 0.01647  4.5s
2026-10-01 01:32:37,076 INFO 训练 第  20 轮  训练 0.01217  验证 0.01647  4.5s
2026-10-01 01:32:41,604 INFO 训练 第  21 轮  训练 0.01201  验证 0.01647  4.5s
2026-10-01 01:32:46,182 INFO 训练 第  22 轮  训练 0.01189  验证 0.01657  4.6s
2026-10-01 01:32:46,182 INFO 验证损失 15 轮未改善，提前停止
2026-10-01 01:32:47,664 INFO 切换点一致性（all）：观测 β -1.180（0.393）  模型 β -0.302（0.128）
2026-10-01 01:32:47,992 INFO 切换点一致性（novel）：观测 β -0.367（0.505）  模型 β -0.078（0.114）
2026-10-01 01:33:03,390 INFO 测试期 MAE 0.0528  WAPE 0.270  CRPS 0.0312  PICP90 原始 0.846 / ACI 0.903；输出 D:\EV充电因果预测sci论文\05_实验结果\runs\base_gcnlstm_s1
