2026-10-01 00:05:31,536 INFO 运行 base_astgcn_s0，基线 astgcn，设备 cuda，torch 2.11.0+cu128
2026-10-01 00:05:32,470 INFO 数据：T=4344 N=275 目标 utilization 训练/验证/测试起点 3001/409/841
2026-10-01 00:05:32,685 INFO 模型参数 483,447；价格输入 none；损失 pinball（分位数）
2026-10-01 00:05:52,232 INFO 训练 第   1 轮  训练 0.02257  验证 0.01794  16.3s
2026-10-01 00:06:07,880 INFO 训练 第   2 轮  训练 0.01966  验证 0.01698  15.6s
2026-10-01 00:06:23,598 INFO 训练 第   3 轮  训练 0.01862  验证 0.01595  15.7s
2026-10-01 00:06:39,208 INFO 训练 第   4 轮  训练 0.01761  验证 0.01531  15.6s
2026-10-01 00:06:54,791 INFO 训练 第   5 轮  训练 0.01680  验证 0.01485  15.6s
2026-10-01 00:07:10,487 INFO 训练 第   6 轮  训练 0.01627  验证 0.01478  15.7s
2026-10-01 00:07:26,024 INFO 训练 第   7 轮  训练 0.01583  验证 0.01444  15.5s
2026-10-01 00:07:41,774 INFO 训练 第   8 轮  训练 0.01545  验证 0.01470  15.7s
2026-10-01 00:07:57,447 INFO 训练 第   9 轮  训练 0.01516  验证 0.01443  15.7s
2026-10-01 00:08:13,182 INFO 训练 第  10 轮  训练 0.01487  验证 0.01453  15.7s
2026-10-01 00:08:28,858 INFO 训练 第  11 轮  训练 0.01464  验证 0.01448  15.7s
2026-10-01 00:08:44,467 INFO 训练 第  12 轮  训练 0.01449  验证 0.01456  15.6s
2026-10-01 00:09:00,153 INFO 训练 第  13 轮  训练 0.01421  验证 0.01480  15.7s
2026-10-01 00:09:15,984 INFO 训练 第  14 轮  训练 0.01408  验证 0.01440  15.8s
2026-10-01 00:09:31,749 INFO 训练 第  15 轮  训练 0.01389  验证 0.01435  15.8s
2026-10-01 00:09:47,456 INFO 训练 第  16 轮  训练 0.01378  验证 0.01447  15.7s
2026-10-01 00:10:03,321 INFO 训练 第  17 轮  训练 0.01366  验证 0.01471  15.9s
2026-10-01 00:10:18,894 INFO 训练 第  18 轮  训练 0.01346  验证 0.01458  15.6s
2026-10-01 00:10:34,521 INFO 训练 第  19 轮  训练 0.01337  验证 0.01466  15.6s
2026-10-01 00:10:50,101 INFO 训练 第  20 轮  训练 0.01324  验证 0.01451  15.6s
2026-10-01 00:11:05,727 INFO 训练 第  21 轮  训练 0.01313  验证 0.01473  15.6s
2026-10-01 00:11:21,327 INFO 训练 第  22 轮  训练 0.01301  验证 0.01457  15.6s
2026-10-01 00:11:37,120 INFO 训练 第  23 轮  训练 0.01294  验证 0.01474  15.8s
2026-10-01 00:11:52,680 INFO 训练 第  24 轮  训练 0.01285  验证 0.01482  15.6s
2026-10-01 00:12:08,408 INFO 训练 第  25 轮  训练 0.01273  验证 0.01510  15.7s
2026-10-01 00:12:23,921 INFO 训练 第  26 轮  训练 0.01262  验证 0.01469  15.5s
2026-10-01 00:12:39,372 INFO 训练 第  27 轮  训练 0.01256  验证 0.01485  15.4s
2026-10-01 00:12:55,100 INFO 训练 第  28 轮  训练 0.01257  验证 0.01484  15.7s
2026-10-01 00:13:10,880 INFO 训练 第  29 轮  训练 0.01239  验证 0.01494  15.8s
2026-10-01 00:13:26,496 INFO 训练 第  30 轮  训练 0.01231  验证 0.01510  15.6s
2026-10-01 00:13:26,496 INFO 验证损失 15 轮未改善，提前停止
2026-10-01 00:13:29,279 INFO 切换点一致性（all）：观测 β -1.180（0.393）  模型 β -0.417（0.177）
2026-10-01 00:13:29,637 INFO 切换点一致性（novel）：观测 β -0.367（0.505）  模型 β -0.202（0.203）
2026-10-01 00:13:48,354 INFO 测试期 MAE 0.0493  WAPE 0.252  CRPS 0.0287  PICP90 原始 0.872 / ACI 0.900；输出 D:\EV充电因果预测sci论文\05_实验结果\runs\base_astgcn_s0
