2026-10-01 00:30:49,324 INFO 运行 base_gwn_blind_s0，设备 cuda，torch 2.11.0+cu128
2026-10-01 00:30:50,978 INFO 数据：T=4344 N=275 训练/验证/测试起点 3001/409/841；{'train': ('2022-09-01', '2023-01-05'), 'val': ('2023-01-06', '2023-01-23'), 'test': ('2023-01-24', '2023-02-28')}
2026-10-01 00:30:51,109 INFO 模型参数 198,211；锚定方式 cut；锚定来源 fivemin_main
2026-10-01 00:31:21,477 INFO 第   1 轮  训练 0.02306  验证 pinball 0.01701  分时小区平均 β +nan  27.4s
2026-10-01 00:31:48,137 INFO 第   2 轮  训练 0.01837  验证 pinball 0.01619  分时小区平均 β +nan  26.6s
2026-10-01 00:32:14,745 INFO 第   3 轮  训练 0.01705  验证 pinball 0.01525  分时小区平均 β +nan  26.6s
2026-10-01 00:32:41,497 INFO 第   4 轮  训练 0.01578  验证 pinball 0.01431  分时小区平均 β +nan  26.7s
2026-10-01 00:33:08,235 INFO 第   5 轮  训练 0.01494  验证 pinball 0.01438  分时小区平均 β +nan  26.7s
2026-10-01 00:33:35,002 INFO 第   6 轮  训练 0.01434  验证 pinball 0.01411  分时小区平均 β +nan  26.8s
2026-10-01 00:34:01,834 INFO 第   7 轮  训练 0.01404  验证 pinball 0.01382  分时小区平均 β +nan  26.8s
2026-10-01 00:34:28,582 INFO 第   8 轮  训练 0.01384  验证 pinball 0.01363  分时小区平均 β +nan  26.7s
2026-10-01 00:34:55,295 INFO 第   9 轮  训练 0.01356  验证 pinball 0.01475  分时小区平均 β +nan  26.7s
2026-10-01 00:35:22,042 INFO 第  10 轮  训练 0.01340  验证 pinball 0.01365  分时小区平均 β +nan  26.7s
2026-10-01 00:35:48,782 INFO 第  11 轮  训练 0.01328  验证 pinball 0.01318  分时小区平均 β +nan  26.7s
2026-10-01 00:36:15,356 INFO 第  12 轮  训练 0.01306  验证 pinball 0.01299  分时小区平均 β +nan  26.6s
2026-10-01 00:36:42,051 INFO 第  13 轮  训练 0.01296  验证 pinball 0.01323  分时小区平均 β +nan  26.7s
2026-10-01 00:37:08,657 INFO 第  14 轮  训练 0.01288  验证 pinball 0.01327  分时小区平均 β +nan  26.6s
2026-10-01 00:37:35,262 INFO 第  15 轮  训练 0.01273  验证 pinball 0.01301  分时小区平均 β +nan  26.6s
2026-10-01 00:38:01,899 INFO 第  16 轮  训练 0.01258  验证 pinball 0.01289  分时小区平均 β +nan  26.6s
2026-10-01 00:38:28,573 INFO 第  17 轮  训练 0.01254  验证 pinball 0.01304  分时小区平均 β +nan  26.7s
2026-10-01 00:38:55,266 INFO 第  18 轮  训练 0.01238  验证 pinball 0.01312  分时小区平均 β +nan  26.7s
2026-10-01 00:39:21,996 INFO 第  19 轮  训练 0.01230  验证 pinball 0.01298  分时小区平均 β +nan  26.7s
2026-10-01 00:39:48,638 INFO 第  20 轮  训练 0.01223  验证 pinball 0.01302  分时小区平均 β +nan  26.6s
2026-10-01 00:40:15,465 INFO 第  21 轮  训练 0.01221  验证 pinball 0.01314  分时小区平均 β +nan  26.8s
2026-10-01 00:40:42,066 INFO 第  22 轮  训练 0.01209  验证 pinball 0.01311  分时小区平均 β +nan  26.6s
2026-10-01 00:41:08,897 INFO 第  23 轮  训练 0.01203  验证 pinball 0.01292  分时小区平均 β +nan  26.8s
2026-10-01 00:41:35,618 INFO 第  24 轮  训练 0.01202  验证 pinball 0.01307  分时小区平均 β +nan  26.7s
2026-10-01 00:42:02,264 INFO 第  25 轮  训练 0.01191  验证 pinball 0.01339  分时小区平均 β +nan  26.6s
2026-10-01 00:42:28,880 INFO 第  26 轮  训练 0.01188  验证 pinball 0.01328  分时小区平均 β +nan  26.6s
2026-10-01 00:42:55,639 INFO 第  27 轮  训练 0.01188  验证 pinball 0.01304  分时小区平均 β +nan  26.8s
2026-10-01 00:43:22,389 INFO 第  28 轮  训练 0.01180  验证 pinball 0.01283  分时小区平均 β +nan  26.7s
2026-10-01 00:43:49,052 INFO 第  29 轮  训练 0.01170  验证 pinball 0.01303  分时小区平均 β +nan  26.7s
2026-10-01 00:44:15,749 INFO 第  30 轮  训练 0.01167  验证 pinball 0.01328  分时小区平均 β +nan  26.7s
2026-10-01 00:44:42,515 INFO 第  31 轮  训练 0.01164  验证 pinball 0.01345  分时小区平均 β +nan  26.8s
2026-10-01 00:45:09,169 INFO 第  32 轮  训练 0.01163  验证 pinball 0.01343  分时小区平均 β +nan  26.7s
2026-10-01 00:45:35,935 INFO 第  33 轮  训练 0.01159  验证 pinball 0.01348  分时小区平均 β +nan  26.8s
2026-10-01 00:46:02,672 INFO 第  34 轮  训练 0.01148  验证 pinball 0.01318  分时小区平均 β +nan  26.7s
2026-10-01 00:46:29,222 INFO 第  35 轮  训练 0.01148  验证 pinball 0.01382  分时小区平均 β +nan  26.5s
2026-10-01 00:46:55,897 INFO 第  36 轮  训练 0.01143  验证 pinball 0.01327  分时小区平均 β +nan  26.7s
2026-10-01 00:47:22,534 INFO 第  37 轮  训练 0.01142  验证 pinball 0.01347  分时小区平均 β +nan  26.6s
2026-10-01 00:47:49,252 INFO 第  38 轮  训练 0.01132  验证 pinball 0.01378  分时小区平均 β +nan  26.7s
2026-10-01 00:48:15,913 INFO 第  39 轮  训练 0.01126  验证 pinball 0.01343  分时小区平均 β +nan  26.7s
2026-10-01 00:48:42,575 INFO 第  40 轮  训练 0.01129  验证 pinball 0.01342  分时小区平均 β +nan  26.7s
2026-10-01 00:49:09,373 INFO 第  41 轮  训练 0.01123  验证 pinball 0.01389  分时小区平均 β +nan  26.8s
2026-10-01 00:49:36,129 INFO 第  42 轮  训练 0.01118  验证 pinball 0.01373  分时小区平均 β +nan  26.8s
2026-10-01 00:50:02,812 INFO 第  43 轮  训练 0.01111  验证 pinball 0.01367  分时小区平均 β +nan  26.7s
2026-10-01 00:50:02,813 INFO 验证损失 15 轮未改善，提前停止
2026-10-01 00:50:07,582 INFO 切换点一致性（all）：观测 β -1.180（0.393）  模型 β -0.423（0.208）
2026-10-01 00:50:07,806 INFO 切换点一致性（novel）：观测 β -0.367（0.505）  模型 β -0.125（0.257）
2026-10-01 00:50:25,128 INFO 测试期 MAE 0.0445  WAPE 0.228  CRPS 0.0260  PICP90 原始 0.816 / ACI 0.901；输出 D:\EV充电因果预测sci论文\05_实验结果\runs\base_gwn_blind_s0
