2026-10-01 02:05:12,794 INFO 运行 base_gwn_blind_s1，设备 cuda，torch 2.11.0+cu128
2026-10-01 02:05:13,896 INFO 数据：T=4344 N=275 训练/验证/测试起点 3001/409/841；{'train': ('2022-09-01', '2023-01-05'), 'val': ('2023-01-06', '2023-01-23'), 'test': ('2023-01-24', '2023-02-28')}
2026-10-01 02:05:14,032 INFO 模型参数 198,211；锚定方式 cut；锚定来源 fivemin_main
2026-10-01 02:05:44,781 INFO 第   1 轮  训练 0.02281  验证 pinball 0.01807  分时小区平均 β +nan  27.4s
2026-10-01 02:06:11,554 INFO 第   2 轮  训练 0.01842  验证 pinball 0.01591  分时小区平均 β +nan  26.8s
2026-10-01 02:06:38,257 INFO 第   3 轮  训练 0.01699  验证 pinball 0.01492  分时小区平均 β +nan  26.7s
2026-10-01 02:07:05,110 INFO 第   4 轮  训练 0.01568  验证 pinball 0.01484  分时小区平均 β +nan  26.8s
2026-10-01 02:07:31,872 INFO 第   5 轮  训练 0.01485  验证 pinball 0.01447  分时小区平均 β +nan  26.8s
2026-10-01 02:07:58,488 INFO 第   6 轮  训练 0.01425  验证 pinball 0.01379  分时小区平均 β +nan  26.6s
2026-10-01 02:08:25,091 INFO 第   7 轮  训练 0.01403  验证 pinball 0.01403  分时小区平均 β +nan  26.6s
2026-10-01 02:08:51,845 INFO 第   8 轮  训练 0.01371  验证 pinball 0.01340  分时小区平均 β +nan  26.8s
2026-10-01 02:09:18,484 INFO 第   9 轮  训练 0.01343  验证 pinball 0.01328  分时小区平均 β +nan  26.6s
2026-10-01 02:09:45,147 INFO 第  10 轮  训练 0.01334  验证 pinball 0.01325  分时小区平均 β +nan  26.7s
2026-10-01 02:10:12,038 INFO 第  11 轮  训练 0.01317  验证 pinball 0.01316  分时小区平均 β +nan  26.9s
2026-10-01 02:10:38,742 INFO 第  12 轮  训练 0.01305  验证 pinball 0.01371  分时小区平均 β +nan  26.7s
2026-10-01 02:11:05,516 INFO 第  13 轮  训练 0.01288  验证 pinball 0.01332  分时小区平均 β +nan  26.8s
2026-10-01 02:11:32,396 INFO 第  14 轮  训练 0.01272  验证 pinball 0.01342  分时小区平均 β +nan  26.9s
2026-10-01 02:11:59,144 INFO 第  15 轮  训练 0.01263  验证 pinball 0.01290  分时小区平均 β +nan  26.7s
2026-10-01 02:12:25,792 INFO 第  16 轮  训练 0.01264  验证 pinball 0.01339  分时小区平均 β +nan  26.6s
2026-10-01 02:12:52,541 INFO 第  17 轮  训练 0.01243  验证 pinball 0.01298  分时小区平均 β +nan  26.7s
2026-10-01 02:13:19,378 INFO 第  18 轮  训练 0.01233  验证 pinball 0.01294  分时小区平均 β +nan  26.8s
2026-10-01 02:13:45,970 INFO 第  19 轮  训练 0.01225  验证 pinball 0.01308  分时小区平均 β +nan  26.6s
2026-10-01 02:14:12,719 INFO 第  20 轮  训练 0.01226  验证 pinball 0.01285  分时小区平均 β +nan  26.7s
2026-10-01 02:14:39,649 INFO 第  21 轮  训练 0.01209  验证 pinball 0.01317  分时小区平均 β +nan  26.9s
2026-10-01 02:15:06,336 INFO 第  22 轮  训练 0.01204  验证 pinball 0.01414  分时小区平均 β +nan  26.7s
2026-10-01 02:15:33,042 INFO 第  23 轮  训练 0.01200  验证 pinball 0.01306  分时小区平均 β +nan  26.7s
2026-10-01 02:15:59,889 INFO 第  24 轮  训练 0.01192  验证 pinball 0.01303  分时小区平均 β +nan  26.8s
2026-10-01 02:16:26,548 INFO 第  25 轮  训练 0.01194  验证 pinball 0.01312  分时小区平均 β +nan  26.7s
2026-10-01 02:16:53,174 INFO 第  26 轮  训练 0.01180  验证 pinball 0.01347  分时小区平均 β +nan  26.6s
2026-10-01 02:17:19,878 INFO 第  27 轮  训练 0.01170  验证 pinball 0.01307  分时小区平均 β +nan  26.7s
2026-10-01 02:17:46,602 INFO 第  28 轮  训练 0.01172  验证 pinball 0.01394  分时小区平均 β +nan  26.7s
2026-10-01 02:18:13,304 INFO 第  29 轮  训练 0.01169  验证 pinball 0.01311  分时小区平均 β +nan  26.7s
2026-10-01 02:18:39,959 INFO 第  30 轮  训练 0.01153  验证 pinball 0.01317  分时小区平均 β +nan  26.7s
2026-10-01 02:19:06,910 INFO 第  31 轮  训练 0.01155  验证 pinball 0.01322  分时小区平均 β +nan  26.9s
2026-10-01 02:19:33,548 INFO 第  32 轮  训练 0.01139  验证 pinball 0.01358  分时小区平均 β +nan  26.6s
2026-10-01 02:20:00,241 INFO 第  33 轮  训练 0.01136  验证 pinball 0.01340  分时小区平均 β +nan  26.7s
2026-10-01 02:20:27,011 INFO 第  34 轮  训练 0.01135  验证 pinball 0.01316  分时小区平均 β +nan  26.8s
2026-10-01 02:20:53,648 INFO 第  35 轮  训练 0.01134  验证 pinball 0.01322  分时小区平均 β +nan  26.6s
2026-10-01 02:20:53,648 INFO 验证损失 15 轮未改善，提前停止
2026-10-01 02:20:58,598 INFO 切换点一致性（all）：观测 β -1.180（0.393）  模型 β -0.394（0.213）
2026-10-01 02:20:58,845 INFO 切换点一致性（novel）：观测 β -0.367（0.505）  模型 β -0.096（0.262）
2026-10-01 02:21:15,982 INFO 测试期 MAE 0.0449  WAPE 0.230  CRPS 0.0261  PICP90 原始 0.834 / ACI 0.901；输出 D:\EV充电因果预测sci论文\05_实验结果\runs\base_gwn_blind_s1
