2026-10-01 05:46:41,902 INFO 运行 base_fcnn_s4，基线 fcnn，设备 cuda，torch 2.11.0+cu128
2026-10-01 05:46:43,127 INFO 数据：T=4344 N=275 目标 utilization 训练/验证/测试起点 3001/409/841
2026-10-01 05:46:43,263 INFO 模型参数 32,711；价格输入 none；损失 pinball（分位数）
2026-10-01 05:46:50,936 INFO 训练 第   1 轮  训练 0.02370  验证 0.01798  4.3s
2026-10-01 05:46:54,741 INFO 训练 第   2 轮  训练 0.01973  验证 0.01679  3.8s
2026-10-01 05:46:58,518 INFO 训练 第   3 轮  训练 0.01889  验证 0.01614  3.8s
2026-10-01 05:47:02,273 INFO 训练 第   4 轮  训练 0.01820  验证 0.01551  3.8s
2026-10-01 05:47:06,072 INFO 训练 第   5 轮  训练 0.01762  验证 0.01509  3.8s
2026-10-01 05:47:09,819 INFO 训练 第   6 轮  训练 0.01727  验证 0.01499  3.7s
2026-10-01 05:47:13,577 INFO 训练 第   7 轮  训练 0.01705  验证 0.01475  3.8s
2026-10-01 05:47:17,385 INFO 训练 第   8 轮  训练 0.01685  验证 0.01476  3.8s
2026-10-01 05:47:21,327 INFO 训练 第   9 轮  训练 0.01669  验证 0.01460  3.9s
2026-10-01 05:47:25,240 INFO 训练 第  10 轮  训练 0.01661  验证 0.01462  3.9s
2026-10-01 05:47:29,210 INFO 训练 第  11 轮  训练 0.01647  验证 0.01447  4.0s
2026-10-01 05:47:33,104 INFO 训练 第  12 轮  训练 0.01639  验证 0.01444  3.9s
2026-10-01 05:47:36,952 INFO 训练 第  13 轮  训练 0.01631  验证 0.01446  3.8s
2026-10-01 05:47:40,712 INFO 训练 第  14 轮  训练 0.01623  验证 0.01432  3.8s
2026-10-01 05:47:44,460 INFO 训练 第  15 轮  训练 0.01613  验证 0.01435  3.7s
2026-10-01 05:47:48,274 INFO 训练 第  16 轮  训练 0.01611  验证 0.01435  3.8s
2026-10-01 05:47:52,020 INFO 训练 第  17 轮  训练 0.01602  验证 0.01430  3.7s
2026-10-01 05:47:55,751 INFO 训练 第  18 轮  训练 0.01598  验证 0.01418  3.7s
2026-10-01 05:47:59,438 INFO 训练 第  19 轮  训练 0.01587  验证 0.01413  3.7s
2026-10-01 05:48:03,430 INFO 训练 第  20 轮  训练 0.01582  验证 0.01410  4.0s
2026-10-01 05:48:07,423 INFO 训练 第  21 轮  训练 0.01576  验证 0.01404  4.0s
2026-10-01 05:48:11,179 INFO 训练 第  22 轮  训练 0.01573  验证 0.01423  3.8s
2026-10-01 05:48:14,921 INFO 训练 第  23 轮  训练 0.01570  验证 0.01403  3.7s
2026-10-01 05:48:18,748 INFO 训练 第  24 轮  训练 0.01563  验证 0.01397  3.8s
2026-10-01 05:48:22,471 INFO 训练 第  25 轮  训练 0.01559  验证 0.01396  3.7s
2026-10-01 05:48:26,350 INFO 训练 第  26 轮  训练 0.01553  验证 0.01394  3.9s
2026-10-01 05:48:30,306 INFO 训练 第  27 轮  训练 0.01552  验证 0.01389  4.0s
2026-10-01 05:48:34,292 INFO 训练 第  28 轮  训练 0.01548  验证 0.01393  4.0s
2026-10-01 05:48:38,221 INFO 训练 第  29 轮  训练 0.01541  验证 0.01385  3.9s
2026-10-01 05:48:42,012 INFO 训练 第  30 轮  训练 0.01540  验证 0.01397  3.8s
2026-10-01 05:48:45,841 INFO 训练 第  31 轮  训练 0.01537  验证 0.01381  3.8s
2026-10-01 05:48:49,800 INFO 训练 第  32 轮  训练 0.01535  验证 0.01396  4.0s
2026-10-01 05:48:53,622 INFO 训练 第  33 轮  训练 0.01530  验证 0.01388  3.8s
2026-10-01 05:48:57,460 INFO 训练 第  34 轮  训练 0.01527  验证 0.01376  3.8s
2026-10-01 05:49:01,272 INFO 训练 第  35 轮  训练 0.01523  验证 0.01380  3.8s
2026-10-01 05:49:05,004 INFO 训练 第  36 轮  训练 0.01522  验证 0.01376  3.7s
2026-10-01 05:49:08,773 INFO 训练 第  37 轮  训练 0.01521  验证 0.01381  3.8s
2026-10-01 05:49:12,589 INFO 训练 第  38 轮  训练 0.01519  验证 0.01381  3.8s
2026-10-01 05:49:16,451 INFO 训练 第  39 轮  训练 0.01515  验证 0.01377  3.9s
2026-10-01 05:49:20,326 INFO 训练 第  40 轮  训练 0.01512  验证 0.01372  3.9s
2026-10-01 05:49:23,997 INFO 训练 第  41 轮  训练 0.01510  验证 0.01380  3.7s
2026-10-01 05:49:27,710 INFO 训练 第  42 轮  训练 0.01508  验证 0.01361  3.7s
2026-10-01 05:49:31,523 INFO 训练 第  43 轮  训练 0.01507  验证 0.01370  3.8s
2026-10-01 05:49:35,286 INFO 训练 第  44 轮  训练 0.01507  验证 0.01363  3.8s
2026-10-01 05:49:39,139 INFO 训练 第  45 轮  训练 0.01504  验证 0.01365  3.9s
2026-10-01 05:49:42,964 INFO 训练 第  46 轮  训练 0.01500  验证 0.01369  3.8s
2026-10-01 05:49:46,741 INFO 训练 第  47 轮  训练 0.01499  验证 0.01358  3.8s
2026-10-01 05:49:50,464 INFO 训练 第  48 轮  训练 0.01496  验证 0.01376  3.7s
2026-10-01 05:49:54,201 INFO 训练 第  49 轮  训练 0.01497  验证 0.01361  3.7s
2026-10-01 05:49:57,929 INFO 训练 第  50 轮  训练 0.01495  验证 0.01362  3.7s
2026-10-01 05:50:01,753 INFO 训练 第  51 轮  训练 0.01492  验证 0.01365  3.8s
2026-10-01 05:50:05,548 INFO 训练 第  52 轮  训练 0.01492  验证 0.01365  3.8s
2026-10-01 05:50:09,357 INFO 训练 第  53 轮  训练 0.01491  验证 0.01368  3.8s
2026-10-01 05:50:13,158 INFO 训练 第  54 轮  训练 0.01488  验证 0.01363  3.8s
2026-10-01 05:50:16,942 INFO 训练 第  55 轮  训练 0.01489  验证 0.01355  3.8s
2026-10-01 05:50:20,679 INFO 训练 第  56 轮  训练 0.01486  验证 0.01350  3.7s
2026-10-01 05:50:24,452 INFO 训练 第  57 轮  训练 0.01486  验证 0.01365  3.8s
2026-10-01 05:50:28,154 INFO 训练 第  58 轮  训练 0.01484  验证 0.01358  3.7s
2026-10-01 05:50:31,960 INFO 训练 第  59 轮  训练 0.01482  验证 0.01362  3.8s
2026-10-01 05:50:35,914 INFO 训练 第  60 轮  训练 0.01483  验证 0.01359  4.0s
2026-10-01 05:50:39,775 INFO 训练 第  61 轮  训练 0.01480  验证 0.01352  3.9s
2026-10-01 05:50:43,505 INFO 训练 第  62 轮  训练 0.01479  验证 0.01362  3.7s
2026-10-01 05:50:47,293 INFO 训练 第  63 轮  训练 0.01479  验证 0.01353  3.8s
2026-10-01 05:50:51,184 INFO 训练 第  64 轮  训练 0.01477  验证 0.01346  3.9s
2026-10-01 05:50:55,049 INFO 训练 第  65 轮  训练 0.01478  验证 0.01353  3.9s
2026-10-01 05:50:58,910 INFO 训练 第  66 轮  训练 0.01478  验证 0.01352  3.9s
2026-10-01 05:51:02,696 INFO 训练 第  67 轮  训练 0.01477  验证 0.01368  3.8s
2026-10-01 05:51:06,554 INFO 训练 第  68 轮  训练 0.01474  验证 0.01357  3.9s
2026-10-01 05:51:10,415 INFO 训练 第  69 轮  训练 0.01475  验证 0.01356  3.9s
2026-10-01 05:51:14,294 INFO 训练 第  70 轮  训练 0.01474  验证 0.01350  3.9s
2026-10-01 05:51:18,121 INFO 训练 第  71 轮  训练 0.01471  验证 0.01360  3.8s
2026-10-01 05:51:21,916 INFO 训练 第  72 轮  训练 0.01471  验证 0.01356  3.8s
2026-10-01 05:51:25,642 INFO 训练 第  73 轮  训练 0.01472  验证 0.01347  3.7s
2026-10-01 05:51:29,451 INFO 训练 第  74 轮  训练 0.01471  验证 0.01350  3.8s
2026-10-01 05:51:33,226 INFO 训练 第  75 轮  训练 0.01469  验证 0.01365  3.8s
2026-10-01 05:51:36,979 INFO 训练 第  76 轮  训练 0.01472  验证 0.01347  3.8s
2026-10-01 05:51:40,787 INFO 训练 第  77 轮  训练 0.01469  验证 0.01354  3.8s
2026-10-01 05:51:44,623 INFO 训练 第  78 轮  训练 0.01469  验证 0.01360  3.8s
2026-10-01 05:51:48,485 INFO 训练 第  79 轮  训练 0.01467  验证 0.01339  3.9s
2026-10-01 05:51:52,211 INFO 训练 第  80 轮  训练 0.01465  验证 0.01343  3.7s
2026-10-01 05:51:55,923 INFO 训练 第  81 轮  训练 0.01466  验证 0.01342  3.7s
2026-10-01 05:51:59,655 INFO 训练 第  82 轮  训练 0.01467  验证 0.01352  3.7s
2026-10-01 05:52:03,408 INFO 训练 第  83 轮  训练 0.01466  验证 0.01349  3.8s
2026-10-01 05:52:07,146 INFO 训练 第  84 轮  训练 0.01464  验证 0.01351  3.7s
2026-10-01 05:52:10,963 INFO 训练 第  85 轮  训练 0.01464  验证 0.01348  3.8s
2026-10-01 05:52:14,720 INFO 训练 第  86 轮  训练 0.01462  验证 0.01340  3.8s
2026-10-01 05:52:18,505 INFO 训练 第  87 轮  训练 0.01462  验证 0.01349  3.8s
2026-10-01 05:52:22,262 INFO 训练 第  88 轮  训练 0.01461  验证 0.01343  3.8s
2026-10-01 05:52:26,012 INFO 训练 第  89 轮  训练 0.01462  验证 0.01348  3.8s
2026-10-01 05:52:29,924 INFO 训练 第  90 轮  训练 0.01462  验证 0.01354  3.9s
2026-10-01 05:52:33,828 INFO 训练 第  91 轮  训练 0.01461  验证 0.01343  3.9s
2026-10-01 05:52:37,642 INFO 训练 第  92 轮  训练 0.01459  验证 0.01344  3.8s
2026-10-01 05:52:41,402 INFO 训练 第  93 轮  训练 0.01459  验证 0.01338  3.8s
2026-10-01 05:52:45,140 INFO 训练 第  94 轮  训练 0.01460  验证 0.01339  3.7s
2026-10-01 05:52:48,914 INFO 训练 第  95 轮  训练 0.01459  验证 0.01345  3.8s
2026-10-01 05:52:52,773 INFO 训练 第  96 轮  训练 0.01459  验证 0.01348  3.9s
2026-10-01 05:52:56,696 INFO 训练 第  97 轮  训练 0.01458  验证 0.01353  3.9s
2026-10-01 05:53:00,569 INFO 训练 第  98 轮  训练 0.01457  验证 0.01347  3.9s
2026-10-01 05:53:04,432 INFO 训练 第  99 轮  训练 0.01458  验证 0.01341  3.9s
2026-10-01 05:53:08,189 INFO 训练 第 100 轮  训练 0.01456  验证 0.01344  3.8s
2026-10-01 05:53:09,599 INFO 切换点一致性（all）：观测 β -1.180（0.393）  模型 β -0.709（0.205）
2026-10-01 05:53:09,837 INFO 切换点一致性（novel）：观测 β -0.367（0.505）  模型 β -0.344（0.169）
2026-10-01 05:53:26,670 INFO 测试期 MAE 0.0442  WAPE 0.226  CRPS 0.0263  PICP90 原始 0.893 / ACI 0.900；输出 D:\EV充电因果预测sci论文\05_实验结果\runs\base_fcnn_s4
