2026-10-01 22:37:39,886 INFO 运行 eid_init-1.0_s1，设备 cuda，torch 2.11.0+cu128
2026-10-01 22:37:41,385 INFO 数据：T=4344 N=275 训练/验证/测试起点 3001/409/841；{'train': ('2022-09-01', '2023-01-05'), 'val': ('2023-01-06', '2023-01-23'), 'test': ('2023-01-24', '2023-02-28')}
2026-10-01 22:37:41,540 INFO 模型参数 199,326；锚定方式 free；锚定来源 fivemin_main
2026-10-01 22:38:12,600 INFO 第   1 轮  训练 0.02272  验证 pinball 0.01806  分时小区平均 β -0.988  27.7s
2026-10-01 22:38:39,674 INFO 第   2 轮  训练 0.01840  验证 pinball 0.01600  分时小区平均 β -0.944  27.1s
2026-10-01 22:39:06,508 INFO 第   3 轮  训练 0.01704  验证 pinball 0.01499  分时小区平均 β -0.902  26.8s
2026-10-01 22:39:33,393 INFO 第   4 轮  训练 0.01575  验证 pinball 0.01478  分时小区平均 β -0.860  26.9s
2026-10-01 22:40:00,275 INFO 第   5 轮  训练 0.01489  验证 pinball 0.01448  分时小区平均 β -0.821  26.9s
2026-10-01 22:40:27,090 INFO 第   6 轮  训练 0.01428  验证 pinball 0.01374  分时小区平均 β -0.783  26.8s
2026-10-01 22:40:54,119 INFO 第   7 轮  训练 0.01407  验证 pinball 0.01394  分时小区平均 β -0.751  27.0s
2026-10-01 22:41:20,945 INFO 第   8 轮  训练 0.01371  验证 pinball 0.01336  分时小区平均 β -0.720  26.8s
2026-10-01 22:41:47,978 INFO 第   9 轮  训练 0.01343  验证 pinball 0.01329  分时小区平均 β -0.692  27.0s
2026-10-01 22:42:15,052 INFO 第  10 轮  训练 0.01334  验证 pinball 0.01322  分时小区平均 β -0.665  27.1s
2026-10-01 22:42:41,999 INFO 第  11 轮  训练 0.01319  验证 pinball 0.01314  分时小区平均 β -0.640  26.9s
2026-10-01 22:43:08,948 INFO 第  12 轮  训练 0.01307  验证 pinball 0.01368  分时小区平均 β -0.617  26.9s
2026-10-01 22:43:35,832 INFO 第  13 轮  训练 0.01290  验证 pinball 0.01332  分时小区平均 β -0.595  26.9s
2026-10-01 22:44:02,971 INFO 第  14 轮  训练 0.01274  验证 pinball 0.01339  分时小区平均 β -0.574  27.1s
2026-10-01 22:44:29,896 INFO 第  15 轮  训练 0.01265  验证 pinball 0.01293  分时小区平均 β -0.554  26.9s
2026-10-01 22:44:56,773 INFO 第  16 轮  训练 0.01267  验证 pinball 0.01333  分时小区平均 β -0.536  26.9s
2026-10-01 22:45:23,689 INFO 第  17 轮  训练 0.01245  验证 pinball 0.01299  分时小区平均 β -0.519  26.9s
2026-10-01 22:45:50,574 INFO 第  18 轮  训练 0.01235  验证 pinball 0.01296  分时小区平均 β -0.503  26.9s
2026-10-01 22:46:17,666 INFO 第  19 轮  训练 0.01228  验证 pinball 0.01312  分时小区平均 β -0.488  27.1s
2026-10-01 22:46:44,587 INFO 第  20 轮  训练 0.01228  验证 pinball 0.01288  分时小区平均 β -0.475  26.9s
2026-10-01 22:47:11,611 INFO 第  21 轮  训练 0.01211  验证 pinball 0.01337  分时小区平均 β -0.462  27.0s
2026-10-01 22:47:37,188 INFO 第  22 轮  训练 0.01206  验证 pinball 0.01426  分时小区平均 β -0.449  25.6s
2026-10-01 22:48:01,750 INFO 第  23 轮  训练 0.01202  验证 pinball 0.01315  分时小区平均 β -0.438  24.6s
2026-10-01 22:48:26,191 INFO 第  24 轮  训练 0.01194  验证 pinball 0.01339  分时小区平均 β -0.428  24.4s
2026-10-01 22:48:50,692 INFO 第  25 轮  训练 0.01189  验证 pinball 0.01314  分时小区平均 β -0.418  24.5s
2026-10-01 22:49:15,607 INFO 第  26 轮  训练 0.01179  验证 pinball 0.01330  分时小区平均 β -0.408  24.9s
2026-10-01 22:49:40,146 INFO 第  27 轮  训练 0.01171  验证 pinball 0.01321  分时小区平均 β -0.399  24.5s
2026-10-01 22:50:04,675 INFO 第  28 轮  训练 0.01174  验证 pinball 0.01442  分时小区平均 β -0.391  24.5s
2026-10-01 22:50:29,145 INFO 第  29 轮  训练 0.01176  验证 pinball 0.01329  分时小区平均 β -0.383  24.5s
2026-10-01 22:50:53,646 INFO 第  30 轮  训练 0.01155  验证 pinball 0.01346  分时小区平均 β -0.375  24.5s
2026-10-01 22:51:18,073 INFO 第  31 轮  训练 0.01156  验证 pinball 0.01336  分时小区平均 β -0.367  24.4s
2026-10-01 22:51:42,478 INFO 第  32 轮  训练 0.01141  验证 pinball 0.01389  分时小区平均 β -0.360  24.4s
2026-10-01 22:52:06,942 INFO 第  33 轮  训练 0.01137  验证 pinball 0.01365  分时小区平均 β -0.353  24.5s
2026-10-01 22:52:32,097 INFO 第  34 轮  训练 0.01137  验证 pinball 0.01337  分时小区平均 β -0.346  25.2s
2026-10-01 22:52:59,265 INFO 第  35 轮  训练 0.01132  验证 pinball 0.01380  分时小区平均 β -0.340  27.2s
2026-10-01 22:52:59,266 INFO 验证损失 15 轮未改善，提前停止
2026-10-01 22:53:04,190 INFO 切换点一致性（all）：观测 β -1.180（0.393）  模型 β -0.649（0.223）
2026-10-01 22:53:04,452 INFO 切换点一致性（novel）：观测 β -0.367（0.505）  模型 β -0.337（0.292）
2026-10-01 22:53:23,567 INFO 测试期 MAE 0.0451  WAPE 0.231  CRPS 0.0262  PICP90 原始 0.832 / ACI 0.901；输出 D:\EV充电因果预测sci论文\05_实验结果\runs\eid_init-1.0_s1
