2026-10-01 01:46:00,421 INFO 运行 base_agcrn_s1，基线 agcrn，设备 cuda，torch 2.11.0+cu128
2026-10-01 01:46:01,411 INFO 数据：T=4344 N=275 目标 utilization 训练/验证/测试起点 3001/409/841
2026-10-01 01:46:01,609 INFO 模型参数 812,933；价格输入 none；损失 pinball（分位数）
2026-10-01 01:46:38,132 INFO 训练 第   1 轮  训练 0.02593  验证 0.01936  33.7s
2026-10-01 01:47:13,582 INFO 训练 第   2 轮  训练 0.01931  验证 0.01851  35.4s
2026-10-01 01:47:48,795 INFO 训练 第   3 轮  训练 0.01828  验证 0.01736  35.2s
2026-10-01 01:48:22,197 INFO 训练 第   4 轮  训练 0.01720  验证 0.01678  33.4s
2026-10-01 01:48:56,661 INFO 训练 第   5 轮  训练 0.01647  验证 0.01618  34.5s
2026-10-01 01:49:29,819 INFO 训练 第   6 轮  训练 0.01572  验证 0.01584  33.1s
2026-10-01 01:50:04,098 INFO 训练 第   7 轮  训练 0.01530  验证 0.01557  34.3s
2026-10-01 01:50:39,961 INFO 训练 第   8 轮  训练 0.01493  验证 0.01538  35.9s
2026-10-01 01:51:13,023 INFO 训练 第   9 轮  训练 0.01465  验证 0.01520  33.1s
2026-10-01 01:51:48,372 INFO 训练 第  10 轮  训练 0.01443  验证 0.01505  35.3s
2026-10-01 01:52:22,459 INFO 训练 第  11 轮  训练 0.01416  验证 0.01491  34.1s
2026-10-01 01:52:56,133 INFO 训练 第  12 轮  训练 0.01385  验证 0.01493  33.7s
2026-10-01 01:53:28,441 INFO 训练 第  13 轮  训练 0.01356  验证 0.01480  32.3s
2026-10-01 01:54:01,154 INFO 训练 第  14 轮  训练 0.01336  验证 0.01476  32.7s
2026-10-01 01:54:34,413 INFO 训练 第  15 轮  训练 0.01317  验证 0.01487  33.3s
2026-10-01 01:55:11,117 INFO 训练 第  16 轮  训练 0.01301  验证 0.01475  36.7s
2026-10-01 01:55:49,035 INFO 训练 第  17 轮  训练 0.01280  验证 0.01479  37.9s
2026-10-01 01:56:22,550 INFO 训练 第  18 轮  训练 0.01267  验证 0.01468  33.5s
2026-10-01 01:56:55,971 INFO 训练 第  19 轮  训练 0.01251  验证 0.01484  33.4s
2026-10-01 01:57:29,218 INFO 训练 第  20 轮  训练 0.01236  验证 0.01485  33.2s
2026-10-01 01:58:01,725 INFO 训练 第  21 轮  训练 0.01224  验证 0.01495  32.5s
2026-10-01 01:58:35,635 INFO 训练 第  22 轮  训练 0.01210  验证 0.01494  33.9s
2026-10-01 01:59:09,860 INFO 训练 第  23 轮  训练 0.01197  验证 0.01513  34.2s
2026-10-01 01:59:44,334 INFO 训练 第  24 轮  训练 0.01187  验证 0.01526  34.5s
2026-10-01 02:00:17,417 INFO 训练 第  25 轮  训练 0.01172  验证 0.01522  33.1s
2026-10-01 02:00:52,263 INFO 训练 第  26 轮  训练 0.01160  验证 0.01528  34.8s
2026-10-01 02:01:27,494 INFO 训练 第  27 轮  训练 0.01148  验证 0.01549  35.2s
2026-10-01 02:02:02,062 INFO 训练 第  28 轮  训练 0.01137  验证 0.01555  34.6s
2026-10-01 02:02:36,087 INFO 训练 第  29 轮  训练 0.01124  验证 0.01571  34.0s
2026-10-01 02:03:09,120 INFO 训练 第  30 轮  训练 0.01112  验证 0.01584  33.0s
2026-10-01 02:03:42,732 INFO 训练 第  31 轮  训练 0.01104  验证 0.01599  33.6s
2026-10-01 02:04:15,153 INFO 训练 第  32 轮  训练 0.01087  验证 0.01600  32.4s
2026-10-01 02:04:48,528 INFO 训练 第  33 轮  训练 0.01074  验证 0.01628  33.4s
2026-10-01 02:04:48,528 INFO 验证损失 15 轮未改善，提前停止
2026-10-01 02:04:54,004 INFO 切换点一致性（all）：观测 β -1.180（0.393）  模型 β -0.309（0.174）
2026-10-01 02:04:54,268 INFO 切换点一致性（novel）：观测 β -0.367（0.505）  模型 β -0.089（0.183）
2026-10-01 02:05:09,334 INFO 测试期 MAE 0.0506  WAPE 0.259  CRPS 0.0295  PICP90 原始 0.823 / ACI 0.905；输出 D:\EV充电因果预测sci论文\05_实验结果\runs\base_agcrn_s1
