2026-09-29 21:49:28,994 INFO 运行 tune_gwn_D32_lr5e-4_do0.3，设备 cuda，torch 2.11.0+cu128
2026-09-29 21:49:29,859 INFO 数据：T=4344 N=275 训练/验证/测试起点 3001/409/841；{'train': ('2022-09-01', '2023-01-05'), 'val': ('2023-01-06', '2023-01-23'), 'test': ('2023-01-24', '2023-02-28')}
2026-09-29 21:49:30,017 INFO 模型参数 198,211；锚定方式 cut；锚定来源 fivemin_main
2026-09-29 21:49:57,404 INFO 第   1 轮  训练 0.02487  验证 pinball 0.01857  分时小区平均 β -0.213  25.5s
2026-09-29 21:50:22,683 INFO 第   2 轮  训练 0.01939  验证 pinball 0.01658  分时小区平均 β -0.213  25.3s
2026-09-29 21:50:47,918 INFO 第   3 轮  训练 0.01827  验证 pinball 0.01642  分时小区平均 β -0.213  25.2s
2026-09-29 21:51:13,090 INFO 第   4 轮  训练 0.01760  验证 pinball 0.01568  分时小区平均 β -0.213  25.2s
2026-09-29 21:51:38,332 INFO 第   5 轮  训练 0.01690  验证 pinball 0.01559  分时小区平均 β -0.213  25.2s
2026-09-29 21:52:03,516 INFO 第   6 轮  训练 0.01599  验证 pinball 0.01449  分时小区平均 β -0.213  25.2s
2026-09-29 21:52:28,773 INFO 第   7 轮  训练 0.01543  验证 pinball 0.01458  分时小区平均 β -0.213  25.3s
2026-09-29 21:52:53,967 INFO 第   8 轮  训练 0.01509  验证 pinball 0.01405  分时小区平均 β -0.213  25.2s
2026-09-29 21:53:19,204 INFO 第   9 轮  训练 0.01465  验证 pinball 0.01474  分时小区平均 β -0.213  25.2s
2026-09-29 21:53:44,376 INFO 第  10 轮  训练 0.01437  验证 pinball 0.01402  分时小区平均 β -0.213  25.2s
2026-09-29 21:54:09,560 INFO 第  11 轮  训练 0.01416  验证 pinball 0.01445  分时小区平均 β -0.213  25.2s
2026-09-29 21:54:34,740 INFO 第  12 轮  训练 0.01402  验证 pinball 0.01379  分时小区平均 β -0.213  25.2s
2026-09-29 21:54:59,985 INFO 第  13 轮  训练 0.01393  验证 pinball 0.01347  分时小区平均 β -0.213  25.2s
2026-09-29 21:55:25,216 INFO 第  14 轮  训练 0.01373  验证 pinball 0.01351  分时小区平均 β -0.213  25.2s
2026-09-29 21:55:50,359 INFO 第  15 轮  训练 0.01366  验证 pinball 0.01341  分时小区平均 β -0.213  25.1s
2026-09-29 21:56:15,643 INFO 第  16 轮  训练 0.01355  验证 pinball 0.01322  分时小区平均 β -0.213  25.3s
2026-09-29 21:56:40,831 INFO 第  17 轮  训练 0.01345  验证 pinball 0.01351  分时小区平均 β -0.213  25.2s
2026-09-29 21:57:06,044 INFO 第  18 轮  训练 0.01332  验证 pinball 0.01319  分时小区平均 β -0.213  25.2s
2026-09-29 21:57:31,238 INFO 第  19 轮  训练 0.01325  验证 pinball 0.01328  分时小区平均 β -0.213  25.2s
2026-09-29 21:57:56,500 INFO 第  20 轮  训练 0.01313  验证 pinball 0.01355  分时小区平均 β -0.213  25.3s
2026-09-29 21:58:21,658 INFO 第  21 轮  训练 0.01312  验证 pinball 0.01320  分时小区平均 β -0.213  25.2s
2026-09-29 21:58:46,932 INFO 第  22 轮  训练 0.01300  验证 pinball 0.01393  分时小区平均 β -0.213  25.3s
2026-09-29 21:59:12,163 INFO 第  23 轮  训练 0.01295  验证 pinball 0.01352  分时小区平均 β -0.213  25.2s
2026-09-29 21:59:37,274 INFO 第  24 轮  训练 0.01289  验证 pinball 0.01303  分时小区平均 β -0.213  25.1s
2026-09-29 22:00:02,514 INFO 第  25 轮  训练 0.01281  验证 pinball 0.01345  分时小区平均 β -0.213  25.2s
2026-09-29 22:00:29,718 INFO 第  26 轮  训练 0.01274  验证 pinball 0.01296  分时小区平均 β -0.213  27.2s
2026-09-29 22:00:57,682 INFO 第  27 轮  训练 0.01272  验证 pinball 0.01307  分时小区平均 β -0.213  27.9s
2026-09-29 22:01:25,696 INFO 第  28 轮  训练 0.01261  验证 pinball 0.01285  分时小区平均 β -0.213  28.0s
2026-09-29 22:01:53,397 INFO 第  29 轮  训练 0.01262  验证 pinball 0.01326  分时小区平均 β -0.213  27.7s
2026-09-29 22:02:20,997 INFO 第  30 轮  训练 0.01253  验证 pinball 0.01287  分时小区平均 β -0.213  27.6s
2026-09-29 22:02:48,792 INFO 第  31 轮  训练 0.01250  验证 pinball 0.01345  分时小区平均 β -0.213  27.8s
2026-09-29 22:03:16,558 INFO 第  32 轮  训练 0.01246  验证 pinball 0.01330  分时小区平均 β -0.213  27.8s
2026-09-29 22:03:44,268 INFO 第  33 轮  训练 0.01240  验证 pinball 0.01338  分时小区平均 β -0.213  27.7s
2026-09-29 22:04:12,051 INFO 第  34 轮  训练 0.01232  验证 pinball 0.01286  分时小区平均 β -0.213  27.8s
2026-09-29 22:04:39,968 INFO 第  35 轮  训练 0.01231  验证 pinball 0.01327  分时小区平均 β -0.213  27.9s
2026-09-29 22:05:07,624 INFO 第  36 轮  训练 0.01225  验证 pinball 0.01311  分时小区平均 β -0.213  27.7s
2026-09-29 22:05:35,289 INFO 第  37 轮  训练 0.01224  验证 pinball 0.01316  分时小区平均 β -0.213  27.7s
2026-09-29 22:06:02,939 INFO 第  38 轮  训练 0.01218  验证 pinball 0.01293  分时小区平均 β -0.213  27.6s
2026-09-29 22:06:30,707 INFO 第  39 轮  训练 0.01215  验证 pinball 0.01317  分时小区平均 β -0.213  27.8s
2026-09-29 22:06:58,559 INFO 第  40 轮  训练 0.01215  验证 pinball 0.01312  分时小区平均 β -0.213  27.9s
2026-09-29 22:07:26,497 INFO 第  41 轮  训练 0.01208  验证 pinball 0.01380  分时小区平均 β -0.213  27.9s
2026-09-29 22:07:54,294 INFO 第  42 轮  训练 0.01213  验证 pinball 0.01303  分时小区平均 β -0.213  27.8s
2026-09-29 22:08:22,316 INFO 第  43 轮  训练 0.01207  验证 pinball 0.01301  分时小区平均 β -0.213  28.0s
2026-09-29 22:08:22,317 INFO 验证损失 15 轮未改善，提前停止
2026-09-29 22:08:44,824 INFO 测试期 MAE 0.0442  WAPE 0.226  CRPS 0.0257  PICP90 原始 0.844 / ACI 0.901；输出 D:\EV充电因果预测sci论文\05_实验结果\runs\tune_gwn_D32_lr5e-4_do0.3
