2026-10-01 20:46:47,594 INFO 运行 eid_init-0.05_s0，设备 cuda，torch 2.11.0+cu128
2026-10-01 20:46:48,795 INFO 数据：T=4344 N=275 训练/验证/测试起点 3001/409/841；{'train': ('2022-09-01', '2023-01-05'), 'val': ('2023-01-06', '2023-01-23'), 'test': ('2023-01-24', '2023-02-28')}
2026-10-01 20:46:48,925 INFO 模型参数 199,326；锚定方式 free；锚定来源 fivemin_main
2026-10-01 20:47:18,636 INFO 第   1 轮  训练 0.02305  验证 pinball 0.01700  分时小区平均 β -0.053  27.2s
2026-10-01 20:47:45,025 INFO 第   2 轮  训练 0.01836  验证 pinball 0.01611  分时小区平均 β -0.054  26.4s
2026-10-01 20:48:11,409 INFO 第   3 轮  训练 0.01704  验证 pinball 0.01525  分时小区平均 β -0.054  26.4s
2026-10-01 20:48:37,764 INFO 第   4 轮  训练 0.01577  验证 pinball 0.01430  分时小区平均 β -0.054  26.3s
2026-10-01 20:49:04,338 INFO 第   5 轮  训练 0.01494  验证 pinball 0.01439  分时小区平均 β -0.054  26.6s
2026-10-01 20:49:30,775 INFO 第   6 轮  训练 0.01433  验证 pinball 0.01413  分时小区平均 β -0.054  26.4s
2026-10-01 20:49:57,209 INFO 第   7 轮  训练 0.01404  验证 pinball 0.01382  分时小区平均 β -0.054  26.4s
2026-10-01 20:50:23,670 INFO 第   8 轮  训练 0.01383  验证 pinball 0.01359  分时小区平均 β -0.055  26.5s
2026-10-01 20:50:49,979 INFO 第   9 轮  训练 0.01355  验证 pinball 0.01474  分时小区平均 β -0.056  26.3s
2026-10-01 20:51:16,489 INFO 第  10 轮  训练 0.01340  验证 pinball 0.01366  分时小区平均 β -0.057  26.5s
2026-10-01 20:51:43,006 INFO 第  11 轮  训练 0.01328  验证 pinball 0.01320  分时小区平均 β -0.058  26.5s
2026-10-01 20:52:09,587 INFO 第  12 轮  训练 0.01305  验证 pinball 0.01299  分时小区平均 β -0.059  26.6s
2026-10-01 20:52:36,116 INFO 第  13 轮  训练 0.01295  验证 pinball 0.01324  分时小区平均 β -0.061  26.5s
2026-10-01 20:53:02,608 INFO 第  14 轮  训练 0.01288  验证 pinball 0.01330  分时小区平均 β -0.062  26.5s
2026-10-01 20:53:29,091 INFO 第  15 轮  训练 0.01274  验证 pinball 0.01300  分时小区平均 β -0.064  26.5s
2026-10-01 20:53:55,542 INFO 第  16 轮  训练 0.01258  验证 pinball 0.01291  分时小区平均 β -0.065  26.5s
2026-10-01 20:54:22,091 INFO 第  17 轮  训练 0.01254  验证 pinball 0.01304  分时小区平均 β -0.067  26.5s
2026-10-01 20:54:48,503 INFO 第  18 轮  训练 0.01238  验证 pinball 0.01314  分时小区平均 β -0.068  26.4s
2026-10-01 20:55:14,862 INFO 第  19 轮  训练 0.01230  验证 pinball 0.01303  分时小区平均 β -0.070  26.4s
2026-10-01 20:55:41,190 INFO 第  20 轮  训练 0.01223  验证 pinball 0.01302  分时小区平均 β -0.072  26.3s
2026-10-01 20:56:07,679 INFO 第  21 轮  训练 0.01221  验证 pinball 0.01314  分时小区平均 β -0.074  26.5s
2026-10-01 20:56:34,099 INFO 第  22 轮  训练 0.01208  验证 pinball 0.01311  分时小区平均 β -0.076  26.4s
2026-10-01 20:57:00,718 INFO 第  23 轮  训练 0.01202  验证 pinball 0.01291  分时小区平均 β -0.078  26.6s
2026-10-01 20:57:27,163 INFO 第  24 轮  训练 0.01202  验证 pinball 0.01307  分时小区平均 β -0.081  26.4s
2026-10-01 20:57:53,643 INFO 第  25 轮  训练 0.01190  验证 pinball 0.01343  分时小区平均 β -0.083  26.5s
2026-10-01 20:58:20,124 INFO 第  26 轮  训练 0.01188  验证 pinball 0.01323  分时小区平均 β -0.085  26.5s
2026-10-01 20:58:46,624 INFO 第  27 轮  训练 0.01187  验证 pinball 0.01303  分时小区平均 β -0.087  26.5s
2026-10-01 20:59:13,102 INFO 第  28 轮  训练 0.01179  验证 pinball 0.01276  分时小区平均 β -0.089  26.5s
2026-10-01 20:59:39,409 INFO 第  29 轮  训练 0.01171  验证 pinball 0.01301  分时小区平均 β -0.091  26.3s
2026-10-01 21:00:05,990 INFO 第  30 轮  训练 0.01165  验证 pinball 0.01318  分时小区平均 β -0.093  26.6s
2026-10-01 21:00:32,409 INFO 第  31 轮  训练 0.01164  验证 pinball 0.01337  分时小区平均 β -0.094  26.4s
2026-10-01 21:00:58,888 INFO 第  32 轮  训练 0.01161  验证 pinball 0.01343  分时小区平均 β -0.096  26.5s
2026-10-01 21:01:25,339 INFO 第  33 轮  训练 0.01158  验证 pinball 0.01342  分时小区平均 β -0.098  26.5s
2026-10-01 21:01:51,827 INFO 第  34 轮  训练 0.01148  验证 pinball 0.01319  分时小区平均 β -0.099  26.5s
2026-10-01 21:02:18,318 INFO 第  35 轮  训练 0.01146  验证 pinball 0.01388  分时小区平均 β -0.100  26.5s
2026-10-01 21:02:44,814 INFO 第  36 轮  训练 0.01142  验证 pinball 0.01315  分时小区平均 β -0.102  26.5s
2026-10-01 21:03:11,247 INFO 第  37 轮  训练 0.01142  验证 pinball 0.01337  分时小区平均 β -0.103  26.4s
2026-10-01 21:03:37,661 INFO 第  38 轮  训练 0.01129  验证 pinball 0.01364  分时小区平均 β -0.104  26.4s
2026-10-01 21:04:04,065 INFO 第  39 轮  训练 0.01124  验证 pinball 0.01343  分时小区平均 β -0.105  26.4s
2026-10-01 21:04:30,563 INFO 第  40 轮  训练 0.01127  验证 pinball 0.01336  分时小区平均 β -0.106  26.5s
2026-10-01 21:04:57,167 INFO 第  41 轮  训练 0.01124  验证 pinball 0.01380  分时小区平均 β -0.107  26.6s
2026-10-01 21:05:23,746 INFO 第  42 轮  训练 0.01116  验证 pinball 0.01378  分时小区平均 β -0.107  26.6s
2026-10-01 21:05:50,163 INFO 第  43 轮  训练 0.01112  验证 pinball 0.01357  分时小区平均 β -0.108  26.4s
2026-10-01 21:05:50,163 INFO 验证损失 15 轮未改善，提前停止
2026-10-01 21:05:54,909 INFO 切换点一致性（all）：观测 β -1.180（0.393）  模型 β -0.423（0.212）
2026-10-01 21:05:55,153 INFO 切换点一致性（novel）：观测 β -0.367（0.505）  模型 β -0.183（0.279）
2026-10-01 21:06:07,811 INFO 测试期 MAE 0.0444  WAPE 0.227  CRPS 0.0260  PICP90 原始 0.817 / ACI 0.901；输出 D:\EV充电因果预测sci论文\05_实验结果\runs\eid_init-0.05_s0
