2026-10-02 02:23:21,094 INFO 运行 eid_profile-2.0_s0，设备 cuda，torch 2.11.0+cu128
2026-10-02 02:23:22,478 INFO 数据：T=4344 N=275 训练/验证/测试起点 3001/409/841；{'train': ('2022-09-01', '2023-01-05'), 'val': ('2023-01-06', '2023-01-23'), 'test': ('2023-01-24', '2023-02-28')}
2026-10-02 02:23:22,638 INFO 模型参数 198,211；锚定方式 cut；锚定来源 fivemin_main|fixed_beta=-2.0
2026-10-02 02:23:53,368 INFO 第   1 轮  训练 0.02316  验证 pinball 0.01728  分时小区平均 β -2.000  27.5s
2026-10-02 02:24:20,162 INFO 第   2 轮  训练 0.01862  验证 pinball 0.01675  分时小区平均 β -2.000  26.8s
2026-10-02 02:24:46,830 INFO 第   3 轮  训练 0.01744  验证 pinball 0.01550  分时小区平均 β -2.000  26.7s
2026-10-02 02:25:13,542 INFO 第   4 轮  训练 0.01625  验证 pinball 0.01472  分时小区平均 β -2.000  26.7s
2026-10-02 02:25:40,348 INFO 第   5 轮  训练 0.01530  验证 pinball 0.01449  分时小区平均 β -2.000  26.8s
2026-10-02 02:26:07,120 INFO 第   6 轮  训练 0.01466  验证 pinball 0.01413  分时小区平均 β -2.000  26.8s
2026-10-02 02:26:33,965 INFO 第   7 轮  训练 0.01433  验证 pinball 0.01436  分时小区平均 β -2.000  26.8s
2026-10-02 02:27:00,795 INFO 第   8 轮  训练 0.01415  验证 pinball 0.01392  分时小区平均 β -2.000  26.8s
2026-10-02 02:27:27,449 INFO 第   9 轮  训练 0.01384  验证 pinball 0.01492  分时小区平均 β -2.000  26.6s
2026-10-02 02:27:54,182 INFO 第  10 轮  训练 0.01367  验证 pinball 0.01403  分时小区平均 β -2.000  26.7s
2026-10-02 02:28:20,945 INFO 第  11 轮  训练 0.01355  验证 pinball 0.01358  分时小区平均 β -2.000  26.8s
2026-10-02 02:28:47,588 INFO 第  12 轮  训练 0.01332  验证 pinball 0.01342  分时小区平均 β -2.000  26.6s
2026-10-02 02:29:14,401 INFO 第  13 轮  训练 0.01320  验证 pinball 0.01347  分时小区平均 β -2.000  26.8s
2026-10-02 02:29:41,210 INFO 第  14 轮  训练 0.01311  验证 pinball 0.01343  分时小区平均 β -2.000  26.8s
2026-10-02 02:30:08,008 INFO 第  15 轮  训练 0.01298  验证 pinball 0.01338  分时小区平均 β -2.000  26.8s
2026-10-02 02:30:34,727 INFO 第  16 轮  训练 0.01285  验证 pinball 0.01338  分时小区平均 β -2.000  26.7s
2026-10-02 02:31:01,479 INFO 第  17 轮  训练 0.01279  验证 pinball 0.01334  分时小区平均 β -2.000  26.8s
2026-10-02 02:31:28,171 INFO 第  18 轮  训练 0.01265  验证 pinball 0.01341  分时小区平均 β -2.000  26.7s
2026-10-02 02:31:54,818 INFO 第  19 轮  训练 0.01257  验证 pinball 0.01338  分时小区平均 β -2.000  26.6s
2026-10-02 02:32:21,387 INFO 第  20 轮  训练 0.01249  验证 pinball 0.01330  分时小区平均 β -2.000  26.6s
2026-10-02 02:32:48,263 INFO 第  21 轮  训练 0.01243  验证 pinball 0.01347  分时小区平均 β -2.000  26.9s
2026-10-02 02:33:14,950 INFO 第  22 轮  训练 0.01236  验证 pinball 0.01345  分时小区平均 β -2.000  26.7s
2026-10-02 02:33:41,684 INFO 第  23 轮  训练 0.01226  验证 pinball 0.01326  分时小区平均 β -2.000  26.7s
2026-10-02 02:34:08,566 INFO 第  24 轮  训练 0.01228  验证 pinball 0.01346  分时小区平均 β -2.000  26.9s
2026-10-02 02:34:35,261 INFO 第  25 轮  训练 0.01215  验证 pinball 0.01348  分时小区平均 β -2.000  26.7s
2026-10-02 02:35:02,075 INFO 第  26 轮  训练 0.01209  验证 pinball 0.01347  分时小区平均 β -2.000  26.8s
2026-10-02 02:35:28,905 INFO 第  27 轮  训练 0.01207  验证 pinball 0.01336  分时小区平均 β -2.000  26.8s
2026-10-02 02:35:55,651 INFO 第  28 轮  训练 0.01199  验证 pinball 0.01322  分时小区平均 β -2.000  26.7s
2026-10-02 02:36:22,438 INFO 第  29 轮  训练 0.01190  验证 pinball 0.01343  分时小区平均 β -2.000  26.8s
2026-10-02 02:36:49,237 INFO 第  30 轮  训练 0.01188  验证 pinball 0.01364  分时小区平均 β -2.000  26.8s
2026-10-02 02:37:16,025 INFO 第  31 轮  训练 0.01182  验证 pinball 0.01363  分时小区平均 β -2.000  26.8s
2026-10-02 02:37:42,897 INFO 第  32 轮  训练 0.01180  验证 pinball 0.01361  分时小区平均 β -2.000  26.9s
2026-10-02 02:38:09,719 INFO 第  33 轮  训练 0.01173  验证 pinball 0.01372  分时小区平均 β -2.000  26.8s
2026-10-02 02:38:36,435 INFO 第  34 轮  训练 0.01165  验证 pinball 0.01375  分时小区平均 β -2.000  26.7s
2026-10-02 02:39:03,038 INFO 第  35 轮  训练 0.01167  验证 pinball 0.01365  分时小区平均 β -2.000  26.6s
2026-10-02 02:39:29,699 INFO 第  36 轮  训练 0.01160  验证 pinball 0.01361  分时小区平均 β -2.000  26.7s
2026-10-02 02:39:56,448 INFO 第  37 轮  训练 0.01158  验证 pinball 0.01365  分时小区平均 β -2.000  26.7s
2026-10-02 02:40:23,069 INFO 第  38 轮  训练 0.01143  验证 pinball 0.01395  分时小区平均 β -2.000  26.6s
2026-10-02 02:40:49,762 INFO 第  39 轮  训练 0.01141  验证 pinball 0.01385  分时小区平均 β -2.000  26.7s
2026-10-02 02:41:16,670 INFO 第  40 轮  训练 0.01138  验证 pinball 0.01377  分时小区平均 β -2.000  26.9s
2026-10-02 02:41:43,371 INFO 第  41 轮  训练 0.01139  验证 pinball 0.01458  分时小区平均 β -2.000  26.7s
2026-10-02 02:42:10,197 INFO 第  42 轮  训练 0.01132  验证 pinball 0.01409  分时小区平均 β -2.000  26.8s
2026-10-02 02:42:36,969 INFO 第  43 轮  训练 0.01124  验证 pinball 0.01400  分时小区平均 β -2.000  26.8s
2026-10-02 02:42:36,970 INFO 验证损失 15 轮未改善，提前停止
2026-10-02 02:42:41,812 INFO 切换点一致性（all）：观测 β -1.180（0.393）  模型 β -1.427（0.234）
2026-10-02 02:42:42,141 INFO 切换点一致性（novel）：观测 β -0.367（0.505）  模型 β -1.014（0.325）
2026-10-02 02:42:59,246 INFO 测试期 MAE 0.0455  WAPE 0.233  CRPS 0.0267  PICP90 原始 0.813 / ACI 0.901；输出 D:\EV充电因果预测sci论文\05_实验结果\runs\eid_profile-2.0_s0
