2026-10-01 14:15:03,028 INFO 运行 abl_A13_soft0.1_s1，设备 cuda，torch 2.11.0+cu128
2026-10-01 14:15:04,481 INFO 数据：T=4344 N=275 训练/验证/测试起点 3001/409/841；{'train': ('2022-09-01', '2023-01-05'), 'val': ('2023-01-06', '2023-01-23'), 'test': ('2023-01-24', '2023-02-28')}
2026-10-01 14:15:04,631 INFO 模型参数 199,326；锚定方式 soft；锚定来源 fivemin_main
2026-10-01 14:15:36,955 INFO 第   1 轮  训练 0.02278  验证 pinball 0.01806  分时小区平均 β -0.213  28.1s
2026-10-01 14:16:04,516 INFO 第   2 轮  训练 0.01840  验证 pinball 0.01601  分时小区平均 β -0.213  27.6s
2026-10-01 14:16:32,000 INFO 第   3 轮  训练 0.01699  验证 pinball 0.01493  分时小区平均 β -0.213  27.5s
2026-10-01 14:16:59,452 INFO 第   4 轮  训练 0.01569  验证 pinball 0.01484  分时小区平均 β -0.213  27.4s
2026-10-01 14:17:27,020 INFO 第   5 轮  训练 0.01484  验证 pinball 0.01441  分时小区平均 β -0.213  27.6s
2026-10-01 14:17:54,624 INFO 第   6 轮  训练 0.01424  验证 pinball 0.01379  分时小区平均 β -0.213  27.6s
2026-10-01 14:18:22,171 INFO 第   7 轮  训练 0.01403  验证 pinball 0.01399  分时小区平均 β -0.213  27.5s
2026-10-01 14:18:49,858 INFO 第   8 轮  训练 0.01371  验证 pinball 0.01338  分时小区平均 β -0.213  27.7s
2026-10-01 14:19:17,495 INFO 第   9 轮  训练 0.01342  验证 pinball 0.01328  分时小区平均 β -0.213  27.6s
2026-10-01 14:19:45,151 INFO 第  10 轮  训练 0.01334  验证 pinball 0.01322  分时小区平均 β -0.213  27.6s
2026-10-01 14:20:12,809 INFO 第  11 轮  训练 0.01317  验证 pinball 0.01321  分时小区平均 β -0.213  27.6s
2026-10-01 14:20:40,385 INFO 第  12 轮  训练 0.01305  验证 pinball 0.01371  分时小区平均 β -0.213  27.6s
2026-10-01 14:21:08,014 INFO 第  13 轮  训练 0.01288  验证 pinball 0.01327  分时小区平均 β -0.213  27.6s
2026-10-01 14:21:35,638 INFO 第  14 轮  训练 0.01272  验证 pinball 0.01345  分时小区平均 β -0.213  27.6s
2026-10-01 14:22:03,294 INFO 第  15 轮  训练 0.01264  验证 pinball 0.01288  分时小区平均 β -0.213  27.7s
2026-10-01 14:22:30,179 INFO 第  16 轮  训练 0.01266  验证 pinball 0.01332  分时小区平均 β -0.213  26.9s
2026-10-01 14:22:55,252 INFO 第  17 轮  训练 0.01244  验证 pinball 0.01294  分时小区平均 β -0.213  25.1s
2026-10-01 14:23:20,577 INFO 第  18 轮  训练 0.01235  验证 pinball 0.01293  分时小区平均 β -0.213  25.3s
2026-10-01 14:23:45,339 INFO 第  19 轮  训练 0.01226  验证 pinball 0.01309  分时小区平均 β -0.213  24.8s
2026-10-01 14:24:10,217 INFO 第  20 轮  训练 0.01228  验证 pinball 0.01286  分时小区平均 β -0.213  24.9s
2026-10-01 14:24:34,940 INFO 第  21 轮  训练 0.01211  验证 pinball 0.01321  分时小区平均 β -0.213  24.7s
2026-10-01 14:24:59,531 INFO 第  22 轮  训练 0.01207  验证 pinball 0.01410  分时小区平均 β -0.213  24.6s
2026-10-01 14:25:24,341 INFO 第  23 轮  训练 0.01202  验证 pinball 0.01302  分时小区平均 β -0.213  24.8s
2026-10-01 14:25:49,067 INFO 第  24 轮  训练 0.01193  验证 pinball 0.01313  分时小区平均 β -0.213  24.7s
2026-10-01 14:26:13,765 INFO 第  25 轮  训练 0.01192  验证 pinball 0.01299  分时小区平均 β -0.213  24.7s
2026-10-01 14:26:38,567 INFO 第  26 轮  训练 0.01185  验证 pinball 0.01340  分时小区平均 β -0.213  24.8s
2026-10-01 14:27:03,189 INFO 第  27 轮  训练 0.01171  验证 pinball 0.01311  分时小区平均 β -0.213  24.6s
2026-10-01 14:27:27,883 INFO 第  28 轮  训练 0.01172  验证 pinball 0.01398  分时小区平均 β -0.213  24.7s
2026-10-01 14:27:52,550 INFO 第  29 轮  训练 0.01169  验证 pinball 0.01308  分时小区平均 β -0.213  24.7s
2026-10-01 14:28:18,992 INFO 第  30 轮  训练 0.01153  验证 pinball 0.01322  分时小区平均 β -0.213  26.4s
2026-10-01 14:28:46,634 INFO 第  31 轮  训练 0.01154  验证 pinball 0.01316  分时小区平均 β -0.213  27.6s
2026-10-01 14:29:14,387 INFO 第  32 轮  训练 0.01138  验证 pinball 0.01353  分时小区平均 β -0.213  27.8s
2026-10-01 14:29:41,981 INFO 第  33 轮  训练 0.01136  验证 pinball 0.01330  分时小区平均 β -0.213  27.6s
2026-10-01 14:30:09,669 INFO 第  34 轮  训练 0.01135  验证 pinball 0.01320  分时小区平均 β -0.213  27.7s
2026-10-01 14:30:37,164 INFO 第  35 轮  训练 0.01131  验证 pinball 0.01327  分时小区平均 β -0.213  27.5s
2026-10-01 14:30:37,164 INFO 验证损失 15 轮未改善，提前停止
2026-10-01 14:30:42,175 INFO 切换点一致性（all）：观测 β -1.180（0.393）  模型 β -0.494（0.210）
2026-10-01 14:30:42,439 INFO 切换点一致性（novel）：观测 β -0.367（0.505）  模型 β -0.188（0.266）
2026-10-01 14:30:58,262 INFO 测试期 MAE 0.0452  WAPE 0.231  CRPS 0.0262  PICP90 原始 0.834 / ACI 0.900；输出 D:\EV充电因果预测sci论文\05_实验结果\runs\abl_A13_soft0.1_s1
