2026-10-01 15:33:36,979 INFO 运行 abl_A2_none_s2，设备 cuda，torch 2.11.0+cu128
2026-10-01 15:33:38,250 INFO 数据：T=4344 N=275 训练/验证/测试起点 3001/409/841；{'train': ('2022-09-01', '2023-01-05'), 'val': ('2023-01-06', '2023-01-23'), 'test': ('2023-01-24', '2023-02-28')}
2026-10-01 15:33:38,404 INFO 模型参数 199,326；锚定方式 none；锚定来源 fivemin_main
2026-10-01 15:34:08,697 INFO 第   1 轮  训练 0.02309  验证 pinball 0.01820  分时小区平均 β -0.280  27.7s
2026-10-01 15:34:35,488 INFO 第   2 轮  训练 0.01839  验证 pinball 0.01578  分时小区平均 β -0.259  26.8s
2026-10-01 15:35:02,288 INFO 第   3 轮  训练 0.01685  验证 pinball 0.01473  分时小区平均 β -0.221  26.8s
2026-10-01 15:35:29,080 INFO 第   4 轮  训练 0.01550  验证 pinball 0.01440  分时小区平均 β -0.188  26.8s
2026-10-01 15:35:55,870 INFO 第   5 轮  训练 0.01474  验证 pinball 0.01437  分时小区平均 β -0.165  26.8s
2026-10-01 15:36:22,714 INFO 第   6 轮  训练 0.01436  验证 pinball 0.01391  分时小区平均 β -0.158  26.8s
2026-10-01 15:36:49,512 INFO 第   7 轮  训练 0.01401  验证 pinball 0.01373  分时小区平均 β -0.157  26.8s
2026-10-01 15:37:16,302 INFO 第   8 轮  训练 0.01371  验证 pinball 0.01368  分时小区平均 β -0.159  26.8s
2026-10-01 15:37:43,131 INFO 第   9 轮  训练 0.01351  验证 pinball 0.01346  分时小区平均 β -0.163  26.8s
2026-10-01 15:38:09,975 INFO 第  10 轮  训练 0.01337  验证 pinball 0.01358  分时小区平均 β -0.165  26.8s
2026-10-01 15:38:36,757 INFO 第  11 轮  训练 0.01318  验证 pinball 0.01360  分时小区平均 β -0.169  26.8s
2026-10-01 15:39:03,568 INFO 第  12 轮  训练 0.01297  验证 pinball 0.01314  分时小区平均 β -0.171  26.8s
2026-10-01 15:39:30,416 INFO 第  13 轮  训练 0.01293  验证 pinball 0.01358  分时小区平均 β -0.173  26.8s
2026-10-01 15:39:57,096 INFO 第  14 轮  训练 0.01279  验证 pinball 0.01380  分时小区平均 β -0.175  26.7s
2026-10-01 15:40:24,086 INFO 第  15 轮  训练 0.01265  验证 pinball 0.01312  分时小区平均 β -0.175  27.0s
2026-10-01 15:40:50,913 INFO 第  16 轮  训练 0.01255  验证 pinball 0.01408  分时小区平均 β -0.173  26.8s
2026-10-01 15:41:17,716 INFO 第  17 轮  训练 0.01254  验证 pinball 0.01311  分时小区平均 β -0.173  26.8s
2026-10-01 15:41:44,605 INFO 第  18 轮  训练 0.01239  验证 pinball 0.01312  分时小区平均 β -0.172  26.9s
2026-10-01 15:42:11,302 INFO 第  19 轮  训练 0.01226  验证 pinball 0.01344  分时小区平均 β -0.171  26.7s
2026-10-01 15:42:37,971 INFO 第  20 轮  训练 0.01220  验证 pinball 0.01370  分时小区平均 β -0.171  26.7s
2026-10-01 15:43:04,718 INFO 第  21 轮  训练 0.01211  验证 pinball 0.01382  分时小区平均 β -0.171  26.7s
2026-10-01 15:43:31,624 INFO 第  22 轮  训练 0.01208  验证 pinball 0.01329  分时小区平均 β -0.171  26.9s
2026-10-01 15:43:58,362 INFO 第  23 轮  训练 0.01198  验证 pinball 0.01367  分时小区平均 β -0.171  26.7s
2026-10-01 15:44:25,216 INFO 第  24 轮  训练 0.01187  验证 pinball 0.01324  分时小区平均 β -0.170  26.9s
2026-10-01 15:44:51,896 INFO 第  25 轮  训练 0.01182  验证 pinball 0.01326  分时小区平均 β -0.169  26.7s
2026-10-01 15:45:18,575 INFO 第  26 轮  训练 0.01183  验证 pinball 0.01364  分时小区平均 β -0.167  26.7s
2026-10-01 15:45:45,158 INFO 第  27 轮  训练 0.01170  验证 pinball 0.01365  分时小区平均 β -0.166  26.6s
2026-10-01 15:46:11,895 INFO 第  28 轮  训练 0.01166  验证 pinball 0.01356  分时小区平均 β -0.165  26.7s
2026-10-01 15:46:38,707 INFO 第  29 轮  训练 0.01166  验证 pinball 0.01347  分时小区平均 β -0.164  26.8s
2026-10-01 15:47:05,443 INFO 第  30 轮  训练 0.01152  验证 pinball 0.01478  分时小区平均 β -0.162  26.7s
2026-10-01 15:47:32,242 INFO 第  31 轮  训练 0.01156  验证 pinball 0.01355  分时小区平均 β -0.161  26.8s
2026-10-01 15:47:58,886 INFO 第  32 轮  训练 0.01147  验证 pinball 0.01394  分时小区平均 β -0.160  26.6s
2026-10-01 15:47:58,886 INFO 验证损失 15 轮未改善，提前停止
2026-10-01 15:48:03,784 INFO 切换点一致性（all）：观测 β -1.180（0.393）  模型 β -0.462（0.213）
2026-10-01 15:48:04,081 INFO 切换点一致性（novel）：观测 β -0.367（0.505）  模型 β -0.119（0.224）
2026-10-01 15:48:18,735 INFO 测试期 MAE 0.0443  WAPE 0.227  CRPS 0.0256  PICP90 原始 0.850 / ACI 0.902；输出 D:\EV充电因果预测sci论文\05_实验结果\runs\abl_A2_none_s2
