2026-10-01 05:07:40,895 INFO 运行 base_gwn_blind_s3，设备 cuda，torch 2.11.0+cu128
2026-10-01 05:07:41,879 INFO 数据：T=4344 N=275 训练/验证/测试起点 3001/409/841；{'train': ('2022-09-01', '2023-01-05'), 'val': ('2023-01-06', '2023-01-23'), 'test': ('2023-01-24', '2023-02-28')}
2026-10-01 05:07:42,018 INFO 模型参数 198,211；锚定方式 cut；锚定来源 fivemin_main
2026-10-01 05:08:12,370 INFO 第   1 轮  训练 0.02295  验证 pinball 0.01764  分时小区平均 β +nan  27.3s
2026-10-01 05:08:39,020 INFO 第   2 轮  训练 0.01872  验证 pinball 0.01631  分时小区平均 β +nan  26.6s
2026-10-01 05:09:05,773 INFO 第   3 轮  训练 0.01736  验证 pinball 0.01552  分时小区平均 β +nan  26.7s
2026-10-01 05:09:32,570 INFO 第   4 轮  训练 0.01607  验证 pinball 0.01552  分时小区平均 β +nan  26.8s
2026-10-01 05:09:59,409 INFO 第   5 轮  训练 0.01515  验证 pinball 0.01424  分时小区平均 β +nan  26.8s
2026-10-01 05:10:26,074 INFO 第   6 轮  训练 0.01453  验证 pinball 0.01430  分时小区平均 β +nan  26.7s
2026-10-01 05:10:52,766 INFO 第   7 轮  训练 0.01404  验证 pinball 0.01406  分时小区平均 β +nan  26.7s
2026-10-01 05:11:19,556 INFO 第   8 轮  训练 0.01370  验证 pinball 0.01362  分时小区平均 β +nan  26.8s
2026-10-01 05:11:46,131 INFO 第   9 轮  训练 0.01346  验证 pinball 0.01344  分时小区平均 β +nan  26.6s
2026-10-01 05:12:12,867 INFO 第  10 轮  训练 0.01331  验证 pinball 0.01387  分时小区平均 β +nan  26.7s
2026-10-01 05:12:39,544 INFO 第  11 轮  训练 0.01310  验证 pinball 0.01318  分时小区平均 β +nan  26.7s
2026-10-01 05:13:06,355 INFO 第  12 轮  训练 0.01302  验证 pinball 0.01359  分时小区平均 β +nan  26.8s
2026-10-01 05:13:33,101 INFO 第  13 轮  训练 0.01280  验证 pinball 0.01365  分时小区平均 β +nan  26.7s
2026-10-01 05:13:59,904 INFO 第  14 轮  训练 0.01269  验证 pinball 0.01375  分时小区平均 β +nan  26.8s
2026-10-01 05:14:26,650 INFO 第  15 轮  训练 0.01260  验证 pinball 0.01304  分时小区平均 β +nan  26.7s
2026-10-01 05:14:53,505 INFO 第  16 轮  训练 0.01255  验证 pinball 0.01330  分时小区平均 β +nan  26.8s
2026-10-01 05:15:20,194 INFO 第  17 轮  训练 0.01242  验证 pinball 0.01325  分时小区平均 β +nan  26.7s
2026-10-01 05:15:46,924 INFO 第  18 轮  训练 0.01234  验证 pinball 0.01409  分时小区平均 β +nan  26.7s
2026-10-01 05:16:13,766 INFO 第  19 轮  训练 0.01221  验证 pinball 0.01381  分时小区平均 β +nan  26.8s
2026-10-01 05:16:40,434 INFO 第  20 轮  训练 0.01216  验证 pinball 0.01333  分时小区平均 β +nan  26.7s
2026-10-01 05:17:07,365 INFO 第  21 轮  训练 0.01221  验证 pinball 0.01309  分时小区平均 β +nan  26.9s
2026-10-01 05:17:34,140 INFO 第  22 轮  训练 0.01202  验证 pinball 0.01375  分时小区平均 β +nan  26.8s
2026-10-01 05:18:00,943 INFO 第  23 轮  训练 0.01201  验证 pinball 0.01311  分时小区平均 β +nan  26.8s
2026-10-01 05:18:27,900 INFO 第  24 轮  训练 0.01190  验证 pinball 0.01345  分时小区平均 β +nan  27.0s
2026-10-01 05:18:54,675 INFO 第  25 轮  训练 0.01185  验证 pinball 0.01368  分时小区平均 β +nan  26.8s
2026-10-01 05:19:21,262 INFO 第  26 轮  训练 0.01175  验证 pinball 0.01347  分时小区平均 β +nan  26.6s
2026-10-01 05:19:48,111 INFO 第  27 轮  训练 0.01173  验证 pinball 0.01357  分时小区平均 β +nan  26.8s
2026-10-01 05:20:14,837 INFO 第  28 轮  训练 0.01168  验证 pinball 0.01421  分时小区平均 β +nan  26.7s
2026-10-01 05:20:41,613 INFO 第  29 轮  训练 0.01163  验证 pinball 0.01333  分时小区平均 β +nan  26.8s
2026-10-01 05:21:08,416 INFO 第  30 轮  训练 0.01155  验证 pinball 0.01343  分时小区平均 β +nan  26.8s
2026-10-01 05:21:08,417 INFO 验证损失 15 轮未改善，提前停止
2026-10-01 05:21:13,294 INFO 切换点一致性（all）：观测 β -1.180（0.393）  模型 β -0.447（0.206）
2026-10-01 05:21:13,525 INFO 切换点一致性（novel）：观测 β -0.367（0.505）  模型 β -0.209（0.225）
2026-10-01 05:21:31,642 INFO 测试期 MAE 0.0444  WAPE 0.227  CRPS 0.0257  PICP90 原始 0.843 / ACI 0.900；输出 D:\EV充电因果预测sci论文\05_实验结果\runs\base_gwn_blind_s3
