2026-10-01 20:05:08,840 INFO 运行 ess_rho0_A2none_s0，设备 cuda，torch 2.11.0+cu128
2026-10-01 20:05:22,622 INFO E-SS 半合成数据：109 个小区（处理组 54），ρ = 0.0，真实弹性 [-0.2, -0.8, -1.5]；锚定 cells（在合成训练期上重新估计）
2026-10-01 20:05:22,622 INFO 数据：T=4344 N=109 训练/验证/测试起点 3001/409/841；{'train': ('2022-09-01', '2023-01-05'), 'val': ('2023-01-06', '2023-01-23'), 'test': ('2023-01-24', '2023-02-28')}
2026-10-01 20:05:22,799 INFO 模型参数 195,342；锚定方式 none；锚定来源 ess_cells
2026-10-01 20:05:35,718 INFO 第   1 轮  训练 0.02353  验证 pinball 0.01808  分时小区平均 β -1.342  9.7s
2026-10-01 20:05:45,053 INFO 第   2 轮  训练 0.01836  验证 pinball 0.01681  分时小区平均 β -1.290  9.3s
2026-10-01 20:05:54,046 INFO 第   3 轮  训练 0.01664  验证 pinball 0.01520  分时小区平均 β -1.240  9.0s
2026-10-01 20:06:02,820 INFO 第   4 轮  训练 0.01526  验证 pinball 0.01460  分时小区平均 β -1.198  8.8s
2026-10-01 20:06:11,751 INFO 第   5 轮  训练 0.01416  验证 pinball 0.01456  分时小区平均 β -1.165  8.9s
2026-10-01 20:06:20,895 INFO 第   6 轮  训练 0.01347  验证 pinball 0.01457  分时小区平均 β -1.142  9.1s
2026-10-01 20:06:29,583 INFO 第   7 轮  训练 0.01320  验证 pinball 0.01443  分时小区平均 β -1.127  8.7s
2026-10-01 20:06:38,404 INFO 第   8 轮  训练 0.01292  验证 pinball 0.01399  分时小区平均 β -1.117  8.8s
2026-10-01 20:06:47,221 INFO 第   9 轮  训练 0.01268  验证 pinball 0.01533  分时小区平均 β -1.112  8.8s
2026-10-01 20:06:56,385 INFO 第  10 轮  训练 0.01254  验证 pinball 0.01424  分时小区平均 β -1.109  9.2s
2026-10-01 20:07:05,731 INFO 第  11 轮  训练 0.01236  验证 pinball 0.01504  分时小区平均 β -1.108  9.3s
2026-10-01 20:07:14,701 INFO 第  12 轮  训练 0.01219  验证 pinball 0.01414  分时小区平均 β -1.108  9.0s
2026-10-01 20:07:23,675 INFO 第  13 轮  训练 0.01209  验证 pinball 0.01415  分时小区平均 β -1.107  9.0s
2026-10-01 20:07:33,000 INFO 第  14 轮  训练 0.01197  验证 pinball 0.01428  分时小区平均 β -1.110  9.3s
2026-10-01 20:07:41,941 INFO 第  15 轮  训练 0.01181  验证 pinball 0.01408  分时小区平均 β -1.112  8.9s
2026-10-01 20:07:50,738 INFO 第  16 轮  训练 0.01177  验证 pinball 0.01411  分时小区平均 β -1.112  8.8s
2026-10-01 20:07:59,775 INFO 第  17 轮  训练 0.01164  验证 pinball 0.01444  分时小区平均 β -1.114  9.0s
2026-10-01 20:08:08,651 INFO 第  18 轮  训练 0.01154  验证 pinball 0.01496  分时小区平均 β -1.116  8.9s
2026-10-01 20:08:17,758 INFO 第  19 轮  训练 0.01138  验证 pinball 0.01485  分时小区平均 β -1.116  9.1s
2026-10-01 20:08:26,566 INFO 第  20 轮  训练 0.01139  验证 pinball 0.01460  分时小区平均 β -1.116  8.8s
2026-10-01 20:08:35,726 INFO 第  21 轮  训练 0.01129  验证 pinball 0.01594  分时小区平均 β -1.116  9.2s
2026-10-01 20:08:44,873 INFO 第  22 轮  训练 0.01113  验证 pinball 0.01460  分时小区平均 β -1.117  9.1s
2026-10-01 20:08:53,980 INFO 第  23 轮  训练 0.01102  验证 pinball 0.01492  分时小区平均 β -1.118  9.1s
2026-10-01 20:08:53,981 INFO 验证损失 15 轮未改善，提前停止
2026-10-01 20:08:59,494 INFO E-SS flat：真实隐含弹性 -1.102；模型 -1.103（反事实 MAE 0.0447）；插补 P0 -1.369（0.0450）
2026-10-01 20:08:59,494 INFO E-SS spread1.5：真实隐含弹性 -1.101；模型 -1.102（反事实 MAE 0.0450）；插补 P0 -1.369（0.0450）
2026-10-01 20:09:07,359 INFO 测试期 MAE 0.0471  WAPE 0.247  CRPS 0.0272  PICP90 原始 0.850 / ACI 0.902；输出 D:\EV充电因果预测sci论文\05_实验结果\runs\ess_rho0_A2none_s0
