2026-10-01 16:45:58,041 INFO 运行 abl_A6_priceinput_s2，设备 cuda，torch 2.11.0+cu128
2026-10-01 16:45:59,161 INFO 数据：T=4344 N=275 训练/验证/测试起点 3001/409/841；{'train': ('2022-09-01', '2023-01-05'), 'val': ('2023-01-06', '2023-01-23'), 'test': ('2023-01-24', '2023-02-28')}
2026-10-01 16:45:59,335 INFO 模型参数 198,627；锚定方式 cut；锚定来源 fivemin_main
2026-10-01 16:46:30,498 INFO 第   1 轮  训练 0.02275  验证 pinball 0.01737  分时小区平均 β +nan  27.8s
2026-10-01 16:46:57,462 INFO 第   2 轮  训练 0.01836  验证 pinball 0.01578  分时小区平均 β +nan  27.0s
2026-10-01 16:47:24,447 INFO 第   3 轮  训练 0.01709  验证 pinball 0.01506  分时小区平均 β +nan  27.0s
2026-10-01 16:47:51,372 INFO 第   4 轮  训练 0.01584  验证 pinball 0.01485  分时小区平均 β +nan  26.9s
2026-10-01 16:48:18,353 INFO 第   5 轮  训练 0.01491  验证 pinball 0.01410  分时小区平均 β +nan  27.0s
2026-10-01 16:48:45,170 INFO 第   6 轮  训练 0.01440  验证 pinball 0.01389  分时小区平均 β +nan  26.8s
2026-10-01 16:49:12,100 INFO 第   7 轮  训练 0.01403  验证 pinball 0.01374  分时小区平均 β +nan  26.9s
2026-10-01 16:49:39,053 INFO 第   8 轮  训练 0.01379  验证 pinball 0.01372  分时小区平均 β +nan  26.9s
2026-10-01 16:50:06,016 INFO 第   9 轮  训练 0.01359  验证 pinball 0.01372  分时小区平均 β +nan  27.0s
2026-10-01 16:50:32,912 INFO 第  10 轮  训练 0.01343  验证 pinball 0.01385  分时小区平均 β +nan  26.9s
2026-10-01 16:50:59,788 INFO 第  11 轮  训练 0.01323  验证 pinball 0.01370  分时小区平均 β +nan  26.9s
2026-10-01 16:51:26,754 INFO 第  12 轮  训练 0.01301  验证 pinball 0.01335  分时小区平均 β +nan  27.0s
2026-10-01 16:51:53,755 INFO 第  13 轮  训练 0.01299  验证 pinball 0.01386  分时小区平均 β +nan  27.0s
2026-10-01 16:52:20,660 INFO 第  14 轮  训练 0.01282  验证 pinball 0.01365  分时小区平均 β +nan  26.9s
2026-10-01 16:52:47,596 INFO 第  15 轮  训练 0.01270  验证 pinball 0.01311  分时小区平均 β +nan  26.9s
2026-10-01 16:53:14,391 INFO 第  16 轮  训练 0.01260  验证 pinball 0.01435  分时小区平均 β +nan  26.8s
2026-10-01 16:53:41,343 INFO 第  17 轮  训练 0.01255  验证 pinball 0.01333  分时小区平均 β +nan  27.0s
2026-10-01 16:54:08,351 INFO 第  18 轮  训练 0.01237  验证 pinball 0.01337  分时小区平均 β +nan  27.0s
2026-10-01 16:54:35,185 INFO 第  19 轮  训练 0.01226  验证 pinball 0.01348  分时小区平均 β +nan  26.8s
2026-10-01 16:55:02,101 INFO 第  20 轮  训练 0.01222  验证 pinball 0.01337  分时小区平均 β +nan  26.9s
2026-10-01 16:55:28,975 INFO 第  21 轮  训练 0.01213  验证 pinball 0.01381  分时小区平均 β +nan  26.9s
2026-10-01 16:55:55,957 INFO 第  22 轮  训练 0.01207  验证 pinball 0.01313  分时小区平均 β +nan  27.0s
2026-10-01 16:56:22,974 INFO 第  23 轮  训练 0.01206  验证 pinball 0.01372  分时小区平均 β +nan  27.0s
2026-10-01 16:56:49,903 INFO 第  24 轮  训练 0.01192  验证 pinball 0.01335  分时小区平均 β +nan  26.9s
2026-10-01 16:57:16,924 INFO 第  25 轮  训练 0.01184  验证 pinball 0.01352  分时小区平均 β +nan  27.0s
2026-10-01 16:57:43,704 INFO 第  26 轮  训练 0.01189  验证 pinball 0.01345  分时小区平均 β +nan  26.8s
2026-10-01 16:58:10,623 INFO 第  27 轮  训练 0.01176  验证 pinball 0.01350  分时小区平均 β +nan  26.9s
2026-10-01 16:58:37,644 INFO 第  28 轮  训练 0.01173  验证 pinball 0.01370  分时小区平均 β +nan  27.0s
2026-10-01 16:59:04,579 INFO 第  29 轮  训练 0.01171  验证 pinball 0.01377  分时小区平均 β +nan  26.9s
2026-10-01 16:59:31,494 INFO 第  30 轮  训练 0.01160  验证 pinball 0.01492  分时小区平均 β +nan  26.9s
2026-10-01 16:59:31,495 INFO 验证损失 15 轮未改善，提前停止
2026-10-01 16:59:36,402 INFO 切换点一致性（all）：观测 β -1.180（0.393）  模型 β -0.479（0.186）
2026-10-01 16:59:36,668 INFO 切换点一致性（novel）：观测 β -0.367（0.505）  模型 β -0.100（0.232）
2026-10-01 16:59:55,374 INFO 测试期 MAE 0.0441  WAPE 0.226  CRPS 0.0254  PICP90 原始 0.855 / ACI 0.901；输出 D:\EV充电因果预测sci论文\05_实验结果\runs\abl_A6_priceinput_s2
