2026-10-01 17:14:00,562 INFO 运行 abl_A11_adaptive_s2，设备 cuda，torch 2.11.0+cu128
2026-10-01 17:14:01,717 INFO 数据：T=4344 N=275 训练/验证/测试起点 3001/409/841；{'train': ('2022-09-01', '2023-01-05'), 'val': ('2023-01-06', '2023-01-23'), 'test': ('2023-01-24', '2023-02-28')}
2026-10-01 17:14:01,844 INFO 模型参数 149,059；锚定方式 cut；锚定来源 fivemin_main
2026-10-01 17:14:23,906 INFO 第   1 轮  训练 0.02333  验证 pinball 0.01762  分时小区平均 β -0.213  18.7s
2026-10-01 17:14:41,917 INFO 第   2 轮  训练 0.01858  验证 pinball 0.01589  分时小区平均 β -0.213  18.0s
2026-10-01 17:14:59,853 INFO 第   3 轮  训练 0.01725  验证 pinball 0.01539  分时小区平均 β -0.213  17.9s
2026-10-01 17:15:17,732 INFO 第   4 轮  训练 0.01635  验证 pinball 0.01550  分时小区平均 β -0.213  17.9s
2026-10-01 17:15:35,714 INFO 第   5 轮  训练 0.01557  验证 pinball 0.01458  分时小区平均 β -0.213  18.0s
2026-10-01 17:15:53,531 INFO 第   6 轮  训练 0.01499  验证 pinball 0.01415  分时小区平均 β -0.213  17.8s
2026-10-01 17:16:11,505 INFO 第   7 轮  训练 0.01457  验证 pinball 0.01394  分时小区平均 β -0.213  18.0s
2026-10-01 17:16:29,348 INFO 第   8 轮  训练 0.01426  验证 pinball 0.01367  分时小区平均 β -0.213  17.8s
2026-10-01 17:16:47,293 INFO 第   9 轮  训练 0.01398  验证 pinball 0.01417  分时小区平均 β -0.213  17.9s
2026-10-01 17:17:05,279 INFO 第  10 轮  训练 0.01373  验证 pinball 0.01358  分时小区平均 β -0.213  18.0s
2026-10-01 17:17:23,236 INFO 第  11 轮  训练 0.01351  验证 pinball 0.01415  分时小区平均 β -0.213  17.9s
2026-10-01 17:17:41,171 INFO 第  12 轮  训练 0.01335  验证 pinball 0.01300  分时小区平均 β -0.213  17.9s
2026-10-01 17:17:59,078 INFO 第  13 轮  训练 0.01332  验证 pinball 0.01397  分时小区平均 β -0.213  17.9s
2026-10-01 17:18:17,115 INFO 第  14 轮  训练 0.01314  验证 pinball 0.01304  分时小区平均 β -0.213  18.0s
2026-10-01 17:18:35,092 INFO 第  15 轮  训练 0.01305  验证 pinball 0.01303  分时小区平均 β -0.213  18.0s
2026-10-01 17:18:52,934 INFO 第  16 轮  训练 0.01286  验证 pinball 0.01337  分时小区平均 β -0.213  17.8s
2026-10-01 17:19:10,808 INFO 第  17 轮  训练 0.01284  验证 pinball 0.01313  分时小区平均 β -0.213  17.9s
2026-10-01 17:19:28,681 INFO 第  18 轮  训练 0.01274  验证 pinball 0.01306  分时小区平均 β -0.213  17.9s
2026-10-01 17:19:46,716 INFO 第  19 轮  训练 0.01267  验证 pinball 0.01311  分时小区平均 β -0.213  18.0s
2026-10-01 17:20:04,561 INFO 第  20 轮  训练 0.01261  验证 pinball 0.01325  分时小区平均 β -0.213  17.8s
2026-10-01 17:20:22,475 INFO 第  21 轮  训练 0.01250  验证 pinball 0.01303  分时小区平均 β -0.213  17.9s
2026-10-01 17:20:40,404 INFO 第  22 轮  训练 0.01246  验证 pinball 0.01331  分时小区平均 β -0.213  17.9s
2026-10-01 17:20:58,505 INFO 第  23 轮  训练 0.01241  验证 pinball 0.01294  分时小区平均 β -0.213  18.1s
2026-10-01 17:21:16,437 INFO 第  24 轮  训练 0.01235  验证 pinball 0.01331  分时小区平均 β -0.213  17.9s
2026-10-01 17:21:34,487 INFO 第  25 轮  训练 0.01227  验证 pinball 0.01298  分时小区平均 β -0.213  18.0s
2026-10-01 17:21:52,420 INFO 第  26 轮  训练 0.01223  验证 pinball 0.01298  分时小区平均 β -0.213  17.9s
2026-10-01 17:22:10,286 INFO 第  27 轮  训练 0.01214  验证 pinball 0.01307  分时小区平均 β -0.213  17.9s
2026-10-01 17:22:28,075 INFO 第  28 轮  训练 0.01214  验证 pinball 0.01281  分时小区平均 β -0.213  17.8s
2026-10-01 17:22:46,042 INFO 第  29 轮  训练 0.01212  验证 pinball 0.01295  分时小区平均 β -0.213  18.0s
2026-10-01 17:23:03,946 INFO 第  30 轮  训练 0.01199  验证 pinball 0.01365  分时小区平均 β -0.213  17.9s
2026-10-01 17:23:21,932 INFO 第  31 轮  训练 0.01197  验证 pinball 0.01293  分时小区平均 β -0.213  18.0s
2026-10-01 17:23:39,867 INFO 第  32 轮  训练 0.01193  验证 pinball 0.01321  分时小区平均 β -0.213  17.9s
2026-10-01 17:23:57,765 INFO 第  33 轮  训练 0.01190  验证 pinball 0.01313  分时小区平均 β -0.213  17.9s
2026-10-01 17:24:15,832 INFO 第  34 轮  训练 0.01186  验证 pinball 0.01306  分时小区平均 β -0.213  18.1s
2026-10-01 17:24:33,750 INFO 第  35 轮  训练 0.01181  验证 pinball 0.01346  分时小区平均 β -0.213  17.9s
2026-10-01 17:24:51,742 INFO 第  36 轮  训练 0.01175  验证 pinball 0.01296  分时小区平均 β -0.213  18.0s
2026-10-01 17:25:09,710 INFO 第  37 轮  训练 0.01168  验证 pinball 0.01288  分时小区平均 β -0.213  18.0s
2026-10-01 17:25:27,616 INFO 第  38 轮  训练 0.01168  验证 pinball 0.01320  分时小区平均 β -0.213  17.9s
2026-10-01 17:25:45,617 INFO 第  39 轮  训练 0.01166  验证 pinball 0.01398  分时小区平均 β -0.213  18.0s
2026-10-01 17:26:03,521 INFO 第  40 轮  训练 0.01161  验证 pinball 0.01325  分时小区平均 β -0.213  17.9s
2026-10-01 17:26:21,331 INFO 第  41 轮  训练 0.01155  验证 pinball 0.01348  分时小区平均 β -0.213  17.8s
2026-10-01 17:26:39,207 INFO 第  42 轮  训练 0.01156  验证 pinball 0.01342  分时小区平均 β -0.213  17.9s
2026-10-01 17:26:57,254 INFO 第  43 轮  训练 0.01150  验证 pinball 0.01315  分时小区平均 β -0.213  18.0s
2026-10-01 17:26:57,254 INFO 验证损失 15 轮未改善，提前停止
2026-10-01 17:27:00,876 INFO 切换点一致性（all）：观测 β -1.180（0.393）  模型 β -0.520（0.210）
2026-10-01 17:27:01,108 INFO 切换点一致性（novel）：观测 β -0.367（0.505）  模型 β -0.174（0.258）
2026-10-01 17:27:19,463 INFO 测试期 MAE 0.0424  WAPE 0.217  CRPS 0.0245  PICP90 原始 0.855 / ACI 0.902；输出 D:\EV充电因果预测sci论文\05_实验结果\runs\abl_A11_adaptive_s2
