2026-10-01 02:30:34,993 INFO 运行 base_agcrn_price_s1，基线 agcrn，设备 cuda，torch 2.11.0+cu128
2026-10-01 02:30:36,247 INFO 数据：T=4344 N=275 目标 utilization 训练/验证/测试起点 3001/409/841
2026-10-01 02:30:36,403 INFO 模型参数 816,901；价格输入 hist_fut；损失 pinball（分位数）
2026-10-01 02:31:14,273 INFO 训练 第   1 轮  训练 0.02558  验证 0.01922  35.2s
2026-10-01 02:31:48,991 INFO 训练 第   2 轮  训练 0.01925  验证 0.01852  34.7s
2026-10-01 02:32:23,833 INFO 训练 第   3 轮  训练 0.01847  验证 0.01760  34.8s
2026-10-01 02:32:58,708 INFO 训练 第   4 轮  训练 0.01737  验证 0.01697  34.9s
2026-10-01 02:33:32,809 INFO 训练 第   5 轮  训练 0.01668  验证 0.01629  34.1s
2026-10-01 02:34:06,815 INFO 训练 第   6 轮  训练 0.01587  验证 0.01608  34.0s
2026-10-01 02:34:40,044 INFO 训练 第   7 轮  训练 0.01532  验证 0.01579  33.2s
2026-10-01 02:35:13,886 INFO 训练 第   8 轮  训练 0.01493  验证 0.01572  33.8s
2026-10-01 02:35:48,255 INFO 训练 第   9 轮  训练 0.01467  验证 0.01544  34.4s
2026-10-01 02:36:25,354 INFO 训练 第  10 轮  训练 0.01440  验证 0.01541  37.1s
2026-10-01 02:36:59,674 INFO 训练 第  11 轮  训练 0.01408  验证 0.01513  34.3s
2026-10-01 02:37:34,233 INFO 训练 第  12 轮  训练 0.01374  验证 0.01486  34.6s
2026-10-01 02:38:09,330 INFO 训练 第  13 轮  训练 0.01347  验证 0.01486  35.1s
2026-10-01 02:38:43,080 INFO 训练 第  14 轮  训练 0.01328  验证 0.01491  33.7s
2026-10-01 02:39:18,203 INFO 训练 第  15 轮  训练 0.01308  验证 0.01483  35.1s
2026-10-01 02:39:53,405 INFO 训练 第  16 轮  训练 0.01294  验证 0.01492  35.2s
2026-10-01 02:40:27,571 INFO 训练 第  17 轮  训练 0.01275  验证 0.01481  34.2s
2026-10-01 02:41:00,644 INFO 训练 第  18 轮  训练 0.01263  验证 0.01487  33.1s
2026-10-01 02:41:35,486 INFO 训练 第  19 轮  训练 0.01249  验证 0.01494  34.8s
2026-10-01 02:42:09,852 INFO 训练 第  20 轮  训练 0.01233  验证 0.01489  34.4s
2026-10-01 02:42:44,078 INFO 训练 第  21 轮  训练 0.01220  验证 0.01510  34.2s
2026-10-01 02:43:19,356 INFO 训练 第  22 轮  训练 0.01208  验证 0.01510  35.3s
2026-10-01 02:43:54,928 INFO 训练 第  23 轮  训练 0.01194  验证 0.01524  35.6s
2026-10-01 02:44:30,734 INFO 训练 第  24 轮  训练 0.01183  验证 0.01530  35.8s
2026-10-01 02:45:04,550 INFO 训练 第  25 轮  训练 0.01171  验证 0.01541  33.8s
2026-10-01 02:45:40,453 INFO 训练 第  26 轮  训练 0.01156  验证 0.01549  35.9s
2026-10-01 02:46:14,383 INFO 训练 第  27 轮  训练 0.01143  验证 0.01563  33.9s
2026-10-01 02:46:48,108 INFO 训练 第  28 轮  训练 0.01130  验证 0.01582  33.7s
2026-10-01 02:47:23,125 INFO 训练 第  29 轮  训练 0.01118  验证 0.01579  35.0s
2026-10-01 02:47:58,807 INFO 训练 第  30 轮  训练 0.01106  验证 0.01613  35.7s
2026-10-01 02:48:33,212 INFO 训练 第  31 轮  训练 0.01094  验证 0.01616  34.4s
2026-10-01 02:49:06,998 INFO 训练 第  32 轮  训练 0.01084  验证 0.01631  33.8s
2026-10-01 02:49:06,998 INFO 验证损失 15 轮未改善，提前停止
2026-10-01 02:49:16,942 INFO 价格响应读出（分时小区 dl_hist+dl_fut 价格 +5%）：弧弹性均值 +0.120，中位数 +0.111，为负的比例 0.29
2026-10-01 02:49:17,267 INFO 切换点一致性（all）：观测 β -1.180（0.393）  模型 β -0.381（0.216）
2026-10-01 02:49:17,514 INFO 切换点一致性（novel）：观测 β -0.367（0.505）  模型 β -0.172（0.235）
2026-10-01 02:49:35,191 INFO 测试期 MAE 0.0514  WAPE 0.263  CRPS 0.0301  PICP90 原始 0.805 / ACI 0.905；输出 D:\EV充电因果预测sci论文\05_实验结果\runs\base_agcrn_price_s1
