2026-10-01 19:10:17,140 INFO 运行 ess_rho0.5_A0pooled_s1，设备 cuda，torch 2.11.0+cu128
2026-10-01 19:10:20,533 INFO E-SS 半合成数据：109 个小区（处理组 54），ρ = 0.5，真实弹性 [-0.2, -0.8, -1.5]；锚定 pooled（在合成训练期上重新估计）
2026-10-01 19:10:20,533 INFO 数据：T=4344 N=109 训练/验证/测试起点 3001/409/841；{'train': ('2022-09-01', '2023-01-05'), 'val': ('2023-01-06', '2023-01-23'), 'test': ('2023-01-24', '2023-02-28')}
2026-10-01 19:10:20,620 INFO 模型参数 194,891；锚定方式 cut；锚定来源 ess_pooled
2026-10-01 19:10:29,768 INFO 第   1 轮  训练 0.02345  验证 pinball 0.01801  分时小区平均 β -1.086  7.9s
2026-10-01 19:10:37,335 INFO 第   2 轮  训练 0.01845  验证 pinball 0.01655  分时小区平均 β -1.086  7.6s
2026-10-01 19:10:44,879 INFO 第   3 轮  训练 0.01683  验证 pinball 0.01544  分时小区平均 β -1.086  7.5s
2026-10-01 19:10:52,453 INFO 第   4 轮  训练 0.01532  验证 pinball 0.01519  分时小区平均 β -1.086  7.6s
2026-10-01 19:10:59,899 INFO 第   5 轮  训练 0.01432  验证 pinball 0.01478  分时小区平均 β -1.086  7.4s
2026-10-01 19:11:07,444 INFO 第   6 轮  训练 0.01367  验证 pinball 0.01406  分时小区平均 β -1.086  7.5s
2026-10-01 19:11:14,999 INFO 第   7 轮  训练 0.01345  验证 pinball 0.01445  分时小区平均 β -1.086  7.5s
2026-10-01 19:11:22,539 INFO 第   8 轮  训练 0.01309  验证 pinball 0.01477  分时小区平均 β -1.086  7.5s
2026-10-01 19:11:29,990 INFO 第   9 轮  训练 0.01281  验证 pinball 0.01411  分时小区平均 β -1.086  7.5s
2026-10-01 19:11:37,527 INFO 第  10 轮  训练 0.01268  验证 pinball 0.01441  分时小区平均 β -1.086  7.5s
2026-10-01 19:11:45,073 INFO 第  11 轮  训练 0.01248  验证 pinball 0.01416  分时小区平均 β -1.086  7.5s
2026-10-01 19:11:52,617 INFO 第  12 轮  训练 0.01236  验证 pinball 0.01483  分时小区平均 β -1.086  7.5s
2026-10-01 19:12:00,072 INFO 第  13 轮  训练 0.01220  验证 pinball 0.01474  分时小区平均 β -1.086  7.5s
2026-10-01 19:12:07,567 INFO 第  14 轮  训练 0.01203  验证 pinball 0.01458  分时小区平均 β -1.086  7.5s
2026-10-01 19:12:15,096 INFO 第  15 轮  训练 0.01188  验证 pinball 0.01430  分时小区平均 β -1.086  7.5s
2026-10-01 19:12:22,564 INFO 第  16 轮  训练 0.01193  验证 pinball 0.01462  分时小区平均 β -1.086  7.5s
2026-10-01 19:12:29,946 INFO 第  17 轮  训练 0.01163  验证 pinball 0.01469  分时小区平均 β -1.086  7.4s
2026-10-01 19:12:37,470 INFO 第  18 轮  训练 0.01156  验证 pinball 0.01505  分时小区平均 β -1.086  7.5s
2026-10-01 19:12:44,970 INFO 第  19 轮  训练 0.01144  验证 pinball 0.01485  分时小区平均 β -1.086  7.5s
2026-10-01 19:12:53,142 INFO 第  20 轮  训练 0.01143  验证 pinball 0.01427  分时小区平均 β -1.086  8.2s
2026-10-01 19:13:01,595 INFO 第  21 轮  训练 0.01125  验证 pinball 0.01489  分时小区平均 β -1.086  8.5s
2026-10-01 19:13:01,596 INFO 验证损失 15 轮未改善，提前停止
2026-10-01 19:13:06,413 INFO E-SS flat：真实隐含弹性 -1.062；模型 -1.076（反事实 MAE 0.0450）；插补 P0 -1.076（0.0450）
2026-10-01 19:13:06,413 INFO E-SS spread1.5：真实隐含弹性 -1.062；模型 -1.076（反事实 MAE 0.0460）；插补 P0 -1.077（0.0460）
2026-10-01 19:13:11,800 INFO 测试期 MAE 0.0473  WAPE 0.249  CRPS 0.0273  PICP90 原始 0.874 / ACI 0.902；输出 D:\EV充电因果预测sci论文\05_实验结果\runs\ess_rho0.5_A0pooled_s1
