2026-10-01 15:02:36,868 INFO 运行 abl_A14_nomask_s1，设备 cuda，torch 2.11.0+cu128
2026-10-01 15:02:38,152 INFO 数据：T=4344 N=275 训练/验证/测试起点 3001/409/841；{'train': ('2022-09-01', '2023-01-05'), 'val': ('2023-01-06', '2023-01-23'), 'test': ('2023-01-24', '2023-02-28')}
2026-10-01 15:02:38,291 INFO 模型参数 198,211；锚定方式 cut；锚定来源 fivemin_main
2026-10-01 15:03:09,294 INFO 第   1 轮  训练 0.02290  验证 pinball 0.01726  分时小区平均 β -0.213  27.4s
2026-10-01 15:03:36,154 INFO 第   2 轮  训练 0.01855  验证 pinball 0.01620  分时小区平均 β -0.213  26.8s
2026-10-01 15:04:02,948 INFO 第   3 轮  训练 0.01741  验证 pinball 0.01498  分时小区平均 β -0.213  26.8s
2026-10-01 15:04:29,766 INFO 第   4 轮  训练 0.01631  验证 pinball 0.01519  分时小区平均 β -0.213  26.8s
2026-10-01 15:04:56,577 INFO 第   5 轮  训练 0.01549  验证 pinball 0.01434  分时小区平均 β -0.213  26.8s
2026-10-01 15:05:23,313 INFO 第   6 轮  训练 0.01472  验证 pinball 0.01432  分时小区平均 β -0.213  26.7s
2026-10-01 15:05:50,084 INFO 第   7 轮  训练 0.01442  验证 pinball 0.01403  分时小区平均 β -0.213  26.8s
2026-10-01 15:06:16,931 INFO 第   8 轮  训练 0.01403  验证 pinball 0.01326  分时小区平均 β -0.213  26.8s
2026-10-01 15:06:43,710 INFO 第   9 轮  训练 0.01372  验证 pinball 0.01341  分时小区平均 β -0.213  26.8s
2026-10-01 15:07:10,379 INFO 第  10 轮  训练 0.01367  验证 pinball 0.01342  分时小区平均 β -0.213  26.7s
2026-10-01 15:07:37,380 INFO 第  11 轮  训练 0.01348  验证 pinball 0.01484  分时小区平均 β -0.213  27.0s
2026-10-01 15:08:04,061 INFO 第  12 轮  训练 0.01335  验证 pinball 0.01391  分时小区平均 β -0.213  26.7s
2026-10-01 15:08:30,782 INFO 第  13 轮  训练 0.01316  验证 pinball 0.01360  分时小区平均 β -0.213  26.7s
2026-10-01 15:08:57,610 INFO 第  14 轮  训练 0.01297  验证 pinball 0.01336  分时小区平均 β -0.213  26.8s
2026-10-01 15:09:24,316 INFO 第  15 轮  训练 0.01290  验证 pinball 0.01288  分时小区平均 β -0.213  26.7s
2026-10-01 15:09:51,036 INFO 第  16 轮  训练 0.01287  验证 pinball 0.01335  分时小区平均 β -0.213  26.7s
2026-10-01 15:10:17,660 INFO 第  17 轮  训练 0.01271  验证 pinball 0.01286  分时小区平均 β -0.213  26.6s
2026-10-01 15:10:44,367 INFO 第  18 轮  训练 0.01253  验证 pinball 0.01285  分时小区平均 β -0.213  26.7s
2026-10-01 15:11:11,133 INFO 第  19 轮  训练 0.01247  验证 pinball 0.01309  分时小区平均 β -0.213  26.8s
2026-10-01 15:11:37,814 INFO 第  20 轮  训练 0.01248  验证 pinball 0.01281  分时小区平均 β -0.213  26.7s
2026-10-01 15:12:04,630 INFO 第  21 轮  训练 0.01228  验证 pinball 0.01334  分时小区平均 β -0.213  26.8s
2026-10-01 15:12:31,391 INFO 第  22 轮  训练 0.01227  验证 pinball 0.01418  分时小区平均 β -0.213  26.8s
2026-10-01 15:12:58,082 INFO 第  23 轮  训练 0.01217  验证 pinball 0.01326  分时小区平均 β -0.213  26.7s
2026-10-01 15:13:24,907 INFO 第  24 轮  训练 0.01209  验证 pinball 0.01311  分时小区平均 β -0.213  26.8s
2026-10-01 15:13:51,556 INFO 第  25 轮  训练 0.01204  验证 pinball 0.01286  分时小区平均 β -0.213  26.6s
2026-10-01 15:14:18,241 INFO 第  26 轮  训练 0.01195  验证 pinball 0.01310  分时小区平均 β -0.213  26.7s
2026-10-01 15:14:45,061 INFO 第  27 轮  训练 0.01186  验证 pinball 0.01337  分时小区平均 β -0.213  26.8s
2026-10-01 15:15:11,871 INFO 第  28 轮  训练 0.01201  验证 pinball 0.01412  分时小区平均 β -0.213  26.8s
2026-10-01 15:15:38,549 INFO 第  29 轮  训练 0.01184  验证 pinball 0.01308  分时小区平均 β -0.213  26.7s
2026-10-01 15:16:05,414 INFO 第  30 轮  训练 0.01170  验证 pinball 0.01316  分时小区平均 β -0.213  26.9s
2026-10-01 15:16:32,221 INFO 第  31 轮  训练 0.01173  验证 pinball 0.01401  分时小区平均 β -0.213  26.8s
2026-10-01 15:16:58,907 INFO 第  32 轮  训练 0.01163  验证 pinball 0.01396  分时小区平均 β -0.213  26.7s
2026-10-01 15:17:25,489 INFO 第  33 轮  训练 0.01154  验证 pinball 0.01358  分时小区平均 β -0.213  26.6s
2026-10-01 15:17:52,117 INFO 第  34 轮  训练 0.01152  验证 pinball 0.01320  分时小区平均 β -0.213  26.6s
2026-10-01 15:18:18,870 INFO 第  35 轮  训练 0.01148  验证 pinball 0.01426  分时小区平均 β -0.213  26.8s
2026-10-01 15:18:18,871 INFO 验证损失 15 轮未改善，提前停止
2026-10-01 15:18:23,804 INFO 切换点一致性（all）：观测 β -1.180（0.393）  模型 β -0.521（0.199）
2026-10-01 15:18:24,069 INFO 切换点一致性（novel）：观测 β -0.367（0.505）  模型 β -0.374（0.247）
2026-10-01 15:18:40,381 INFO 测试期 MAE 0.0420  WAPE 0.251  CRPS 0.0244  PICP90 原始 0.828 / ACI 0.900；输出 D:\EV充电因果预测sci论文\05_实验结果\runs\abl_A14_nomask_s1
