2026-10-01 03:06:32,524 INFO 运行 base_stgcn_s2，基线 stgcn，设备 cuda，torch 2.11.0+cu128
2026-10-01 03:06:33,462 INFO 数据：T=4344 N=275 目标 utilization 训练/验证/测试起点 3001/409/841
2026-10-01 03:06:33,633 INFO 模型参数 300,999；价格输入 none；损失 pinball（分位数）
2026-10-01 03:06:48,945 INFO 训练 第   1 轮  训练 0.02294  验证 0.01770  12.0s
2026-10-01 03:07:00,162 INFO 训练 第   2 轮  训练 0.01890  验证 0.01692  11.2s
2026-10-01 03:07:11,314 INFO 训练 第   3 轮  训练 0.01811  验证 0.01633  11.1s
2026-10-01 03:07:22,398 INFO 训练 第   4 轮  训练 0.01713  验证 0.01589  11.1s
2026-10-01 03:07:33,627 INFO 训练 第   5 轮  训练 0.01646  验证 0.01538  11.2s
2026-10-01 03:07:44,885 INFO 训练 第   6 轮  训练 0.01589  验证 0.01532  11.3s
2026-10-01 03:07:56,024 INFO 训练 第   7 轮  训练 0.01511  验证 0.01486  11.1s
2026-10-01 03:08:07,201 INFO 训练 第   8 轮  训练 0.01441  验证 0.01502  11.2s
2026-10-01 03:08:18,238 INFO 训练 第   9 轮  训练 0.01408  验证 0.01480  11.0s
2026-10-01 03:08:29,467 INFO 训练 第  10 轮  训练 0.01378  验证 0.01479  11.2s
2026-10-01 03:08:40,488 INFO 训练 第  11 轮  训练 0.01358  验证 0.01473  11.0s
2026-10-01 03:08:51,773 INFO 训练 第  12 轮  训练 0.01341  验证 0.01477  11.3s
2026-10-01 03:09:02,993 INFO 训练 第  13 轮  训练 0.01324  验证 0.01494  11.2s
2026-10-01 03:09:14,170 INFO 训练 第  14 轮  训练 0.01305  验证 0.01504  11.2s
2026-10-01 03:09:25,202 INFO 训练 第  15 轮  训练 0.01293  验证 0.01535  11.0s
2026-10-01 03:09:36,322 INFO 训练 第  16 轮  训练 0.01278  验证 0.01519  11.1s
2026-10-01 03:09:47,354 INFO 训练 第  17 轮  训练 0.01265  验证 0.01531  11.0s
2026-10-01 03:09:58,579 INFO 训练 第  18 轮  训练 0.01253  验证 0.01524  11.2s
2026-10-01 03:10:09,750 INFO 训练 第  19 轮  训练 0.01236  验证 0.01549  11.2s
2026-10-01 03:10:20,771 INFO 训练 第  20 轮  训练 0.01226  验证 0.01558  11.0s
2026-10-01 03:10:31,974 INFO 训练 第  21 轮  训练 0.01214  验证 0.01553  11.2s
2026-10-01 03:10:43,216 INFO 训练 第  22 轮  训练 0.01205  验证 0.01557  11.2s
2026-10-01 03:10:54,430 INFO 训练 第  23 轮  训练 0.01193  验证 0.01593  11.2s
2026-10-01 03:11:05,492 INFO 训练 第  24 轮  训练 0.01184  验证 0.01594  11.1s
2026-10-01 03:11:16,606 INFO 训练 第  25 轮  训练 0.01176  验证 0.01589  11.1s
2026-10-01 03:11:27,693 INFO 训练 第  26 轮  训练 0.01168  验证 0.01614  11.1s
2026-10-01 03:11:27,693 INFO 验证损失 15 轮未改善，提前停止
2026-10-01 03:11:30,153 INFO 切换点一致性（all）：观测 β -1.180（0.393）  模型 β -0.315（0.192）
2026-10-01 03:11:30,417 INFO 切换点一致性（novel）：观测 β -0.367（0.505）  模型 β -0.262（0.250）
2026-10-01 03:11:46,951 INFO 测试期 MAE 0.0520  WAPE 0.266  CRPS 0.0300  PICP90 原始 0.835 / ACI 0.902；输出 D:\EV充电因果预测sci论文\05_实验结果\runs\base_stgcn_s2
