2026-10-02 03:22:16,018 INFO 运行 sens_lag_s1，设备 cuda，torch 2.11.0+cu128
2026-10-02 03:22:17,751 INFO 数据：T=4344 N=275 训练/验证/测试起点 3001/409/841；{'train': ('2022-09-01', '2023-01-05'), 'val': ('2023-01-06', '2023-01-23'), 'test': ('2023-01-24', '2023-02-28')}
2026-10-02 03:22:17,898 INFO 模型参数 198,211；锚定方式 cut；锚定来源 fivemin_main_lag60
2026-10-02 03:22:48,651 INFO 第   1 轮  训练 0.02275  验证 pinball 0.01805  分时小区平均 β -0.359  27.6s
2026-10-02 03:23:15,596 INFO 第   2 轮  训练 0.01838  验证 pinball 0.01606  分时小区平均 β -0.359  26.9s
2026-10-02 03:23:42,490 INFO 第   3 轮  训练 0.01699  验证 pinball 0.01494  分时小区平均 β -0.359  26.9s
2026-10-02 03:24:09,368 INFO 第   4 轮  训练 0.01569  验证 pinball 0.01485  分时小区平均 β -0.359  26.9s
2026-10-02 03:24:36,218 INFO 第   5 轮  训练 0.01484  验证 pinball 0.01441  分时小区平均 β -0.359  26.8s
2026-10-02 03:25:03,013 INFO 第   6 轮  训练 0.01424  验证 pinball 0.01379  分时小区平均 β -0.359  26.8s
2026-10-02 03:25:29,755 INFO 第   7 轮  训练 0.01403  验证 pinball 0.01402  分时小区平均 β -0.359  26.7s
2026-10-02 03:25:56,591 INFO 第   8 轮  训练 0.01370  验证 pinball 0.01337  分时小区平均 β -0.359  26.8s
2026-10-02 03:26:23,570 INFO 第   9 轮  训练 0.01342  验证 pinball 0.01327  分时小区平均 β -0.359  27.0s
2026-10-02 03:26:50,353 INFO 第  10 轮  训练 0.01333  验证 pinball 0.01320  分时小区平均 β -0.359  26.8s
2026-10-02 03:27:17,462 INFO 第  11 轮  训练 0.01317  验证 pinball 0.01319  分时小区平均 β -0.359  27.1s
2026-10-02 03:27:44,253 INFO 第  12 轮  训练 0.01305  验证 pinball 0.01374  分时小区平均 β -0.359  26.8s
2026-10-02 03:28:11,217 INFO 第  13 轮  训练 0.01288  验证 pinball 0.01328  分时小区平均 β -0.359  27.0s
2026-10-02 03:28:36,235 INFO 第  14 轮  训练 0.01273  验证 pinball 0.01345  分时小区平均 β -0.359  25.0s
2026-10-02 03:29:00,811 INFO 第  15 轮  训练 0.01264  验证 pinball 0.01290  分时小区平均 β -0.359  24.6s
2026-10-02 03:29:25,346 INFO 第  16 轮  训练 0.01266  验证 pinball 0.01333  分时小区平均 β -0.359  24.5s
2026-10-02 03:29:49,942 INFO 第  17 轮  训练 0.01243  验证 pinball 0.01299  分时小区平均 β -0.359  24.6s
2026-10-02 03:30:14,390 INFO 第  18 轮  训练 0.01235  验证 pinball 0.01295  分时小区平均 β -0.359  24.4s
2026-10-02 03:30:38,898 INFO 第  19 轮  训练 0.01226  验证 pinball 0.01309  分时小区平均 β -0.359  24.5s
2026-10-02 03:31:03,615 INFO 第  20 轮  训练 0.01228  验证 pinball 0.01284  分时小区平均 β -0.359  24.7s
2026-10-02 03:31:28,696 INFO 第  21 轮  训练 0.01210  验证 pinball 0.01328  分时小区平均 β -0.359  25.1s
2026-10-02 03:31:53,215 INFO 第  22 轮  训练 0.01205  验证 pinball 0.01421  分时小区平均 β -0.359  24.5s
2026-10-02 03:32:17,771 INFO 第  23 轮  训练 0.01200  验证 pinball 0.01308  分时小区平均 β -0.359  24.6s
2026-10-02 03:32:42,393 INFO 第  24 轮  训练 0.01191  验证 pinball 0.01323  分时小区平均 β -0.359  24.6s
2026-10-02 03:33:06,961 INFO 第  25 轮  训练 0.01188  验证 pinball 0.01303  分时小区平均 β -0.359  24.6s
2026-10-02 03:33:31,445 INFO 第  26 轮  训练 0.01177  验证 pinball 0.01325  分时小区平均 β -0.359  24.5s
2026-10-02 03:33:55,962 INFO 第  27 轮  训练 0.01169  验证 pinball 0.01309  分时小区平均 β -0.359  24.5s
2026-10-02 03:34:20,462 INFO 第  28 轮  训练 0.01172  验证 pinball 0.01420  分时小区平均 β -0.359  24.5s
2026-10-02 03:34:45,128 INFO 第  29 轮  训练 0.01173  验证 pinball 0.01318  分时小区平均 β -0.359  24.7s
2026-10-02 03:35:09,725 INFO 第  30 轮  训练 0.01153  验证 pinball 0.01328  分时小区平均 β -0.359  24.6s
2026-10-02 03:35:34,278 INFO 第  31 轮  训练 0.01155  验证 pinball 0.01320  分时小区平均 β -0.359  24.6s
2026-10-02 03:35:58,862 INFO 第  32 轮  训练 0.01138  验证 pinball 0.01360  分时小区平均 β -0.359  24.6s
2026-10-02 03:36:23,565 INFO 第  33 轮  训练 0.01136  验证 pinball 0.01341  分时小区平均 β -0.359  24.7s
2026-10-02 03:36:48,073 INFO 第  34 轮  训练 0.01134  验证 pinball 0.01328  分时小区平均 β -0.359  24.5s
2026-10-02 03:37:12,534 INFO 第  35 轮  训练 0.01131  验证 pinball 0.01337  分时小区平均 β -0.359  24.5s
2026-10-02 03:37:12,534 INFO 验证损失 15 轮未改善，提前停止
2026-10-02 03:37:16,896 INFO 切换点一致性（all）：观测 β -1.180（0.393）  模型 β -0.501（0.217）
2026-10-02 03:37:17,057 INFO 切换点一致性（novel）：观测 β -0.367（0.505）  模型 β -0.207（0.287）
2026-10-02 03:37:25,826 INFO 测试期 MAE 0.0449  WAPE 0.230  CRPS 0.0261  PICP90 原始 0.832 / ACI 0.900；输出 D:\EV充电因果预测sci论文\05_实验结果\runs\sens_lag_s1
