2026-10-01 01:14:17,663 INFO 运行 base_fcnn_s1，基线 fcnn，设备 cuda，torch 2.11.0+cu128
2026-10-01 01:14:19,098 INFO 数据：T=4344 N=275 目标 utilization 训练/验证/测试起点 3001/409/841
2026-10-01 01:14:19,218 INFO 模型参数 32,711；价格输入 none；损失 pinball（分位数）
2026-10-01 01:14:26,658 INFO 训练 第   1 轮  训练 0.02350  验证 0.01779  4.5s
2026-10-01 01:14:30,539 INFO 训练 第   2 轮  训练 0.01980  验证 0.01704  3.9s
2026-10-01 01:14:34,385 INFO 训练 第   3 轮  训练 0.01900  验证 0.01623  3.8s
2026-10-01 01:14:38,135 INFO 训练 第   4 轮  训练 0.01830  验证 0.01562  3.7s
2026-10-01 01:14:41,919 INFO 训练 第   5 轮  训练 0.01769  验证 0.01522  3.8s
2026-10-01 01:14:45,798 INFO 训练 第   6 轮  训练 0.01729  验证 0.01492  3.9s
2026-10-01 01:14:49,751 INFO 训练 第   7 轮  训练 0.01707  验证 0.01484  4.0s
2026-10-01 01:14:53,671 INFO 训练 第   8 轮  训练 0.01694  验证 0.01476  3.9s
2026-10-01 01:14:57,531 INFO 训练 第   9 轮  训练 0.01675  验证 0.01474  3.9s
2026-10-01 01:15:01,470 INFO 训练 第  10 轮  训练 0.01664  验证 0.01462  3.9s
2026-10-01 01:15:05,391 INFO 训练 第  11 轮  训练 0.01651  验证 0.01451  3.9s
2026-10-01 01:15:09,293 INFO 训练 第  12 轮  训练 0.01642  验证 0.01443  3.9s
2026-10-01 01:15:13,200 INFO 训练 第  13 轮  训练 0.01634  验证 0.01455  3.9s
2026-10-01 01:15:17,066 INFO 训练 第  14 轮  训练 0.01626  验证 0.01437  3.9s
2026-10-01 01:15:20,872 INFO 训练 第  15 轮  训练 0.01620  验证 0.01443  3.8s
2026-10-01 01:15:24,733 INFO 训练 第  16 轮  训练 0.01611  验证 0.01435  3.9s
2026-10-01 01:15:28,527 INFO 训练 第  17 轮  训练 0.01606  验证 0.01433  3.8s
2026-10-01 01:15:32,325 INFO 训练 第  18 轮  训练 0.01599  验证 0.01416  3.8s
2026-10-01 01:15:36,094 INFO 训练 第  19 轮  训练 0.01593  验证 0.01419  3.8s
2026-10-01 01:15:39,894 INFO 训练 第  20 轮  训练 0.01590  验证 0.01411  3.8s
2026-10-01 01:15:43,763 INFO 训练 第  21 轮  训练 0.01582  验证 0.01413  3.9s
2026-10-01 01:15:47,631 INFO 训练 第  22 轮  训练 0.01578  验证 0.01413  3.9s
2026-10-01 01:15:51,546 INFO 训练 第  23 轮  训练 0.01574  验证 0.01406  3.9s
2026-10-01 01:15:55,408 INFO 训练 第  24 轮  训练 0.01569  验证 0.01405  3.9s
2026-10-01 01:15:59,079 INFO 训练 第  25 轮  训练 0.01565  验证 0.01398  3.7s
2026-10-01 01:16:02,848 INFO 训练 第  26 轮  训练 0.01560  验证 0.01395  3.8s
2026-10-01 01:16:06,722 INFO 训练 第  27 轮  训练 0.01557  验证 0.01403  3.9s
2026-10-01 01:16:10,505 INFO 训练 第  28 轮  训练 0.01551  验证 0.01398  3.8s
2026-10-01 01:16:14,158 INFO 训练 第  29 轮  训练 0.01549  验证 0.01391  3.7s
2026-10-01 01:16:17,925 INFO 训练 第  30 轮  训练 0.01545  验证 0.01401  3.8s
2026-10-01 01:16:21,616 INFO 训练 第  31 轮  训练 0.01541  验证 0.01385  3.7s
2026-10-01 01:16:25,306 INFO 训练 第  32 轮  训练 0.01538  验证 0.01392  3.7s
2026-10-01 01:16:29,013 INFO 训练 第  33 轮  训练 0.01535  验证 0.01385  3.7s
2026-10-01 01:16:32,718 INFO 训练 第  34 轮  训练 0.01531  验证 0.01394  3.7s
2026-10-01 01:16:36,580 INFO 训练 第  35 轮  训练 0.01528  验证 0.01379  3.9s
2026-10-01 01:16:40,507 INFO 训练 第  36 轮  训练 0.01525  验证 0.01376  3.9s
2026-10-01 01:16:44,386 INFO 训练 第  37 轮  训练 0.01524  验证 0.01374  3.9s
2026-10-01 01:16:48,129 INFO 训练 第  38 轮  训练 0.01520  验证 0.01385  3.7s
2026-10-01 01:16:51,910 INFO 训练 第  39 轮  训练 0.01519  验证 0.01386  3.8s
2026-10-01 01:16:55,607 INFO 训练 第  40 轮  训练 0.01516  验证 0.01381  3.7s
2026-10-01 01:16:59,288 INFO 训练 第  41 轮  训练 0.01515  验证 0.01380  3.7s
2026-10-01 01:17:03,018 INFO 训练 第  42 轮  训练 0.01512  验证 0.01381  3.7s
2026-10-01 01:17:06,769 INFO 训练 第  43 轮  训练 0.01511  验证 0.01384  3.8s
2026-10-01 01:17:10,529 INFO 训练 第  44 轮  训练 0.01507  验证 0.01387  3.8s
2026-10-01 01:17:14,288 INFO 训练 第  45 轮  训练 0.01504  验证 0.01375  3.8s
2026-10-01 01:17:17,996 INFO 训练 第  46 轮  训练 0.01504  验证 0.01371  3.7s
2026-10-01 01:17:21,834 INFO 训练 第  47 轮  训练 0.01501  验证 0.01361  3.8s
2026-10-01 01:17:25,727 INFO 训练 第  48 轮  训练 0.01500  验证 0.01370  3.9s
2026-10-01 01:17:29,513 INFO 训练 第  49 轮  训练 0.01499  验证 0.01369  3.8s
2026-10-01 01:17:33,320 INFO 训练 第  50 轮  训练 0.01497  验证 0.01383  3.8s
2026-10-01 01:17:37,182 INFO 训练 第  51 轮  训练 0.01496  验证 0.01368  3.9s
2026-10-01 01:17:41,085 INFO 训练 第  52 轮  训练 0.01492  验证 0.01365  3.9s
2026-10-01 01:17:44,971 INFO 训练 第  53 轮  训练 0.01492  验证 0.01373  3.9s
2026-10-01 01:17:48,794 INFO 训练 第  54 轮  训练 0.01492  验证 0.01380  3.8s
2026-10-01 01:17:52,472 INFO 训练 第  55 轮  训练 0.01488  验证 0.01361  3.7s
2026-10-01 01:17:56,233 INFO 训练 第  56 轮  训练 0.01486  验证 0.01364  3.8s
2026-10-01 01:17:59,992 INFO 训练 第  57 轮  训练 0.01486  验证 0.01360  3.8s
2026-10-01 01:18:03,627 INFO 训练 第  58 轮  训练 0.01484  验证 0.01359  3.6s
2026-10-01 01:18:07,405 INFO 训练 第  59 轮  训练 0.01484  验证 0.01358  3.8s
2026-10-01 01:18:11,350 INFO 训练 第  60 轮  训练 0.01483  验证 0.01360  3.9s
2026-10-01 01:18:15,225 INFO 训练 第  61 轮  训练 0.01481  验证 0.01372  3.9s
2026-10-01 01:18:18,971 INFO 训练 第  62 轮  训练 0.01479  验证 0.01355  3.7s
2026-10-01 01:18:22,720 INFO 训练 第  63 轮  训练 0.01478  验证 0.01362  3.7s
2026-10-01 01:18:26,503 INFO 训练 第  64 轮  训练 0.01478  验证 0.01358  3.8s
2026-10-01 01:18:30,187 INFO 训练 第  65 轮  训练 0.01477  验证 0.01351  3.7s
2026-10-01 01:18:33,882 INFO 训练 第  66 轮  训练 0.01474  验证 0.01367  3.7s
2026-10-01 01:18:37,606 INFO 训练 第  67 轮  训练 0.01473  验证 0.01357  3.7s
2026-10-01 01:18:41,456 INFO 训练 第  68 轮  训练 0.01474  验证 0.01363  3.8s
2026-10-01 01:18:45,303 INFO 训练 第  69 轮  训练 0.01473  验证 0.01356  3.8s
2026-10-01 01:18:49,061 INFO 训练 第  70 轮  训练 0.01472  验证 0.01351  3.8s
2026-10-01 01:18:52,828 INFO 训练 第  71 轮  训练 0.01471  验证 0.01356  3.8s
2026-10-01 01:18:56,502 INFO 训练 第  72 轮  训练 0.01471  验证 0.01355  3.7s
2026-10-01 01:19:00,276 INFO 训练 第  73 轮  训练 0.01468  验证 0.01359  3.8s
2026-10-01 01:19:04,136 INFO 训练 第  74 轮  训练 0.01467  验证 0.01345  3.9s
2026-10-01 01:19:07,871 INFO 训练 第  75 轮  训练 0.01466  验证 0.01345  3.7s
2026-10-01 01:19:11,636 INFO 训练 第  76 轮  训练 0.01466  验证 0.01344  3.8s
2026-10-01 01:19:15,539 INFO 训练 第  77 轮  训练 0.01466  验证 0.01357  3.9s
2026-10-01 01:19:19,371 INFO 训练 第  78 轮  训练 0.01465  验证 0.01353  3.8s
2026-10-01 01:19:23,252 INFO 训练 第  79 轮  训练 0.01465  验证 0.01346  3.9s
2026-10-01 01:19:27,106 INFO 训练 第  80 轮  训练 0.01463  验证 0.01355  3.9s
2026-10-01 01:19:30,863 INFO 训练 第  81 轮  训练 0.01461  验证 0.01356  3.8s
2026-10-01 01:19:34,585 INFO 训练 第  82 轮  训练 0.01462  验证 0.01354  3.7s
2026-10-01 01:19:38,455 INFO 训练 第  83 轮  训练 0.01460  验证 0.01352  3.9s
2026-10-01 01:19:42,189 INFO 训练 第  84 轮  训练 0.01462  验证 0.01354  3.7s
2026-10-01 01:19:45,905 INFO 训练 第  85 轮  训练 0.01460  验证 0.01355  3.7s
2026-10-01 01:19:49,731 INFO 训练 第  86 轮  训练 0.01459  验证 0.01350  3.8s
2026-10-01 01:19:53,612 INFO 训练 第  87 轮  训练 0.01457  验证 0.01352  3.9s
2026-10-01 01:19:57,468 INFO 训练 第  88 轮  训练 0.01458  验证 0.01350  3.9s
2026-10-01 01:20:01,255 INFO 训练 第  89 轮  训练 0.01458  验证 0.01341  3.8s
2026-10-01 01:20:05,046 INFO 训练 第  90 轮  训练 0.01455  验证 0.01356  3.8s
2026-10-01 01:20:08,759 INFO 训练 第  91 轮  训练 0.01457  验证 0.01357  3.7s
2026-10-01 01:20:12,528 INFO 训练 第  92 轮  训练 0.01455  验证 0.01353  3.8s
2026-10-01 01:20:16,291 INFO 训练 第  93 轮  训练 0.01455  验证 0.01347  3.8s
2026-10-01 01:20:19,993 INFO 训练 第  94 轮  训练 0.01458  验证 0.01356  3.7s
2026-10-01 01:20:23,769 INFO 训练 第  95 轮  训练 0.01453  验证 0.01343  3.8s
2026-10-01 01:20:27,513 INFO 训练 第  96 轮  训练 0.01455  验证 0.01348  3.7s
2026-10-01 01:20:31,247 INFO 训练 第  97 轮  训练 0.01451  验证 0.01355  3.7s
2026-10-01 01:20:35,073 INFO 训练 第  98 轮  训练 0.01452  验证 0.01354  3.8s
2026-10-01 01:20:38,882 INFO 训练 第  99 轮  训练 0.01451  验证 0.01341  3.8s
2026-10-01 01:20:42,724 INFO 训练 第 100 轮  训练 0.01452  验证 0.01345  3.8s
2026-10-01 01:20:44,379 INFO 切换点一致性（all）：观测 β -1.180（0.393）  模型 β -0.693（0.206）
2026-10-01 01:20:44,667 INFO 切换点一致性（novel）：观测 β -0.367（0.505）  模型 β -0.390（0.207）
2026-10-01 01:21:00,579 INFO 测试期 MAE 0.0439  WAPE 0.225  CRPS 0.0262  PICP90 原始 0.896 / ACI 0.900；输出 D:\EV充电因果预测sci论文\05_实验结果\runs\base_fcnn_s1
