2026-10-01 08:16:20,184 INFO 运行 abl_A3_prior-0.76_s0，设备 cuda，torch 2.11.0+cu128
2026-10-01 08:16:21,234 INFO 数据：T=4344 N=275 训练/验证/测试起点 3001/409/841；{'train': ('2022-09-01', '2023-01-05'), 'val': ('2023-01-06', '2023-01-23'), 'test': ('2023-01-24', '2023-02-28')}
2026-10-01 08:16:21,376 INFO 模型参数 198,211；锚定方式 cut；锚定来源 fivemin_main|fixed_beta=-0.76
2026-10-01 08:16:50,712 INFO 第   1 轮  训练 0.02301  验证 pinball 0.01702  分时小区平均 β -0.760  27.1s
2026-10-01 08:17:17,108 INFO 第   2 轮  训练 0.01837  验证 pinball 0.01621  分时小区平均 β -0.760  26.4s
2026-10-01 08:17:43,425 INFO 第   3 轮  训练 0.01710  验证 pinball 0.01529  分时小区平均 β -0.760  26.3s
2026-10-01 08:18:09,716 INFO 第   4 轮  训练 0.01588  验证 pinball 0.01438  分时小区平均 β -0.760  26.3s
2026-10-01 08:18:36,056 INFO 第   5 轮  训练 0.01501  验证 pinball 0.01456  分时小区平均 β -0.760  26.3s
2026-10-01 08:19:02,488 INFO 第   6 轮  训练 0.01439  验证 pinball 0.01415  分时小区平均 β -0.760  26.4s
2026-10-01 08:19:28,726 INFO 第   7 轮  训练 0.01408  验证 pinball 0.01387  分时小区平均 β -0.760  26.2s
2026-10-01 08:19:55,231 INFO 第   8 轮  训练 0.01388  验证 pinball 0.01383  分时小区平均 β -0.760  26.5s
2026-10-01 08:20:21,585 INFO 第   9 轮  训练 0.01357  验证 pinball 0.01461  分时小区平均 β -0.760  26.3s
2026-10-01 08:20:48,024 INFO 第  10 轮  训练 0.01342  验证 pinball 0.01369  分时小区平均 β -0.760  26.4s
2026-10-01 08:21:14,437 INFO 第  11 轮  训练 0.01330  验证 pinball 0.01325  分时小区平均 β -0.760  26.4s
2026-10-01 08:21:40,694 INFO 第  12 轮  训练 0.01309  验证 pinball 0.01307  分时小区平均 β -0.760  26.2s
2026-10-01 08:22:06,987 INFO 第  13 轮  训练 0.01299  验证 pinball 0.01330  分时小区平均 β -0.760  26.3s
2026-10-01 08:22:33,239 INFO 第  14 轮  训练 0.01291  验证 pinball 0.01325  分时小区平均 β -0.760  26.3s
2026-10-01 08:22:59,432 INFO 第  15 轮  训练 0.01277  验证 pinball 0.01315  分时小区平均 β -0.760  26.2s
2026-10-01 08:23:25,767 INFO 第  16 轮  训练 0.01263  验证 pinball 0.01304  分时小区平均 β -0.760  26.3s
2026-10-01 08:23:52,184 INFO 第  17 轮  训练 0.01257  验证 pinball 0.01304  分时小区平均 β -0.760  26.4s
2026-10-01 08:24:18,760 INFO 第  18 轮  训练 0.01242  验证 pinball 0.01317  分时小区平均 β -0.760  26.6s
2026-10-01 08:24:45,069 INFO 第  19 轮  训练 0.01235  验证 pinball 0.01311  分时小区平均 β -0.760  26.3s
2026-10-01 08:25:11,375 INFO 第  20 轮  训练 0.01228  验证 pinball 0.01302  分时小区平均 β -0.760  26.3s
2026-10-01 08:25:37,803 INFO 第  21 轮  训练 0.01225  验证 pinball 0.01314  分时小区平均 β -0.760  26.4s
2026-10-01 08:26:04,094 INFO 第  22 轮  训练 0.01214  验证 pinball 0.01313  分时小区平均 β -0.760  26.3s
2026-10-01 08:26:30,449 INFO 第  23 轮  训练 0.01207  验证 pinball 0.01294  分时小区平均 β -0.760  26.4s
2026-10-01 08:26:56,839 INFO 第  24 轮  训练 0.01210  验证 pinball 0.01308  分时小区平均 β -0.760  26.4s
2026-10-01 08:27:23,165 INFO 第  25 轮  训练 0.01194  验证 pinball 0.01329  分时小区平均 β -0.760  26.3s
2026-10-01 08:27:49,508 INFO 第  26 轮  训练 0.01190  验证 pinball 0.01316  分时小区平均 β -0.760  26.3s
2026-10-01 08:28:15,892 INFO 第  27 轮  训练 0.01189  验证 pinball 0.01302  分时小区平均 β -0.760  26.4s
2026-10-01 08:28:42,194 INFO 第  28 轮  训练 0.01185  验证 pinball 0.01284  分时小区平均 β -0.760  26.3s
2026-10-01 08:29:08,632 INFO 第  29 轮  训练 0.01174  验证 pinball 0.01305  分时小区平均 β -0.760  26.4s
2026-10-01 08:29:35,014 INFO 第  30 轮  训练 0.01169  验证 pinball 0.01344  分时小区平均 β -0.760  26.4s
2026-10-01 08:30:01,398 INFO 第  31 轮  训练 0.01165  验证 pinball 0.01340  分时小区平均 β -0.760  26.4s
2026-10-01 08:30:27,629 INFO 第  32 轮  训练 0.01163  验证 pinball 0.01328  分时小区平均 β -0.760  26.2s
2026-10-01 08:30:53,993 INFO 第  33 轮  训练 0.01158  验证 pinball 0.01325  分时小区平均 β -0.760  26.4s
2026-10-01 08:31:20,207 INFO 第  34 轮  训练 0.01147  验证 pinball 0.01320  分时小区平均 β -0.760  26.2s
2026-10-01 08:31:46,488 INFO 第  35 轮  训练 0.01147  验证 pinball 0.01360  分时小区平均 β -0.760  26.3s
2026-10-01 08:32:12,781 INFO 第  36 轮  训练 0.01142  验证 pinball 0.01314  分时小区平均 β -0.760  26.3s
2026-10-01 08:32:39,036 INFO 第  37 轮  训练 0.01143  验证 pinball 0.01348  分时小区平均 β -0.760  26.3s
2026-10-01 08:33:05,367 INFO 第  38 轮  训练 0.01128  验证 pinball 0.01349  分时小区平均 β -0.760  26.3s
2026-10-01 08:33:31,651 INFO 第  39 轮  训练 0.01123  验证 pinball 0.01338  分时小区平均 β -0.760  26.3s
2026-10-01 08:33:58,235 INFO 第  40 轮  训练 0.01123  验证 pinball 0.01343  分时小区平均 β -0.760  26.6s
2026-10-01 08:34:24,709 INFO 第  41 轮  训练 0.01123  验证 pinball 0.01380  分时小区平均 β -0.760  26.5s
2026-10-01 08:34:51,081 INFO 第  42 轮  训练 0.01114  验证 pinball 0.01355  分时小区平均 β -0.760  26.4s
2026-10-01 08:35:17,399 INFO 第  43 轮  训练 0.01109  验证 pinball 0.01360  分时小区平均 β -0.760  26.3s
2026-10-01 08:35:17,399 INFO 验证损失 15 轮未改善，提前停止
2026-10-01 08:35:22,110 INFO 切换点一致性（all）：观测 β -1.180（0.393）  模型 β -0.846（0.211）
2026-10-01 08:35:22,326 INFO 切换点一致性（novel）：观测 β -0.367（0.505）  模型 β -0.526（0.281）
2026-10-01 08:35:34,761 INFO 测试期 MAE 0.0446  WAPE 0.228  CRPS 0.0261  PICP90 原始 0.817 / ACI 0.901；输出 D:\EV充电因果预测sci论文\05_实验结果\runs\abl_A3_prior-0.76_s0
