2026-10-01 23:51:26,025 INFO 运行 eid_init-2.0_s2，设备 cuda，torch 2.11.0+cu128
2026-10-01 23:51:27,322 INFO 数据：T=4344 N=275 训练/验证/测试起点 3001/409/841；{'train': ('2022-09-01', '2023-01-05'), 'val': ('2023-01-06', '2023-01-23'), 'test': ('2023-01-24', '2023-02-28')}
2026-10-01 23:51:27,459 INFO 模型参数 199,326；锚定方式 free；锚定来源 fivemin_main
2026-10-01 23:51:58,090 INFO 第   1 轮  训练 0.02313  验证 pinball 0.01772  分时小区平均 β -1.940  27.5s
2026-10-01 23:52:24,996 INFO 第   2 轮  训练 0.01855  验证 pinball 0.01598  分时小区平均 β -1.848  26.9s
2026-10-01 23:52:51,933 INFO 第   3 轮  训练 0.01725  验证 pinball 0.01505  分时小区平均 β -1.765  26.9s
2026-10-01 23:53:18,779 INFO 第   4 轮  训练 0.01592  验证 pinball 0.01470  分时小区平均 β -1.691  26.8s
2026-10-01 23:53:45,684 INFO 第   5 轮  训练 0.01510  验证 pinball 0.01464  分时小区平均 β -1.622  26.9s
2026-10-01 23:54:12,630 INFO 第   6 轮  训练 0.01467  验证 pinball 0.01403  分时小区平均 β -1.558  26.9s
2026-10-01 23:54:39,537 INFO 第   7 轮  训练 0.01424  验证 pinball 0.01383  分时小区平均 β -1.497  26.9s
2026-10-01 23:55:06,416 INFO 第   8 轮  训练 0.01393  验证 pinball 0.01387  分时小区平均 β -1.441  26.9s
2026-10-01 23:55:33,239 INFO 第   9 轮  训练 0.01371  验证 pinball 0.01362  分时小区平均 β -1.388  26.8s
2026-10-01 23:56:00,195 INFO 第  10 轮  训练 0.01356  验证 pinball 0.01371  分时小区平均 β -1.338  26.9s
2026-10-01 23:56:27,137 INFO 第  11 轮  训练 0.01334  验证 pinball 0.01375  分时小区平均 β -1.290  26.9s
2026-10-01 23:56:54,021 INFO 第  12 轮  训练 0.01314  验证 pinball 0.01326  分时小区平均 β -1.244  26.9s
2026-10-01 23:57:20,929 INFO 第  13 轮  训练 0.01307  验证 pinball 0.01399  分时小区平均 β -1.201  26.9s
2026-10-01 23:57:47,897 INFO 第  14 轮  训练 0.01292  验证 pinball 0.01368  分时小区平均 β -1.159  27.0s
2026-10-01 23:58:14,814 INFO 第  15 轮  训练 0.01276  验证 pinball 0.01313  分时小区平均 β -1.118  26.9s
2026-10-01 23:58:41,751 INFO 第  16 轮  训练 0.01269  验证 pinball 0.01427  分时小区平均 β -1.080  26.9s
2026-10-01 23:59:08,703 INFO 第  17 轮  训练 0.01267  验证 pinball 0.01322  分时小区平均 β -1.045  27.0s
2026-10-01 23:59:35,546 INFO 第  18 轮  训练 0.01250  验证 pinball 0.01329  分时小区平均 β -1.011  26.8s
2026-10-02 00:00:02,387 INFO 第  19 轮  训练 0.01237  验证 pinball 0.01354  分时小区平均 β -0.979  26.8s
2026-10-02 00:00:29,235 INFO 第  20 轮  训练 0.01232  验证 pinball 0.01399  分时小区平均 β -0.948  26.8s
2026-10-02 00:00:56,066 INFO 第  21 轮  训练 0.01224  验证 pinball 0.01388  分时小区平均 β -0.919  26.8s
2026-10-02 00:01:22,918 INFO 第  22 轮  训练 0.01218  验证 pinball 0.01330  分时小区平均 β -0.891  26.9s
2026-10-02 00:01:49,760 INFO 第  23 轮  训练 0.01212  验证 pinball 0.01362  分时小区平均 β -0.865  26.8s
2026-10-02 00:02:16,666 INFO 第  24 轮  训练 0.01200  验证 pinball 0.01335  分时小区平均 β -0.839  26.9s
2026-10-02 00:02:43,696 INFO 第  25 轮  训练 0.01193  验证 pinball 0.01347  分时小区平均 β -0.815  27.0s
2026-10-02 00:03:10,625 INFO 第  26 轮  训练 0.01194  验证 pinball 0.01380  分时小区平均 β -0.792  26.9s
2026-10-02 00:03:37,374 INFO 第  27 轮  训练 0.01183  验证 pinball 0.01359  分时小区平均 β -0.770  26.7s
2026-10-02 00:04:04,387 INFO 第  28 轮  训练 0.01177  验证 pinball 0.01346  分时小区平均 β -0.748  27.0s
2026-10-02 00:04:31,163 INFO 第  29 轮  训练 0.01174  验证 pinball 0.01339  分时小区平均 β -0.728  26.8s
2026-10-02 00:04:58,123 INFO 第  30 轮  训练 0.01165  验证 pinball 0.01446  分时小区平均 β -0.709  27.0s
2026-10-02 00:04:58,123 INFO 验证损失 15 轮未改善，提前停止
2026-10-02 00:05:03,029 INFO 切换点一致性（all）：观测 β -1.180（0.393）  模型 β -1.096（0.187）
2026-10-02 00:05:03,251 INFO 切换点一致性（novel）：观测 β -0.367（0.505）  模型 β -0.692（0.229）
2026-10-02 00:05:21,529 INFO 测试期 MAE 0.0447  WAPE 0.229  CRPS 0.0259  PICP90 原始 0.846 / ACI 0.902；输出 D:\EV充电因果预测sci论文\05_实验结果\runs\eid_init-2.0_s2
