2026-10-01 16:17:15,298 INFO 运行 abl_A3_prior-1.48_s2，设备 cuda，torch 2.11.0+cu128
2026-10-01 16:17:16,510 INFO 数据：T=4344 N=275 训练/验证/测试起点 3001/409/841；{'train': ('2022-09-01', '2023-01-05'), 'val': ('2023-01-06', '2023-01-23'), 'test': ('2023-01-24', '2023-02-28')}
2026-10-01 16:17:16,653 INFO 模型参数 198,211；锚定方式 cut；锚定来源 fivemin_main|fixed_beta=-1.48
2026-10-01 16:17:47,114 INFO 第   1 轮  训练 0.02308  验证 pinball 0.01825  分时小区平均 β -1.480  27.4s
2026-10-01 16:18:13,978 INFO 第   2 轮  训练 0.01855  验证 pinball 0.01594  分时小区平均 β -1.480  26.9s
2026-10-01 16:18:40,765 INFO 第   3 轮  训练 0.01715  验证 pinball 0.01498  分时小区平均 β -1.480  26.8s
2026-10-01 16:19:07,507 INFO 第   4 轮  训练 0.01587  验证 pinball 0.01457  分时小区平均 β -1.480  26.7s
2026-10-01 16:19:34,378 INFO 第   5 轮  训练 0.01503  验证 pinball 0.01455  分时小区平均 β -1.480  26.9s
2026-10-01 16:20:01,181 INFO 第   6 轮  训练 0.01464  验证 pinball 0.01405  分时小区平均 β -1.480  26.8s
2026-10-01 16:20:28,016 INFO 第   7 轮  训练 0.01423  验证 pinball 0.01383  分时小区平均 β -1.480  26.8s
2026-10-01 16:20:54,777 INFO 第   8 轮  训练 0.01395  验证 pinball 0.01382  分时小区平均 β -1.480  26.8s
2026-10-01 16:21:21,573 INFO 第   9 轮  训练 0.01372  验证 pinball 0.01358  分时小区平均 β -1.480  26.8s
2026-10-01 16:21:48,268 INFO 第  10 轮  训练 0.01358  验证 pinball 0.01373  分时小区平均 β -1.480  26.7s
2026-10-01 16:22:14,990 INFO 第  11 轮  训练 0.01337  验证 pinball 0.01374  分时小区平均 β -1.480  26.7s
2026-10-01 16:22:41,824 INFO 第  12 轮  训练 0.01316  验证 pinball 0.01326  分时小区平均 β -1.480  26.8s
2026-10-01 16:23:08,496 INFO 第  13 轮  训练 0.01311  验证 pinball 0.01385  分时小区平均 β -1.480  26.7s
2026-10-01 16:23:35,172 INFO 第  14 轮  训练 0.01297  验证 pinball 0.01386  分时小区平均 β -1.480  26.7s
2026-10-01 16:24:02,026 INFO 第  15 轮  训练 0.01281  验证 pinball 0.01322  分时小区平均 β -1.480  26.9s
2026-10-01 16:24:28,766 INFO 第  16 轮  训练 0.01274  验证 pinball 0.01416  分时小区平均 β -1.480  26.7s
2026-10-01 16:24:55,506 INFO 第  17 轮  训练 0.01271  验证 pinball 0.01322  分时小区平均 β -1.480  26.7s
2026-10-01 16:25:22,314 INFO 第  18 轮  训练 0.01255  验证 pinball 0.01323  分时小区平均 β -1.480  26.8s
2026-10-01 16:25:49,062 INFO 第  19 轮  训练 0.01243  验证 pinball 0.01351  分时小区平均 β -1.480  26.7s
2026-10-01 16:26:15,887 INFO 第  20 轮  训练 0.01238  验证 pinball 0.01387  分时小区平均 β -1.480  26.8s
2026-10-01 16:26:42,624 INFO 第  21 轮  训练 0.01230  验证 pinball 0.01379  分时小区平均 β -1.480  26.7s
2026-10-01 16:27:09,395 INFO 第  22 轮  训练 0.01224  验证 pinball 0.01323  分时小区平均 β -1.480  26.8s
2026-10-01 16:27:36,192 INFO 第  23 轮  训练 0.01217  验证 pinball 0.01355  分时小区平均 β -1.480  26.8s
2026-10-01 16:28:03,098 INFO 第  24 轮  训练 0.01204  验证 pinball 0.01340  分时小区平均 β -1.480  26.9s
2026-10-01 16:28:29,869 INFO 第  25 轮  训练 0.01198  验证 pinball 0.01342  分时小区平均 β -1.480  26.8s
2026-10-01 16:28:56,665 INFO 第  26 轮  训练 0.01200  验证 pinball 0.01359  分时小区平均 β -1.480  26.8s
2026-10-01 16:29:23,435 INFO 第  27 轮  训练 0.01188  验证 pinball 0.01372  分时小区平均 β -1.480  26.8s
2026-10-01 16:29:50,201 INFO 第  28 轮  训练 0.01183  验证 pinball 0.01347  分时小区平均 β -1.480  26.8s
2026-10-01 16:30:16,904 INFO 第  29 轮  训练 0.01179  验证 pinball 0.01338  分时小区平均 β -1.480  26.7s
2026-10-01 16:30:43,578 INFO 第  30 轮  训练 0.01171  验证 pinball 0.01452  分时小区平均 β -1.480  26.7s
2026-10-01 16:31:10,326 INFO 第  31 轮  训练 0.01170  验证 pinball 0.01335  分时小区平均 β -1.480  26.7s
2026-10-01 16:31:37,039 INFO 第  32 轮  训练 0.01162  验证 pinball 0.01380  分时小区平均 β -1.480  26.7s
2026-10-01 16:31:37,039 INFO 验证损失 15 轮未改善，提前停止
2026-10-01 16:31:41,866 INFO 切换点一致性（all）：观测 β -1.180（0.393）  模型 β -1.294（0.197）
2026-10-01 16:31:42,093 INFO 切换点一致性（novel）：观测 β -0.367（0.505）  模型 β -0.782（0.220）
2026-10-01 16:32:00,042 INFO 测试期 MAE 0.0456  WAPE 0.233  CRPS 0.0265  PICP90 原始 0.838 / ACI 0.901；输出 D:\EV充电因果预测sci论文\05_实验结果\runs\abl_A3_prior-1.48_s2
