2026-10-01 07:36:52,295 INFO 运行 abl_A2_none_s0，设备 cuda，torch 2.11.0+cu128
2026-10-01 07:36:53,432 INFO 数据：T=4344 N=275 训练/验证/测试起点 3001/409/841；{'train': ('2022-09-01', '2023-01-05'), 'val': ('2023-01-06', '2023-01-23'), 'test': ('2023-01-24', '2023-02-28')}
2026-10-01 07:36:53,589 INFO 模型参数 199,326；锚定方式 none；锚定来源 fivemin_main
2026-10-01 07:37:24,730 INFO 第   1 轮  训练 0.02301  验证 pinball 0.01698  分时小区平均 β -0.272  27.5s
2026-10-01 07:37:51,617 INFO 第   2 轮  训练 0.01831  验证 pinball 0.01601  分时小区平均 β -0.248  26.9s
2026-10-01 07:38:18,555 INFO 第   3 轮  训练 0.01701  验证 pinball 0.01524  分时小区平均 β -0.216  26.9s
2026-10-01 07:38:45,415 INFO 第   4 轮  训练 0.01576  验证 pinball 0.01431  分时小区平均 β -0.191  26.8s
2026-10-01 07:39:12,393 INFO 第   5 轮  训练 0.01491  验证 pinball 0.01450  分时小区平均 β -0.173  27.0s
2026-10-01 07:39:39,177 INFO 第   6 轮  训练 0.01431  验证 pinball 0.01400  分时小区平均 β -0.167  26.8s
2026-10-01 07:40:05,995 INFO 第   7 轮  训练 0.01402  验证 pinball 0.01380  分时小区平均 β -0.171  26.8s
2026-10-01 07:40:32,811 INFO 第   8 轮  训练 0.01379  验证 pinball 0.01353  分时小区平均 β -0.175  26.8s
2026-10-01 07:40:59,575 INFO 第   9 轮  训练 0.01351  验证 pinball 0.01467  分时小区平均 β -0.180  26.8s
2026-10-01 07:41:26,502 INFO 第  10 轮  训练 0.01336  验证 pinball 0.01364  分时小区平均 β -0.183  26.9s
2026-10-01 07:41:53,442 INFO 第  11 轮  训练 0.01324  验证 pinball 0.01318  分时小区平均 β -0.187  26.9s
2026-10-01 07:42:20,165 INFO 第  12 轮  训练 0.01302  验证 pinball 0.01296  分时小区平均 β -0.190  26.7s
2026-10-01 07:42:46,915 INFO 第  13 轮  训练 0.01292  验证 pinball 0.01323  分时小区平均 β -0.192  26.7s
2026-10-01 07:43:13,742 INFO 第  14 轮  训练 0.01284  验证 pinball 0.01327  分时小区平均 β -0.193  26.8s
2026-10-01 07:43:40,527 INFO 第  15 轮  训练 0.01271  验证 pinball 0.01301  分时小区平均 β -0.193  26.8s
2026-10-01 07:44:07,309 INFO 第  16 轮  训练 0.01255  验证 pinball 0.01290  分时小区平均 β -0.193  26.8s
2026-10-01 07:44:34,108 INFO 第  17 轮  训练 0.01250  验证 pinball 0.01302  分时小区平均 β -0.192  26.8s
2026-10-01 07:45:00,964 INFO 第  18 轮  训练 0.01234  验证 pinball 0.01314  分时小区平均 β -0.194  26.9s
2026-10-01 07:45:27,648 INFO 第  19 轮  训练 0.01227  验证 pinball 0.01302  分时小区平均 β -0.194  26.7s
2026-10-01 07:45:54,437 INFO 第  20 轮  训练 0.01220  验证 pinball 0.01295  分时小区平均 β -0.194  26.8s
2026-10-01 07:46:21,296 INFO 第  21 轮  训练 0.01217  验证 pinball 0.01304  分时小区平均 β -0.194  26.9s
2026-10-01 07:46:47,966 INFO 第  22 轮  训练 0.01205  验证 pinball 0.01302  分时小区平均 β -0.195  26.7s
2026-10-01 07:47:14,957 INFO 第  23 轮  训练 0.01198  验证 pinball 0.01288  分时小区平均 β -0.194  27.0s
2026-10-01 07:47:41,794 INFO 第  24 轮  训练 0.01199  验证 pinball 0.01299  分时小区平均 β -0.193  26.8s
2026-10-01 07:48:08,698 INFO 第  25 轮  训练 0.01186  验证 pinball 0.01336  分时小区平均 β -0.192  26.9s
2026-10-01 07:48:35,569 INFO 第  26 轮  训练 0.01184  验证 pinball 0.01312  分时小区平均 β -0.192  26.9s
2026-10-01 07:49:02,541 INFO 第  27 轮  训练 0.01183  验证 pinball 0.01302  分时小区平均 β -0.192  27.0s
2026-10-01 07:49:29,578 INFO 第  28 轮  训练 0.01175  验证 pinball 0.01275  分时小区平均 β -0.189  27.0s
2026-10-01 07:49:56,496 INFO 第  29 轮  训练 0.01166  验证 pinball 0.01299  分时小区平均 β -0.188  26.9s
2026-10-01 07:50:23,338 INFO 第  30 轮  训练 0.01162  验证 pinball 0.01322  分时小区平均 β -0.187  26.8s
2026-10-01 07:50:50,103 INFO 第  31 轮  训练 0.01159  验证 pinball 0.01344  分时小区平均 β -0.185  26.8s
2026-10-01 07:51:16,802 INFO 第  32 轮  训练 0.01157  验证 pinball 0.01336  分时小区平均 β -0.183  26.7s
2026-10-01 07:51:43,479 INFO 第  33 轮  训练 0.01153  验证 pinball 0.01341  分时小区平均 β -0.181  26.7s
2026-10-01 07:52:10,326 INFO 第  34 轮  训练 0.01143  验证 pinball 0.01319  分时小区平均 β -0.179  26.8s
2026-10-01 07:52:37,016 INFO 第  35 轮  训练 0.01142  验证 pinball 0.01360  分时小区平均 β -0.177  26.7s
2026-10-01 07:53:03,869 INFO 第  36 轮  训练 0.01137  验证 pinball 0.01316  分时小区平均 β -0.175  26.9s
2026-10-01 07:53:30,775 INFO 第  37 轮  训练 0.01138  验证 pinball 0.01345  分时小区平均 β -0.173  26.9s
2026-10-01 07:53:57,708 INFO 第  38 轮  训练 0.01124  验证 pinball 0.01357  分时小区平均 β -0.172  26.9s
2026-10-01 07:54:24,595 INFO 第  39 轮  训练 0.01120  验证 pinball 0.01343  分时小区平均 β -0.171  26.9s
2026-10-01 07:54:51,358 INFO 第  40 轮  训练 0.01122  验证 pinball 0.01339  分时小区平均 β -0.170  26.8s
2026-10-01 07:55:18,202 INFO 第  41 轮  训练 0.01123  验证 pinball 0.01379  分时小区平均 β -0.169  26.8s
2026-10-01 07:55:45,226 INFO 第  42 轮  训练 0.01110  验证 pinball 0.01366  分时小区平均 β -0.169  27.0s
2026-10-01 07:56:12,023 INFO 第  43 轮  训练 0.01109  验证 pinball 0.01339  分时小区平均 β -0.168  26.8s
2026-10-01 07:56:12,023 INFO 验证损失 15 轮未改善，提前停止
2026-10-01 07:56:16,860 INFO 切换点一致性（all）：观测 β -1.180（0.393）  模型 β -0.468（0.238）
2026-10-01 07:56:17,156 INFO 切换点一致性（novel）：观测 β -0.367（0.505）  模型 β -0.206（0.290）
2026-10-01 07:56:33,309 INFO 测试期 MAE 0.0445  WAPE 0.228  CRPS 0.0261  PICP90 原始 0.813 / ACI 0.902；输出 D:\EV充电因果预测sci论文\05_实验结果\runs\abl_A2_none_s0
