2026-10-01 19:01:23,085 INFO 运行 ess_rho0.5_A6input_s0，设备 cuda，torch 2.11.0+cu128
2026-10-01 19:01:31,791 INFO E-SS 半合成数据：109 个小区（处理组 54），ρ = 0.5，真实弹性 [-0.2, -0.8, -1.5]；锚定 cells（在合成训练期上重新估计）
2026-10-01 19:01:31,792 INFO 数据：T=4344 N=109 训练/验证/测试起点 3001/409/841；{'train': ('2022-09-01', '2023-01-05'), 'val': ('2023-01-06', '2023-01-23'), 'test': ('2023-01-24', '2023-02-28')}
2026-10-01 19:01:31,940 INFO 模型参数 195,307；锚定方式 cut；锚定来源 ess_cells
2026-10-01 19:01:44,703 INFO 第   1 轮  训练 0.02323  验证 pinball 0.01774  分时小区平均 β +nan  9.3s
2026-10-01 19:01:53,639 INFO 第   2 轮  训练 0.01843  验证 pinball 0.01699  分时小区平均 β +nan  8.9s
2026-10-01 19:02:02,585 INFO 第   3 轮  训练 0.01679  验证 pinball 0.01560  分时小区平均 β +nan  8.9s
2026-10-01 19:02:11,211 INFO 第   4 轮  训练 0.01535  验证 pinball 0.01480  分时小区平均 β +nan  8.6s
2026-10-01 19:02:20,048 INFO 第   5 轮  训练 0.01425  验证 pinball 0.01514  分时小区平均 β +nan  8.8s
2026-10-01 19:02:29,618 INFO 第   6 轮  训练 0.01356  验证 pinball 0.01419  分时小区平均 β +nan  9.6s
2026-10-01 19:02:38,620 INFO 第   7 轮  训练 0.01329  验证 pinball 0.01449  分时小区平均 β +nan  9.0s
2026-10-01 19:02:48,072 INFO 第   8 轮  训练 0.01302  验证 pinball 0.01450  分时小区平均 β +nan  9.5s
2026-10-01 19:02:57,097 INFO 第   9 轮  训练 0.01281  验证 pinball 0.01523  分时小区平均 β +nan  9.0s
2026-10-01 19:03:06,233 INFO 第  10 轮  训练 0.01258  验证 pinball 0.01448  分时小区平均 β +nan  9.1s
2026-10-01 19:03:14,951 INFO 第  11 轮  训练 0.01248  验证 pinball 0.01417  分时小区平均 β +nan  8.7s
2026-10-01 19:03:23,726 INFO 第  12 轮  训练 0.01221  验证 pinball 0.01403  分时小区平均 β +nan  8.8s
2026-10-01 19:03:32,489 INFO 第  13 轮  训练 0.01208  验证 pinball 0.01468  分时小区平均 β +nan  8.8s
2026-10-01 19:03:41,213 INFO 第  14 轮  训练 0.01202  验证 pinball 0.01393  分时小区平均 β +nan  8.7s
2026-10-01 19:03:50,351 INFO 第  15 轮  训练 0.01189  验证 pinball 0.01397  分时小区平均 β +nan  9.1s
2026-10-01 19:03:59,328 INFO 第  16 轮  训练 0.01175  验证 pinball 0.01388  分时小区平均 β +nan  9.0s
2026-10-01 19:04:08,017 INFO 第  17 轮  训练 0.01160  验证 pinball 0.01432  分时小区平均 β +nan  8.7s
2026-10-01 19:04:16,720 INFO 第  18 轮  训练 0.01150  验证 pinball 0.01444  分时小区平均 β +nan  8.7s
2026-10-01 19:04:25,449 INFO 第  19 轮  训练 0.01139  验证 pinball 0.01498  分时小区平均 β +nan  8.7s
2026-10-01 19:04:34,157 INFO 第  20 轮  训练 0.01131  验证 pinball 0.01493  分时小区平均 β +nan  8.7s
2026-10-01 19:04:43,204 INFO 第  21 轮  训练 0.01122  验证 pinball 0.01466  分时小区平均 β +nan  9.0s
2026-10-01 19:04:51,894 INFO 第  22 轮  训练 0.01111  验证 pinball 0.01518  分时小区平均 β +nan  8.7s
2026-10-01 19:05:00,765 INFO 第  23 轮  训练 0.01101  验证 pinball 0.01457  分时小区平均 β +nan  8.9s
2026-10-01 19:05:10,134 INFO 第  24 轮  训练 0.01103  验证 pinball 0.01527  分时小区平均 β +nan  9.4s
2026-10-01 19:05:19,382 INFO 第  25 轮  训练 0.01083  验证 pinball 0.01530  分时小区平均 β +nan  9.2s
2026-10-01 19:05:27,968 INFO 第  26 轮  训练 0.01072  验证 pinball 0.01537  分时小区平均 β +nan  8.6s
2026-10-01 19:05:36,687 INFO 第  27 轮  训练 0.01067  验证 pinball 0.01575  分时小区平均 β +nan  8.7s
2026-10-01 19:05:46,089 INFO 第  28 轮  训练 0.01055  验证 pinball 0.01544  分时小区平均 β +nan  9.4s
2026-10-01 19:05:55,229 INFO 第  29 轮  训练 0.01048  验证 pinball 0.01516  分时小区平均 β +nan  9.1s
2026-10-01 19:06:03,835 INFO 第  30 轮  训练 0.01040  验证 pinball 0.01615  分时小区平均 β +nan  8.6s
2026-10-01 19:06:12,536 INFO 第  31 轮  训练 0.01036  验证 pinball 0.01614  分时小区平均 β +nan  8.7s
2026-10-01 19:06:12,537 INFO 验证损失 15 轮未改善，提前停止
2026-10-01 19:06:17,832 INFO E-SS flat：真实隐含弹性 -1.101；模型 -0.903（反事实 MAE 0.0450）；插补 P0 -1.318（0.0449）
2026-10-01 19:06:17,833 INFO E-SS spread1.5：真实隐含弹性 -1.100；模型 -0.903（反事实 MAE 0.0455）；插补 P0 -1.318（0.0456）
2026-10-01 19:06:26,053 INFO 测试期 MAE 0.0472  WAPE 0.249  CRPS 0.0277  PICP90 原始 0.809 / ACI 0.903；输出 D:\EV充电因果预测sci论文\05_实验结果\runs\ess_rho0.5_A6input_s0
