2026-09-30 05:55:52,442 INFO 运行 tune_gwn_D64_lr1e-3_do0.1，设备 cuda，torch 2.11.0+cu128
2026-09-30 05:55:54,642 INFO 数据：T=4344 N=275 训练/验证/测试起点 3001/409/841；{'train': ('2022-09-01', '2023-01-05'), 'val': ('2023-01-06', '2023-01-23'), 'test': ('2023-01-24', '2023-02-28')}
2026-09-30 05:55:54,869 INFO 模型参数 744,323；锚定方式 cut；锚定来源 fivemin_main
2026-09-30 06:02:38,641 INFO 第   1 轮  训练 0.02238  验证 pinball 0.01693  分时小区平均 β -0.213  400.0s
2026-09-30 06:09:57,942 INFO 第   2 轮  训练 0.01812  验证 pinball 0.01573  分时小区平均 β -0.213  439.3s
2026-09-30 06:17:52,167 INFO 第   3 轮  训练 0.01648  验证 pinball 0.01481  分时小区平均 β -0.213  474.2s
2026-09-30 06:25:42,828 INFO 第   4 轮  训练 0.01522  验证 pinball 0.01473  分时小区平均 β -0.213  470.6s
2026-09-30 06:33:53,095 INFO 第   5 轮  训练 0.01438  验证 pinball 0.01422  分时小区平均 β -0.213  490.3s
2026-09-30 06:43:02,076 INFO 第   6 轮  训练 0.01380  验证 pinball 0.01389  分时小区平均 β -0.213  549.0s
2026-09-30 06:51:54,067 INFO 第   7 轮  训练 0.01349  验证 pinball 0.01365  分时小区平均 β -0.213  532.0s
2026-09-30 06:59:58,034 INFO 第   8 轮  训练 0.01323  验证 pinball 0.01339  分时小区平均 β -0.213  484.0s
2026-09-30 07:09:24,040 INFO 第   9 轮  训练 0.01291  验证 pinball 0.01352  分时小区平均 β -0.213  566.0s
2026-09-30 07:19:01,357 INFO 第  10 轮  训练 0.01257  验证 pinball 0.01458  分时小区平均 β -0.213  577.3s
2026-09-30 07:28:56,902 INFO 第  11 轮  训练 0.01240  验证 pinball 0.01360  分时小区平均 β -0.213  595.5s
2026-09-30 07:37:39,085 INFO 第  12 轮  训练 0.01240  验证 pinball 0.01368  分时小区平均 β -0.213  522.2s
2026-09-30 07:47:26,043 INFO 第  13 轮  训练 0.01202  验证 pinball 0.01341  分时小区平均 β -0.213  587.0s
2026-09-30 07:52:01,560 INFO 第  14 轮  训练 0.01194  验证 pinball 0.01337  分时小区平均 β -0.213  275.5s
2026-09-30 07:55:28,346 INFO 第  15 轮  训练 0.01175  验证 pinball 0.01389  分时小区平均 β -0.213  206.8s
2026-09-30 08:03:46,000 INFO 第  16 轮  训练 0.01154  验证 pinball 0.01364  分时小区平均 β -0.213  497.7s
2026-09-30 08:13:05,121 INFO 第  17 轮  训练 0.01149  验证 pinball 0.01413  分时小区平均 β -0.213  559.1s
2026-09-30 08:22:02,579 INFO 第  18 轮  训练 0.01127  验证 pinball 0.01436  分时小区平均 β -0.213  537.5s
2026-09-30 08:30:39,134 INFO 第  19 轮  训练 0.01121  验证 pinball 0.01437  分时小区平均 β -0.213  516.6s
2026-09-30 08:40:25,702 INFO 第  20 轮  训练 0.01107  验证 pinball 0.01534  分时小区平均 β -0.213  586.6s
2026-09-30 08:49:08,966 INFO 第  21 轮  训练 0.01099  验证 pinball 0.01448  分时小区平均 β -0.213  523.3s
2026-09-30 08:58:57,102 INFO 第  22 轮  训练 0.01074  验证 pinball 0.01441  分时小区平均 β -0.213  588.1s
2026-09-30 09:07:58,071 INFO 第  23 轮  训练 0.01078  验证 pinball 0.01512  分时小区平均 β -0.213  541.0s
2026-09-30 09:16:44,559 INFO 第  24 轮  训练 0.01067  验证 pinball 0.01461  分时小区平均 β -0.213  526.5s
2026-09-30 09:26:44,953 INFO 第  25 轮  训练 0.01070  验证 pinball 0.01452  分时小区平均 β -0.213  600.4s
2026-09-30 09:35:24,003 INFO 第  26 轮  训练 0.01035  验证 pinball 0.01494  分时小区平均 β -0.213  519.0s
2026-09-30 09:45:11,134 INFO 第  27 轮  训练 0.01019  验证 pinball 0.01567  分时小区平均 β -0.213  587.1s
2026-09-30 09:54:34,049 INFO 第  28 轮  训练 0.01008  验证 pinball 0.01548  分时小区平均 β -0.213  562.9s
2026-09-30 10:03:15,212 INFO 第  29 轮  训练 0.01000  验证 pinball 0.01530  分时小区平均 β -0.213  521.2s
2026-09-30 10:03:15,213 INFO 验证损失 15 轮未改善，提前停止
2026-09-30 10:05:06,984 INFO 测试期 MAE 0.0453  WAPE 0.232  CRPS 0.0264  PICP90 原始 0.836 / ACI 0.901；输出 D:\EV充电因果预测sci论文\05_实验结果\runs\tune_gwn_D64_lr1e-3_do0.1
