2026-09-30 23:03:55,056 INFO 运行 main_A0_s2，设备 cuda，torch 2.11.0+cu128
2026-09-30 23:03:56,112 INFO 数据：T=4344 N=275 训练/验证/测试起点 3001/409/841；{'train': ('2022-09-01', '2023-01-05'), 'val': ('2023-01-06', '2023-01-23'), 'test': ('2023-01-24', '2023-02-28')}
2026-09-30 23:03:56,244 INFO 模型参数 198,211；锚定方式 cut；锚定来源 fivemin_main
2026-09-30 23:04:26,608 INFO 第   1 轮  训练 0.02312  验证 pinball 0.01823  分时小区平均 β -0.213  27.4s
2026-09-30 23:04:53,354 INFO 第   2 轮  训练 0.01843  验证 pinball 0.01581  分时小区平均 β -0.213  26.7s
2026-09-30 23:05:19,045 INFO 第   3 轮  训练 0.01689  验证 pinball 0.01476  分时小区平均 β -0.213  25.7s
2026-09-30 23:05:43,466 INFO 第   4 轮  训练 0.01554  验证 pinball 0.01442  分时小区平均 β -0.213  24.4s
2026-09-30 23:06:07,905 INFO 第   5 轮  训练 0.01478  验证 pinball 0.01438  分时小区平均 β -0.213  24.4s
2026-09-30 23:06:32,354 INFO 第   6 轮  训练 0.01440  验证 pinball 0.01394  分时小区平均 β -0.213  24.4s
2026-09-30 23:06:56,801 INFO 第   7 轮  训练 0.01405  验证 pinball 0.01375  分时小区平均 β -0.213  24.4s
2026-09-30 23:07:21,198 INFO 第   8 轮  训练 0.01376  验证 pinball 0.01369  分时小区平均 β -0.213  24.4s
2026-09-30 23:07:45,578 INFO 第   9 轮  训练 0.01355  验证 pinball 0.01346  分时小区平均 β -0.213  24.4s
2026-09-30 23:08:09,981 INFO 第  10 轮  训练 0.01341  验证 pinball 0.01358  分时小区平均 β -0.213  24.4s
2026-09-30 23:08:34,369 INFO 第  11 轮  训练 0.01322  验证 pinball 0.01363  分时小区平均 β -0.213  24.4s
2026-09-30 23:08:58,797 INFO 第  12 轮  训练 0.01301  验证 pinball 0.01315  分时小区平均 β -0.213  24.4s
2026-09-30 23:09:23,245 INFO 第  13 轮  训练 0.01298  验证 pinball 0.01366  分时小区平均 β -0.213  24.4s
2026-09-30 23:09:47,577 INFO 第  14 轮  训练 0.01283  验证 pinball 0.01380  分时小区平均 β -0.213  24.3s
2026-09-30 23:10:11,926 INFO 第  15 轮  训练 0.01269  验证 pinball 0.01313  分时小区平均 β -0.213  24.3s
2026-09-30 23:10:36,315 INFO 第  16 轮  训练 0.01259  验证 pinball 0.01419  分时小区平均 β -0.213  24.4s
2026-09-30 23:11:00,661 INFO 第  17 轮  训练 0.01258  验证 pinball 0.01314  分时小区平均 β -0.213  24.3s
2026-09-30 23:11:25,098 INFO 第  18 轮  训练 0.01241  验证 pinball 0.01313  分时小区平均 β -0.213  24.4s
2026-09-30 23:11:49,282 INFO 第  19 轮  训练 0.01228  验证 pinball 0.01349  分时小区平均 β -0.213  24.2s
2026-09-30 23:12:13,624 INFO 第  20 轮  训练 0.01222  验证 pinball 0.01375  分时小区平均 β -0.213  24.3s
2026-09-30 23:12:38,002 INFO 第  21 轮  训练 0.01214  验证 pinball 0.01389  分时小区平均 β -0.213  24.4s
2026-09-30 23:13:02,422 INFO 第  22 轮  训练 0.01211  验证 pinball 0.01333  分时小区平均 β -0.213  24.4s
2026-09-30 23:13:26,811 INFO 第  23 轮  训练 0.01201  验证 pinball 0.01371  分时小区平均 β -0.213  24.4s
2026-09-30 23:13:51,179 INFO 第  24 轮  训练 0.01190  验证 pinball 0.01325  分时小区平均 β -0.213  24.4s
2026-09-30 23:14:15,574 INFO 第  25 轮  训练 0.01185  验证 pinball 0.01329  分时小区平均 β -0.213  24.4s
2026-09-30 23:14:39,985 INFO 第  26 轮  训练 0.01186  验证 pinball 0.01361  分时小区平均 β -0.213  24.4s
2026-09-30 23:15:04,456 INFO 第  27 轮  训练 0.01173  验证 pinball 0.01373  分时小区平均 β -0.213  24.5s
2026-09-30 23:15:28,830 INFO 第  28 轮  训练 0.01170  验证 pinball 0.01359  分时小区平均 β -0.213  24.4s
2026-09-30 23:15:53,198 INFO 第  29 轮  训练 0.01169  验证 pinball 0.01344  分时小区平均 β -0.213  24.4s
2026-09-30 23:16:17,596 INFO 第  30 轮  训练 0.01155  验证 pinball 0.01468  分时小区平均 β -0.213  24.4s
2026-09-30 23:16:17,596 INFO 验证损失 15 轮未改善，提前停止
2026-09-30 23:16:21,896 INFO 切换点一致性（all）：观测 β -1.180（0.393）  模型 β -0.585（0.173）
2026-09-30 23:16:22,042 INFO 切换点一致性（novel）：观测 β -0.367（0.505）  模型 β -0.283（0.181）
2026-09-30 23:16:30,645 INFO 测试期 MAE 0.0444  WAPE 0.227  CRPS 0.0256  PICP90 原始 0.855 / ACI 0.902；输出 D:\EV充电因果预测sci论文\05_实验结果\runs\main_A0_s2
