2026-09-27 19:08:20,374 INFO 运行 smoke_staeformer_soft，设备 cpu，torch 2.14.0
2026-09-27 19:08:20,825 INFO 数据：T=4344 N=40 训练/验证/测试起点 3001/409/841；{'train': ('2022-09-01', '2023-01-05'), 'val': ('2023-01-06', '2023-01-23'), 'test': ('2023-01-24', '2023-02-28')}
2026-09-27 19:08:20,826 WARNING 正在使用占位锚定（β̂=−0.45）：结果只能用于调试，不能写进论文
2026-09-27 19:08:20,830 INFO 模型参数 69,358；锚定方式 soft；锚定来源 placeholder
2026-09-27 19:08:21,987 INFO 第   1 轮  训练 0.02510  验证 pinball 0.02403  分时小区平均 β -0.450  0.7s
2026-09-27 19:08:22,735 INFO 第   2 轮  训练 0.02588  验证 pinball 0.02286  分时小区平均 β -0.450  0.7s
2026-09-27 19:08:24,365 INFO 切换点一致性（all）：观测 β -1.346（0.947）  模型 β -0.745（0.100）
2026-09-27 19:08:24,379 INFO 切换点一致性（novel）：观测 β +5.237（2.022）  模型 β -1.487（0.089）
2026-09-27 19:08:25,655 INFO 测试期 MAE 0.0801  WAPE 0.535  CRPS 0.0485  PICP90 原始 0.902 / ACI 0.903；输出 /Users/zhangshien/Desktop/EV充电因果预测sci论文/05_实验结果/runs/smoke_staeformer_soft
2026-09-29 18:10:39,343 INFO 运行 smoke_staeformer_soft，设备 cuda，torch 2.11.0+cu128
2026-09-29 18:10:39,940 INFO 数据：T=4344 N=40 训练/验证/测试起点 3001/409/841；{'train': ('2022-09-01', '2023-01-05'), 'val': ('2023-01-06', '2023-01-23'), 'test': ('2023-01-24', '2023-02-28')}
2026-09-29 18:10:39,940 WARNING 正在使用占位锚定（β̂=−0.45）：结果只能用于调试，不能写进论文
2026-09-29 18:10:40,003 INFO 模型参数 69,358；锚定方式 soft；锚定来源 placeholder
2026-09-29 18:10:42,023 INFO 第   1 轮  训练 0.02510  验证 pinball 0.02403  分时小区平均 β -0.450  0.4s
2026-09-29 18:10:42,203 INFO 第   2 轮  训练 0.02587  验证 pinball 0.02286  分时小区平均 β -0.450  0.2s
2026-09-29 18:10:42,591 INFO 切换点一致性（all）：观测 β -1.346（0.947）  模型 β -0.746（0.099）
2026-09-29 18:10:42,616 INFO 切换点一致性（novel）：观测 β +5.237（2.022）  模型 β -1.483（0.086）
2026-09-29 18:10:44,007 INFO 测试期 MAE 0.0801  WAPE 0.535  CRPS 0.0485  PICP90 原始 0.902 / ACI 0.903；输出 D:\EV充电因果预测sci论文\05_实验结果\runs\smoke_staeformer_soft
2026-09-29 18:16:50,779 INFO 运行 smoke_staeformer_soft，设备 cuda，torch 2.11.0+cu128
2026-09-29 18:16:51,370 INFO 数据：T=4344 N=40 训练/验证/测试起点 3001/409/841；{'train': ('2022-09-01', '2023-01-05'), 'val': ('2023-01-06', '2023-01-23'), 'test': ('2023-01-24', '2023-02-28')}
2026-09-29 18:16:51,371 WARNING 正在使用占位锚定（β̂=−0.45）：结果只能用于调试，不能写进论文
2026-09-29 18:16:51,441 INFO 模型参数 69,358；锚定方式 soft；锚定来源 placeholder
2026-09-29 18:16:53,243 INFO 第   1 轮  训练 0.02510  验证 pinball 0.02403  分时小区平均 β -0.450  0.4s
2026-09-29 18:16:53,422 INFO 第   2 轮  训练 0.02587  验证 pinball 0.02286  分时小区平均 β -0.450  0.2s
2026-09-29 18:16:53,787 INFO 切换点一致性（all）：观测 β -1.346（0.947）  模型 β -0.746（0.099）
2026-09-29 18:16:53,809 INFO 切换点一致性（novel）：观测 β +5.237（2.022）  模型 β -1.483（0.086）
2026-09-29 18:16:55,153 INFO 测试期 MAE 0.0801  WAPE 0.535  CRPS 0.0485  PICP90 原始 0.902 / ACI 0.903；输出 D:\EV充电因果预测sci论文\05_实验结果\runs\smoke_staeformer_soft
