2026-10-01 19:13:15,119 INFO 运行 ess_rho0.5_A1free_s1，设备 cuda，torch 2.11.0+cu128
2026-10-01 19:13:21,775 INFO E-SS 半合成数据：109 个小区（处理组 54），ρ = 0.5，真实弹性 [-0.2, -0.8, -1.5]；锚定 cells（在合成训练期上重新估计）
2026-10-01 19:13:21,775 INFO 数据：T=4344 N=109 训练/验证/测试起点 3001/409/841；{'train': ('2022-09-01', '2023-01-05'), 'val': ('2023-01-06', '2023-01-23'), 'test': ('2023-01-24', '2023-02-28')}
2026-10-01 19:13:21,952 INFO 模型参数 195,342；锚定方式 free；锚定来源 ess_cells
2026-10-01 19:13:35,782 INFO 第   1 轮  训练 0.02338  验证 pinball 0.01806  分时小区平均 β -1.329  10.2s
2026-10-01 19:13:44,572 INFO 第   2 轮  训练 0.01830  验证 pinball 0.01630  分时小区平均 β -1.289  8.8s
2026-10-01 19:13:53,373 INFO 第   3 轮  训练 0.01666  验证 pinball 0.01542  分时小区平均 β -1.261  8.8s
2026-10-01 19:14:02,153 INFO 第   4 轮  训练 0.01518  验证 pinball 0.01541  分时小区平均 β -1.231  8.8s
2026-10-01 19:14:11,058 INFO 第   5 轮  训练 0.01421  验证 pinball 0.01454  分时小区平均 β -1.205  8.9s
2026-10-01 19:14:20,058 INFO 第   6 轮  训练 0.01359  验证 pinball 0.01419  分时小区平均 β -1.182  9.0s
2026-10-01 19:14:28,909 INFO 第   7 轮  训练 0.01343  验证 pinball 0.01438  分时小区平均 β -1.162  8.8s
2026-10-01 19:14:38,174 INFO 第   8 轮  训练 0.01306  验证 pinball 0.01462  分时小区平均 β -1.146  9.3s
2026-10-01 19:14:47,648 INFO 第   9 轮  训练 0.01280  验证 pinball 0.01406  分时小区平均 β -1.132  9.5s
2026-10-01 19:14:57,019 INFO 第  10 轮  训练 0.01267  验证 pinball 0.01442  分时小区平均 β -1.119  9.4s
2026-10-01 19:15:06,794 INFO 第  11 轮  训练 0.01247  验证 pinball 0.01403  分时小区平均 β -1.110  9.8s
2026-10-01 19:15:16,440 INFO 第  12 轮  训练 0.01234  验证 pinball 0.01496  分时小区平均 β -1.102  9.6s
2026-10-01 19:15:25,479 INFO 第  13 轮  训练 0.01219  验证 pinball 0.01473  分时小区平均 β -1.096  9.0s
2026-10-01 19:15:35,046 INFO 第  14 轮  训练 0.01202  验证 pinball 0.01452  分时小区平均 β -1.089  9.6s
2026-10-01 19:15:44,742 INFO 第  15 轮  训练 0.01186  验证 pinball 0.01425  分时小区平均 β -1.085  9.7s
2026-10-01 19:15:53,823 INFO 第  16 轮  训练 0.01192  验证 pinball 0.01472  分时小区平均 β -1.080  9.1s
2026-10-01 19:16:02,601 INFO 第  17 轮  训练 0.01161  验证 pinball 0.01448  分时小区平均 β -1.075  8.8s
2026-10-01 19:16:11,615 INFO 第  18 轮  训练 0.01152  验证 pinball 0.01481  分时小区平均 β -1.071  9.0s
2026-10-01 19:16:21,032 INFO 第  19 轮  训练 0.01143  验证 pinball 0.01466  分时小区平均 β -1.067  9.4s
2026-10-01 19:16:30,734 INFO 第  20 轮  训练 0.01137  验证 pinball 0.01461  分时小区平均 β -1.063  9.7s
2026-10-01 19:16:39,964 INFO 第  21 轮  训练 0.01121  验证 pinball 0.01520  分时小区平均 β -1.060  9.2s
2026-10-01 19:16:49,146 INFO 第  22 轮  训练 0.01114  验证 pinball 0.01616  分时小区平均 β -1.057  9.2s
2026-10-01 19:16:58,055 INFO 第  23 轮  训练 0.01100  验证 pinball 0.01573  分时小区平均 β -1.056  8.9s
2026-10-01 19:17:06,796 INFO 第  24 轮  训练 0.01088  验证 pinball 0.01611  分时小区平均 β -1.054  8.7s
2026-10-01 19:17:16,106 INFO 第  25 轮  训练 0.01077  验证 pinball 0.01546  分时小区平均 β -1.053  9.3s
2026-10-01 19:17:24,852 INFO 第  26 轮  训练 0.01073  验证 pinball 0.01545  分时小区平均 β -1.052  8.7s
2026-10-01 19:17:24,852 INFO 验证损失 15 轮未改善，提前停止
2026-10-01 19:17:30,723 INFO E-SS flat：真实隐含弹性 -1.062；模型 -0.999（反事实 MAE 0.0442）；插补 P0 -1.230（0.0442）
2026-10-01 19:17:30,724 INFO E-SS spread1.5：真实隐含弹性 -1.062；模型 -0.999（反事实 MAE 0.0447）；插补 P0 -1.230（0.0449）
2026-10-01 19:17:38,436 INFO 测试期 MAE 0.0467  WAPE 0.246  CRPS 0.0268  PICP90 原始 0.862 / ACI 0.903；输出 D:\EV充电因果预测sci论文\05_实验结果\runs\ess_rho0.5_A1free_s1
