2026-09-30 23:16:33,829 INFO 运行 main_A0_s3，设备 cuda，torch 2.11.0+cu128
2026-09-30 23:16:34,636 INFO 数据：T=4344 N=275 训练/验证/测试起点 3001/409/841；{'train': ('2022-09-01', '2023-01-05'), 'val': ('2023-01-06', '2023-01-23'), 'test': ('2023-01-24', '2023-02-28')}
2026-09-30 23:16:34,780 INFO 模型参数 198,211；锚定方式 cut；锚定来源 fivemin_main
2026-09-30 23:17:00,956 INFO 第   1 轮  训练 0.02292  验证 pinball 0.01764  分时小区平均 β -0.213  24.9s
2026-09-30 23:17:25,288 INFO 第   2 轮  训练 0.01870  验证 pinball 0.01629  分时小区平均 β -0.213  24.3s
2026-09-30 23:17:49,593 INFO 第   3 轮  训练 0.01734  验证 pinball 0.01549  分时小区平均 β -0.213  24.3s
2026-09-30 23:18:13,978 INFO 第   4 轮  训练 0.01605  验证 pinball 0.01581  分时小区平均 β -0.213  24.4s
2026-09-30 23:18:38,343 INFO 第   5 轮  训练 0.01518  验证 pinball 0.01439  分时小区平均 β -0.213  24.4s
2026-09-30 23:19:03,927 INFO 第   6 轮  训练 0.01447  验证 pinball 0.01437  分时小区平均 β -0.213  25.6s
2026-09-30 23:19:30,554 INFO 第   7 轮  训练 0.01406  验证 pinball 0.01402  分时小区平均 β -0.213  26.6s
2026-09-30 23:19:57,290 INFO 第   8 轮  训练 0.01371  验证 pinball 0.01361  分时小区平均 β -0.213  26.7s
2026-09-30 23:20:24,060 INFO 第   9 轮  训练 0.01346  验证 pinball 0.01350  分时小区平均 β -0.213  26.8s
2026-09-30 23:20:50,748 INFO 第  10 轮  训练 0.01331  验证 pinball 0.01384  分时小区平均 β -0.213  26.7s
2026-09-30 23:21:17,421 INFO 第  11 轮  训练 0.01309  验证 pinball 0.01321  分时小区平均 β -0.213  26.7s
2026-09-30 23:21:44,218 INFO 第  12 轮  训练 0.01302  验证 pinball 0.01358  分时小区平均 β -0.213  26.8s
2026-09-30 23:22:10,940 INFO 第  13 轮  训练 0.01279  验证 pinball 0.01354  分时小区平均 β -0.213  26.7s
2026-09-30 23:22:37,679 INFO 第  14 轮  训练 0.01269  验证 pinball 0.01365  分时小区平均 β -0.213  26.7s
2026-09-30 23:23:04,424 INFO 第  15 轮  训练 0.01260  验证 pinball 0.01305  分时小区平均 β -0.213  26.7s
2026-09-30 23:23:31,144 INFO 第  16 轮  训练 0.01254  验证 pinball 0.01332  分时小区平均 β -0.213  26.7s
2026-09-30 23:23:57,986 INFO 第  17 轮  训练 0.01242  验证 pinball 0.01324  分时小区平均 β -0.213  26.8s
2026-09-30 23:24:24,868 INFO 第  18 轮  训练 0.01236  验证 pinball 0.01373  分时小区平均 β -0.213  26.9s
2026-09-30 23:24:51,614 INFO 第  19 轮  训练 0.01221  验证 pinball 0.01387  分时小区平均 β -0.213  26.7s
2026-09-30 23:25:18,334 INFO 第  20 轮  训练 0.01217  验证 pinball 0.01337  分时小区平均 β -0.213  26.7s
2026-09-30 23:25:45,138 INFO 第  21 轮  训练 0.01218  验证 pinball 0.01307  分时小区平均 β -0.213  26.8s
2026-09-30 23:26:12,032 INFO 第  22 轮  训练 0.01202  验证 pinball 0.01380  分时小区平均 β -0.213  26.9s
2026-09-30 23:26:38,793 INFO 第  23 轮  训练 0.01201  验证 pinball 0.01313  分时小区平均 β -0.213  26.8s
2026-09-30 23:27:05,433 INFO 第  24 轮  训练 0.01189  验证 pinball 0.01343  分时小区平均 β -0.213  26.6s
2026-09-30 23:27:32,111 INFO 第  25 轮  训练 0.01184  验证 pinball 0.01389  分时小区平均 β -0.213  26.7s
2026-09-30 23:27:58,757 INFO 第  26 轮  训练 0.01173  验证 pinball 0.01346  分时小区平均 β -0.213  26.6s
2026-09-30 23:28:25,487 INFO 第  27 轮  训练 0.01172  验证 pinball 0.01358  分时小区平均 β -0.213  26.7s
2026-09-30 23:28:52,269 INFO 第  28 轮  训练 0.01167  验证 pinball 0.01451  分时小区平均 β -0.213  26.8s
2026-09-30 23:29:18,879 INFO 第  29 轮  训练 0.01161  验证 pinball 0.01338  分时小区平均 β -0.213  26.6s
2026-09-30 23:29:45,628 INFO 第  30 轮  训练 0.01153  验证 pinball 0.01351  分时小区平均 β -0.213  26.7s
2026-09-30 23:29:45,629 INFO 验证损失 15 轮未改善，提前停止
2026-09-30 23:29:50,517 INFO 切换点一致性（all）：观测 β -1.180（0.393）  模型 β -0.560（0.207）
2026-09-30 23:29:50,751 INFO 切换点一致性（novel）：观测 β -0.367（0.505）  模型 β -0.299（0.252）
2026-09-30 23:30:08,008 INFO 测试期 MAE 0.0445  WAPE 0.228  CRPS 0.0258  PICP90 原始 0.837 / ACI 0.900；输出 D:\EV充电因果预测sci论文\05_实验结果\runs\main_A0_s3
