2026-10-01 14:45:58,595 INFO 运行 abl_A13_soft10_s1，设备 cuda，torch 2.11.0+cu128
2026-10-01 14:45:59,437 INFO 数据：T=4344 N=275 训练/验证/测试起点 3001/409/841；{'train': ('2022-09-01', '2023-01-05'), 'val': ('2023-01-06', '2023-01-23'), 'test': ('2023-01-24', '2023-02-28')}
2026-10-01 14:45:59,579 INFO 模型参数 199,326；锚定方式 soft；锚定来源 fivemin_main
2026-10-01 14:46:28,107 INFO 第   1 轮  训练 0.02278  验证 pinball 0.01807  分时小区平均 β -0.213  27.2s
2026-10-01 14:46:55,624 INFO 第   2 轮  训练 0.01840  验证 pinball 0.01604  分时小区平均 β -0.213  27.5s
2026-10-01 14:47:23,171 INFO 第   3 轮  训练 0.01698  验证 pinball 0.01493  分时小区平均 β -0.213  27.5s
2026-10-01 14:47:50,824 INFO 第   4 轮  训练 0.01569  验证 pinball 0.01483  分时小区平均 β -0.213  27.6s
2026-10-01 14:48:18,443 INFO 第   5 轮  训练 0.01484  验证 pinball 0.01439  分时小区平均 β -0.213  27.6s
2026-10-01 14:48:46,050 INFO 第   6 轮  训练 0.01424  验证 pinball 0.01382  分时小区平均 β -0.213  27.6s
2026-10-01 14:49:13,635 INFO 第   7 轮  训练 0.01404  验证 pinball 0.01401  分时小区平均 β -0.213  27.6s
2026-10-01 14:49:41,427 INFO 第   8 轮  训练 0.01370  验证 pinball 0.01338  分时小区平均 β -0.213  27.8s
2026-10-01 14:50:09,338 INFO 第   9 轮  训练 0.01342  验证 pinball 0.01328  分时小区平均 β -0.213  27.9s
2026-10-01 14:50:37,107 INFO 第  10 轮  训练 0.01334  验证 pinball 0.01322  分时小区平均 β -0.213  27.8s
2026-10-01 14:51:04,960 INFO 第  11 轮  训练 0.01317  验证 pinball 0.01321  分时小区平均 β -0.213  27.8s
2026-10-01 14:51:32,618 INFO 第  12 轮  训练 0.01305  验证 pinball 0.01372  分时小区平均 β -0.213  27.6s
2026-10-01 14:52:00,226 INFO 第  13 轮  训练 0.01288  验证 pinball 0.01327  分时小区平均 β -0.213  27.6s
2026-10-01 14:52:28,118 INFO 第  14 轮  训练 0.01273  验证 pinball 0.01343  分时小区平均 β -0.213  27.9s
2026-10-01 14:52:55,978 INFO 第  15 轮  训练 0.01264  验证 pinball 0.01288  分时小区平均 β -0.213  27.9s
2026-10-01 14:53:23,764 INFO 第  16 轮  训练 0.01265  验证 pinball 0.01338  分时小区平均 β -0.213  27.8s
2026-10-01 14:53:51,419 INFO 第  17 轮  训练 0.01243  验证 pinball 0.01295  分时小区平均 β -0.213  27.7s
2026-10-01 14:54:19,125 INFO 第  18 轮  训练 0.01235  验证 pinball 0.01294  分时小区平均 β -0.213  27.7s
2026-10-01 14:54:46,905 INFO 第  19 轮  训练 0.01225  验证 pinball 0.01309  分时小区平均 β -0.213  27.8s
2026-10-01 14:55:14,589 INFO 第  20 轮  训练 0.01227  验证 pinball 0.01281  分时小区平均 β -0.213  27.7s
2026-10-01 14:55:42,362 INFO 第  21 轮  训练 0.01210  验证 pinball 0.01319  分时小区平均 β -0.213  27.8s
2026-10-01 14:56:10,155 INFO 第  22 轮  训练 0.01204  验证 pinball 0.01407  分时小区平均 β -0.213  27.8s
2026-10-01 14:56:37,725 INFO 第  23 轮  训练 0.01199  验证 pinball 0.01301  分时小区平均 β -0.213  27.6s
2026-10-01 14:57:05,281 INFO 第  24 轮  训练 0.01191  验证 pinball 0.01315  分时小区平均 β -0.213  27.6s
2026-10-01 14:57:33,094 INFO 第  25 轮  训练 0.01188  验证 pinball 0.01299  分时小区平均 β -0.213  27.8s
2026-10-01 14:58:00,856 INFO 第  26 轮  训练 0.01177  验证 pinball 0.01312  分时小区平均 β -0.213  27.8s
2026-10-01 14:58:28,516 INFO 第  27 轮  训练 0.01170  验证 pinball 0.01301  分时小区平均 β -0.213  27.7s
2026-10-01 14:58:56,280 INFO 第  28 轮  训练 0.01174  验证 pinball 0.01401  分时小区平均 β -0.213  27.8s
2026-10-01 14:59:24,106 INFO 第  29 轮  训练 0.01169  验证 pinball 0.01312  分时小区平均 β -0.213  27.8s
2026-10-01 14:59:51,853 INFO 第  30 轮  训练 0.01152  验证 pinball 0.01328  分时小区平均 β -0.213  27.7s
2026-10-01 15:00:19,640 INFO 第  31 轮  训练 0.01154  验证 pinball 0.01312  分时小区平均 β -0.213  27.8s
2026-10-01 15:00:47,249 INFO 第  32 轮  训练 0.01138  验证 pinball 0.01352  分时小区平均 β -0.213  27.6s
2026-10-01 15:01:14,939 INFO 第  33 轮  训练 0.01135  验证 pinball 0.01338  分时小区平均 β -0.213  27.7s
2026-10-01 15:01:42,597 INFO 第  34 轮  训练 0.01134  验证 pinball 0.01319  分时小区平均 β -0.213  27.7s
2026-10-01 15:02:10,077 INFO 第  35 轮  训练 0.01132  验证 pinball 0.01328  分时小区平均 β -0.213  27.5s
2026-10-01 15:02:10,078 INFO 验证损失 15 轮未改善，提前停止
2026-10-01 15:02:15,121 INFO 切换点一致性（all）：观测 β -1.180（0.393）  模型 β -0.482（0.209）
2026-10-01 15:02:15,425 INFO 切换点一致性（novel）：观测 β -0.367（0.505）  模型 β -0.161（0.258）
2026-10-01 15:02:32,843 INFO 测试期 MAE 0.0450  WAPE 0.230  CRPS 0.0261  PICP90 原始 0.834 / ACI 0.900；输出 D:\EV充电因果预测sci论文\05_实验结果\runs\abl_A13_soft10_s1
