2026-09-29 21:11:51,544 INFO 运行 pilot_main_s0，设备 cuda，torch 2.11.0+cu128
2026-09-29 21:11:52,263 INFO 数据：T=4344 N=275 训练/验证/测试起点 3001/409/841；{'train': ('2022-09-01', '2023-01-05'), 'val': ('2023-01-06', '2023-01-23'), 'test': ('2023-01-24', '2023-02-28')}
2026-09-29 21:11:52,404 INFO 模型参数 198,211；锚定方式 cut；锚定来源 fivemin_main
2026-09-29 21:12:19,962 INFO 第   1 轮  训练 0.02307  验证 pinball 0.01706  分时小区平均 β -0.213  25.9s
2026-09-29 21:12:45,554 INFO 第   2 轮  训练 0.01842  验证 pinball 0.01618  分时小区平均 β -0.213  25.6s
2026-09-29 21:13:10,962 INFO 第   3 轮  训练 0.01710  验证 pinball 0.01531  分时小区平均 β -0.213  25.4s
2026-09-29 21:13:36,111 INFO 第   4 轮  训练 0.01586  验证 pinball 0.01436  分时小区平均 β -0.213  25.1s
2026-09-29 21:14:01,479 INFO 第   5 轮  训练 0.01501  验证 pinball 0.01452  分时小区平均 β -0.213  25.4s
2026-09-29 21:14:26,633 INFO 第   6 轮  训练 0.01442  验证 pinball 0.01422  分时小区平均 β -0.213  25.2s
2026-09-29 21:14:51,809 INFO 第   7 轮  训练 0.01411  验证 pinball 0.01385  分时小区平均 β -0.213  25.2s
2026-09-29 21:15:17,095 INFO 第   8 轮  训练 0.01392  验证 pinball 0.01378  分时小区平均 β -0.213  25.3s
2026-09-29 21:15:42,741 INFO 第   9 轮  训练 0.01363  验证 pinball 0.01456  分时小区平均 β -0.213  25.6s
2026-09-29 21:16:08,069 INFO 第  10 轮  训练 0.01346  验证 pinball 0.01372  分时小区平均 β -0.213  25.3s
2026-09-29 21:16:33,372 INFO 第  11 轮  训练 0.01337  验证 pinball 0.01330  分时小区平均 β -0.213  25.3s
2026-09-29 21:16:58,631 INFO 第  12 轮  训练 0.01314  验证 pinball 0.01313  分时小区平均 β -0.213  25.3s
2026-09-29 21:17:24,144 INFO 第  13 轮  训练 0.01305  验证 pinball 0.01315  分时小区平均 β -0.213  25.5s
2026-09-29 21:17:49,499 INFO 第  14 轮  训练 0.01295  验证 pinball 0.01331  分时小区平均 β -0.213  25.4s
2026-09-29 21:18:15,046 INFO 第  15 轮  训练 0.01282  验证 pinball 0.01301  分时小区平均 β -0.213  25.5s
2026-09-29 21:18:40,532 INFO 第  16 轮  训练 0.01268  验证 pinball 0.01296  分时小区平均 β -0.213  25.5s
2026-09-29 21:19:06,076 INFO 第  17 轮  训练 0.01264  验证 pinball 0.01315  分时小区平均 β -0.213  25.5s
2026-09-29 21:19:31,527 INFO 第  18 轮  训练 0.01248  验证 pinball 0.01321  分时小区平均 β -0.213  25.5s
2026-09-29 21:19:57,061 INFO 第  19 轮  训练 0.01242  验证 pinball 0.01321  分时小区平均 β -0.213  25.5s
2026-09-29 21:20:22,308 INFO 第  20 轮  训练 0.01233  验证 pinball 0.01299  分时小区平均 β -0.213  25.2s
2026-09-29 21:20:48,398 INFO 第  21 轮  训练 0.01230  验证 pinball 0.01299  分时小区平均 β -0.213  26.1s
2026-09-29 21:21:13,728 INFO 第  22 轮  训练 0.01222  验证 pinball 0.01301  分时小区平均 β -0.213  25.3s
2026-09-29 21:21:39,116 INFO 第  23 轮  训练 0.01212  验证 pinball 0.01294  分时小区平均 β -0.213  25.4s
2026-09-29 21:22:04,338 INFO 第  24 轮  训练 0.01215  验证 pinball 0.01315  分时小区平均 β -0.213  25.2s
2026-09-29 21:22:29,906 INFO 第  25 轮  训练 0.01204  验证 pinball 0.01340  分时小区平均 β -0.213  25.6s
2026-09-29 21:22:55,229 INFO 第  26 轮  训练 0.01196  验证 pinball 0.01323  分时小区平均 β -0.213  25.3s
2026-09-29 21:23:20,490 INFO 第  27 轮  训练 0.01196  验证 pinball 0.01303  分时小区平均 β -0.213  25.3s
2026-09-29 21:23:46,047 INFO 第  28 轮  训练 0.01186  验证 pinball 0.01285  分时小区平均 β -0.213  25.6s
2026-09-29 21:24:11,534 INFO 第  29 轮  训练 0.01179  验证 pinball 0.01317  分时小区平均 β -0.213  25.5s
2026-09-29 21:24:36,660 INFO 第  30 轮  训练 0.01178  验证 pinball 0.01350  分时小区平均 β -0.213  25.1s
2026-09-29 21:25:01,922 INFO 第  31 轮  训练 0.01174  验证 pinball 0.01345  分时小区平均 β -0.213  25.3s
2026-09-29 21:25:27,315 INFO 第  32 轮  训练 0.01176  验证 pinball 0.01339  分时小区平均 β -0.213  25.4s
2026-09-29 21:25:52,684 INFO 第  33 轮  训练 0.01167  验证 pinball 0.01354  分时小区平均 β -0.213  25.4s
2026-09-29 21:26:18,001 INFO 第  34 轮  训练 0.01161  验证 pinball 0.01323  分时小区平均 β -0.213  25.3s
2026-09-29 21:26:43,341 INFO 第  35 轮  训练 0.01159  验证 pinball 0.01372  分时小区平均 β -0.213  25.3s
2026-09-29 21:27:08,630 INFO 第  36 轮  训练 0.01155  验证 pinball 0.01318  分时小区平均 β -0.213  25.3s
2026-09-29 21:27:33,834 INFO 第  37 轮  训练 0.01157  验证 pinball 0.01346  分时小区平均 β -0.213  25.2s
2026-09-29 21:27:59,120 INFO 第  38 轮  训练 0.01143  验证 pinball 0.01363  分时小区平均 β -0.213  25.3s
2026-09-29 21:28:24,419 INFO 第  39 轮  训练 0.01142  验证 pinball 0.01335  分时小区平均 β -0.213  25.3s
2026-09-29 21:28:49,589 INFO 第  40 轮  训练 0.01146  验证 pinball 0.01349  分时小区平均 β -0.213  25.2s
2026-09-29 21:29:14,856 INFO 第  41 轮  训练 0.01140  验证 pinball 0.01388  分时小区平均 β -0.213  25.3s
2026-09-29 21:29:40,019 INFO 第  42 轮  训练 0.01133  验证 pinball 0.01351  分时小区平均 β -0.213  25.2s
2026-09-29 21:30:05,306 INFO 第  43 轮  训练 0.01134  验证 pinball 0.01336  分时小区平均 β -0.213  25.3s
2026-09-29 21:30:05,306 INFO 验证损失 15 轮未改善，提前停止
2026-09-29 21:30:09,781 INFO 切换点一致性（all）：观测 β -1.180（0.393）  模型 β -0.550（0.212）
2026-09-29 21:30:09,948 INFO 切换点一致性（novel）：观测 β -0.367（0.505）  模型 β -0.226（0.272）
2026-09-29 21:30:18,451 INFO 测试期 MAE 0.0438  WAPE 0.224  CRPS 0.0255  PICP90 原始 0.829 / ACI 0.901；输出 D:\EV充电因果预测sci论文\05_实验结果\runs\pilot_main_s0
