2026-10-01 05:29:55,416 INFO 运行 base_agcrn_price_s3，基线 agcrn，设备 cuda，torch 2.11.0+cu128
2026-10-01 05:29:56,454 INFO 数据：T=4344 N=275 目标 utilization 训练/验证/测试起点 3001/409/841
2026-10-01 05:29:56,598 INFO 模型参数 816,901；价格输入 hist_fut；损失 pinball（分位数）
2026-10-01 05:30:31,288 INFO 训练 第   1 轮  训练 0.02603  验证 0.01872  32.4s
2026-10-01 05:31:03,608 INFO 训练 第   2 轮  训练 0.01926  验证 0.01813  32.3s
2026-10-01 05:31:36,382 INFO 训练 第   3 轮  训练 0.01802  验证 0.01718  32.8s
2026-10-01 05:32:09,563 INFO 训练 第   4 轮  训练 0.01701  验证 0.01673  33.2s
2026-10-01 05:32:41,949 INFO 训练 第   5 轮  训练 0.01635  验证 0.01618  32.4s
2026-10-01 05:33:13,873 INFO 训练 第   6 轮  训练 0.01582  验证 0.01591  31.9s
2026-10-01 05:33:46,001 INFO 训练 第   7 轮  训练 0.01528  验证 0.01563  32.1s
2026-10-01 05:34:18,330 INFO 训练 第   8 轮  训练 0.01486  验证 0.01553  32.3s
2026-10-01 05:34:51,205 INFO 训练 第   9 轮  训练 0.01454  验证 0.01520  32.9s
2026-10-01 05:35:23,752 INFO 训练 第  10 轮  训练 0.01423  验证 0.01504  32.5s
2026-10-01 05:35:56,190 INFO 训练 第  11 轮  训练 0.01397  验证 0.01496  32.4s
2026-10-01 05:36:28,285 INFO 训练 第  12 轮  训练 0.01368  验证 0.01477  32.1s
2026-10-01 05:36:59,909 INFO 训练 第  13 轮  训练 0.01345  验证 0.01488  31.6s
2026-10-01 05:37:33,395 INFO 训练 第  14 轮  训练 0.01324  验证 0.01481  33.5s
2026-10-01 05:38:06,429 INFO 训练 第  15 轮  训练 0.01306  验证 0.01468  33.0s
2026-10-01 05:38:39,304 INFO 训练 第  16 轮  训练 0.01291  验证 0.01479  32.9s
2026-10-01 05:39:11,795 INFO 训练 第  17 轮  训练 0.01274  验证 0.01475  32.5s
2026-10-01 05:39:44,485 INFO 训练 第  18 轮  训练 0.01259  验证 0.01472  32.7s
2026-10-01 05:40:18,274 INFO 训练 第  19 轮  训练 0.01244  验证 0.01477  33.8s
2026-10-01 05:40:50,797 INFO 训练 第  20 轮  训练 0.01229  验证 0.01486  32.5s
2026-10-01 05:41:23,998 INFO 训练 第  21 轮  训练 0.01217  验证 0.01485  33.2s
2026-10-01 05:41:57,249 INFO 训练 第  22 轮  训练 0.01207  验证 0.01495  33.3s
2026-10-01 05:42:29,335 INFO 训练 第  23 轮  训练 0.01194  验证 0.01507  32.1s
2026-10-01 05:43:01,014 INFO 训练 第  24 轮  训练 0.01180  验证 0.01527  31.7s
2026-10-01 05:43:33,821 INFO 训练 第  25 轮  训练 0.01167  验证 0.01519  32.8s
2026-10-01 05:44:07,011 INFO 训练 第  26 轮  训练 0.01155  验证 0.01541  33.2s
2026-10-01 05:44:40,075 INFO 训练 第  27 轮  训练 0.01145  验证 0.01554  33.1s
2026-10-01 05:45:12,367 INFO 训练 第  28 轮  训练 0.01133  验证 0.01558  32.3s
2026-10-01 05:45:46,362 INFO 训练 第  29 轮  训练 0.01121  验证 0.01567  34.0s
2026-10-01 05:46:18,032 INFO 训练 第  30 轮  训练 0.01111  验证 0.01566  31.7s
2026-10-01 05:46:18,032 INFO 验证损失 15 轮未改善，提前停止
2026-10-01 05:46:25,970 INFO 价格响应读出（分时小区 dl_hist+dl_fut 价格 +5%）：弧弹性均值 +0.017，中位数 +0.012，为负的比例 0.49
2026-10-01 05:46:26,231 INFO 切换点一致性（all）：观测 β -1.180（0.393）  模型 β -0.364（0.203）
2026-10-01 05:46:26,451 INFO 切换点一致性（novel）：观测 β -0.367（0.505）  模型 β -0.180（0.238）
2026-10-01 05:46:38,529 INFO 测试期 MAE 0.0509  WAPE 0.261  CRPS 0.0295  PICP90 原始 0.826 / ACI 0.905；输出 D:\EV充电因果预测sci论文\05_实验结果\runs\base_agcrn_price_s3
