2026-10-01 07:17:04,275 INFO 运行 abl_A1_free_s0，设备 cuda，torch 2.11.0+cu128
2026-10-01 07:17:05,499 INFO 数据：T=4344 N=275 训练/验证/测试起点 3001/409/841；{'train': ('2022-09-01', '2023-01-05'), 'val': ('2023-01-06', '2023-01-23'), 'test': ('2023-01-24', '2023-02-28')}
2026-10-01 07:17:05,638 INFO 模型参数 199,326；锚定方式 free；锚定来源 fivemin_main
2026-10-01 07:17:37,015 INFO 第   1 轮  训练 0.02303  验证 pinball 0.01702  分时小区平均 β -0.222  27.9s
2026-10-01 07:18:03,837 INFO 第   2 轮  训练 0.01836  验证 pinball 0.01620  分时小区平均 β -0.221  26.8s
2026-10-01 07:18:30,624 INFO 第   3 轮  训练 0.01705  验证 pinball 0.01526  分时小区平均 β -0.217  26.8s
2026-10-01 07:18:57,616 INFO 第   4 轮  训练 0.01581  验证 pinball 0.01433  分时小区平均 β -0.213  27.0s
2026-10-01 07:19:24,477 INFO 第   5 轮  训练 0.01496  验证 pinball 0.01449  分时小区平均 β -0.209  26.9s
2026-10-01 07:19:51,503 INFO 第   6 轮  训练 0.01434  验证 pinball 0.01400  分时小区平均 β -0.206  27.0s
2026-10-01 07:20:18,279 INFO 第   7 轮  训练 0.01405  验证 pinball 0.01383  分时小区平均 β -0.204  26.8s
2026-10-01 07:20:45,158 INFO 第   8 轮  训练 0.01383  验证 pinball 0.01357  分时小区平均 β -0.202  26.9s
2026-10-01 07:21:12,044 INFO 第   9 轮  训练 0.01355  验证 pinball 0.01483  分时小区平均 β -0.201  26.9s
2026-10-01 07:21:38,827 INFO 第  10 轮  训练 0.01341  验证 pinball 0.01369  分时小区平均 β -0.200  26.8s
2026-10-01 07:22:05,794 INFO 第  11 轮  训练 0.01328  验证 pinball 0.01321  分时小区平均 β -0.200  27.0s
2026-10-01 07:22:32,727 INFO 第  12 轮  训练 0.01306  验证 pinball 0.01296  分时小区平均 β -0.199  26.9s
2026-10-01 07:22:59,666 INFO 第  13 轮  训练 0.01296  验证 pinball 0.01322  分时小区平均 β -0.199  26.9s
2026-10-01 07:23:26,728 INFO 第  14 轮  训练 0.01289  验证 pinball 0.01331  分时小区平均 β -0.198  27.1s
2026-10-01 07:23:53,680 INFO 第  15 轮  训练 0.01275  验证 pinball 0.01306  分时小区平均 β -0.197  27.0s
2026-10-01 07:24:20,633 INFO 第  16 轮  训练 0.01259  验证 pinball 0.01293  分时小区平均 β -0.196  27.0s
2026-10-01 07:24:47,335 INFO 第  17 轮  训练 0.01254  验证 pinball 0.01303  分时小区平均 β -0.195  26.7s
2026-10-01 07:25:14,115 INFO 第  18 轮  训练 0.01238  验证 pinball 0.01311  分时小区平均 β -0.194  26.8s
2026-10-01 07:25:41,123 INFO 第  19 轮  训练 0.01231  验证 pinball 0.01304  分时小区平均 β -0.193  27.0s
2026-10-01 07:26:08,023 INFO 第  20 轮  训练 0.01223  验证 pinball 0.01300  分时小区平均 β -0.192  26.9s
2026-10-01 07:26:34,890 INFO 第  21 轮  训练 0.01221  验证 pinball 0.01311  分时小区平均 β -0.191  26.9s
2026-10-01 07:27:01,692 INFO 第  22 轮  训练 0.01209  验证 pinball 0.01311  分时小区平均 β -0.190  26.8s
2026-10-01 07:27:28,461 INFO 第  23 轮  训练 0.01202  验证 pinball 0.01291  分时小区平均 β -0.189  26.8s
2026-10-01 07:27:55,336 INFO 第  24 轮  训练 0.01202  验证 pinball 0.01303  分时小区平均 β -0.188  26.9s
2026-10-01 07:28:22,200 INFO 第  25 轮  训练 0.01190  验证 pinball 0.01343  分时小区平均 β -0.187  26.9s
2026-10-01 07:28:48,943 INFO 第  26 轮  训练 0.01187  验证 pinball 0.01319  分时小区平均 β -0.187  26.7s
2026-10-01 07:29:15,750 INFO 第  27 轮  训练 0.01186  验证 pinball 0.01300  分时小区平均 β -0.186  26.8s
2026-10-01 07:29:42,583 INFO 第  28 轮  训练 0.01178  验证 pinball 0.01281  分时小区平均 β -0.185  26.8s
2026-10-01 07:30:09,428 INFO 第  29 轮  训练 0.01169  验证 pinball 0.01305  分时小区平均 β -0.184  26.8s
2026-10-01 07:30:36,371 INFO 第  30 轮  训练 0.01165  验证 pinball 0.01341  分时小区平均 β -0.183  26.9s
2026-10-01 07:31:03,277 INFO 第  31 轮  训练 0.01162  验证 pinball 0.01354  分时小区平均 β -0.182  26.9s
2026-10-01 07:31:30,141 INFO 第  32 轮  训练 0.01162  验证 pinball 0.01339  分时小区平均 β -0.181  26.9s
2026-10-01 07:31:56,900 INFO 第  33 轮  训练 0.01156  验证 pinball 0.01341  分时小区平均 β -0.180  26.8s
2026-10-01 07:32:23,679 INFO 第  34 轮  训练 0.01147  验证 pinball 0.01323  分时小区平均 β -0.179  26.8s
2026-10-01 07:32:50,549 INFO 第  35 轮  训练 0.01144  验证 pinball 0.01390  分时小区平均 β -0.178  26.9s
2026-10-01 07:33:17,469 INFO 第  36 轮  训练 0.01139  验证 pinball 0.01322  分时小区平均 β -0.177  26.9s
2026-10-01 07:33:44,326 INFO 第  37 轮  训练 0.01140  验证 pinball 0.01353  分时小区平均 β -0.176  26.9s
2026-10-01 07:34:11,247 INFO 第  38 轮  训练 0.01128  验证 pinball 0.01361  分时小区平均 β -0.175  26.9s
2026-10-01 07:34:38,100 INFO 第  39 轮  训练 0.01123  验证 pinball 0.01349  分时小区平均 β -0.174  26.9s
2026-10-01 07:35:04,985 INFO 第  40 轮  训练 0.01125  验证 pinball 0.01341  分时小区平均 β -0.173  26.9s
2026-10-01 07:35:31,858 INFO 第  41 轮  训练 0.01127  验证 pinball 0.01405  分时小区平均 β -0.172  26.9s
2026-10-01 07:35:58,645 INFO 第  42 轮  训练 0.01114  验证 pinball 0.01350  分时小区平均 β -0.171  26.8s
2026-10-01 07:36:25,557 INFO 第  43 轮  训练 0.01113  验证 pinball 0.01335  分时小区平均 β -0.170  26.9s
2026-10-01 07:36:25,557 INFO 验证损失 15 轮未改善，提前停止
2026-10-01 07:36:30,621 INFO 切换点一致性（all）：观测 β -1.180（0.393）  模型 β -0.511（0.213）
2026-10-01 07:36:30,857 INFO 切换点一致性（novel）：观测 β -0.367（0.505）  模型 β -0.262（0.279）
2026-10-01 07:36:48,627 INFO 测试期 MAE 0.0445  WAPE 0.228  CRPS 0.0261  PICP90 原始 0.815 / ACI 0.901；输出 D:\EV充电因果预测sci论文\05_实验结果\runs\abl_A1_free_s0
