2026-10-01 19:29:47,132 INFO 运行 ess_rho0.5_A0cells_s2，设备 cuda，torch 2.11.0+cu128
2026-10-01 19:29:54,027 INFO E-SS 半合成数据：109 个小区（处理组 54），ρ = 0.5，真实弹性 [-0.2, -0.8, -1.5]；锚定 cells（在合成训练期上重新估计）
2026-10-01 19:29:54,028 INFO 数据：T=4344 N=109 训练/验证/测试起点 3001/409/841；{'train': ('2022-09-01', '2023-01-05'), 'val': ('2023-01-06', '2023-01-23'), 'test': ('2023-01-24', '2023-02-28')}
2026-10-01 19:29:54,162 INFO 模型参数 194,891；锚定方式 cut；锚定来源 ess_cells
2026-10-01 19:30:07,033 INFO 第   1 轮  训练 0.02331  验证 pinball 0.01813  分时小区平均 β -1.236  9.5s
2026-10-01 19:30:15,881 INFO 第   2 轮  训练 0.01837  验证 pinball 0.01622  分时小区平均 β -1.236  8.8s
2026-10-01 19:30:24,838 INFO 第   3 轮  训练 0.01661  验证 pinball 0.01570  分时小区平均 β -1.236  8.9s
2026-10-01 19:30:33,592 INFO 第   4 轮  训练 0.01540  验证 pinball 0.01500  分时小区平均 β -1.236  8.7s
2026-10-01 19:30:42,297 INFO 第   5 轮  训练 0.01428  验证 pinball 0.01439  分时小区平均 β -1.236  8.7s
2026-10-01 19:30:51,004 INFO 第   6 轮  训练 0.01370  验证 pinball 0.01397  分时小区平均 β -1.236  8.7s
2026-10-01 19:30:59,703 INFO 第   7 轮  训练 0.01325  验证 pinball 0.01374  分时小区平均 β -1.236  8.7s
2026-10-01 19:31:08,253 INFO 第   8 轮  训练 0.01296  验证 pinball 0.01424  分时小区平均 β -1.236  8.5s
2026-10-01 19:31:16,933 INFO 第   9 轮  训练 0.01287  验证 pinball 0.01405  分时小区平均 β -1.236  8.7s
2026-10-01 19:31:26,111 INFO 第  10 轮  训练 0.01263  验证 pinball 0.01451  分时小区平均 β -1.236  9.2s
2026-10-01 19:31:35,516 INFO 第  11 轮  训练 0.01240  验证 pinball 0.01409  分时小区平均 β -1.236  9.4s
2026-10-01 19:31:44,373 INFO 第  12 轮  训练 0.01221  验证 pinball 0.01396  分时小区平均 β -1.236  8.9s
2026-10-01 19:31:53,277 INFO 第  13 轮  训练 0.01215  验证 pinball 0.01456  分时小区平均 β -1.236  8.9s
2026-10-01 19:32:02,354 INFO 第  14 轮  训练 0.01206  验证 pinball 0.01390  分时小区平均 β -1.236  9.1s
2026-10-01 19:32:11,399 INFO 第  15 轮  训练 0.01191  验证 pinball 0.01424  分时小区平均 β -1.236  9.0s
2026-10-01 19:32:20,276 INFO 第  16 轮  训练 0.01177  验证 pinball 0.01482  分时小区平均 β -1.236  8.9s
2026-10-01 19:32:28,909 INFO 第  17 轮  训练 0.01171  验证 pinball 0.01445  分时小区平均 β -1.236  8.6s
2026-10-01 19:32:37,532 INFO 第  18 轮  训练 0.01156  验证 pinball 0.01436  分时小区平均 β -1.236  8.6s
2026-10-01 19:32:46,459 INFO 第  19 轮  训练 0.01144  验证 pinball 0.01461  分时小区平均 β -1.236  8.9s
2026-10-01 19:32:55,168 INFO 第  20 轮  训练 0.01137  验证 pinball 0.01494  分时小区平均 β -1.236  8.7s
2026-10-01 19:33:03,961 INFO 第  21 轮  训练 0.01128  验证 pinball 0.01462  分时小区平均 β -1.236  8.8s
2026-10-01 19:33:13,198 INFO 第  22 轮  训练 0.01121  验证 pinball 0.01491  分时小区平均 β -1.236  9.2s
2026-10-01 19:33:13,199 INFO 验证损失 15 轮未改善，提前停止
2026-10-01 19:33:18,910 INFO E-SS flat：真实隐含弹性 -1.028；模型 -1.159（反事实 MAE 0.0484）；插补 P0 -1.159（0.0484）
2026-10-01 19:33:18,910 INFO E-SS spread1.5：真实隐含弹性 -1.028；模型 -1.158（反事实 MAE 0.0490）；插补 P0 -1.158（0.0490）
2026-10-01 19:33:26,584 INFO 测试期 MAE 0.0474  WAPE 0.250  CRPS 0.0273  PICP90 原始 0.863 / ACI 0.901；输出 D:\EV充电因果预测sci论文\05_实验结果\runs\ess_rho0.5_A0cells_s2
