2026-10-01 14:31:02,199 INFO 运行 abl_A13_soft1_s1，设备 cuda，torch 2.11.0+cu128
2026-10-01 14:31:03,174 INFO 数据：T=4344 N=275 训练/验证/测试起点 3001/409/841；{'train': ('2022-09-01', '2023-01-05'), 'val': ('2023-01-06', '2023-01-23'), 'test': ('2023-01-24', '2023-02-28')}
2026-10-01 14:31:03,302 INFO 模型参数 199,326；锚定方式 soft；锚定来源 fivemin_main
2026-10-01 14:31:35,554 INFO 第   1 轮  训练 0.02278  验证 pinball 0.01806  分时小区平均 β -0.213  28.4s
2026-10-01 14:32:03,083 INFO 第   2 轮  训练 0.01840  验证 pinball 0.01592  分时小区平均 β -0.213  27.5s
2026-10-01 14:32:29,845 INFO 第   3 轮  训练 0.01698  验证 pinball 0.01493  分时小区平均 β -0.213  26.8s
2026-10-01 14:32:54,678 INFO 第   4 轮  训练 0.01569  验证 pinball 0.01483  分时小区平均 β -0.213  24.8s
2026-10-01 14:33:19,404 INFO 第   5 轮  训练 0.01485  验证 pinball 0.01446  分时小区平均 β -0.213  24.7s
2026-10-01 14:33:44,100 INFO 第   6 轮  训练 0.01425  验证 pinball 0.01378  分时小区平均 β -0.213  24.7s
2026-10-01 14:34:08,970 INFO 第   7 轮  训练 0.01403  验证 pinball 0.01402  分时小区平均 β -0.213  24.9s
2026-10-01 14:34:33,681 INFO 第   8 轮  训练 0.01371  验证 pinball 0.01340  分时小区平均 β -0.213  24.7s
2026-10-01 14:34:58,486 INFO 第   9 轮  训练 0.01343  验证 pinball 0.01327  分时小区平均 β -0.213  24.8s
2026-10-01 14:35:23,259 INFO 第  10 轮  训练 0.01334  验证 pinball 0.01323  分时小区平均 β -0.213  24.8s
2026-10-01 14:35:47,972 INFO 第  11 轮  训练 0.01317  验证 pinball 0.01319  分时小区平均 β -0.213  24.7s
2026-10-01 14:36:12,748 INFO 第  12 轮  训练 0.01306  验证 pinball 0.01371  分时小区平均 β -0.213  24.8s
2026-10-01 14:36:37,527 INFO 第  13 轮  训练 0.01289  验证 pinball 0.01329  分时小区平均 β -0.213  24.8s
2026-10-01 14:37:02,143 INFO 第  14 轮  训练 0.01273  验证 pinball 0.01340  分时小区平均 β -0.213  24.6s
2026-10-01 14:37:26,783 INFO 第  15 轮  训练 0.01264  验证 pinball 0.01288  分时小区平均 β -0.213  24.6s
2026-10-01 14:37:51,574 INFO 第  16 轮  训练 0.01265  验证 pinball 0.01332  分时小区平均 β -0.213  24.8s
2026-10-01 14:38:16,268 INFO 第  17 轮  训练 0.01243  验证 pinball 0.01293  分时小区平均 β -0.213  24.7s
2026-10-01 14:38:41,004 INFO 第  18 轮  训练 0.01234  验证 pinball 0.01291  分时小区平均 β -0.213  24.7s
2026-10-01 14:39:05,787 INFO 第  19 轮  训练 0.01225  验证 pinball 0.01305  分时小区平均 β -0.213  24.8s
2026-10-01 14:39:30,456 INFO 第  20 轮  训练 0.01226  验证 pinball 0.01286  分时小区平均 β -0.213  24.7s
2026-10-01 14:39:55,161 INFO 第  21 轮  训练 0.01209  验证 pinball 0.01322  分时小区平均 β -0.213  24.7s
2026-10-01 14:40:20,014 INFO 第  22 轮  训练 0.01204  验证 pinball 0.01409  分时小区平均 β -0.213  24.9s
2026-10-01 14:40:44,823 INFO 第  23 轮  训练 0.01200  验证 pinball 0.01300  分时小区平均 β -0.213  24.8s
2026-10-01 14:41:09,693 INFO 第  24 轮  训练 0.01190  验证 pinball 0.01318  分时小区平均 β -0.213  24.9s
2026-10-01 14:41:34,551 INFO 第  25 轮  训练 0.01189  验证 pinball 0.01300  分时小区平均 β -0.213  24.9s
2026-10-01 14:41:59,260 INFO 第  26 轮  训练 0.01181  验证 pinball 0.01345  分时小区平均 β -0.213  24.7s
2026-10-01 14:42:23,921 INFO 第  27 轮  训练 0.01172  验证 pinball 0.01316  分时小区平均 β -0.213  24.7s
2026-10-01 14:42:48,762 INFO 第  28 轮  训练 0.01172  验证 pinball 0.01380  分时小区平均 β -0.213  24.8s
2026-10-01 14:43:13,443 INFO 第  29 轮  训练 0.01167  验证 pinball 0.01313  分时小区平均 β -0.213  24.7s
2026-10-01 14:43:38,116 INFO 第  30 轮  训练 0.01152  验证 pinball 0.01320  分时小区平均 β -0.213  24.7s
2026-10-01 14:44:02,872 INFO 第  31 轮  训练 0.01154  验证 pinball 0.01317  分时小区平均 β -0.213  24.8s
2026-10-01 14:44:27,552 INFO 第  32 轮  训练 0.01138  验证 pinball 0.01352  分时小区平均 β -0.213  24.7s
2026-10-01 14:44:52,317 INFO 第  33 轮  训练 0.01135  验证 pinball 0.01333  分时小区平均 β -0.213  24.8s
2026-10-01 14:45:17,123 INFO 第  34 轮  训练 0.01134  验证 pinball 0.01318  分时小区平均 β -0.213  24.8s
2026-10-01 14:45:41,797 INFO 第  35 轮  训练 0.01130  验证 pinball 0.01331  分时小区平均 β -0.213  24.7s
2026-10-01 14:45:41,798 INFO 验证损失 15 轮未改善，提前停止
2026-10-01 14:45:46,130 INFO 切换点一致性（all）：观测 β -1.180（0.393）  模型 β -0.506（0.210）
2026-10-01 14:45:46,297 INFO 切换点一致性（novel）：观测 β -0.367（0.505）  模型 β -0.196（0.259）
2026-10-01 14:45:55,254 INFO 测试期 MAE 0.0452  WAPE 0.231  CRPS 0.0262  PICP90 原始 0.834 / ACI 0.900；输出 D:\EV充电因果预测sci论文\05_实验结果\runs\abl_A13_soft1_s1
