2026-10-01 23:22:06,883 INFO 运行 eid_init-0.3_s2，设备 cuda，torch 2.11.0+cu128
2026-10-01 23:22:08,056 INFO 数据：T=4344 N=275 训练/验证/测试起点 3001/409/841；{'train': ('2022-09-01', '2023-01-05'), 'val': ('2023-01-06', '2023-01-23'), 'test': ('2023-01-24', '2023-02-28')}
2026-10-01 23:22:08,201 INFO 模型参数 199,326；锚定方式 free；锚定来源 fivemin_main
2026-10-01 23:22:39,126 INFO 第   1 轮  训练 0.02310  验证 pinball 0.01823  分时小区平均 β -0.312  27.8s
2026-10-01 23:23:05,957 INFO 第   2 轮  训练 0.01842  验证 pinball 0.01580  分时小区平均 β -0.309  26.8s
2026-10-01 23:23:32,984 INFO 第   3 轮  训练 0.01688  验证 pinball 0.01474  分时小区平均 β -0.301  27.0s
2026-10-01 23:23:59,992 INFO 第   4 轮  训练 0.01554  验证 pinball 0.01445  分时小区平均 β -0.292  27.0s
2026-10-01 23:24:26,952 INFO 第   5 轮  训练 0.01477  验证 pinball 0.01435  分时小区平均 β -0.284  26.9s
2026-10-01 23:24:53,952 INFO 第   6 轮  训练 0.01438  验证 pinball 0.01391  分时小区平均 β -0.277  27.0s
2026-10-01 23:25:20,956 INFO 第   7 轮  训练 0.01404  验证 pinball 0.01374  分时小区平均 β -0.272  27.0s
2026-10-01 23:25:47,903 INFO 第   8 轮  训练 0.01374  验证 pinball 0.01368  分时小区平均 β -0.267  26.9s
2026-10-01 23:26:14,837 INFO 第   9 轮  训练 0.01354  验证 pinball 0.01347  分时小区平均 β -0.262  26.9s
2026-10-01 23:26:41,838 INFO 第  10 轮  训练 0.01340  验证 pinball 0.01355  分时小区平均 β -0.258  27.0s
2026-10-01 23:27:08,574 INFO 第  11 轮  训练 0.01321  验证 pinball 0.01362  分时小区平均 β -0.254  26.7s
2026-10-01 23:27:35,374 INFO 第  12 轮  训练 0.01300  验证 pinball 0.01315  分时小区平均 β -0.251  26.8s
2026-10-01 23:28:02,305 INFO 第  13 轮  训练 0.01297  验证 pinball 0.01361  分时小区平均 β -0.247  26.9s
2026-10-01 23:28:29,087 INFO 第  14 轮  训练 0.01283  验证 pinball 0.01375  分时小区平均 β -0.244  26.8s
2026-10-01 23:28:56,057 INFO 第  15 轮  训练 0.01269  验证 pinball 0.01314  分时小区平均 β -0.240  27.0s
2026-10-01 23:29:23,018 INFO 第  16 轮  训练 0.01259  验证 pinball 0.01410  分时小区平均 β -0.236  26.9s
2026-10-01 23:29:49,855 INFO 第  17 轮  训练 0.01258  验证 pinball 0.01315  分时小区平均 β -0.232  26.8s
2026-10-01 23:30:16,843 INFO 第  18 轮  训练 0.01242  验证 pinball 0.01312  分时小区平均 β -0.229  27.0s
2026-10-01 23:30:43,770 INFO 第  19 轮  训练 0.01229  验证 pinball 0.01355  分时小区平均 β -0.225  26.9s
2026-10-01 23:31:10,562 INFO 第  20 轮  训练 0.01223  验证 pinball 0.01379  分时小区平均 β -0.222  26.8s
2026-10-01 23:31:37,582 INFO 第  21 轮  训练 0.01215  验证 pinball 0.01394  分时小区平均 β -0.219  27.0s
2026-10-01 23:32:04,441 INFO 第  22 轮  训练 0.01212  验证 pinball 0.01345  分时小区平均 β -0.217  26.9s
2026-10-01 23:32:31,509 INFO 第  23 轮  训练 0.01201  验证 pinball 0.01371  分时小区平均 β -0.214  27.1s
2026-10-01 23:32:58,424 INFO 第  24 轮  训练 0.01190  验证 pinball 0.01331  分时小区平均 β -0.211  26.9s
2026-10-01 23:33:25,209 INFO 第  25 轮  训练 0.01185  验证 pinball 0.01327  分时小区平均 β -0.209  26.8s
2026-10-01 23:33:52,158 INFO 第  26 轮  训练 0.01185  验证 pinball 0.01370  分时小区平均 β -0.206  26.9s
2026-10-01 23:34:19,012 INFO 第  27 轮  训练 0.01173  验证 pinball 0.01377  分时小区平均 β -0.203  26.9s
2026-10-01 23:34:45,935 INFO 第  28 轮  训练 0.01169  验证 pinball 0.01357  分时小区平均 β -0.201  26.9s
2026-10-01 23:35:12,730 INFO 第  29 轮  训练 0.01169  验证 pinball 0.01354  分时小区平均 β -0.198  26.8s
2026-10-01 23:35:39,587 INFO 第  30 轮  训练 0.01154  验证 pinball 0.01461  分时小区平均 β -0.196  26.9s
2026-10-01 23:36:06,543 INFO 第  31 轮  训练 0.01160  验证 pinball 0.01360  分时小区平均 β -0.193  27.0s
2026-10-01 23:36:33,456 INFO 第  32 轮  训练 0.01150  验证 pinball 0.01403  分时小区平均 β -0.191  26.9s
2026-10-01 23:37:00,480 INFO 第  33 轮  训练 0.01152  验证 pinball 0.01436  分时小区平均 β -0.189  27.0s
2026-10-01 23:37:00,480 INFO 验证损失 15 轮未改善，提前停止
2026-10-01 23:37:05,450 INFO 切换点一致性（all）：观测 β -1.180（0.393）  模型 β -0.566（0.197）
2026-10-01 23:37:05,678 INFO 切换点一致性（novel）：观测 β -0.367（0.505）  模型 β -0.227（0.237）
2026-10-01 23:37:24,242 INFO 测试期 MAE 0.0448  WAPE 0.229  CRPS 0.0259  PICP90 原始 0.839 / ACI 0.902；输出 D:\EV充电因果预测sci论文\05_实验结果\runs\eid_init-0.3_s2
