2026-10-01 23:09:08,082 INFO 运行 eid_init-0.05_s2，设备 cuda，torch 2.11.0+cu128
2026-10-01 23:09:08,891 INFO 数据：T=4344 N=275 训练/验证/测试起点 3001/409/841；{'train': ('2022-09-01', '2023-01-05'), 'val': ('2023-01-06', '2023-01-23'), 'test': ('2023-01-24', '2023-02-28')}
2026-10-01 23:09:09,025 INFO 模型参数 199,326；锚定方式 free；锚定来源 fivemin_main
2026-10-01 23:09:35,172 INFO 第   1 轮  训练 0.02315  验证 pinball 0.01823  分时小区平均 β -0.053  24.8s
2026-10-01 23:09:59,714 INFO 第   2 轮  训练 0.01844  验证 pinball 0.01582  分时小区平均 β -0.054  24.5s
2026-10-01 23:10:24,161 INFO 第   3 轮  训练 0.01690  验证 pinball 0.01479  分时小区平均 β -0.054  24.4s
2026-10-01 23:10:48,621 INFO 第   4 轮  训练 0.01554  验证 pinball 0.01444  分时小区平均 β -0.054  24.5s
2026-10-01 23:11:13,057 INFO 第   5 轮  训练 0.01478  验证 pinball 0.01441  分时小区平均 β -0.053  24.4s
2026-10-01 23:11:37,532 INFO 第   6 轮  训练 0.01441  验证 pinball 0.01394  分时小区平均 β -0.054  24.5s
2026-10-01 23:12:02,112 INFO 第   7 轮  训练 0.01407  验证 pinball 0.01373  分时小区平均 β -0.054  24.6s
2026-10-01 23:12:26,548 INFO 第   8 轮  训练 0.01378  验证 pinball 0.01371  分时小区平均 β -0.054  24.4s
2026-10-01 23:12:50,986 INFO 第   9 轮  训练 0.01357  验证 pinball 0.01350  分时小区平均 β -0.055  24.4s
2026-10-01 23:13:15,405 INFO 第  10 轮  训练 0.01343  验证 pinball 0.01363  分时小区平均 β -0.056  24.4s
2026-10-01 23:13:39,754 INFO 第  11 轮  训练 0.01324  验证 pinball 0.01363  分时小区平均 β -0.057  24.3s
2026-10-01 23:14:04,176 INFO 第  12 轮  训练 0.01303  验证 pinball 0.01319  分时小区平均 β -0.058  24.4s
2026-10-01 23:14:28,706 INFO 第  13 轮  训练 0.01301  验证 pinball 0.01363  分时小区平均 β -0.059  24.5s
2026-10-01 23:14:53,182 INFO 第  14 轮  训练 0.01286  验证 pinball 0.01392  分时小区平均 β -0.060  24.5s
2026-10-01 23:15:17,628 INFO 第  15 轮  训练 0.01272  验证 pinball 0.01316  分时小区平均 β -0.062  24.4s
2026-10-01 23:15:42,100 INFO 第  16 轮  训练 0.01262  验证 pinball 0.01408  分时小区平均 β -0.063  24.5s
2026-10-01 23:16:06,529 INFO 第  17 轮  训练 0.01261  验证 pinball 0.01320  分时小区平均 β -0.064  24.4s
2026-10-01 23:16:30,898 INFO 第  18 轮  训练 0.01244  验证 pinball 0.01319  分时小区平均 β -0.065  24.4s
2026-10-01 23:16:55,386 INFO 第  19 轮  训练 0.01231  验证 pinball 0.01346  分时小区平均 β -0.067  24.5s
2026-10-01 23:17:19,734 INFO 第  20 轮  训练 0.01225  验证 pinball 0.01382  分时小区平均 β -0.068  24.3s
2026-10-01 23:17:44,144 INFO 第  21 轮  训练 0.01216  验证 pinball 0.01395  分时小区平均 β -0.069  24.4s
2026-10-01 23:18:08,608 INFO 第  22 轮  训练 0.01212  验证 pinball 0.01330  分时小区平均 β -0.071  24.5s
2026-10-01 23:18:33,026 INFO 第  23 轮  训练 0.01203  验证 pinball 0.01377  分时小区平均 β -0.072  24.4s
2026-10-01 23:18:57,990 INFO 第  24 轮  训练 0.01191  验证 pinball 0.01331  分时小区平均 β -0.073  25.0s
2026-10-01 23:19:24,630 INFO 第  25 轮  训练 0.01186  验证 pinball 0.01329  分时小区平均 β -0.075  26.6s
2026-10-01 23:19:51,521 INFO 第  26 轮  训练 0.01187  验证 pinball 0.01370  分时小区平均 β -0.076  26.9s
2026-10-01 23:20:18,414 INFO 第  27 轮  训练 0.01174  验证 pinball 0.01369  分时小区平均 β -0.077  26.9s
2026-10-01 23:20:45,234 INFO 第  28 轮  训练 0.01170  验证 pinball 0.01358  分时小区平均 β -0.079  26.8s
2026-10-01 23:21:12,089 INFO 第  29 轮  训练 0.01170  验证 pinball 0.01362  分时小区平均 β -0.080  26.9s
2026-10-01 23:21:39,190 INFO 第  30 轮  训练 0.01155  验证 pinball 0.01464  分时小区平均 β -0.081  27.1s
2026-10-01 23:21:39,190 INFO 验证损失 15 轮未改善，提前停止
2026-10-01 23:21:44,059 INFO 切换点一致性（all）：观测 β -1.180（0.393）  模型 β -0.506（0.180）
2026-10-01 23:21:44,321 INFO 切换点一致性（novel）：观测 β -0.367（0.505）  模型 β -0.250（0.189）
2026-10-01 23:22:02,860 INFO 测试期 MAE 0.0444  WAPE 0.227  CRPS 0.0255  PICP90 原始 0.857 / ACI 0.902；输出 D:\EV充电因果预测sci论文\05_实验结果\runs\eid_init-0.05_s2
