2026-09-29 18:17:18,180 INFO 运行 full_fcnn，基线 fcnn，设备 cuda，torch 2.11.0+cu128
2026-09-29 18:17:18,913 INFO 数据：T=4344 N=275 目标 utilization 训练/验证/测试起点 3001/409/841
2026-09-29 18:17:18,989 INFO 模型参数 32,711；价格输入 none；损失 pinball（分位数）
2026-09-29 18:17:23,012 INFO 训练 第   1 轮  训练 0.02371  验证 0.01789  2.7s
2026-09-29 18:17:25,547 INFO 训练 第   2 轮  训练 0.01967  验证 0.01668  2.5s
2026-09-29 18:17:28,097 INFO 训练 第   3 轮  训练 0.01877  验证 0.01610  2.5s
2026-09-29 18:17:30,674 INFO 训练 第   4 轮  训练 0.01807  验证 0.01541  2.6s
2026-09-29 18:17:33,253 INFO 训练 第   5 轮  训练 0.01757  验证 0.01512  2.6s
2026-09-29 18:17:35,810 INFO 训练 第   6 轮  训练 0.01725  验证 0.01495  2.5s
2026-09-29 18:17:38,358 INFO 训练 第   7 轮  训练 0.01700  验证 0.01479  2.5s
2026-09-29 18:17:40,910 INFO 训练 第   8 轮  训练 0.01682  验证 0.01469  2.6s
2026-09-29 18:17:43,432 INFO 训练 第   9 轮  训练 0.01671  验证 0.01464  2.5s
2026-09-29 18:17:46,025 INFO 训练 第  10 轮  训练 0.01658  验证 0.01453  2.6s
2026-09-29 18:17:48,584 INFO 训练 第  11 轮  训练 0.01646  验证 0.01445  2.6s
2026-09-29 18:17:51,150 INFO 训练 第  12 轮  训练 0.01639  验证 0.01445  2.6s
2026-09-29 18:17:53,707 INFO 训练 第  13 轮  训练 0.01633  验证 0.01445  2.6s
2026-09-29 18:17:56,258 INFO 训练 第  14 轮  训练 0.01622  验证 0.01435  2.5s
2026-09-29 18:17:58,820 INFO 训练 第  15 轮  训练 0.01615  验证 0.01431  2.6s
2026-09-29 18:18:01,375 INFO 训练 第  16 轮  训练 0.01609  验证 0.01429  2.6s
2026-09-29 18:18:03,924 INFO 训练 第  17 轮  训练 0.01602  验证 0.01431  2.5s
2026-09-29 18:18:06,475 INFO 训练 第  18 轮  训练 0.01597  验证 0.01421  2.5s
2026-09-29 18:18:09,030 INFO 训练 第  19 轮  训练 0.01590  验证 0.01421  2.5s
2026-09-29 18:18:11,581 INFO 训练 第  20 轮  训练 0.01588  验证 0.01414  2.6s
2026-09-29 18:18:14,127 INFO 训练 第  21 轮  训练 0.01579  验证 0.01406  2.5s
2026-09-29 18:18:16,677 INFO 训练 第  22 轮  训练 0.01574  验证 0.01409  2.5s
2026-09-29 18:18:19,225 INFO 训练 第  23 轮  训练 0.01570  验证 0.01399  2.5s
2026-09-29 18:18:21,777 INFO 训练 第  24 轮  训练 0.01565  验证 0.01407  2.5s
2026-09-29 18:18:24,323 INFO 训练 第  25 轮  训练 0.01561  验证 0.01405  2.5s
2026-09-29 18:18:26,865 INFO 训练 第  26 轮  训练 0.01555  验证 0.01394  2.5s
2026-09-29 18:18:29,413 INFO 训练 第  27 轮  训练 0.01553  验证 0.01394  2.5s
2026-09-29 18:18:31,999 INFO 训练 第  28 轮  训练 0.01552  验证 0.01399  2.6s
2026-09-29 18:18:34,569 INFO 训练 第  29 轮  训练 0.01545  验证 0.01397  2.6s
2026-09-29 18:18:37,118 INFO 训练 第  30 轮  训练 0.01542  验证 0.01393  2.5s
2026-09-29 18:18:39,695 INFO 训练 第  31 轮  训练 0.01538  验证 0.01377  2.6s
2026-09-29 18:18:42,312 INFO 训练 第  32 轮  训练 0.01535  验证 0.01391  2.6s
2026-09-29 18:18:44,955 INFO 训练 第  33 轮  训练 0.01533  验证 0.01387  2.6s
2026-09-29 18:18:47,566 INFO 训练 第  34 轮  训练 0.01532  验证 0.01388  2.6s
2026-09-29 18:18:50,152 INFO 训练 第  35 轮  训练 0.01530  验证 0.01383  2.6s
2026-09-29 18:18:52,737 INFO 训练 第  36 轮  训练 0.01525  验证 0.01384  2.6s
2026-09-29 18:18:55,340 INFO 训练 第  37 轮  训练 0.01522  验证 0.01372  2.6s
2026-09-29 18:18:57,970 INFO 训练 第  38 轮  训练 0.01524  验证 0.01381  2.6s
2026-09-29 18:19:00,577 INFO 训练 第  39 轮  训练 0.01518  验证 0.01378  2.6s
2026-09-29 18:19:03,193 INFO 训练 第  40 轮  训练 0.01516  验证 0.01374  2.6s
2026-09-29 18:19:05,786 INFO 训练 第  41 轮  训练 0.01516  验证 0.01373  2.6s
2026-09-29 18:19:08,394 INFO 训练 第  42 轮  训练 0.01514  验证 0.01381  2.6s
2026-09-29 18:19:10,990 INFO 训练 第  43 轮  训练 0.01511  验证 0.01373  2.6s
2026-09-29 18:19:13,579 INFO 训练 第  44 轮  训练 0.01507  验证 0.01374  2.6s
2026-09-29 18:19:16,185 INFO 训练 第  45 轮  训练 0.01508  验证 0.01386  2.6s
2026-09-29 18:19:18,827 INFO 训练 第  46 轮  训练 0.01506  验证 0.01384  2.6s
2026-09-29 18:19:21,417 INFO 训练 第  47 轮  训练 0.01505  验证 0.01365  2.6s
2026-09-29 18:19:24,019 INFO 训练 第  48 轮  训练 0.01504  验证 0.01369  2.6s
2026-09-29 18:19:26,612 INFO 训练 第  49 轮  训练 0.01499  验证 0.01368  2.6s
2026-09-29 18:19:29,298 INFO 训练 第  50 轮  训练 0.01500  验证 0.01364  2.7s
2026-09-29 18:19:31,904 INFO 训练 第  51 轮  训练 0.01498  验证 0.01360  2.6s
2026-09-29 18:19:34,516 INFO 训练 第  52 轮  训练 0.01497  验证 0.01361  2.6s
2026-09-29 18:19:37,114 INFO 训练 第  53 轮  训练 0.01496  验证 0.01362  2.6s
2026-09-29 18:19:39,725 INFO 训练 第  54 轮  训练 0.01494  验证 0.01352  2.6s
2026-09-29 18:19:42,318 INFO 训练 第  55 轮  训练 0.01493  验证 0.01363  2.6s
2026-09-29 18:19:44,908 INFO 训练 第  56 轮  训练 0.01492  验证 0.01362  2.6s
2026-09-29 18:19:47,515 INFO 训练 第  57 轮  训练 0.01491  验证 0.01371  2.6s
2026-09-29 18:19:50,111 INFO 训练 第  58 轮  训练 0.01489  验证 0.01373  2.6s
2026-09-29 18:19:52,699 INFO 训练 第  59 轮  训练 0.01488  验证 0.01365  2.6s
2026-09-29 18:19:55,291 INFO 训练 第  60 轮  训练 0.01488  验证 0.01358  2.6s
2026-09-29 18:19:57,901 INFO 训练 第  61 轮  训练 0.01486  验证 0.01352  2.6s
2026-09-29 18:20:00,494 INFO 训练 第  62 轮  训练 0.01486  验证 0.01359  2.6s
2026-09-29 18:20:03,094 INFO 训练 第  63 轮  训练 0.01484  验证 0.01370  2.6s
2026-09-29 18:20:05,675 INFO 训练 第  64 轮  训练 0.01486  验证 0.01365  2.6s
2026-09-29 18:20:08,279 INFO 训练 第  65 轮  训练 0.01482  验证 0.01353  2.6s
2026-09-29 18:20:10,866 INFO 训练 第  66 轮  训练 0.01481  验证 0.01364  2.6s
2026-09-29 18:20:13,452 INFO 训练 第  67 轮  训练 0.01481  验证 0.01360  2.6s
2026-09-29 18:20:16,045 INFO 训练 第  68 轮  训练 0.01480  验证 0.01359  2.6s
2026-09-29 18:20:18,732 INFO 训练 第  69 轮  训练 0.01478  验证 0.01357  2.7s
2026-09-29 18:20:18,733 INFO 验证损失 15 轮未改善，提前停止
2026-09-29 18:20:19,563 INFO 切换点一致性（all）：观测 β -1.180（0.393）  模型 β -0.630（0.193）
2026-09-29 18:20:19,747 INFO 切换点一致性（novel）：观测 β -0.367（0.505）  模型 β -0.359（0.164）
2026-09-29 18:20:29,394 INFO 测试期 MAE 0.0444  WAPE 0.227  CRPS 0.0266  PICP90 原始 0.897 / ACI 0.899；输出 D:\EV充电因果预测sci论文\05_实验结果\runs\full_fcnn
