2026-10-01 01:21:12,237 INFO 运行 base_lstm_s1，基线 lstm，设备 cuda，torch 2.11.0+cu128
2026-10-01 01:21:14,058 INFO 数据：T=4344 N=275 目标 utilization 训练/验证/测试起点 3001/409/841
2026-10-01 01:21:14,214 INFO 模型参数 40,007；价格输入 none；损失 pinball（分位数）
2026-10-01 01:21:22,617 INFO 训练 第   1 轮  训练 0.02465  验证 0.01808  5.1s
2026-10-01 01:21:27,262 INFO 训练 第   2 轮  训练 0.02027  验证 0.01736  4.6s
2026-10-01 01:21:31,928 INFO 训练 第   3 轮  训练 0.01966  验证 0.01695  4.7s
2026-10-01 01:21:36,508 INFO 训练 第   4 轮  训练 0.01917  验证 0.01658  4.6s
2026-10-01 01:21:41,158 INFO 训练 第   5 轮  训练 0.01861  验证 0.01594  4.6s
2026-10-01 01:21:45,809 INFO 训练 第   6 轮  训练 0.01796  验证 0.01549  4.6s
2026-10-01 01:21:50,395 INFO 训练 第   7 轮  训练 0.01755  验证 0.01524  4.6s
2026-10-01 01:21:55,051 INFO 训练 第   8 轮  训练 0.01724  验证 0.01501  4.7s
2026-10-01 01:21:59,715 INFO 训练 第   9 轮  训练 0.01703  验证 0.01483  4.7s
2026-10-01 01:22:04,316 INFO 训练 第  10 轮  训练 0.01683  验证 0.01486  4.6s
2026-10-01 01:22:08,990 INFO 训练 第  11 轮  训练 0.01670  验证 0.01466  4.7s
2026-10-01 01:22:13,597 INFO 训练 第  12 轮  训练 0.01657  验证 0.01461  4.6s
2026-10-01 01:22:18,245 INFO 训练 第  13 轮  训练 0.01645  验证 0.01453  4.6s
2026-10-01 01:22:22,938 INFO 训练 第  14 轮  训练 0.01632  验证 0.01439  4.7s
2026-10-01 01:22:27,676 INFO 训练 第  15 轮  训练 0.01621  验证 0.01453  4.7s
2026-10-01 01:22:32,482 INFO 训练 第  16 轮  训练 0.01610  验证 0.01430  4.8s
2026-10-01 01:22:37,392 INFO 训练 第  17 轮  训练 0.01599  验证 0.01417  4.9s
2026-10-01 01:22:42,220 INFO 训练 第  18 轮  训练 0.01588  验证 0.01419  4.8s
2026-10-01 01:22:47,155 INFO 训练 第  19 轮  训练 0.01583  验证 0.01420  4.9s
2026-10-01 01:22:51,965 INFO 训练 第  20 轮  训练 0.01572  验证 0.01402  4.8s
2026-10-01 01:22:56,685 INFO 训练 第  21 轮  训练 0.01565  验证 0.01410  4.7s
2026-10-01 01:23:01,392 INFO 训练 第  22 轮  训练 0.01556  验证 0.01424  4.7s
2026-10-01 01:23:06,029 INFO 训练 第  23 轮  训练 0.01548  验证 0.01420  4.6s
2026-10-01 01:23:10,689 INFO 训练 第  24 轮  训练 0.01543  验证 0.01385  4.7s
2026-10-01 01:23:15,406 INFO 训练 第  25 轮  训练 0.01535  验证 0.01379  4.7s
2026-10-01 01:23:20,050 INFO 训练 第  26 轮  训练 0.01529  验证 0.01388  4.6s
2026-10-01 01:23:24,794 INFO 训练 第  27 轮  训练 0.01525  验证 0.01395  4.7s
2026-10-01 01:23:29,753 INFO 训练 第  28 轮  训练 0.01519  验证 0.01386  5.0s
2026-10-01 01:23:34,593 INFO 训练 第  29 轮  训练 0.01512  验证 0.01381  4.8s
2026-10-01 01:23:39,517 INFO 训练 第  30 轮  训练 0.01508  验证 0.01383  4.9s
2026-10-01 01:23:44,374 INFO 训练 第  31 轮  训练 0.01505  验证 0.01372  4.9s
2026-10-01 01:23:49,149 INFO 训练 第  32 轮  训练 0.01501  验证 0.01383  4.8s
2026-10-01 01:23:53,896 INFO 训练 第  33 轮  训练 0.01495  验证 0.01364  4.7s
2026-10-01 01:23:58,537 INFO 训练 第  34 轮  训练 0.01490  验证 0.01364  4.6s
2026-10-01 01:24:03,292 INFO 训练 第  35 轮  训练 0.01486  验证 0.01373  4.8s
2026-10-01 01:24:08,135 INFO 训练 第  36 轮  训练 0.01484  验证 0.01360  4.8s
2026-10-01 01:24:12,990 INFO 训练 第  37 轮  训练 0.01479  验证 0.01381  4.9s
2026-10-01 01:24:17,881 INFO 训练 第  38 轮  训练 0.01476  验证 0.01370  4.9s
2026-10-01 01:24:22,559 INFO 训练 第  39 轮  训练 0.01473  验证 0.01366  4.7s
2026-10-01 01:24:27,228 INFO 训练 第  40 轮  训练 0.01471  验证 0.01369  4.7s
2026-10-01 01:24:32,114 INFO 训练 第  41 轮  训练 0.01466  验证 0.01347  4.9s
2026-10-01 01:24:36,905 INFO 训练 第  42 轮  训练 0.01464  验证 0.01353  4.8s
2026-10-01 01:24:41,607 INFO 训练 第  43 轮  训练 0.01461  验证 0.01352  4.7s
2026-10-01 01:24:46,242 INFO 训练 第  44 轮  训练 0.01458  验证 0.01361  4.6s
2026-10-01 01:24:51,031 INFO 训练 第  45 轮  训练 0.01456  验证 0.01359  4.8s
2026-10-01 01:24:55,977 INFO 训练 第  46 轮  训练 0.01452  验证 0.01348  4.9s
2026-10-01 01:25:00,734 INFO 训练 第  47 轮  训练 0.01451  验证 0.01350  4.8s
2026-10-01 01:25:05,442 INFO 训练 第  48 轮  训练 0.01450  验证 0.01347  4.7s
2026-10-01 01:25:10,179 INFO 训练 第  49 轮  训练 0.01447  验证 0.01355  4.7s
2026-10-01 01:25:14,961 INFO 训练 第  50 轮  训练 0.01445  验证 0.01382  4.8s
2026-10-01 01:25:19,869 INFO 训练 第  51 轮  训练 0.01441  验证 0.01366  4.9s
2026-10-01 01:25:24,602 INFO 训练 第  52 轮  训练 0.01440  验证 0.01356  4.7s
2026-10-01 01:25:29,413 INFO 训练 第  53 轮  训练 0.01438  验证 0.01344  4.8s
2026-10-01 01:25:34,341 INFO 训练 第  54 轮  训练 0.01438  验证 0.01356  4.9s
2026-10-01 01:25:39,123 INFO 训练 第  55 轮  训练 0.01434  验证 0.01346  4.8s
2026-10-01 01:25:44,048 INFO 训练 第  56 轮  训练 0.01431  验证 0.01362  4.9s
2026-10-01 01:25:48,704 INFO 训练 第  57 轮  训练 0.01430  验证 0.01348  4.7s
2026-10-01 01:25:53,366 INFO 训练 第  58 轮  训练 0.01428  验证 0.01342  4.7s
2026-10-01 01:25:58,066 INFO 训练 第  59 轮  训练 0.01426  验证 0.01336  4.7s
2026-10-01 01:26:02,772 INFO 训练 第  60 轮  训练 0.01424  验证 0.01354  4.7s
2026-10-01 01:26:07,513 INFO 训练 第  61 轮  训练 0.01423  验证 0.01351  4.7s
2026-10-01 01:26:12,351 INFO 训练 第  62 轮  训练 0.01422  验证 0.01338  4.8s
2026-10-01 01:26:17,189 INFO 训练 第  63 轮  训练 0.01420  验证 0.01359  4.8s
2026-10-01 01:26:22,034 INFO 训练 第  64 轮  训练 0.01420  验证 0.01337  4.8s
2026-10-01 01:26:26,934 INFO 训练 第  65 轮  训练 0.01417  验证 0.01350  4.9s
2026-10-01 01:26:31,585 INFO 训练 第  66 轮  训练 0.01417  验证 0.01338  4.7s
2026-10-01 01:26:36,260 INFO 训练 第  67 轮  训练 0.01413  验证 0.01340  4.7s
2026-10-01 01:26:40,983 INFO 训练 第  68 轮  训练 0.01412  验证 0.01338  4.7s
2026-10-01 01:26:45,772 INFO 训练 第  69 轮  训练 0.01411  验证 0.01334  4.8s
2026-10-01 01:26:50,610 INFO 训练 第  70 轮  训练 0.01409  验证 0.01330  4.8s
2026-10-01 01:26:55,266 INFO 训练 第  71 轮  训练 0.01408  验证 0.01338  4.7s
2026-10-01 01:26:59,869 INFO 训练 第  72 轮  训练 0.01407  验证 0.01359  4.6s
2026-10-01 01:27:04,606 INFO 训练 第  73 轮  训练 0.01407  验证 0.01339  4.7s
2026-10-01 01:27:09,245 INFO 训练 第  74 轮  训练 0.01404  验证 0.01329  4.6s
2026-10-01 01:27:13,905 INFO 训练 第  75 轮  训练 0.01402  验证 0.01339  4.7s
2026-10-01 01:27:18,624 INFO 训练 第  76 轮  训练 0.01403  验证 0.01327  4.7s
2026-10-01 01:27:23,368 INFO 训练 第  77 轮  训练 0.01401  验证 0.01329  4.7s
2026-10-01 01:27:28,196 INFO 训练 第  78 轮  训练 0.01401  验证 0.01319  4.8s
2026-10-01 01:27:33,019 INFO 训练 第  79 轮  训练 0.01399  验证 0.01329  4.8s
2026-10-01 01:27:37,657 INFO 训练 第  80 轮  训练 0.01398  验证 0.01328  4.6s
2026-10-01 01:27:42,369 INFO 训练 第  81 轮  训练 0.01398  验证 0.01354  4.7s
2026-10-01 01:27:47,105 INFO 训练 第  82 轮  训练 0.01395  验证 0.01336  4.7s
2026-10-01 01:27:51,745 INFO 训练 第  83 轮  训练 0.01395  验证 0.01327  4.6s
2026-10-01 01:27:56,583 INFO 训练 第  84 轮  训练 0.01393  验证 0.01328  4.8s
2026-10-01 01:28:01,352 INFO 训练 第  85 轮  训练 0.01394  验证 0.01337  4.8s
2026-10-01 01:28:05,965 INFO 训练 第  86 轮  训练 0.01392  验证 0.01325  4.6s
2026-10-01 01:28:10,612 INFO 训练 第  87 轮  训练 0.01392  验证 0.01345  4.6s
2026-10-01 01:28:15,325 INFO 训练 第  88 轮  训练 0.01389  验证 0.01341  4.7s
2026-10-01 01:28:20,016 INFO 训练 第  89 轮  训练 0.01389  验证 0.01326  4.7s
2026-10-01 01:28:24,919 INFO 训练 第  90 轮  训练 0.01387  验证 0.01324  4.9s
2026-10-01 01:28:29,650 INFO 训练 第  91 轮  训练 0.01387  验证 0.01331  4.7s
2026-10-01 01:28:34,333 INFO 训练 第  92 轮  训练 0.01387  验证 0.01330  4.7s
2026-10-01 01:28:39,097 INFO 训练 第  93 轮  训练 0.01386  验证 0.01349  4.8s
2026-10-01 01:28:39,099 INFO 验证损失 15 轮未改善，提前停止
2026-10-01 01:28:40,557 INFO 切换点一致性（all）：观测 β -1.180（0.393）  模型 β -0.610（0.207）
2026-10-01 01:28:40,881 INFO 切换点一致性（novel）：观测 β -0.367（0.505）  模型 β -0.229（0.208）
2026-10-01 01:28:56,560 INFO 测试期 MAE 0.0444  WAPE 0.227  CRPS 0.0261  PICP90 原始 0.892 / ACI 0.899；输出 D:\EV充电因果预测sci论文\05_实验结果\runs\base_lstm_s1
