2026-09-30 02:31:59,400 INFO 运行 tune_gwn_D64_lr5e-4_do0.3，设备 cuda，torch 2.11.0+cu128
2026-09-30 02:32:00,306 INFO 数据：T=4344 N=275 训练/验证/测试起点 3001/409/841；{'train': ('2022-09-01', '2023-01-05'), 'val': ('2023-01-06', '2023-01-23'), 'test': ('2023-01-24', '2023-02-28')}
2026-09-30 02:32:00,506 INFO 模型参数 744,323；锚定方式 cut；锚定来源 fivemin_main
2026-09-30 02:34:28,684 INFO 第   1 轮  训练 0.02382  验证 pinball 0.01838  分时小区平均 β -0.213  146.7s
2026-09-30 02:38:53,212 INFO 第   2 轮  训练 0.01908  验证 pinball 0.01766  分时小区平均 β -0.213  264.5s
2026-09-30 02:46:38,160 INFO 第   3 轮  训练 0.01796  验证 pinball 0.01680  分时小区平均 β -0.213  464.9s
2026-09-30 02:54:30,029 INFO 第   4 轮  训练 0.01702  验证 pinball 0.01524  分时小区平均 β -0.213  471.9s
2026-09-30 02:57:55,243 INFO 第   5 轮  训练 0.01608  验证 pinball 0.01527  分时小区平均 β -0.213  205.2s
2026-09-30 03:00:28,633 INFO 第   6 轮  训练 0.01518  验证 pinball 0.01487  分时小区平均 β -0.213  153.4s
2026-09-30 03:03:02,715 INFO 第   7 轮  训练 0.01480  验证 pinball 0.01422  分时小区平均 β -0.213  154.1s
2026-09-30 03:05:37,208 INFO 第   8 轮  训练 0.01445  验证 pinball 0.01391  分时小区平均 β -0.213  154.5s
2026-09-30 03:08:11,854 INFO 第   9 轮  训练 0.01398  验证 pinball 0.01447  分时小区平均 β -0.213  154.6s
2026-09-30 03:13:20,905 INFO 第  10 轮  训练 0.01382  验证 pinball 0.01463  分时小区平均 β -0.213  309.0s
2026-09-30 03:21:10,554 INFO 第  11 轮  训练 0.01362  验证 pinball 0.01374  分时小区平均 β -0.213  469.6s
2026-09-30 03:28:54,936 INFO 第  12 轮  训练 0.01339  验证 pinball 0.01372  分时小区平均 β -0.213  464.4s
2026-09-30 03:36:25,060 INFO 第  13 轮  训练 0.01326  验证 pinball 0.01404  分时小区平均 β -0.213  450.1s
2026-09-30 03:44:17,075 INFO 第  14 轮  训练 0.01313  验证 pinball 0.01367  分时小区平均 β -0.213  472.0s
2026-09-30 03:52:06,943 INFO 第  15 轮  训练 0.01300  验证 pinball 0.01346  分时小区平均 β -0.213  469.9s
2026-09-30 03:59:48,416 INFO 第  16 轮  训练 0.01285  验证 pinball 0.01333  分时小区平均 β -0.213  461.5s
2026-09-30 04:07:30,733 INFO 第  17 轮  训练 0.01274  验证 pinball 0.01348  分时小区平均 β -0.213  462.3s
2026-09-30 04:15:10,143 INFO 第  18 轮  训练 0.01260  验证 pinball 0.01364  分时小区平均 β -0.213  459.4s
2026-09-30 04:22:54,093 INFO 第  19 轮  训练 0.01247  验证 pinball 0.01389  分时小区平均 β -0.213  463.9s
2026-09-30 04:30:42,147 INFO 第  20 轮  训练 0.01238  验证 pinball 0.01378  分时小区平均 β -0.213  468.1s
2026-09-30 04:38:21,116 INFO 第  21 轮  训练 0.01233  验证 pinball 0.01366  分时小区平均 β -0.213  459.0s
2026-09-30 04:45:56,229 INFO 第  22 轮  训练 0.01228  验证 pinball 0.01340  分时小区平均 β -0.213  455.1s
2026-09-30 04:53:35,047 INFO 第  23 轮  训练 0.01210  验证 pinball 0.01360  分时小区平均 β -0.213  458.8s
2026-09-30 05:01:11,107 INFO 第  24 轮  训练 0.01212  验证 pinball 0.01358  分时小区平均 β -0.213  456.1s
2026-09-30 05:08:47,055 INFO 第  25 轮  训练 0.01193  验证 pinball 0.01426  分时小区平均 β -0.213  455.9s
2026-09-30 05:16:22,144 INFO 第  26 轮  训练 0.01193  验证 pinball 0.01374  分时小区平均 β -0.213  455.1s
2026-09-30 05:24:04,057 INFO 第  27 轮  训练 0.01181  验证 pinball 0.01359  分时小区平均 β -0.213  461.9s
2026-09-30 05:31:33,140 INFO 第  28 轮  训练 0.01171  验证 pinball 0.01390  分时小区平均 β -0.213  449.1s
2026-09-30 05:39:16,909 INFO 第  29 轮  训练 0.01166  验证 pinball 0.01387  分时小区平均 β -0.213  463.8s
2026-09-30 05:46:56,095 INFO 第  30 轮  训练 0.01160  验证 pinball 0.01380  分时小区平均 β -0.213  459.2s
2026-09-30 05:54:35,155 INFO 第  31 轮  训练 0.01156  验证 pinball 0.01378  分时小区平均 β -0.213  459.1s
2026-09-30 05:54:35,156 INFO 验证损失 15 轮未改善，提前停止
2026-09-30 05:55:37,837 INFO 测试期 MAE 0.0458  WAPE 0.235  CRPS 0.0266  PICP90 原始 0.839 / ACI 0.900；输出 D:\EV充电因果预测sci论文\05_实验结果\runs\tune_gwn_D64_lr5e-4_do0.3
