2026-09-30 23:44:58,817 INFO 运行 base_fcnn_s0，基线 fcnn，设备 cuda，torch 2.11.0+cu128
2026-09-30 23:45:00,047 INFO 数据：T=4344 N=275 目标 utilization 训练/验证/测试起点 3001/409/841
2026-09-30 23:45:00,163 INFO 模型参数 32,711；价格输入 none；损失 pinball（分位数）
2026-09-30 23:45:07,630 INFO 训练 第   1 轮  训练 0.02371  验证 0.01789  4.1s
2026-09-30 23:45:11,355 INFO 训练 第   2 轮  训练 0.01967  验证 0.01668  3.7s
2026-09-30 23:45:15,023 INFO 训练 第   3 轮  训练 0.01877  验证 0.01610  3.7s
2026-09-30 23:45:18,853 INFO 训练 第   4 轮  训练 0.01807  验证 0.01541  3.8s
2026-09-30 23:45:22,653 INFO 训练 第   5 轮  训练 0.01757  验证 0.01512  3.8s
2026-09-30 23:45:26,472 INFO 训练 第   6 轮  训练 0.01725  验证 0.01495  3.8s
2026-09-30 23:45:30,402 INFO 训练 第   7 轮  训练 0.01700  验证 0.01479  3.9s
2026-09-30 23:45:34,199 INFO 训练 第   8 轮  训练 0.01682  验证 0.01469  3.8s
2026-09-30 23:45:38,136 INFO 训练 第   9 轮  训练 0.01671  验证 0.01464  3.9s
2026-09-30 23:45:41,995 INFO 训练 第  10 轮  训练 0.01658  验证 0.01453  3.9s
2026-09-30 23:45:45,803 INFO 训练 第  11 轮  训练 0.01646  验证 0.01445  3.8s
2026-09-30 23:45:49,604 INFO 训练 第  12 轮  训练 0.01639  验证 0.01445  3.8s
2026-09-30 23:45:53,449 INFO 训练 第  13 轮  训练 0.01633  验证 0.01445  3.8s
2026-09-30 23:45:57,368 INFO 训练 第  14 轮  训练 0.01622  验证 0.01435  3.9s
2026-09-30 23:46:01,207 INFO 训练 第  15 轮  训练 0.01615  验证 0.01431  3.8s
2026-09-30 23:46:04,984 INFO 训练 第  16 轮  训练 0.01609  验证 0.01429  3.8s
2026-09-30 23:46:08,769 INFO 训练 第  17 轮  训练 0.01602  验证 0.01431  3.8s
2026-09-30 23:46:12,408 INFO 训练 第  18 轮  训练 0.01597  验证 0.01421  3.6s
2026-09-30 23:46:16,117 INFO 训练 第  19 轮  训练 0.01590  验证 0.01421  3.7s
2026-09-30 23:46:19,929 INFO 训练 第  20 轮  训练 0.01588  验证 0.01414  3.8s
2026-09-30 23:46:23,733 INFO 训练 第  21 轮  训练 0.01579  验证 0.01406  3.8s
2026-09-30 23:46:27,466 INFO 训练 第  22 轮  训练 0.01574  验证 0.01409  3.7s
2026-09-30 23:46:31,210 INFO 训练 第  23 轮  训练 0.01570  验证 0.01399  3.7s
2026-09-30 23:46:34,997 INFO 训练 第  24 轮  训练 0.01565  验证 0.01407  3.8s
2026-09-30 23:46:38,655 INFO 训练 第  25 轮  训练 0.01561  验证 0.01405  3.7s
2026-09-30 23:46:42,417 INFO 训练 第  26 轮  训练 0.01555  验证 0.01394  3.8s
2026-09-30 23:46:46,150 INFO 训练 第  27 轮  训练 0.01553  验证 0.01394  3.7s
2026-09-30 23:46:49,997 INFO 训练 第  28 轮  训练 0.01552  验证 0.01399  3.8s
2026-09-30 23:46:53,818 INFO 训练 第  29 轮  训练 0.01545  验证 0.01397  3.8s
2026-09-30 23:46:57,568 INFO 训练 第  30 轮  训练 0.01542  验证 0.01393  3.8s
2026-09-30 23:47:01,369 INFO 训练 第  31 轮  训练 0.01538  验证 0.01377  3.8s
2026-09-30 23:47:05,325 INFO 训练 第  32 轮  训练 0.01535  验证 0.01391  4.0s
2026-09-30 23:47:09,308 INFO 训练 第  33 轮  训练 0.01533  验证 0.01387  4.0s
2026-09-30 23:47:13,252 INFO 训练 第  34 轮  训练 0.01532  验证 0.01388  3.9s
2026-09-30 23:47:17,159 INFO 训练 第  35 轮  训练 0.01530  验证 0.01383  3.9s
2026-09-30 23:47:21,039 INFO 训练 第  36 轮  训练 0.01525  验证 0.01384  3.9s
2026-09-30 23:47:24,867 INFO 训练 第  37 轮  训练 0.01522  验证 0.01372  3.8s
2026-09-30 23:47:28,828 INFO 训练 第  38 轮  训练 0.01524  验证 0.01381  4.0s
2026-09-30 23:47:32,772 INFO 训练 第  39 轮  训练 0.01518  验证 0.01378  3.9s
2026-09-30 23:47:36,702 INFO 训练 第  40 轮  训练 0.01516  验证 0.01374  3.9s
2026-09-30 23:47:40,555 INFO 训练 第  41 轮  训练 0.01516  验证 0.01373  3.9s
2026-09-30 23:47:44,297 INFO 训练 第  42 轮  训练 0.01514  验证 0.01381  3.7s
2026-09-30 23:47:48,030 INFO 训练 第  43 轮  训练 0.01511  验证 0.01373  3.7s
2026-09-30 23:47:51,821 INFO 训练 第  44 轮  训练 0.01507  验证 0.01374  3.8s
2026-09-30 23:47:55,608 INFO 训练 第  45 轮  训练 0.01508  验证 0.01386  3.8s
2026-09-30 23:47:59,394 INFO 训练 第  46 轮  训练 0.01506  验证 0.01384  3.8s
2026-09-30 23:48:03,090 INFO 训练 第  47 轮  训练 0.01505  验证 0.01365  3.7s
2026-09-30 23:48:06,863 INFO 训练 第  48 轮  训练 0.01504  验证 0.01369  3.8s
2026-09-30 23:48:10,543 INFO 训练 第  49 轮  训练 0.01499  验证 0.01368  3.7s
2026-09-30 23:48:14,246 INFO 训练 第  50 轮  训练 0.01500  验证 0.01364  3.7s
2026-09-30 23:48:18,011 INFO 训练 第  51 轮  训练 0.01498  验证 0.01360  3.8s
2026-09-30 23:48:21,762 INFO 训练 第  52 轮  训练 0.01497  验证 0.01361  3.7s
2026-09-30 23:48:25,472 INFO 训练 第  53 轮  训练 0.01496  验证 0.01362  3.7s
2026-09-30 23:48:29,134 INFO 训练 第  54 轮  训练 0.01494  验证 0.01352  3.7s
2026-09-30 23:48:32,946 INFO 训练 第  55 轮  训练 0.01493  验证 0.01363  3.8s
2026-09-30 23:48:36,734 INFO 训练 第  56 轮  训练 0.01492  验证 0.01362  3.8s
2026-09-30 23:48:40,681 INFO 训练 第  57 轮  训练 0.01491  验证 0.01371  3.9s
2026-09-30 23:48:44,567 INFO 训练 第  58 轮  训练 0.01489  验证 0.01373  3.9s
2026-09-30 23:48:48,294 INFO 训练 第  59 轮  训练 0.01488  验证 0.01365  3.7s
2026-09-30 23:48:52,161 INFO 训练 第  60 轮  训练 0.01488  验证 0.01358  3.9s
2026-09-30 23:48:55,971 INFO 训练 第  61 轮  训练 0.01486  验证 0.01352  3.8s
2026-09-30 23:48:59,650 INFO 训练 第  62 轮  训练 0.01486  验证 0.01359  3.7s
2026-09-30 23:49:03,402 INFO 训练 第  63 轮  训练 0.01484  验证 0.01370  3.8s
2026-09-30 23:49:07,128 INFO 训练 第  64 轮  训练 0.01486  验证 0.01365  3.7s
2026-09-30 23:49:10,814 INFO 训练 第  65 轮  训练 0.01482  验证 0.01353  3.7s
2026-09-30 23:49:14,610 INFO 训练 第  66 轮  训练 0.01481  验证 0.01364  3.8s
2026-09-30 23:49:18,451 INFO 训练 第  67 轮  训练 0.01481  验证 0.01360  3.8s
2026-09-30 23:49:22,240 INFO 训练 第  68 轮  训练 0.01480  验证 0.01359  3.8s
2026-09-30 23:49:26,002 INFO 训练 第  69 轮  训练 0.01478  验证 0.01357  3.8s
2026-09-30 23:49:26,002 INFO 验证损失 15 轮未改善，提前停止
2026-09-30 23:49:27,359 INFO 切换点一致性（all）：观测 β -1.180（0.393）  模型 β -0.630（0.193）
2026-09-30 23:49:27,647 INFO 切换点一致性（novel）：观测 β -0.367（0.505）  模型 β -0.359（0.164）
2026-09-30 23:49:43,524 INFO 测试期 MAE 0.0444  WAPE 0.227  CRPS 0.0266  PICP90 原始 0.897 / ACI 0.899；输出 D:\EV充电因果预测sci论文\05_实验结果\runs\base_fcnn_s0
