2026-10-01 00:57:13,682 INFO 运行 base_agcrn_price_s0，基线 agcrn，设备 cuda，torch 2.11.0+cu128
2026-10-01 00:57:14,824 INFO 数据：T=4344 N=275 目标 utilization 训练/验证/测试起点 3001/409/841
2026-10-01 00:57:14,996 INFO 模型参数 816,901；价格输入 hist_fut；损失 pinball（分位数）
2026-10-01 00:57:52,128 INFO 训练 第   1 轮  训练 0.02582  验证 0.01887  34.4s
2026-10-01 00:58:26,227 INFO 训练 第   2 轮  训练 0.01916  验证 0.01797  34.1s
2026-10-01 00:59:01,344 INFO 训练 第   3 轮  训练 0.01817  验证 0.01736  35.1s
2026-10-01 00:59:37,682 INFO 训练 第   4 轮  训练 0.01712  验证 0.01668  36.3s
2026-10-01 01:00:10,764 INFO 训练 第   5 轮  训练 0.01643  验证 0.01617  33.1s
2026-10-01 01:00:45,524 INFO 训练 第   6 轮  训练 0.01571  验证 0.01572  34.8s
2026-10-01 01:01:19,140 INFO 训练 第   7 轮  训练 0.01513  验证 0.01570  33.6s
2026-10-01 01:01:51,465 INFO 训练 第   8 轮  训练 0.01481  验证 0.01536  32.3s
2026-10-01 01:02:25,451 INFO 训练 第   9 轮  训练 0.01448  验证 0.01525  34.0s
2026-10-01 01:02:58,319 INFO 训练 第  10 轮  训练 0.01414  验证 0.01510  32.9s
2026-10-01 01:03:32,284 INFO 训练 第  11 轮  训练 0.01383  验证 0.01485  34.0s
2026-10-01 01:04:06,001 INFO 训练 第  12 轮  训练 0.01355  验证 0.01479  33.7s
2026-10-01 01:04:38,895 INFO 训练 第  13 轮  训练 0.01328  验证 0.01487  32.9s
2026-10-01 01:05:12,808 INFO 训练 第  14 轮  训练 0.01317  验证 0.01474  33.9s
2026-10-01 01:05:44,887 INFO 训练 第  15 轮  训练 0.01291  验证 0.01484  32.1s
2026-10-01 01:06:18,607 INFO 训练 第  16 轮  训练 0.01275  验证 0.01488  33.7s
2026-10-01 01:06:52,909 INFO 训练 第  17 轮  训练 0.01261  验证 0.01487  34.3s
2026-10-01 01:07:29,653 INFO 训练 第  18 轮  训练 0.01249  验证 0.01483  36.7s
2026-10-01 01:08:06,212 INFO 训练 第  19 轮  训练 0.01235  验证 0.01494  36.6s
2026-10-01 01:08:39,970 INFO 训练 第  20 轮  训练 0.01218  验证 0.01495  33.8s
2026-10-01 01:09:14,661 INFO 训练 第  21 轮  训练 0.01206  验证 0.01494  34.7s
2026-10-01 01:09:48,591 INFO 训练 第  22 轮  训练 0.01192  验证 0.01517  33.9s
2026-10-01 01:10:23,154 INFO 训练 第  23 轮  训练 0.01178  验证 0.01531  34.6s
2026-10-01 01:10:57,956 INFO 训练 第  24 轮  训练 0.01165  验证 0.01542  34.8s
2026-10-01 01:11:30,807 INFO 训练 第  25 轮  训练 0.01151  验证 0.01550  32.9s
2026-10-01 01:12:04,425 INFO 训练 第  26 轮  训练 0.01139  验证 0.01578  33.6s
2026-10-01 01:12:38,686 INFO 训练 第  27 轮  训练 0.01127  验证 0.01572  34.3s
2026-10-01 01:13:14,202 INFO 训练 第  28 轮  训练 0.01111  验证 0.01593  35.5s
2026-10-01 01:13:47,694 INFO 训练 第  29 轮  训练 0.01098  验证 0.01608  33.5s
2026-10-01 01:13:47,695 INFO 验证损失 15 轮未改善，提前停止
2026-10-01 01:13:56,924 INFO 价格响应读出（分时小区 dl_hist+dl_fut 价格 +5%）：弧弹性均值 -0.009，中位数 -0.003，为负的比例 0.51
2026-10-01 01:13:57,223 INFO 切换点一致性（all）：观测 β -1.180（0.393）  模型 β -0.360（0.182）
2026-10-01 01:13:57,472 INFO 切换点一致性（novel）：观测 β -0.367（0.505）  模型 β -0.066（0.211）
2026-10-01 01:14:13,758 INFO 测试期 MAE 0.0521  WAPE 0.266  CRPS 0.0306  PICP90 原始 0.807 / ACI 0.904；输出 D:\EV充电因果预测sci论文\05_实验结果\runs\base_agcrn_price_s0
