2026-10-01 01:38:46,488 INFO 运行 base_astgcn_s1，基线 astgcn，设备 cuda，torch 2.11.0+cu128
2026-10-01 01:38:47,542 INFO 数据：T=4344 N=275 目标 utilization 训练/验证/测试起点 3001/409/841
2026-10-01 01:38:47,715 INFO 模型参数 483,447；价格输入 none；损失 pinball（分位数）
2026-10-01 01:39:06,968 INFO 训练 第   1 轮  训练 0.02272  验证 0.01789  16.1s
2026-10-01 01:39:22,723 INFO 训练 第   2 轮  训练 0.01986  验证 0.01699  15.7s
2026-10-01 01:39:38,387 INFO 训练 第   3 轮  训练 0.01905  验证 0.01639  15.7s
2026-10-01 01:39:54,000 INFO 训练 第   4 轮  训练 0.01815  验证 0.01574  15.6s
2026-10-01 01:40:09,429 INFO 训练 第   5 轮  训练 0.01745  验证 0.01554  15.4s
2026-10-01 01:40:25,059 INFO 训练 第   6 轮  训练 0.01688  验证 0.01494  15.6s
2026-10-01 01:40:40,755 INFO 训练 第   7 轮  训练 0.01645  验证 0.01502  15.7s
2026-10-01 01:40:56,470 INFO 训练 第   8 轮  训练 0.01610  验证 0.01476  15.7s
2026-10-01 01:41:12,133 INFO 训练 第   9 轮  训练 0.01576  验证 0.01478  15.7s
2026-10-01 01:41:27,727 INFO 训练 第  10 轮  训练 0.01544  验证 0.01479  15.6s
2026-10-01 01:41:43,291 INFO 训练 第  11 轮  训练 0.01522  验证 0.01473  15.6s
2026-10-01 01:41:58,826 INFO 训练 第  12 轮  训练 0.01493  验证 0.01493  15.5s
2026-10-01 01:42:14,488 INFO 训练 第  13 轮  训练 0.01470  验证 0.01523  15.7s
2026-10-01 01:42:30,158 INFO 训练 第  14 轮  训练 0.01451  验证 0.01497  15.7s
2026-10-01 01:42:45,743 INFO 训练 第  15 轮  训练 0.01432  验证 0.01495  15.6s
2026-10-01 01:43:01,245 INFO 训练 第  16 轮  训练 0.01419  验证 0.01489  15.5s
2026-10-01 01:43:16,973 INFO 训练 第  17 轮  训练 0.01397  验证 0.01509  15.7s
2026-10-01 01:43:32,485 INFO 训练 第  18 轮  训练 0.01387  验证 0.01525  15.5s
2026-10-01 01:43:48,035 INFO 训练 第  19 轮  训练 0.01372  验证 0.01525  15.5s
2026-10-01 01:44:03,703 INFO 训练 第  20 轮  训练 0.01360  验证 0.01525  15.7s
2026-10-01 01:44:19,248 INFO 训练 第  21 轮  训练 0.01347  验证 0.01529  15.5s
2026-10-01 01:44:34,840 INFO 训练 第  22 轮  训练 0.01339  验证 0.01534  15.6s
2026-10-01 01:44:50,312 INFO 训练 第  23 轮  训练 0.01329  验证 0.01534  15.5s
2026-10-01 01:45:05,909 INFO 训练 第  24 轮  训练 0.01321  验证 0.01525  15.6s
2026-10-01 01:45:21,606 INFO 训练 第  25 轮  训练 0.01319  验证 0.01553  15.7s
2026-10-01 01:45:37,201 INFO 训练 第  26 轮  训练 0.01304  验证 0.01565  15.6s
2026-10-01 01:45:37,201 INFO 验证损失 15 轮未改善，提前停止
2026-10-01 01:45:40,040 INFO 切换点一致性（all）：观测 β -1.180（0.393）  模型 β -0.403（0.134）
2026-10-01 01:45:40,315 INFO 切换点一致性（novel）：观测 β -0.367（0.505）  模型 β -0.080（0.115）
2026-10-01 01:45:56,973 INFO 测试期 MAE 0.0503  WAPE 0.257  CRPS 0.0298  PICP90 原始 0.895 / ACI 0.899；输出 D:\EV充电因果预测sci论文\05_实验结果\runs\base_astgcn_s1
