2026-10-01 04:24:30,568 INFO 运行 base_lstm_s3，基线 lstm，设备 cuda，torch 2.11.0+cu128
2026-10-01 04:24:31,681 INFO 数据：T=4344 N=275 目标 utilization 训练/验证/测试起点 3001/409/841
2026-10-01 04:24:31,847 INFO 模型参数 40,007；价格输入 none；损失 pinball（分位数）
2026-10-01 04:24:40,219 INFO 训练 第   1 轮  训练 0.02426  验证 0.01804  5.3s
2026-10-01 04:24:44,886 INFO 训练 第   2 轮  训练 0.02016  验证 0.01734  4.7s
2026-10-01 04:24:49,844 INFO 训练 第   3 轮  训练 0.01963  验证 0.01712  5.0s
2026-10-01 04:24:54,583 INFO 训练 第   4 轮  训练 0.01931  验证 0.01693  4.7s
2026-10-01 04:24:59,412 INFO 训练 第   5 轮  训练 0.01890  验证 0.01639  4.8s
2026-10-01 04:25:04,012 INFO 训练 第   6 轮  训练 0.01834  验证 0.01578  4.6s
2026-10-01 04:25:08,696 INFO 训练 第   7 轮  训练 0.01774  验证 0.01531  4.7s
2026-10-01 04:25:13,511 INFO 训练 第   8 轮  训练 0.01728  验证 0.01504  4.8s
2026-10-01 04:25:18,305 INFO 训练 第   9 轮  训练 0.01698  验证 0.01481  4.8s
2026-10-01 04:25:22,992 INFO 训练 第  10 轮  训练 0.01676  验证 0.01484  4.7s
2026-10-01 04:25:27,671 INFO 训练 第  11 轮  训练 0.01658  验证 0.01467  4.7s
2026-10-01 04:25:32,343 INFO 训练 第  12 轮  训练 0.01645  验证 0.01461  4.7s
2026-10-01 04:25:37,088 INFO 训练 第  13 轮  训练 0.01635  验证 0.01455  4.7s
2026-10-01 04:25:41,886 INFO 训练 第  14 轮  训练 0.01620  验证 0.01437  4.8s
2026-10-01 04:25:46,563 INFO 训练 第  15 轮  训练 0.01610  验证 0.01444  4.7s
2026-10-01 04:25:51,474 INFO 训练 第  16 轮  训练 0.01597  验证 0.01427  4.9s
2026-10-01 04:25:56,137 INFO 训练 第  17 轮  训练 0.01587  验证 0.01422  4.7s
2026-10-01 04:26:00,988 INFO 训练 第  18 轮  训练 0.01579  验证 0.01429  4.8s
2026-10-01 04:26:05,710 INFO 训练 第  19 轮  训练 0.01570  验证 0.01403  4.7s
2026-10-01 04:26:10,327 INFO 训练 第  20 轮  训练 0.01560  验证 0.01413  4.6s
2026-10-01 04:26:15,018 INFO 训练 第  21 轮  训练 0.01551  验证 0.01402  4.7s
2026-10-01 04:26:19,853 INFO 训练 第  22 轮  训练 0.01544  验证 0.01400  4.8s
2026-10-01 04:26:24,701 INFO 训练 第  23 轮  训练 0.01538  验证 0.01417  4.8s
2026-10-01 04:26:29,488 INFO 训练 第  24 轮  训练 0.01529  验证 0.01397  4.8s
2026-10-01 04:26:34,241 INFO 训练 第  25 轮  训练 0.01523  验证 0.01381  4.8s
2026-10-01 04:26:38,879 INFO 训练 第  26 轮  训练 0.01518  验证 0.01405  4.6s
2026-10-01 04:26:43,536 INFO 训练 第  27 轮  训练 0.01513  验证 0.01377  4.7s
2026-10-01 04:26:48,383 INFO 训练 第  28 轮  训练 0.01507  验证 0.01381  4.8s
2026-10-01 04:26:53,215 INFO 训练 第  29 轮  训练 0.01504  验证 0.01380  4.8s
2026-10-01 04:26:58,131 INFO 训练 第  30 轮  训练 0.01499  验证 0.01378  4.9s
2026-10-01 04:27:02,779 INFO 训练 第  31 轮  训练 0.01496  验证 0.01388  4.6s
2026-10-01 04:27:07,350 INFO 训练 第  32 轮  训练 0.01491  验证 0.01384  4.6s
2026-10-01 04:27:12,050 INFO 训练 第  33 轮  训练 0.01486  验证 0.01382  4.7s
2026-10-01 04:27:16,698 INFO 训练 第  34 轮  训练 0.01483  验证 0.01366  4.6s
2026-10-01 04:27:21,465 INFO 训练 第  35 轮  训练 0.01482  验证 0.01360  4.8s
2026-10-01 04:27:26,376 INFO 训练 第  36 轮  训练 0.01476  验证 0.01368  4.9s
2026-10-01 04:27:31,182 INFO 训练 第  37 轮  训练 0.01473  验证 0.01367  4.8s
2026-10-01 04:27:36,053 INFO 训练 第  38 轮  训练 0.01470  验证 0.01367  4.9s
2026-10-01 04:27:40,758 INFO 训练 第  39 轮  训练 0.01467  验证 0.01374  4.7s
2026-10-01 04:27:45,511 INFO 训练 第  40 轮  训练 0.01463  验证 0.01368  4.8s
2026-10-01 04:27:50,412 INFO 训练 第  41 轮  训练 0.01463  验证 0.01386  4.9s
2026-10-01 04:27:55,171 INFO 训练 第  42 轮  训练 0.01459  验证 0.01357  4.8s
2026-10-01 04:28:00,028 INFO 训练 第  43 轮  训练 0.01456  验证 0.01379  4.9s
2026-10-01 04:28:04,885 INFO 训练 第  44 轮  训练 0.01455  验证 0.01362  4.9s
2026-10-01 04:28:09,701 INFO 训练 第  45 轮  训练 0.01451  验证 0.01356  4.8s
2026-10-01 04:28:14,467 INFO 训练 第  46 轮  训练 0.01449  验证 0.01356  4.8s
2026-10-01 04:28:19,070 INFO 训练 第  47 轮  训练 0.01446  验证 0.01361  4.6s
2026-10-01 04:28:23,789 INFO 训练 第  48 轮  训练 0.01445  验证 0.01342  4.7s
2026-10-01 04:28:28,511 INFO 训练 第  49 轮  训练 0.01442  验证 0.01356  4.7s
2026-10-01 04:28:33,215 INFO 训练 第  50 轮  训练 0.01441  验证 0.01346  4.7s
2026-10-01 04:28:37,893 INFO 训练 第  51 轮  训练 0.01440  验证 0.01334  4.7s
2026-10-01 04:28:42,798 INFO 训练 第  52 轮  训练 0.01437  验证 0.01343  4.9s
2026-10-01 04:28:47,499 INFO 训练 第  53 轮  训练 0.01434  验证 0.01362  4.7s
2026-10-01 04:28:52,181 INFO 训练 第  54 轮  训练 0.01431  验证 0.01354  4.7s
2026-10-01 04:28:56,933 INFO 训练 第  55 轮  训练 0.01430  验证 0.01359  4.8s
2026-10-01 04:29:01,607 INFO 训练 第  56 轮  训练 0.01429  验证 0.01349  4.7s
2026-10-01 04:29:06,286 INFO 训练 第  57 轮  训练 0.01426  验证 0.01339  4.7s
2026-10-01 04:29:11,009 INFO 训练 第  58 轮  训练 0.01424  验证 0.01352  4.7s
2026-10-01 04:29:15,851 INFO 训练 第  59 轮  训练 0.01423  验证 0.01331  4.8s
2026-10-01 04:29:20,774 INFO 训练 第  60 轮  训练 0.01422  验证 0.01338  4.9s
2026-10-01 04:29:25,430 INFO 训练 第  61 轮  训练 0.01419  验证 0.01355  4.7s
2026-10-01 04:29:30,147 INFO 训练 第  62 轮  训练 0.01418  验证 0.01346  4.7s
2026-10-01 04:29:35,054 INFO 训练 第  63 轮  训练 0.01421  验证 0.01335  4.9s
2026-10-01 04:29:39,841 INFO 训练 第  64 轮  训练 0.01415  验证 0.01333  4.8s
2026-10-01 04:29:44,443 INFO 训练 第  65 轮  训练 0.01414  验证 0.01352  4.6s
2026-10-01 04:29:49,178 INFO 训练 第  66 轮  训练 0.01412  验证 0.01335  4.7s
2026-10-01 04:29:53,844 INFO 训练 第  67 轮  训练 0.01411  验证 0.01341  4.7s
2026-10-01 04:29:58,587 INFO 训练 第  68 轮  训练 0.01411  验证 0.01343  4.7s
2026-10-01 04:30:03,269 INFO 训练 第  69 轮  训练 0.01408  验证 0.01347  4.7s
2026-10-01 04:30:08,086 INFO 训练 第  70 轮  训练 0.01406  验证 0.01338  4.8s
2026-10-01 04:30:12,987 INFO 训练 第  71 轮  训练 0.01406  验证 0.01340  4.9s
2026-10-01 04:30:17,698 INFO 训练 第  72 轮  训练 0.01405  验证 0.01346  4.7s
2026-10-01 04:30:22,490 INFO 训练 第  73 轮  训练 0.01405  验证 0.01335  4.8s
2026-10-01 04:30:27,318 INFO 训练 第  74 轮  训练 0.01402  验证 0.01338  4.8s
2026-10-01 04:30:27,318 INFO 验证损失 15 轮未改善，提前停止
2026-10-01 04:30:28,801 INFO 切换点一致性（all）：观测 β -1.180（0.393）  模型 β -0.584（0.218）
2026-10-01 04:30:29,085 INFO 切换点一致性（novel）：观测 β -0.367（0.505）  模型 β -0.251（0.219）
2026-10-01 04:30:47,069 INFO 测试期 MAE 0.0443  WAPE 0.227  CRPS 0.0262  PICP90 原始 0.888 / ACI 0.898；输出 D:\EV充电因果预测sci论文\05_实验结果\runs\base_lstm_s3
