2026-10-01 05:24:52,012 INFO 运行 base_stgcn_price_s3，基线 stgcn，设备 cuda，torch 2.11.0+cu128
2026-10-01 05:24:53,617 INFO 数据：T=4344 N=275 目标 utilization 训练/验证/测试起点 3001/409/841
2026-10-01 05:24:53,883 INFO 模型参数 301,511；价格输入 hist_fut；损失 pinball（分位数）
2026-10-01 05:25:09,081 INFO 训练 第   1 轮  训练 0.02270  验证 0.01811  12.3s
2026-10-01 05:25:20,454 INFO 训练 第   2 轮  训练 0.01892  验证 0.01698  11.4s
2026-10-01 05:25:31,910 INFO 训练 第   3 轮  训练 0.01817  验证 0.01695  11.5s
2026-10-01 05:25:43,391 INFO 训练 第   4 轮  训练 0.01719  验证 0.01600  11.5s
2026-10-01 05:25:54,688 INFO 训练 第   5 轮  训练 0.01667  验证 0.01587  11.3s
2026-10-01 05:26:06,034 INFO 训练 第   6 轮  训练 0.01617  验证 0.01568  11.3s
2026-10-01 05:26:17,494 INFO 训练 第   7 轮  训练 0.01550  验证 0.01580  11.5s
2026-10-01 05:26:28,949 INFO 训练 第   8 轮  训练 0.01485  验证 0.01501  11.5s
2026-10-01 05:26:40,342 INFO 训练 第   9 轮  训练 0.01429  验证 0.01490  11.4s
2026-10-01 05:26:51,645 INFO 训练 第  10 轮  训练 0.01387  验证 0.01502  11.3s
2026-10-01 05:27:03,092 INFO 训练 第  11 轮  训练 0.01367  验证 0.01492  11.4s
2026-10-01 05:27:14,546 INFO 训练 第  12 轮  训练 0.01347  验证 0.01514  11.5s
2026-10-01 05:27:25,726 INFO 训练 第  13 轮  训练 0.01323  验证 0.01496  11.2s
2026-10-01 05:27:37,090 INFO 训练 第  14 轮  训练 0.01308  验证 0.01492  11.4s
2026-10-01 05:27:48,488 INFO 训练 第  15 轮  训练 0.01297  验证 0.01513  11.4s
2026-10-01 05:27:59,925 INFO 训练 第  16 轮  训练 0.01277  验证 0.01547  11.4s
2026-10-01 05:28:11,282 INFO 训练 第  17 轮  训练 0.01262  验证 0.01553  11.4s
2026-10-01 05:28:22,750 INFO 训练 第  18 轮  训练 0.01253  验证 0.01521  11.5s
2026-10-01 05:28:34,055 INFO 训练 第  19 轮  训练 0.01245  验证 0.01549  11.3s
2026-10-01 05:28:45,385 INFO 训练 第  20 轮  训练 0.01227  验证 0.01555  11.3s
2026-10-01 05:28:56,666 INFO 训练 第  21 轮  训练 0.01209  验证 0.01541  11.3s
2026-10-01 05:29:07,996 INFO 训练 第  22 轮  训练 0.01197  验证 0.01557  11.3s
2026-10-01 05:29:19,431 INFO 训练 第  23 轮  训练 0.01182  验证 0.01566  11.4s
2026-10-01 05:29:30,897 INFO 训练 第  24 轮  训练 0.01166  验证 0.01585  11.5s
2026-10-01 05:29:30,898 INFO 验证损失 15 轮未改善，提前停止
2026-10-01 05:29:35,017 INFO 价格响应读出（分时小区 dl_hist+dl_fut 价格 +5%）：弧弹性均值 -0.043，中位数 -0.049，为负的比例 0.62
2026-10-01 05:29:35,292 INFO 切换点一致性（all）：观测 β -1.180（0.393）  模型 β -0.391（0.195）
2026-10-01 05:29:35,601 INFO 切换点一致性（novel）：观测 β -0.367（0.505）  模型 β -0.347（0.279）
2026-10-01 05:29:51,660 INFO 测试期 MAE 0.0510  WAPE 0.261  CRPS 0.0295  PICP90 原始 0.860 / ACI 0.903；输出 D:\EV充电因果预测sci论文\05_实验结果\runs\base_stgcn_price_s3
