2026-10-01 01:33:06,743 INFO 运行 base_stgcn_s1，基线 stgcn，设备 cuda，torch 2.11.0+cu128
2026-10-01 01:33:07,632 INFO 数据：T=4344 N=275 目标 utilization 训练/验证/测试起点 3001/409/841
2026-10-01 01:33:07,805 INFO 模型参数 300,999；价格输入 none；损失 pinball（分位数）
2026-10-01 01:33:22,267 INFO 训练 第   1 轮  训练 0.02315  验证 0.01777  11.9s
2026-10-01 01:33:33,477 INFO 训练 第   2 轮  训练 0.01895  验证 0.01696  11.2s
2026-10-01 01:33:44,597 INFO 训练 第   3 轮  训练 0.01826  验证 0.01650  11.1s
2026-10-01 01:33:55,693 INFO 训练 第   4 轮  训练 0.01716  验证 0.01610  11.1s
2026-10-01 01:34:06,999 INFO 训练 第   5 轮  训练 0.01638  验证 0.01553  11.3s
2026-10-01 01:34:18,213 INFO 训练 第   6 轮  训练 0.01586  验证 0.01540  11.2s
2026-10-01 01:34:29,424 INFO 训练 第   7 轮  训练 0.01537  验证 0.01503  11.2s
2026-10-01 01:34:40,639 INFO 训练 第   8 轮  训练 0.01473  验证 0.01482  11.2s
2026-10-01 01:34:51,704 INFO 训练 第   9 轮  训练 0.01432  验证 0.01488  11.1s
2026-10-01 01:35:02,902 INFO 训练 第  10 轮  训练 0.01403  验证 0.01493  11.2s
2026-10-01 01:35:14,093 INFO 训练 第  11 轮  训练 0.01384  验证 0.01494  11.2s
2026-10-01 01:35:25,275 INFO 训练 第  12 轮  训练 0.01363  验证 0.01480  11.2s
2026-10-01 01:35:36,457 INFO 训练 第  13 轮  训练 0.01344  验证 0.01471  11.2s
2026-10-01 01:35:47,626 INFO 训练 第  14 轮  训练 0.01326  验证 0.01486  11.2s
2026-10-01 01:35:58,851 INFO 训练 第  15 轮  训练 0.01312  验证 0.01494  11.2s
2026-10-01 01:36:10,052 INFO 训练 第  16 轮  训练 0.01293  验证 0.01502  11.2s
2026-10-01 01:36:21,243 INFO 训练 第  17 轮  训练 0.01277  验证 0.01496  11.2s
2026-10-01 01:36:32,449 INFO 训练 第  18 轮  训练 0.01263  验证 0.01520  11.2s
2026-10-01 01:36:43,633 INFO 训练 第  19 轮  训练 0.01243  验证 0.01512  11.2s
2026-10-01 01:36:54,769 INFO 训练 第  20 轮  训练 0.01226  验证 0.01522  11.1s
2026-10-01 01:37:05,990 INFO 训练 第  21 轮  训练 0.01213  验证 0.01546  11.2s
2026-10-01 01:37:17,271 INFO 训练 第  22 轮  训练 0.01198  验证 0.01539  11.3s
2026-10-01 01:37:28,343 INFO 训练 第  23 轮  训练 0.01188  验证 0.01535  11.1s
2026-10-01 01:37:39,663 INFO 训练 第  24 轮  训练 0.01176  验证 0.01535  11.3s
2026-10-01 01:37:50,796 INFO 训练 第  25 轮  训练 0.01164  验证 0.01550  11.1s
2026-10-01 01:38:01,974 INFO 训练 第  26 轮  训练 0.01163  验证 0.01569  11.2s
2026-10-01 01:38:13,225 INFO 训练 第  27 轮  训练 0.01143  验证 0.01575  11.2s
2026-10-01 01:38:24,391 INFO 训练 第  28 轮  训练 0.01137  验证 0.01575  11.2s
2026-10-01 01:38:24,392 INFO 验证损失 15 轮未改善，提前停止
2026-10-01 01:38:26,809 INFO 切换点一致性（all）：观测 β -1.180（0.393）  模型 β -0.290（0.176）
2026-10-01 01:38:27,052 INFO 切换点一致性（novel）：观测 β -0.367（0.505）  模型 β -0.116（0.232）
2026-10-01 01:38:42,994 INFO 测试期 MAE 0.0524  WAPE 0.268  CRPS 0.0307  PICP90 原始 0.827 / ACI 0.902；输出 D:\EV充电因果预测sci论文\05_实验结果\runs\base_stgcn_s1
