2026-09-30 10:05:11,192 INFO 运行 tune_gwn_D64_lr1e-3_do0.3，设备 cuda，torch 2.11.0+cu128
2026-09-30 10:05:12,277 INFO 数据：T=4344 N=275 训练/验证/测试起点 3001/409/841；{'train': ('2022-09-01', '2023-01-05'), 'val': ('2023-01-06', '2023-01-23'), 'test': ('2023-01-24', '2023-02-28')}
2026-09-30 10:05:12,415 INFO 模型参数 744,323；锚定方式 cut；锚定来源 fivemin_main
2026-09-30 10:07:52,001 INFO 第   1 轮  训练 0.02239  验证 pinball 0.01702  分时小区平均 β -0.213  156.0s
2026-09-30 10:10:41,868 INFO 第   2 轮  训练 0.01808  验证 pinball 0.01618  分时小区平均 β -0.213  169.9s
2026-09-30 10:13:34,256 INFO 第   3 轮  训练 0.01658  验证 pinball 0.01492  分时小区平均 β -0.213  172.4s
2026-09-30 10:16:31,470 INFO 第   4 轮  训练 0.01524  验证 pinball 0.01470  分时小区平均 β -0.213  177.2s
2026-09-30 10:19:31,734 INFO 第   5 轮  训练 0.01441  验证 pinball 0.01417  分时小区平均 β -0.213  180.2s
2026-09-30 10:22:28,966 INFO 第   6 轮  训练 0.01382  验证 pinball 0.01392  分时小区平均 β -0.213  177.2s
2026-09-30 10:25:24,770 INFO 第   7 轮  训练 0.01352  验证 pinball 0.01361  分时小区平均 β -0.213  175.8s
2026-09-30 10:28:22,478 INFO 第   8 轮  训练 0.01327  验证 pinball 0.01337  分时小区平均 β -0.213  177.7s
2026-09-30 10:31:20,036 INFO 第   9 轮  训练 0.01297  验证 pinball 0.01335  分时小区平均 β -0.213  177.5s
2026-09-30 10:34:19,837 INFO 第  10 轮  训练 0.01266  验证 pinball 0.01446  分时小区平均 β -0.213  179.8s
2026-09-30 10:37:18,292 INFO 第  11 轮  训练 0.01249  验证 pinball 0.01360  分时小区平均 β -0.213  178.5s
2026-09-30 10:40:15,943 INFO 第  12 轮  训练 0.01241  验证 pinball 0.01323  分时小区平均 β -0.213  177.6s
2026-09-30 10:42:55,374 INFO 第  13 轮  训练 0.01213  验证 pinball 0.01350  分时小区平均 β -0.213  159.4s
2026-09-30 10:44:59,219 INFO 第  14 轮  训练 0.01209  验证 pinball 0.01313  分时小区平均 β -0.213  123.8s
2026-09-30 10:47:03,017 INFO 第  15 轮  训练 0.01193  验证 pinball 0.01356  分时小区平均 β -0.213  123.8s
2026-09-30 10:49:54,311 INFO 第  16 轮  训练 0.01172  验证 pinball 0.01327  分时小区平均 β -0.213  171.3s
2026-09-30 10:52:53,436 INFO 第  17 轮  训练 0.01168  验证 pinball 0.01348  分时小区平均 β -0.213  179.1s
2026-09-30 10:56:00,001 INFO 第  18 轮  训练 0.01153  验证 pinball 0.01423  分时小区平均 β -0.213  186.6s
2026-09-30 10:59:07,984 INFO 第  19 轮  训练 0.01150  验证 pinball 0.01376  分时小区平均 β -0.213  188.0s
2026-09-30 11:02:17,508 INFO 第  20 轮  训练 0.01129  验证 pinball 0.01461  分时小区平均 β -0.213  189.5s
2026-09-30 11:05:25,940 INFO 第  21 轮  训练 0.01125  验证 pinball 0.01450  分时小区平均 β -0.213  188.4s
2026-09-30 11:08:35,937 INFO 第  22 轮  训练 0.01102  验证 pinball 0.01436  分时小区平均 β -0.213  190.0s
2026-09-30 11:11:44,915 INFO 第  23 轮  训练 0.01100  验证 pinball 0.01438  分时小区平均 β -0.213  189.0s
2026-09-30 11:14:52,594 INFO 第  24 轮  训练 0.01091  验证 pinball 0.01408  分时小区平均 β -0.213  187.7s
2026-09-30 11:18:01,202 INFO 第  25 轮  训练 0.01077  验证 pinball 0.01519  分时小区平均 β -0.213  188.6s
2026-09-30 11:21:10,605 INFO 第  26 轮  训练 0.01075  验证 pinball 0.01440  分时小区平均 β -0.213  189.4s
2026-09-30 11:24:19,458 INFO 第  27 轮  训练 0.01060  验证 pinball 0.01491  分时小区平均 β -0.213  188.9s
2026-09-30 11:27:28,448 INFO 第  28 轮  训练 0.01049  验证 pinball 0.01496  分时小区平均 β -0.213  189.0s
2026-09-30 11:30:38,898 INFO 第  29 轮  训练 0.01038  验证 pinball 0.01508  分时小区平均 β -0.213  190.4s
2026-09-30 11:30:38,898 INFO 验证损失 15 轮未改善，提前停止
2026-09-30 11:31:19,168 INFO 测试期 MAE 0.0456  WAPE 0.233  CRPS 0.0264  PICP90 原始 0.845 / ACI 0.900；输出 D:\EV充电因果预测sci论文\05_实验结果\runs\tune_gwn_D64_lr1e-3_do0.3
