2026-10-01 16:03:21,078 INFO 运行 abl_A3_prior-0.76_s2，设备 cuda，torch 2.11.0+cu128
2026-10-01 16:03:22,463 INFO 数据：T=4344 N=275 训练/验证/测试起点 3001/409/841；{'train': ('2022-09-01', '2023-01-05'), 'val': ('2023-01-06', '2023-01-23'), 'test': ('2023-01-24', '2023-02-28')}
2026-10-01 16:03:22,596 INFO 模型参数 198,211；锚定方式 cut；锚定来源 fivemin_main|fixed_beta=-0.76
2026-10-01 16:03:53,557 INFO 第   1 轮  训练 0.02306  验证 pinball 0.01825  分时小区平均 β -0.760  27.6s
2026-10-01 16:04:20,187 INFO 第   2 轮  训练 0.01843  验证 pinball 0.01579  分时小区平均 β -0.760  26.6s
2026-10-01 16:04:47,066 INFO 第   3 轮  训练 0.01694  验证 pinball 0.01480  分时小区平均 β -0.760  26.9s
2026-10-01 16:05:13,858 INFO 第   4 轮  训练 0.01564  验证 pinball 0.01453  分时小区平均 β -0.760  26.8s
2026-10-01 16:05:40,532 INFO 第   5 轮  训练 0.01482  验证 pinball 0.01444  分时小区平均 β -0.760  26.7s
2026-10-01 16:06:07,271 INFO 第   6 轮  训练 0.01444  验证 pinball 0.01397  分时小区平均 β -0.760  26.7s
2026-10-01 16:06:34,005 INFO 第   7 轮  训练 0.01407  验证 pinball 0.01377  分时小区平均 β -0.760  26.7s
2026-10-01 16:07:00,702 INFO 第   8 轮  训练 0.01378  验证 pinball 0.01367  分时小区平均 β -0.760  26.7s
2026-10-01 16:07:27,564 INFO 第   9 轮  训练 0.01357  验证 pinball 0.01346  分时小区平均 β -0.760  26.8s
2026-10-01 16:07:54,239 INFO 第  10 轮  训练 0.01343  验证 pinball 0.01358  分时小区平均 β -0.760  26.7s
2026-10-01 16:08:20,943 INFO 第  11 轮  训练 0.01324  验证 pinball 0.01362  分时小区平均 β -0.760  26.7s
2026-10-01 16:08:47,750 INFO 第  12 轮  训练 0.01303  验证 pinball 0.01317  分时小区平均 β -0.760  26.8s
2026-10-01 16:09:14,362 INFO 第  13 轮  训练 0.01300  验证 pinball 0.01371  分时小区平均 β -0.760  26.6s
2026-10-01 16:09:41,045 INFO 第  14 轮  训练 0.01285  验证 pinball 0.01380  分时小区平均 β -0.760  26.7s
2026-10-01 16:10:07,935 INFO 第  15 轮  训练 0.01271  验证 pinball 0.01314  分时小区平均 β -0.760  26.9s
2026-10-01 16:10:34,669 INFO 第  16 轮  训练 0.01261  验证 pinball 0.01421  分时小区平均 β -0.760  26.7s
2026-10-01 16:11:01,498 INFO 第  17 轮  训练 0.01261  验证 pinball 0.01316  分时小区平均 β -0.760  26.8s
2026-10-01 16:11:28,435 INFO 第  18 轮  训练 0.01245  验证 pinball 0.01315  分时小区平均 β -0.760  26.9s
2026-10-01 16:11:55,273 INFO 第  19 轮  训练 0.01232  验证 pinball 0.01351  分时小区平均 β -0.760  26.8s
2026-10-01 16:12:21,884 INFO 第  20 轮  训练 0.01227  验证 pinball 0.01383  分时小区平均 β -0.760  26.6s
2026-10-01 16:12:48,713 INFO 第  21 轮  训练 0.01219  验证 pinball 0.01375  分时小区平均 β -0.760  26.8s
2026-10-01 16:13:15,481 INFO 第  22 轮  训练 0.01215  验证 pinball 0.01329  分时小区平均 β -0.760  26.8s
2026-10-01 16:13:42,069 INFO 第  23 轮  训练 0.01206  验证 pinball 0.01355  分时小区平均 β -0.760  26.6s
2026-10-01 16:14:08,813 INFO 第  24 轮  训练 0.01195  验证 pinball 0.01333  分时小区平均 β -0.760  26.7s
2026-10-01 16:14:35,695 INFO 第  25 轮  训练 0.01190  验证 pinball 0.01331  分时小区平均 β -0.760  26.9s
2026-10-01 16:15:02,359 INFO 第  26 轮  训练 0.01191  验证 pinball 0.01366  分时小区平均 β -0.760  26.7s
2026-10-01 16:15:28,961 INFO 第  27 轮  训练 0.01178  验证 pinball 0.01380  分时小区平均 β -0.760  26.6s
2026-10-01 16:15:55,765 INFO 第  28 轮  训练 0.01175  验证 pinball 0.01351  分时小区平均 β -0.760  26.8s
2026-10-01 16:16:22,584 INFO 第  29 轮  训练 0.01174  验证 pinball 0.01346  分时小区平均 β -0.760  26.8s
2026-10-01 16:16:49,287 INFO 第  30 轮  训练 0.01160  验证 pinball 0.01490  分时小区平均 β -0.760  26.7s
2026-10-01 16:16:49,288 INFO 验证损失 15 轮未改善，提前停止
2026-10-01 16:16:54,274 INFO 切换点一致性（all）：观测 β -1.180（0.393）  模型 β -0.918（0.184）
2026-10-01 16:16:54,511 INFO 切换点一致性（novel）：观测 β -0.367（0.505）  模型 β -0.542（0.215）
2026-10-01 16:17:11,465 INFO 测试期 MAE 0.0444  WAPE 0.227  CRPS 0.0256  PICP90 原始 0.856 / ACI 0.902；输出 D:\EV充电因果预测sci论文\05_实验结果\runs\abl_A3_prior-0.76_s2
