2026-10-01 11:37:58,565 INFO 运行 abl_A1_free_s1，设备 cuda，torch 2.11.0+cu128
2026-10-01 11:37:59,822 INFO 数据：T=4344 N=275 训练/验证/测试起点 3001/409/841；{'train': ('2022-09-01', '2023-01-05'), 'val': ('2023-01-06', '2023-01-23'), 'test': ('2023-01-24', '2023-02-28')}
2026-10-01 11:37:59,957 INFO 模型参数 199,326；锚定方式 free；锚定来源 fivemin_main
2026-10-01 11:38:31,275 INFO 第   1 轮  训练 0.02278  验证 pinball 0.01806  分时小区平均 β -0.222  27.5s
2026-10-01 11:38:58,284 INFO 第   2 轮  训练 0.01839  验证 pinball 0.01607  分时小区平均 β -0.222  27.0s
2026-10-01 11:39:25,207 INFO 第   3 轮  训练 0.01698  验证 pinball 0.01493  分时小区平均 β -0.219  26.9s
2026-10-01 11:39:51,950 INFO 第   4 轮  训练 0.01569  验证 pinball 0.01484  分时小区平均 β -0.215  26.7s
2026-10-01 11:40:18,925 INFO 第   5 轮  训练 0.01484  验证 pinball 0.01438  分时小区平均 β -0.212  27.0s
2026-10-01 11:40:45,812 INFO 第   6 轮  训练 0.01424  验证 pinball 0.01383  分时小区平均 β -0.209  26.9s
2026-10-01 11:41:12,813 INFO 第   7 轮  训练 0.01404  验证 pinball 0.01400  分时小区平均 β -0.207  27.0s
2026-10-01 11:41:39,745 INFO 第   8 轮  训练 0.01370  验证 pinball 0.01339  分时小区平均 β -0.206  26.9s
2026-10-01 11:42:06,760 INFO 第   9 轮  训练 0.01343  验证 pinball 0.01328  分时小区平均 β -0.205  27.0s
2026-10-01 11:42:33,694 INFO 第  10 轮  训练 0.01335  验证 pinball 0.01324  分时小区平均 β -0.204  26.9s
2026-10-01 11:43:00,641 INFO 第  11 轮  训练 0.01318  验证 pinball 0.01320  分时小区平均 β -0.203  26.9s
2026-10-01 11:43:27,608 INFO 第  12 轮  训练 0.01306  验证 pinball 0.01372  分时小区平均 β -0.202  27.0s
2026-10-01 11:43:54,498 INFO 第  13 轮  训练 0.01289  验证 pinball 0.01329  分时小区平均 β -0.200  26.9s
2026-10-01 11:44:21,339 INFO 第  14 轮  训练 0.01272  验证 pinball 0.01343  分时小区平均 β -0.199  26.8s
2026-10-01 11:44:48,199 INFO 第  15 轮  训练 0.01263  验证 pinball 0.01287  分时小区平均 β -0.197  26.9s
2026-10-01 11:45:15,093 INFO 第  16 轮  训练 0.01264  验证 pinball 0.01333  分时小区平均 β -0.196  26.9s
2026-10-01 11:45:42,084 INFO 第  17 轮  训练 0.01242  验证 pinball 0.01297  分时小区平均 β -0.194  27.0s
2026-10-01 11:46:08,978 INFO 第  18 轮  训练 0.01233  验证 pinball 0.01292  分时小区平均 β -0.193  26.9s
2026-10-01 11:46:35,969 INFO 第  19 轮  训练 0.01224  验证 pinball 0.01311  分时小区平均 β -0.191  27.0s
2026-10-01 11:47:02,984 INFO 第  20 轮  训练 0.01226  验证 pinball 0.01284  分时小区平均 β -0.190  27.0s
2026-10-01 11:47:30,032 INFO 第  21 轮  训练 0.01209  验证 pinball 0.01322  分时小区平均 β -0.189  27.0s
2026-10-01 11:47:56,954 INFO 第  22 轮  训练 0.01204  验证 pinball 0.01413  分时小区平均 β -0.187  26.9s
2026-10-01 11:48:23,638 INFO 第  23 轮  训练 0.01199  验证 pinball 0.01310  分时小区平均 β -0.186  26.7s
2026-10-01 11:48:50,549 INFO 第  24 轮  训练 0.01190  验证 pinball 0.01329  分时小区平均 β -0.185  26.9s
2026-10-01 11:49:17,409 INFO 第  25 轮  训练 0.01185  验证 pinball 0.01304  分时小区平均 β -0.184  26.9s
2026-10-01 11:49:44,309 INFO 第  26 轮  训练 0.01177  验证 pinball 0.01304  分时小区平均 β -0.183  26.9s
2026-10-01 11:50:11,416 INFO 第  27 轮  训练 0.01168  验证 pinball 0.01312  分时小区平均 β -0.182  27.1s
2026-10-01 11:50:38,265 INFO 第  28 轮  训练 0.01170  验证 pinball 0.01353  分时小区平均 β -0.181  26.8s
2026-10-01 11:51:05,179 INFO 第  29 轮  训练 0.01166  验证 pinball 0.01300  分时小区平均 β -0.180  26.9s
2026-10-01 11:51:32,060 INFO 第  30 轮  训练 0.01154  验证 pinball 0.01335  分时小区平均 β -0.178  26.9s
2026-10-01 11:51:58,978 INFO 第  31 轮  训练 0.01155  验证 pinball 0.01341  分时小区平均 β -0.177  26.9s
2026-10-01 11:52:25,856 INFO 第  32 轮  训练 0.01139  验证 pinball 0.01350  分时小区平均 β -0.176  26.9s
2026-10-01 11:52:52,694 INFO 第  33 轮  训练 0.01136  验证 pinball 0.01365  分时小区平均 β -0.174  26.8s
2026-10-01 11:53:19,580 INFO 第  34 轮  训练 0.01135  验证 pinball 0.01324  分时小区平均 β -0.173  26.9s
2026-10-01 11:53:46,548 INFO 第  35 轮  训练 0.01131  验证 pinball 0.01338  分时小区平均 β -0.171  27.0s
2026-10-01 11:53:46,548 INFO 验证损失 15 轮未改善，提前停止
2026-10-01 11:53:51,407 INFO 切换点一致性（all）：观测 β -1.180（0.393）  模型 β -0.504（0.215）
2026-10-01 11:53:51,757 INFO 切换点一致性（novel）：观测 β -0.367（0.505）  模型 β -0.225（0.267）
2026-10-01 11:54:08,595 INFO 测试期 MAE 0.0450  WAPE 0.230  CRPS 0.0261  PICP90 原始 0.835 / ACI 0.900；输出 D:\EV充电因果预测sci论文\05_实验结果\runs\abl_A1_free_s1
