2026-10-01 12:55:50,285 INFO 运行 abl_A5_noprice_s1，设备 cuda，torch 2.11.0+cu128
2026-10-01 12:55:51,561 INFO 数据：T=4344 N=275 训练/验证/测试起点 3001/409/841；{'train': ('2022-09-01', '2023-01-05'), 'val': ('2023-01-06', '2023-01-23'), 'test': ('2023-01-24', '2023-02-28')}
2026-10-01 12:55:51,693 INFO 模型参数 198,211；锚定方式 cut；锚定来源 fivemin_main
2026-10-01 12:56:22,367 INFO 第   1 轮  训练 0.02281  验证 pinball 0.01807  分时小区平均 β +nan  27.2s
2026-10-01 12:56:49,034 INFO 第   2 轮  训练 0.01842  验证 pinball 0.01593  分时小区平均 β +nan  26.7s
2026-10-01 12:57:15,667 INFO 第   3 轮  训练 0.01698  验证 pinball 0.01491  分时小区平均 β +nan  26.6s
2026-10-01 12:57:42,204 INFO 第   4 轮  训练 0.01566  验证 pinball 0.01483  分时小区平均 β +nan  26.5s
2026-10-01 12:58:08,868 INFO 第   5 轮  训练 0.01483  验证 pinball 0.01450  分时小区平均 β +nan  26.7s
2026-10-01 12:58:35,516 INFO 第   6 轮  训练 0.01425  验证 pinball 0.01375  分时小区平均 β +nan  26.6s
2026-10-01 12:59:02,456 INFO 第   7 轮  训练 0.01403  验证 pinball 0.01402  分时小区平均 β +nan  26.9s
2026-10-01 12:59:29,483 INFO 第   8 轮  训练 0.01371  验证 pinball 0.01336  分时小区平均 β +nan  27.0s
2026-10-01 12:59:56,228 INFO 第   9 轮  训练 0.01342  验证 pinball 0.01329  分时小区平均 β +nan  26.7s
2026-10-01 13:00:22,961 INFO 第  10 轮  训练 0.01333  验证 pinball 0.01323  分时小区平均 β +nan  26.7s
2026-10-01 13:00:49,694 INFO 第  11 轮  训练 0.01316  验证 pinball 0.01320  分时小区平均 β +nan  26.7s
2026-10-01 13:01:16,380 INFO 第  12 轮  训练 0.01304  验证 pinball 0.01367  分时小区平均 β +nan  26.7s
2026-10-01 13:01:43,067 INFO 第  13 轮  训练 0.01288  验证 pinball 0.01330  分时小区平均 β +nan  26.7s
2026-10-01 13:02:09,653 INFO 第  14 轮  训练 0.01272  验证 pinball 0.01349  分时小区平均 β +nan  26.6s
2026-10-01 13:02:36,526 INFO 第  15 轮  训练 0.01264  验证 pinball 0.01288  分时小区平均 β +nan  26.9s
2026-10-01 13:03:03,170 INFO 第  16 轮  训练 0.01266  验证 pinball 0.01330  分时小区平均 β +nan  26.6s
2026-10-01 13:03:29,877 INFO 第  17 轮  训练 0.01244  验证 pinball 0.01295  分时小区平均 β +nan  26.7s
2026-10-01 13:03:56,615 INFO 第  18 轮  训练 0.01234  验证 pinball 0.01295  分时小区平均 β +nan  26.7s
2026-10-01 13:04:23,312 INFO 第  19 轮  训练 0.01226  验证 pinball 0.01308  分时小区平均 β +nan  26.7s
2026-10-01 13:04:49,859 INFO 第  20 轮  训练 0.01228  验证 pinball 0.01283  分时小区平均 β +nan  26.5s
2026-10-01 13:05:16,447 INFO 第  21 轮  训练 0.01211  验证 pinball 0.01321  分时小区平均 β +nan  26.6s
2026-10-01 13:05:43,199 INFO 第  22 轮  训练 0.01205  验证 pinball 0.01406  分时小区平均 β +nan  26.8s
2026-10-01 13:06:09,950 INFO 第  23 轮  训练 0.01200  验证 pinball 0.01300  分时小区平均 β +nan  26.7s
2026-10-01 13:06:36,513 INFO 第  24 轮  训练 0.01192  验证 pinball 0.01309  分时小区平均 β +nan  26.6s
2026-10-01 13:07:03,138 INFO 第  25 轮  训练 0.01191  验证 pinball 0.01306  分时小区平均 β +nan  26.6s
2026-10-01 13:07:29,786 INFO 第  26 轮  训练 0.01184  验证 pinball 0.01341  分时小区平均 β +nan  26.6s
2026-10-01 13:07:56,272 INFO 第  27 轮  训练 0.01169  验证 pinball 0.01312  分时小区平均 β +nan  26.5s
2026-10-01 13:08:22,869 INFO 第  28 轮  训练 0.01173  验证 pinball 0.01410  分时小区平均 β +nan  26.6s
2026-10-01 13:08:49,330 INFO 第  29 轮  训练 0.01169  验证 pinball 0.01315  分时小区平均 β +nan  26.5s
2026-10-01 13:09:15,950 INFO 第  30 轮  训练 0.01153  验证 pinball 0.01326  分时小区平均 β +nan  26.6s
2026-10-01 13:09:42,482 INFO 第  31 轮  训练 0.01154  验证 pinball 0.01326  分时小区平均 β +nan  26.5s
2026-10-01 13:10:09,306 INFO 第  32 轮  训练 0.01139  验证 pinball 0.01355  分时小区平均 β +nan  26.8s
2026-10-01 13:10:36,234 INFO 第  33 轮  训练 0.01137  验证 pinball 0.01350  分时小区平均 β +nan  26.9s
2026-10-01 13:11:02,928 INFO 第  34 轮  训练 0.01134  验证 pinball 0.01317  分时小区平均 β +nan  26.7s
2026-10-01 13:11:29,628 INFO 第  35 轮  训练 0.01133  验证 pinball 0.01339  分时小区平均 β +nan  26.7s
2026-10-01 13:11:29,629 INFO 验证损失 15 轮未改善，提前停止
2026-10-01 13:11:34,671 INFO 切换点一致性（all）：观测 β -1.180（0.393）  模型 β -0.364（0.208）
2026-10-01 13:11:34,913 INFO 切换点一致性（novel）：观测 β -0.367（0.505）  模型 β -0.071（0.258）
2026-10-01 13:11:54,233 INFO 测试期 MAE 0.0449  WAPE 0.230  CRPS 0.0261  PICP90 原始 0.830 / ACI 0.900；输出 D:\EV充电因果预测sci论文\05_实验结果\runs\abl_A5_noprice_s1
