2026-09-30 23:30:11,932 INFO 运行 main_A0_s4，设备 cuda，torch 2.11.0+cu128
2026-09-30 23:30:13,020 INFO 数据：T=4344 N=275 训练/验证/测试起点 3001/409/841；{'train': ('2022-09-01', '2023-01-05'), 'val': ('2023-01-06', '2023-01-23'), 'test': ('2023-01-24', '2023-02-28')}
2026-09-30 23:30:13,149 INFO 模型参数 198,211；锚定方式 cut；锚定来源 fivemin_main
2026-09-30 23:30:43,621 INFO 第   1 轮  训练 0.02307  验证 pinball 0.01774  分时小区平均 β -0.213  27.4s
2026-09-30 23:31:10,228 INFO 第   2 轮  训练 0.01864  验证 pinball 0.01677  分时小区平均 β -0.213  26.6s
2026-09-30 23:31:37,089 INFO 第   3 轮  训练 0.01719  验证 pinball 0.01566  分时小区平均 β -0.213  26.9s
2026-09-30 23:32:03,792 INFO 第   4 轮  训练 0.01592  验证 pinball 0.01466  分时小区平均 β -0.213  26.7s
2026-09-30 23:32:30,498 INFO 第   5 轮  训练 0.01490  验证 pinball 0.01417  分时小区平均 β -0.213  26.7s
2026-09-30 23:32:57,269 INFO 第   6 轮  训练 0.01433  验证 pinball 0.01386  分时小区平均 β -0.213  26.8s
2026-09-30 23:33:23,929 INFO 第   7 轮  训练 0.01408  验证 pinball 0.01409  分时小区平均 β -0.213  26.7s
2026-09-30 23:33:50,731 INFO 第   8 轮  训练 0.01366  验证 pinball 0.01366  分时小区平均 β -0.213  26.8s
2026-09-30 23:34:17,529 INFO 第   9 轮  训练 0.01339  验证 pinball 0.01364  分时小区平均 β -0.213  26.8s
2026-09-30 23:34:44,289 INFO 第  10 轮  训练 0.01324  验证 pinball 0.01327  分时小区平均 β -0.213  26.7s
2026-09-30 23:35:11,014 INFO 第  11 轮  训练 0.01308  验证 pinball 0.01321  分时小区平均 β -0.213  26.7s
2026-09-30 23:35:37,704 INFO 第  12 轮  训练 0.01307  验证 pinball 0.01353  分时小区平均 β -0.213  26.7s
2026-09-30 23:36:04,345 INFO 第  13 轮  训练 0.01279  验证 pinball 0.01311  分时小区平均 β -0.213  26.6s
2026-09-30 23:36:31,057 INFO 第  14 轮  训练 0.01272  验证 pinball 0.01337  分时小区平均 β -0.213  26.7s
2026-09-30 23:36:57,688 INFO 第  15 轮  训练 0.01264  验证 pinball 0.01354  分时小区平均 β -0.213  26.6s
2026-09-30 23:37:24,440 INFO 第  16 轮  训练 0.01248  验证 pinball 0.01312  分时小区平均 β -0.213  26.8s
2026-09-30 23:37:51,003 INFO 第  17 轮  训练 0.01240  验证 pinball 0.01301  分时小区平均 β -0.213  26.6s
2026-09-30 23:38:17,867 INFO 第  18 轮  训练 0.01230  验证 pinball 0.01354  分时小区平均 β -0.213  26.9s
2026-09-30 23:38:44,626 INFO 第  19 轮  训练 0.01225  验证 pinball 0.01305  分时小区平均 β -0.213  26.8s
2026-09-30 23:39:11,364 INFO 第  20 轮  训练 0.01211  验证 pinball 0.01324  分时小区平均 β -0.213  26.7s
2026-09-30 23:39:38,013 INFO 第  21 轮  训练 0.01218  验证 pinball 0.01304  分时小区平均 β -0.213  26.6s
2026-09-30 23:40:04,762 INFO 第  22 轮  训练 0.01204  验证 pinball 0.01336  分时小区平均 β -0.213  26.7s
2026-09-30 23:40:31,508 INFO 第  23 轮  训练 0.01196  验证 pinball 0.01318  分时小区平均 β -0.213  26.7s
2026-09-30 23:40:58,186 INFO 第  24 轮  训练 0.01190  验证 pinball 0.01357  分时小区平均 β -0.213  26.7s
2026-09-30 23:41:24,856 INFO 第  25 轮  训练 0.01184  验证 pinball 0.01339  分时小区平均 β -0.213  26.7s
2026-09-30 23:41:51,503 INFO 第  26 轮  训练 0.01187  验证 pinball 0.01364  分时小区平均 β -0.213  26.6s
2026-09-30 23:42:18,254 INFO 第  27 轮  训练 0.01173  验证 pinball 0.01345  分时小区平均 β -0.213  26.8s
2026-09-30 23:42:44,990 INFO 第  28 轮  训练 0.01173  验证 pinball 0.01369  分时小区平均 β -0.213  26.7s
2026-09-30 23:43:11,685 INFO 第  29 轮  训练 0.01170  验证 pinball 0.01353  分时小区平均 β -0.213  26.7s
2026-09-30 23:43:38,452 INFO 第  30 轮  训练 0.01163  验证 pinball 0.01334  分时小区平均 β -0.213  26.8s
2026-09-30 23:44:05,137 INFO 第  31 轮  训练 0.01159  验证 pinball 0.01370  分时小区平均 β -0.213  26.7s
2026-09-30 23:44:31,724 INFO 第  32 轮  训练 0.01155  验证 pinball 0.01428  分时小区平均 β -0.213  26.6s
2026-09-30 23:44:31,725 INFO 验证损失 15 轮未改善，提前停止
2026-09-30 23:44:36,485 INFO 切换点一致性（all）：观测 β -1.180（0.393）  模型 β -0.548（0.210）
2026-09-30 23:44:36,711 INFO 切换点一致性（novel）：观测 β -0.367（0.505）  模型 β -0.183（0.288）
2026-09-30 23:44:54,932 INFO 测试期 MAE 0.0437  WAPE 0.224  CRPS 0.0254  PICP90 原始 0.838 / ACI 0.900；输出 D:\EV充电因果预测sci论文\05_实验结果\runs\main_A0_s4
