2026-10-01 18:10:18,729 INFO 运行 abl_A13_soft10_s2，设备 cuda，torch 2.11.0+cu128
2026-10-01 18:10:19,803 INFO 数据：T=4344 N=275 训练/验证/测试起点 3001/409/841；{'train': ('2022-09-01', '2023-01-05'), 'val': ('2023-01-06', '2023-01-23'), 'test': ('2023-01-24', '2023-02-28')}
2026-10-01 18:10:19,956 INFO 模型参数 199,326；锚定方式 soft；锚定来源 fivemin_main
2026-10-01 18:10:51,663 INFO 第   1 轮  训练 0.02312  验证 pinball 0.01823  分时小区平均 β -0.213  28.3s
2026-10-01 18:11:19,637 INFO 第   2 轮  训练 0.01843  验证 pinball 0.01581  分时小区平均 β -0.213  28.0s
2026-10-01 18:11:47,248 INFO 第   3 轮  训练 0.01690  验证 pinball 0.01476  分时小区平均 β -0.213  27.6s
2026-10-01 18:12:14,832 INFO 第   4 轮  训练 0.01554  验证 pinball 0.01442  分时小区平均 β -0.213  27.6s
2026-10-01 18:12:42,353 INFO 第   5 轮  训练 0.01478  验证 pinball 0.01439  分时小区平均 β -0.213  27.5s
2026-10-01 18:13:10,006 INFO 第   6 轮  训练 0.01440  验证 pinball 0.01394  分时小区平均 β -0.213  27.6s
2026-10-01 18:13:37,556 INFO 第   7 轮  训练 0.01406  验证 pinball 0.01374  分时小区平均 β -0.213  27.5s
2026-10-01 18:14:05,211 INFO 第   8 轮  训练 0.01376  验证 pinball 0.01369  分时小区平均 β -0.213  27.6s
2026-10-01 18:14:32,797 INFO 第   9 轮  训练 0.01355  验证 pinball 0.01347  分时小区平均 β -0.213  27.6s
2026-10-01 18:15:00,459 INFO 第  10 轮  训练 0.01342  验证 pinball 0.01360  分时小区平均 β -0.213  27.7s
2026-10-01 18:15:28,041 INFO 第  11 轮  训练 0.01323  验证 pinball 0.01362  分时小区平均 β -0.213  27.6s
2026-10-01 18:15:55,592 INFO 第  12 轮  训练 0.01302  验证 pinball 0.01317  分时小区平均 β -0.213  27.6s
2026-10-01 18:16:22,952 INFO 第  13 轮  训练 0.01299  验证 pinball 0.01366  分时小区平均 β -0.213  27.3s
2026-10-01 18:16:50,375 INFO 第  14 轮  训练 0.01284  验证 pinball 0.01381  分时小区平均 β -0.213  27.4s
2026-10-01 18:17:18,056 INFO 第  15 轮  训练 0.01271  验证 pinball 0.01314  分时小区平均 β -0.213  27.7s
2026-10-01 18:17:45,533 INFO 第  16 轮  训练 0.01260  验证 pinball 0.01412  分时小区平均 β -0.213  27.5s
2026-10-01 18:18:13,109 INFO 第  17 轮  训练 0.01259  验证 pinball 0.01318  分时小区平均 β -0.213  27.6s
2026-10-01 18:18:40,918 INFO 第  18 轮  训练 0.01242  验证 pinball 0.01319  分时小区平均 β -0.213  27.8s
2026-10-01 18:19:08,590 INFO 第  19 轮  训练 0.01229  验证 pinball 0.01349  分时小区平均 β -0.213  27.7s
2026-10-01 18:19:36,145 INFO 第  20 轮  训练 0.01224  验证 pinball 0.01380  分时小区平均 β -0.213  27.6s
2026-10-01 18:20:03,757 INFO 第  21 轮  训练 0.01215  验证 pinball 0.01382  分时小区平均 β -0.213  27.6s
2026-10-01 18:20:31,431 INFO 第  22 轮  训练 0.01212  验证 pinball 0.01346  分时小区平均 β -0.213  27.7s
2026-10-01 18:20:59,152 INFO 第  23 轮  训练 0.01202  验证 pinball 0.01376  分时小区平均 β -0.213  27.7s
2026-10-01 18:21:26,580 INFO 第  24 轮  训练 0.01191  验证 pinball 0.01325  分时小区平均 β -0.213  27.4s
2026-10-01 18:21:54,195 INFO 第  25 轮  训练 0.01186  验证 pinball 0.01328  分时小区平均 β -0.213  27.6s
2026-10-01 18:22:22,044 INFO 第  26 轮  训练 0.01187  验证 pinball 0.01351  分时小区平均 β -0.213  27.8s
2026-10-01 18:22:49,858 INFO 第  27 轮  训练 0.01173  验证 pinball 0.01374  分时小区平均 β -0.213  27.8s
2026-10-01 18:23:17,733 INFO 第  28 轮  训练 0.01170  验证 pinball 0.01360  分时小区平均 β -0.213  27.9s
2026-10-01 18:23:45,468 INFO 第  29 轮  训练 0.01170  验证 pinball 0.01355  分时小区平均 β -0.213  27.7s
2026-10-01 18:24:13,074 INFO 第  30 轮  训练 0.01155  验证 pinball 0.01459  分时小区平均 β -0.213  27.6s
2026-10-01 18:24:13,074 INFO 验证损失 15 轮未改善，提前停止
2026-10-01 18:24:18,131 INFO 切换点一致性（all）：观测 β -1.180（0.393）  模型 β -0.570（0.170）
2026-10-01 18:24:18,369 INFO 切换点一致性（novel）：观测 β -0.367（0.505）  模型 β -0.263（0.172）
2026-10-01 18:24:36,646 INFO 测试期 MAE 0.0444  WAPE 0.227  CRPS 0.0255  PICP90 原始 0.856 / ACI 0.902；输出 D:\EV充电因果预测sci论文\05_实验结果\runs\abl_A13_soft10_s2
