2026-10-01 11:18:16,525 INFO 运行 abl_A14_nomask_s0，设备 cuda，torch 2.11.0+cu128
2026-10-01 11:18:17,641 INFO 数据：T=4344 N=275 训练/验证/测试起点 3001/409/841；{'train': ('2022-09-01', '2023-01-05'), 'val': ('2023-01-06', '2023-01-23'), 'test': ('2023-01-24', '2023-02-28')}
2026-10-01 11:18:17,792 INFO 模型参数 198,211；锚定方式 cut；锚定来源 fivemin_main
2026-10-01 11:18:48,693 INFO 第   1 轮  训练 0.02328  验证 pinball 0.01735  分时小区平均 β -0.213  27.6s
2026-10-01 11:19:15,350 INFO 第   2 轮  训练 0.01844  验证 pinball 0.01591  分时小区平均 β -0.213  26.6s
2026-10-01 11:19:42,056 INFO 第   3 轮  训练 0.01730  验证 pinball 0.01524  分时小区平均 β -0.213  26.7s
2026-10-01 11:20:08,858 INFO 第   4 轮  训练 0.01608  验证 pinball 0.01471  分时小区平均 β -0.213  26.8s
2026-10-01 11:20:35,478 INFO 第   5 轮  训练 0.01534  验证 pinball 0.01553  分时小区平均 β -0.213  26.6s
2026-10-01 11:21:02,182 INFO 第   6 轮  训练 0.01463  验证 pinball 0.01417  分时小区平均 β -0.213  26.7s
2026-10-01 11:21:28,936 INFO 第   7 轮  训练 0.01432  验证 pinball 0.01447  分时小区平均 β -0.213  26.7s
2026-10-01 11:21:55,742 INFO 第   8 轮  训练 0.01404  验证 pinball 0.01335  分时小区平均 β -0.213  26.8s
2026-10-01 11:22:22,422 INFO 第   9 轮  训练 0.01369  验证 pinball 0.01346  分时小区平均 β -0.213  26.7s
2026-10-01 11:22:49,098 INFO 第  10 轮  训练 0.01345  验证 pinball 0.01397  分时小区平均 β -0.213  26.7s
2026-10-01 11:23:16,039 INFO 第  11 轮  训练 0.01341  验证 pinball 0.01336  分时小区平均 β -0.213  26.9s
2026-10-01 11:23:42,859 INFO 第  12 轮  训练 0.01324  验证 pinball 0.01288  分时小区平均 β -0.213  26.8s
2026-10-01 11:24:09,690 INFO 第  13 轮  训练 0.01303  验证 pinball 0.01356  分时小区平均 β -0.213  26.8s
2026-10-01 11:24:36,465 INFO 第  14 轮  训练 0.01296  验证 pinball 0.01317  分时小区平均 β -0.213  26.8s
2026-10-01 11:25:03,306 INFO 第  15 轮  训练 0.01275  验证 pinball 0.01306  分时小区平均 β -0.213  26.8s
2026-10-01 11:25:30,019 INFO 第  16 轮  训练 0.01269  验证 pinball 0.01284  分时小区平均 β -0.213  26.7s
2026-10-01 11:25:56,804 INFO 第  17 轮  训练 0.01264  验证 pinball 0.01305  分时小区平均 β -0.213  26.8s
2026-10-01 11:26:23,487 INFO 第  18 轮  训练 0.01242  验证 pinball 0.01288  分时小区平均 β -0.213  26.7s
2026-10-01 11:26:50,202 INFO 第  19 轮  训练 0.01233  验证 pinball 0.01306  分时小区平均 β -0.213  26.7s
2026-10-01 11:27:17,006 INFO 第  20 轮  训练 0.01226  验证 pinball 0.01314  分时小区平均 β -0.213  26.8s
2026-10-01 11:27:43,756 INFO 第  21 轮  训练 0.01226  验证 pinball 0.01319  分时小区平均 β -0.213  26.7s
2026-10-01 11:28:10,309 INFO 第  22 轮  训练 0.01211  验证 pinball 0.01290  分时小区平均 β -0.213  26.6s
2026-10-01 11:28:37,015 INFO 第  23 轮  训练 0.01204  验证 pinball 0.01307  分时小区平均 β -0.213  26.7s
2026-10-01 11:29:03,880 INFO 第  24 轮  训练 0.01204  验证 pinball 0.01297  分时小区平均 β -0.213  26.9s
2026-10-01 11:29:30,554 INFO 第  25 轮  训练 0.01195  验证 pinball 0.01319  分时小区平均 β -0.213  26.7s
2026-10-01 11:29:57,244 INFO 第  26 轮  训练 0.01195  验证 pinball 0.01292  分时小区平均 β -0.213  26.7s
2026-10-01 11:30:23,994 INFO 第  27 轮  训练 0.01181  验证 pinball 0.01293  分时小区平均 β -0.213  26.7s
2026-10-01 11:30:50,667 INFO 第  28 轮  训练 0.01183  验证 pinball 0.01263  分时小区平均 β -0.213  26.7s
2026-10-01 11:31:17,289 INFO 第  29 轮  训练 0.01174  验证 pinball 0.01300  分时小区平均 β -0.213  26.6s
2026-10-01 11:31:44,151 INFO 第  30 轮  训练 0.01165  验证 pinball 0.01312  分时小区平均 β -0.213  26.9s
2026-10-01 11:32:10,898 INFO 第  31 轮  训练 0.01160  验证 pinball 0.01275  分时小区平均 β -0.213  26.7s
2026-10-01 11:32:37,568 INFO 第  32 轮  训练 0.01162  验证 pinball 0.01355  分时小区平均 β -0.213  26.7s
2026-10-01 11:33:04,219 INFO 第  33 轮  训练 0.01156  验证 pinball 0.01315  分时小区平均 β -0.213  26.7s
2026-10-01 11:33:30,930 INFO 第  34 轮  训练 0.01148  验证 pinball 0.01294  分时小区平均 β -0.213  26.7s
2026-10-01 11:33:57,635 INFO 第  35 轮  训练 0.01151  验证 pinball 0.01367  分时小区平均 β -0.213  26.7s
2026-10-01 11:34:24,473 INFO 第  36 轮  训练 0.01141  验证 pinball 0.01280  分时小区平均 β -0.213  26.8s
2026-10-01 11:34:51,290 INFO 第  37 轮  训练 0.01143  验证 pinball 0.01288  分时小区平均 β -0.213  26.8s
2026-10-01 11:35:18,035 INFO 第  38 轮  训练 0.01130  验证 pinball 0.01330  分时小区平均 β -0.213  26.7s
2026-10-01 11:35:44,708 INFO 第  39 轮  训练 0.01119  验证 pinball 0.01312  分时小区平均 β -0.213  26.7s
2026-10-01 11:36:11,571 INFO 第  40 轮  训练 0.01122  验证 pinball 0.01314  分时小区平均 β -0.213  26.9s
2026-10-01 11:36:38,203 INFO 第  41 轮  训练 0.01114  验证 pinball 0.01400  分时小区平均 β -0.213  26.6s
2026-10-01 11:37:04,716 INFO 第  42 轮  训练 0.01123  验证 pinball 0.01328  分时小区平均 β -0.213  26.5s
2026-10-01 11:37:31,281 INFO 第  43 轮  训练 0.01114  验证 pinball 0.01395  分时小区平均 β -0.213  26.6s
2026-10-01 11:37:31,282 INFO 验证损失 15 轮未改善，提前停止
2026-10-01 11:37:36,212 INFO 切换点一致性（all）：观测 β -1.180（0.393）  模型 β -0.465（0.221）
2026-10-01 11:37:36,462 INFO 切换点一致性（novel）：观测 β -0.367（0.505）  模型 β -0.078（0.281）
2026-10-01 11:37:54,520 INFO 测试期 MAE 0.0410  WAPE 0.245  CRPS 0.0240  PICP90 原始 0.813 / ACI 0.900；输出 D:\EV充电因果预测sci论文\05_实验结果\runs\abl_A14_nomask_s0
