2026-10-01 19:33:30,025 INFO 运行 ess_rho0.5_A0pooled_s2，设备 cuda，torch 2.11.0+cu128
2026-10-01 19:33:37,932 INFO E-SS 半合成数据：109 个小区（处理组 54），ρ = 0.5，真实弹性 [-0.2, -0.8, -1.5]；锚定 pooled（在合成训练期上重新估计）
2026-10-01 19:33:37,933 INFO 数据：T=4344 N=109 训练/验证/测试起点 3001/409/841；{'train': ('2022-09-01', '2023-01-05'), 'val': ('2023-01-06', '2023-01-23'), 'test': ('2023-01-24', '2023-02-28')}
2026-10-01 19:33:38,084 INFO 模型参数 194,891；锚定方式 cut；锚定来源 ess_pooled
2026-10-01 19:33:51,153 INFO 第   1 轮  训练 0.02336  验证 pinball 0.01824  分时小区平均 β -1.059  9.6s
2026-10-01 19:34:00,007 INFO 第   2 轮  训练 0.01841  验证 pinball 0.01600  分时小区平均 β -1.059  8.8s
2026-10-01 19:34:08,771 INFO 第   3 轮  训练 0.01665  验证 pinball 0.01543  分时小区平均 β -1.059  8.8s
2026-10-01 19:34:17,243 INFO 第   4 轮  训练 0.01542  验证 pinball 0.01499  分时小区平均 β -1.059  8.5s
2026-10-01 19:34:25,880 INFO 第   5 轮  训练 0.01432  验证 pinball 0.01442  分时小区平均 β -1.059  8.6s
2026-10-01 19:34:35,025 INFO 第   6 轮  训练 0.01374  验证 pinball 0.01404  分时小区平均 β -1.059  9.1s
2026-10-01 19:34:43,801 INFO 第   7 轮  训练 0.01329  验证 pinball 0.01373  分时小区平均 β -1.059  8.8s
2026-10-01 19:34:52,637 INFO 第   8 轮  训练 0.01300  验证 pinball 0.01434  分时小区平均 β -1.059  8.8s
2026-10-01 19:35:01,961 INFO 第   9 轮  训练 0.01290  验证 pinball 0.01425  分时小区平均 β -1.059  9.3s
2026-10-01 19:35:10,891 INFO 第  10 轮  训练 0.01266  验证 pinball 0.01449  分时小区平均 β -1.059  8.9s
2026-10-01 19:35:19,425 INFO 第  11 轮  训练 0.01243  验证 pinball 0.01420  分时小区平均 β -1.059  8.5s
2026-10-01 19:35:28,114 INFO 第  12 轮  训练 0.01223  验证 pinball 0.01408  分时小区平均 β -1.059  8.7s
2026-10-01 19:35:37,000 INFO 第  13 轮  训练 0.01219  验证 pinball 0.01453  分时小区平均 β -1.059  8.9s
2026-10-01 19:35:45,665 INFO 第  14 轮  训练 0.01208  验证 pinball 0.01398  分时小区平均 β -1.059  8.7s
2026-10-01 19:35:54,285 INFO 第  15 轮  训练 0.01193  验证 pinball 0.01430  分时小区平均 β -1.059  8.6s
2026-10-01 19:36:03,123 INFO 第  16 轮  训练 0.01180  验证 pinball 0.01496  分时小区平均 β -1.059  8.8s
2026-10-01 19:36:12,284 INFO 第  17 轮  训练 0.01175  验证 pinball 0.01464  分时小区平均 β -1.059  9.2s
2026-10-01 19:36:21,042 INFO 第  18 轮  训练 0.01159  验证 pinball 0.01466  分时小区平均 β -1.059  8.8s
2026-10-01 19:36:29,705 INFO 第  19 轮  训练 0.01143  验证 pinball 0.01480  分时小区平均 β -1.059  8.7s
2026-10-01 19:36:38,300 INFO 第  20 轮  训练 0.01136  验证 pinball 0.01491  分时小区平均 β -1.059  8.6s
2026-10-01 19:36:46,915 INFO 第  21 轮  训练 0.01129  验证 pinball 0.01463  分时小区平均 β -1.059  8.6s
2026-10-01 19:36:55,815 INFO 第  22 轮  训练 0.01119  验证 pinball 0.01491  分时小区平均 β -1.059  8.9s
2026-10-01 19:36:55,815 INFO 验证损失 15 轮未改善，提前停止
2026-10-01 19:37:01,607 INFO E-SS flat：真实隐含弹性 -1.028；模型 -1.052（反事实 MAE 0.0482）；插补 P0 -1.052（0.0482）
2026-10-01 19:37:01,608 INFO E-SS spread1.5：真实隐含弹性 -1.028；模型 -1.051（反事实 MAE 0.0492）；插补 P0 -1.051（0.0492）
2026-10-01 19:37:09,218 INFO 测试期 MAE 0.0473  WAPE 0.249  CRPS 0.0273  PICP90 原始 0.862 / ACI 0.901；输出 D:\EV充电因果预测sci论文\05_实验结果\runs\ess_rho0.5_A0pooled_s2
