2026-09-29 21:30:21,841 INFO 运行 tune_gwn_D32_lr5e-4_do0.1，设备 cuda，torch 2.11.0+cu128
2026-09-29 21:30:22,599 INFO 数据：T=4344 N=275 训练/验证/测试起点 3001/409/841；{'train': ('2022-09-01', '2023-01-05'), 'val': ('2023-01-06', '2023-01-23'), 'test': ('2023-01-24', '2023-02-28')}
2026-09-29 21:30:22,728 INFO 模型参数 198,211；锚定方式 cut；锚定来源 fivemin_main
2026-09-29 21:30:49,975 INFO 第   1 轮  训练 0.02486  验证 pinball 0.01857  分时小区平均 β -0.213  25.6s
2026-09-29 21:31:15,233 INFO 第   2 轮  训练 0.01929  验证 pinball 0.01677  分时小区平均 β -0.213  25.3s
2026-09-29 21:31:40,451 INFO 第   3 轮  训练 0.01826  验证 pinball 0.01623  分时小区平均 β -0.213  25.2s
2026-09-29 21:32:05,814 INFO 第   4 轮  训练 0.01756  验证 pinball 0.01559  分时小区平均 β -0.213  25.3s
2026-09-29 21:32:31,020 INFO 第   5 轮  训练 0.01688  验证 pinball 0.01569  分时小区平均 β -0.213  25.2s
2026-09-29 21:32:56,284 INFO 第   6 轮  训练 0.01596  验证 pinball 0.01454  分时小区平均 β -0.213  25.3s
2026-09-29 21:33:21,565 INFO 第   7 轮  训练 0.01539  验证 pinball 0.01460  分时小区平均 β -0.213  25.3s
2026-09-29 21:33:46,780 INFO 第   8 轮  训练 0.01506  验证 pinball 0.01412  分时小区平均 β -0.213  25.2s
2026-09-29 21:34:12,166 INFO 第   9 轮  训练 0.01461  验证 pinball 0.01463  分时小区平均 β -0.213  25.4s
2026-09-29 21:34:37,326 INFO 第  10 轮  训练 0.01431  验证 pinball 0.01397  分时小区平均 β -0.213  25.2s
2026-09-29 21:35:02,615 INFO 第  11 轮  训练 0.01410  验证 pinball 0.01442  分时小区平均 β -0.213  25.3s
2026-09-29 21:35:27,817 INFO 第  12 轮  训练 0.01396  验证 pinball 0.01380  分时小区平均 β -0.213  25.2s
2026-09-29 21:35:53,836 INFO 第  13 轮  训练 0.01387  验证 pinball 0.01344  分时小区平均 β -0.213  26.0s
2026-09-29 21:36:21,847 INFO 第  14 轮  训练 0.01366  验证 pinball 0.01358  分时小区平均 β -0.213  28.0s
2026-09-29 21:36:49,873 INFO 第  15 轮  训练 0.01359  验证 pinball 0.01344  分时小区平均 β -0.213  28.0s
2026-09-29 21:37:17,540 INFO 第  16 轮  训练 0.01346  验证 pinball 0.01328  分时小区平均 β -0.213  27.7s
2026-09-29 21:37:45,313 INFO 第  17 轮  训练 0.01335  验证 pinball 0.01337  分时小区平均 β -0.213  27.8s
2026-09-29 21:38:13,027 INFO 第  18 轮  训练 0.01323  验证 pinball 0.01319  分时小区平均 β -0.213  27.7s
2026-09-29 21:38:40,728 INFO 第  19 轮  训练 0.01316  验证 pinball 0.01334  分时小区平均 β -0.213  27.7s
2026-09-29 21:39:08,419 INFO 第  20 轮  训练 0.01304  验证 pinball 0.01359  分时小区平均 β -0.213  27.7s
2026-09-29 21:39:36,163 INFO 第  21 轮  训练 0.01302  验证 pinball 0.01320  分时小区平均 β -0.213  27.7s
2026-09-29 21:40:04,061 INFO 第  22 轮  训练 0.01288  验证 pinball 0.01346  分时小区平均 β -0.213  27.9s
2026-09-29 21:40:31,899 INFO 第  23 轮  训练 0.01280  验证 pinball 0.01318  分时小区平均 β -0.213  27.8s
2026-09-29 21:40:59,704 INFO 第  24 轮  训练 0.01276  验证 pinball 0.01302  分时小区平均 β -0.213  27.8s
2026-09-29 21:41:27,459 INFO 第  25 轮  训练 0.01268  验证 pinball 0.01346  分时小区平均 β -0.213  27.7s
2026-09-29 21:41:55,171 INFO 第  26 轮  训练 0.01263  验证 pinball 0.01298  分时小区平均 β -0.213  27.7s
2026-09-29 21:42:22,869 INFO 第  27 轮  训练 0.01262  验证 pinball 0.01330  分时小区平均 β -0.213  27.7s
2026-09-29 21:42:50,714 INFO 第  28 轮  训练 0.01249  验证 pinball 0.01284  分时小区平均 β -0.213  27.8s
2026-09-29 21:43:18,459 INFO 第  29 轮  训练 0.01250  验证 pinball 0.01316  分时小区平均 β -0.213  27.7s
2026-09-29 21:43:44,920 INFO 第  30 轮  训练 0.01242  验证 pinball 0.01291  分时小区平均 β -0.213  26.5s
2026-09-29 21:44:10,119 INFO 第  31 轮  训练 0.01237  验证 pinball 0.01335  分时小区平均 β -0.213  25.2s
2026-09-29 21:44:35,296 INFO 第  32 轮  训练 0.01235  验证 pinball 0.01318  分时小区平均 β -0.213  25.2s
2026-09-29 21:45:00,518 INFO 第  33 轮  训练 0.01228  验证 pinball 0.01336  分时小区平均 β -0.213  25.2s
2026-09-29 21:45:25,708 INFO 第  34 轮  训练 0.01220  验证 pinball 0.01288  分时小区平均 β -0.213  25.2s
2026-09-29 21:45:50,970 INFO 第  35 轮  训练 0.01220  验证 pinball 0.01332  分时小区平均 β -0.213  25.3s
2026-09-29 21:46:16,166 INFO 第  36 轮  训练 0.01213  验证 pinball 0.01304  分时小区平均 β -0.213  25.2s
2026-09-29 21:46:41,429 INFO 第  37 轮  训练 0.01212  验证 pinball 0.01324  分时小区平均 β -0.213  25.3s
2026-09-29 21:47:06,605 INFO 第  38 轮  训练 0.01205  验证 pinball 0.01305  分时小区平均 β -0.213  25.2s
2026-09-29 21:47:31,851 INFO 第  39 轮  训练 0.01203  验证 pinball 0.01310  分时小区平均 β -0.213  25.2s
2026-09-29 21:47:57,036 INFO 第  40 轮  训练 0.01203  验证 pinball 0.01315  分时小区平均 β -0.213  25.2s
2026-09-29 21:48:22,280 INFO 第  41 轮  训练 0.01196  验证 pinball 0.01381  分时小区平均 β -0.213  25.2s
2026-09-29 21:48:47,538 INFO 第  42 轮  训练 0.01200  验证 pinball 0.01302  分时小区平均 β -0.213  25.3s
2026-09-29 21:49:12,839 INFO 第  43 轮  训练 0.01195  验证 pinball 0.01311  分时小区平均 β -0.213  25.3s
2026-09-29 21:49:12,840 INFO 验证损失 15 轮未改善，提前停止
2026-09-29 21:49:25,654 INFO 测试期 MAE 0.0442  WAPE 0.226  CRPS 0.0257  PICP90 原始 0.842 / ACI 0.901；输出 D:\EV充电因果预测sci论文\05_实验结果\runs\tune_gwn_D32_lr5e-4_do0.1
