2026-10-01 00:00:46,822 INFO 运行 base_stgcn_s0，基线 stgcn，设备 cuda，torch 2.11.0+cu128
2026-10-01 00:00:47,775 INFO 数据：T=4344 N=275 目标 utilization 训练/验证/测试起点 3001/409/841
2026-10-01 00:00:47,937 INFO 模型参数 300,999；价格输入 none；损失 pinball（分位数）
2026-10-01 00:01:02,843 INFO 训练 第   1 轮  训练 0.02290  验证 0.01797  11.9s
2026-10-01 00:01:13,884 INFO 训练 第   2 轮  训练 0.01889  验证 0.01759  11.0s
2026-10-01 00:01:25,033 INFO 训练 第   3 轮  训练 0.01801  验证 0.01626  11.1s
2026-10-01 00:01:36,151 INFO 训练 第   4 轮  训练 0.01708  验证 0.01594  11.1s
2026-10-01 00:01:47,359 INFO 训练 第   5 轮  训练 0.01644  验证 0.01591  11.2s
2026-10-01 00:01:58,565 INFO 训练 第   6 轮  训练 0.01584  验证 0.01532  11.2s
2026-10-01 00:02:09,799 INFO 训练 第   7 轮  训练 0.01534  验证 0.01529  11.2s
2026-10-01 00:02:20,964 INFO 训练 第   8 轮  训练 0.01471  验证 0.01503  11.2s
2026-10-01 00:02:32,194 INFO 训练 第   9 轮  训练 0.01422  验证 0.01509  11.2s
2026-10-01 00:02:43,425 INFO 训练 第  10 轮  训练 0.01389  验证 0.01507  11.2s
2026-10-01 00:02:54,494 INFO 训练 第  11 轮  训练 0.01363  验证 0.01504  11.1s
2026-10-01 00:03:05,735 INFO 训练 第  12 轮  训练 0.01350  验证 0.01509  11.2s
2026-10-01 00:03:16,957 INFO 训练 第  13 轮  训练 0.01330  验证 0.01523  11.2s
2026-10-01 00:03:28,230 INFO 训练 第  14 轮  训练 0.01317  验证 0.01532  11.3s
2026-10-01 00:03:39,443 INFO 训练 第  15 轮  训练 0.01301  验证 0.01514  11.2s
2026-10-01 00:03:50,593 INFO 训练 第  16 轮  训练 0.01285  验证 0.01538  11.1s
2026-10-01 00:04:01,709 INFO 训练 第  17 轮  训练 0.01271  验证 0.01544  11.1s
2026-10-01 00:04:12,862 INFO 训练 第  18 轮  训练 0.01258  验证 0.01541  11.2s
2026-10-01 00:04:24,055 INFO 训练 第  19 轮  训练 0.01242  验证 0.01547  11.2s
2026-10-01 00:04:35,119 INFO 训练 第  20 轮  训练 0.01232  验证 0.01545  11.1s
2026-10-01 00:04:46,282 INFO 训练 第  21 轮  训练 0.01217  验证 0.01552  11.2s
2026-10-01 00:04:57,412 INFO 训练 第  22 轮  训练 0.01204  验证 0.01566  11.1s
2026-10-01 00:05:08,701 INFO 训练 第  23 轮  训练 0.01204  验证 0.01564  11.3s
2026-10-01 00:05:08,701 INFO 验证损失 15 轮未改善，提前停止
2026-10-01 00:05:11,170 INFO 切换点一致性（all）：观测 β -1.180（0.393）  模型 β -0.185（0.157）
2026-10-01 00:05:11,439 INFO 切换点一致性（novel）：观测 β -0.367（0.505）  模型 β -0.110（0.172）
2026-10-01 00:05:28,241 INFO 测试期 MAE 0.0512  WAPE 0.262  CRPS 0.0296  PICP90 原始 0.874 / ACI 0.905；输出 D:\EV充电因果预测sci论文\05_实验结果\runs\base_stgcn_s0
