2026-09-29 22:48:15,776 INFO 运行 tune_gwn_D32_lr2e-3_do0.1，设备 cuda，torch 2.11.0+cu128
2026-09-29 22:48:17,028 INFO 数据：T=4344 N=275 训练/验证/测试起点 3001/409/841；{'train': ('2022-09-01', '2023-01-05'), 'val': ('2023-01-06', '2023-01-23'), 'test': ('2023-01-24', '2023-02-28')}
2026-09-29 22:48:17,161 INFO 模型参数 198,211；锚定方式 cut；锚定来源 fivemin_main
2026-09-29 22:48:50,518 INFO 第   1 轮  训练 0.02169  验证 pinball 0.01648  分时小区平均 β -0.213  28.5s
2026-09-29 22:49:18,115 INFO 第   2 轮  训练 0.01734  验证 pinball 0.01661  分时小区平均 β -0.213  27.6s
2026-09-29 22:49:45,808 INFO 第   3 轮  训练 0.01548  验证 pinball 0.01432  分时小区平均 β -0.213  27.7s
2026-09-29 22:50:13,559 INFO 第   4 轮  训练 0.01454  验证 pinball 0.01377  分时小区平均 β -0.213  27.7s
2026-09-29 22:50:41,077 INFO 第   5 轮  训练 0.01395  验证 pinball 0.01400  分时小区平均 β -0.213  27.5s
2026-09-29 22:51:08,797 INFO 第   6 轮  训练 0.01344  验证 pinball 0.01334  分时小区平均 β -0.213  27.7s
2026-09-29 22:51:36,631 INFO 第   7 轮  训练 0.01332  验证 pinball 0.01347  分时小区平均 β -0.213  27.8s
2026-09-29 22:52:04,467 INFO 第   8 轮  训练 0.01313  验证 pinball 0.01311  分时小区平均 β -0.213  27.8s
2026-09-29 22:52:32,199 INFO 第   9 轮  训练 0.01281  验证 pinball 0.01299  分时小区平均 β -0.213  27.7s
2026-09-29 22:52:59,932 INFO 第  10 轮  训练 0.01264  验证 pinball 0.01379  分时小区平均 β -0.213  27.7s
2026-09-29 22:53:27,645 INFO 第  11 轮  训练 0.01258  验证 pinball 0.01369  分时小区平均 β -0.213  27.7s
2026-09-29 22:53:55,274 INFO 第  12 轮  训练 0.01241  验证 pinball 0.01333  分时小区平均 β -0.213  27.6s
2026-09-29 22:54:22,905 INFO 第  13 轮  训练 0.01229  验证 pinball 0.01335  分时小区平均 β -0.213  27.6s
2026-09-29 22:54:50,620 INFO 第  14 轮  训练 0.01220  验证 pinball 0.01336  分时小区平均 β -0.213  27.7s
2026-09-29 22:55:18,357 INFO 第  15 轮  训练 0.01204  验证 pinball 0.01301  分时小区平均 β -0.213  27.7s
2026-09-29 22:55:46,138 INFO 第  16 轮  训练 0.01186  验证 pinball 0.01314  分时小区平均 β -0.213  27.8s
2026-09-29 22:56:14,075 INFO 第  17 轮  训练 0.01183  验证 pinball 0.01320  分时小区平均 β -0.213  27.9s
2026-09-29 22:56:41,859 INFO 第  18 轮  训练 0.01172  验证 pinball 0.01382  分时小区平均 β -0.213  27.8s
2026-09-29 22:57:09,673 INFO 第  19 轮  训练 0.01161  验证 pinball 0.01332  分时小区平均 β -0.213  27.8s
2026-09-29 22:57:37,443 INFO 第  20 轮  训练 0.01148  验证 pinball 0.01360  分时小区平均 β -0.213  27.8s
2026-09-29 22:58:05,154 INFO 第  21 轮  训练 0.01148  验证 pinball 0.01380  分时小区平均 β -0.213  27.7s
2026-09-29 22:58:32,973 INFO 第  22 轮  训练 0.01137  验证 pinball 0.01344  分时小区平均 β -0.213  27.8s
2026-09-29 22:59:00,757 INFO 第  23 轮  训练 0.01128  验证 pinball 0.01384  分时小区平均 β -0.213  27.8s
2026-09-29 22:59:28,685 INFO 第  24 轮  训练 0.01127  验证 pinball 0.01375  分时小区平均 β -0.213  27.9s
2026-09-29 22:59:28,685 INFO 验证损失 15 轮未改善，提前停止
2026-09-29 22:59:51,780 INFO 测试期 MAE 0.0453  WAPE 0.232  CRPS 0.0261  PICP90 原始 0.863 / ACI 0.901；输出 D:\EV充电因果预测sci论文\05_实验结果\runs\tune_gwn_D32_lr2e-3_do0.1
