2026-10-02 03:02:19,024 INFO 运行 sens_lag_s0，设备 cuda，torch 2.11.0+cu128
2026-10-02 03:02:20,267 INFO 数据：T=4344 N=275 训练/验证/测试起点 3001/409/841；{'train': ('2022-09-01', '2023-01-05'), 'val': ('2023-01-06', '2023-01-23'), 'test': ('2023-01-24', '2023-02-28')}
2026-10-02 03:02:20,431 INFO 模型参数 198,211；锚定方式 cut；锚定来源 fivemin_main_lag60
2026-10-02 03:02:51,438 INFO 第   1 轮  训练 0.02300  验证 pinball 0.01697  分时小区平均 β -0.359  27.6s
2026-10-02 03:03:18,244 INFO 第   2 轮  训练 0.01836  验证 pinball 0.01701  分时小区平均 β -0.359  26.8s
2026-10-02 03:03:45,218 INFO 第   3 轮  训练 0.01712  验证 pinball 0.01531  分时小区平均 β -0.359  27.0s
2026-10-02 03:04:12,146 INFO 第   4 轮  训练 0.01591  验证 pinball 0.01453  分时小区平均 β -0.359  26.9s
2026-10-02 03:04:38,828 INFO 第   5 轮  训练 0.01497  验证 pinball 0.01437  分时小区平均 β -0.359  26.7s
2026-10-02 03:05:05,700 INFO 第   6 轮  训练 0.01439  验证 pinball 0.01380  分时小区平均 β -0.359  26.9s
2026-10-02 03:05:32,561 INFO 第   7 轮  训练 0.01404  验证 pinball 0.01392  分时小区平均 β -0.359  26.9s
2026-10-02 03:05:59,336 INFO 第   8 轮  训练 0.01386  验证 pinball 0.01393  分时小区平均 β -0.359  26.8s
2026-10-02 03:06:26,163 INFO 第   9 轮  训练 0.01356  验证 pinball 0.01442  分时小区平均 β -0.359  26.8s
2026-10-02 03:06:53,005 INFO 第  10 轮  训练 0.01339  验证 pinball 0.01369  分时小区平均 β -0.359  26.8s
2026-10-02 03:07:19,895 INFO 第  11 轮  训练 0.01329  验证 pinball 0.01321  分时小区平均 β -0.359  26.9s
2026-10-02 03:07:46,956 INFO 第  12 轮  训练 0.01307  验证 pinball 0.01299  分时小区平均 β -0.359  27.1s
2026-10-02 03:08:13,973 INFO 第  13 轮  训练 0.01296  验证 pinball 0.01320  分时小区平均 β -0.359  27.0s
2026-10-02 03:08:40,861 INFO 第  14 轮  训练 0.01288  验证 pinball 0.01319  分时小区平均 β -0.359  26.9s
2026-10-02 03:09:07,671 INFO 第  15 轮  训练 0.01276  验证 pinball 0.01296  分时小区平均 β -0.359  26.8s
2026-10-02 03:09:34,333 INFO 第  16 轮  训练 0.01258  验证 pinball 0.01290  分时小区平均 β -0.359  26.7s
2026-10-02 03:10:01,325 INFO 第  17 轮  训练 0.01254  验证 pinball 0.01297  分时小区平均 β -0.359  27.0s
2026-10-02 03:10:28,176 INFO 第  18 轮  训练 0.01240  验证 pinball 0.01309  分时小区平均 β -0.359  26.8s
2026-10-02 03:10:55,095 INFO 第  19 轮  训练 0.01232  验证 pinball 0.01300  分时小区平均 β -0.359  26.9s
2026-10-02 03:11:22,027 INFO 第  20 轮  训练 0.01225  验证 pinball 0.01289  分时小区平均 β -0.359  26.9s
2026-10-02 03:11:48,778 INFO 第  21 轮  训练 0.01221  验证 pinball 0.01301  分时小区平均 β -0.359  26.7s
2026-10-02 03:12:15,697 INFO 第  22 轮  训练 0.01211  验证 pinball 0.01302  分时小区平均 β -0.359  26.9s
2026-10-02 03:12:42,463 INFO 第  23 轮  训练 0.01204  验证 pinball 0.01282  分时小区平均 β -0.359  26.8s
2026-10-02 03:13:09,188 INFO 第  24 轮  训练 0.01205  验证 pinball 0.01295  分时小区平均 β -0.359  26.7s
2026-10-02 03:13:36,185 INFO 第  25 轮  训练 0.01192  验证 pinball 0.01333  分时小区平均 β -0.359  27.0s
2026-10-02 03:14:02,923 INFO 第  26 轮  训练 0.01187  验证 pinball 0.01310  分时小区平均 β -0.359  26.7s
2026-10-02 03:14:29,971 INFO 第  27 轮  训练 0.01188  验证 pinball 0.01289  分时小区平均 β -0.359  27.0s
2026-10-02 03:14:56,887 INFO 第  28 轮  训练 0.01180  验证 pinball 0.01277  分时小区平均 β -0.359  26.9s
2026-10-02 03:15:23,928 INFO 第  29 轮  训练 0.01172  验证 pinball 0.01288  分时小区平均 β -0.359  27.0s
2026-10-02 03:15:50,871 INFO 第  30 轮  训练 0.01168  验证 pinball 0.01322  分时小区平均 β -0.359  26.9s
2026-10-02 03:16:17,743 INFO 第  31 轮  训练 0.01163  验证 pinball 0.01337  分时小区平均 β -0.359  26.9s
2026-10-02 03:16:44,642 INFO 第  32 轮  训练 0.01162  验证 pinball 0.01329  分时小区平均 β -0.359  26.9s
2026-10-02 03:17:11,439 INFO 第  33 轮  训练 0.01158  验证 pinball 0.01332  分时小区平均 β -0.359  26.8s
2026-10-02 03:17:38,297 INFO 第  34 轮  训练 0.01148  验证 pinball 0.01312  分时小区平均 β -0.359  26.9s
2026-10-02 03:18:05,245 INFO 第  35 轮  训练 0.01146  验证 pinball 0.01351  分时小区平均 β -0.359  26.9s
2026-10-02 03:18:31,989 INFO 第  36 轮  训练 0.01141  验证 pinball 0.01312  分时小区平均 β -0.359  26.7s
2026-10-02 03:18:59,002 INFO 第  37 轮  训练 0.01142  验证 pinball 0.01331  分时小区平均 β -0.359  27.0s
2026-10-02 03:19:25,830 INFO 第  38 轮  训练 0.01130  验证 pinball 0.01349  分时小区平均 β -0.359  26.8s
2026-10-02 03:19:52,790 INFO 第  39 轮  训练 0.01125  验证 pinball 0.01334  分时小区平均 β -0.359  27.0s
2026-10-02 03:20:19,697 INFO 第  40 轮  训练 0.01126  验证 pinball 0.01328  分时小区平均 β -0.359  26.9s
2026-10-02 03:20:46,632 INFO 第  41 轮  训练 0.01124  验证 pinball 0.01399  分时小区平均 β -0.359  26.9s
2026-10-02 03:21:13,335 INFO 第  42 轮  训练 0.01117  验证 pinball 0.01355  分时小区平均 β -0.359  26.7s
2026-10-02 03:21:40,248 INFO 第  43 轮  训练 0.01112  验证 pinball 0.01334  分时小区平均 β -0.359  26.9s
2026-10-02 03:21:40,248 INFO 验证损失 15 轮未改善，提前停止
2026-10-02 03:21:45,196 INFO 切换点一致性（all）：观测 β -1.180（0.393）  模型 β -0.510（0.203）
2026-10-02 03:21:45,476 INFO 切换点一致性（novel）：观测 β -0.367（0.505）  模型 β -0.253（0.254）
2026-10-02 03:22:02,786 INFO 测试期 MAE 0.0449  WAPE 0.230  CRPS 0.0263  PICP90 原始 0.812 / ACI 0.901；输出 D:\EV充电因果预测sci论文\05_实验结果\runs\sens_lag_s0
