2026-10-01 17:56:03,023 INFO 运行 abl_A13_soft1_s2，设备 cuda，torch 2.11.0+cu128
2026-10-01 17:56:04,189 INFO 数据：T=4344 N=275 训练/验证/测试起点 3001/409/841；{'train': ('2022-09-01', '2023-01-05'), 'val': ('2023-01-06', '2023-01-23'), 'test': ('2023-01-24', '2023-02-28')}
2026-10-01 17:56:04,344 INFO 模型参数 199,326；锚定方式 soft；锚定来源 fivemin_main
2026-10-01 17:56:35,478 INFO 第   1 轮  训练 0.02312  验证 pinball 0.01823  分时小区平均 β -0.213  28.1s
2026-10-01 17:57:02,981 INFO 第   2 轮  训练 0.01843  验证 pinball 0.01581  分时小区平均 β -0.213  27.5s
2026-10-01 17:57:30,465 INFO 第   3 轮  训练 0.01689  验证 pinball 0.01476  分时小区平均 β -0.213  27.5s
2026-10-01 17:57:58,183 INFO 第   4 轮  训练 0.01553  验证 pinball 0.01443  分时小区平均 β -0.213  27.7s
2026-10-01 17:58:25,763 INFO 第   5 轮  训练 0.01478  验证 pinball 0.01439  分时小区平均 β -0.213  27.6s
2026-10-01 17:58:53,401 INFO 第   6 轮  训练 0.01440  验证 pinball 0.01393  分时小区平均 β -0.213  27.6s
2026-10-01 17:59:20,628 INFO 第   7 轮  训练 0.01405  验证 pinball 0.01374  分时小区平均 β -0.213  27.2s
2026-10-01 17:59:48,033 INFO 第   8 轮  训练 0.01376  验证 pinball 0.01368  分时小区平均 β -0.213  27.4s
2026-10-01 18:00:15,553 INFO 第   9 轮  训练 0.01355  验证 pinball 0.01347  分时小区平均 β -0.213  27.5s
2026-10-01 18:00:42,918 INFO 第  10 轮  训练 0.01342  验证 pinball 0.01358  分时小区平均 β -0.213  27.4s
2026-10-01 18:01:10,543 INFO 第  11 轮  训练 0.01323  验证 pinball 0.01363  分时小区平均 β -0.213  27.6s
2026-10-01 18:01:38,081 INFO 第  12 轮  训练 0.01302  验证 pinball 0.01316  分时小区平均 β -0.213  27.5s
2026-10-01 18:02:05,619 INFO 第  13 轮  训练 0.01299  验证 pinball 0.01364  分时小区平均 β -0.213  27.5s
2026-10-01 18:02:33,438 INFO 第  14 轮  训练 0.01285  验证 pinball 0.01379  分时小区平均 β -0.213  27.8s
2026-10-01 18:03:00,947 INFO 第  15 轮  训练 0.01271  验证 pinball 0.01314  分时小区平均 β -0.213  27.5s
2026-10-01 18:03:28,496 INFO 第  16 轮  训练 0.01261  验证 pinball 0.01412  分时小区平均 β -0.213  27.5s
2026-10-01 18:03:56,160 INFO 第  17 轮  训练 0.01259  验证 pinball 0.01315  分时小区平均 β -0.213  27.7s
2026-10-01 18:04:23,728 INFO 第  18 轮  训练 0.01244  验证 pinball 0.01316  分时小区平均 β -0.213  27.6s
2026-10-01 18:04:51,291 INFO 第  19 轮  训练 0.01230  验证 pinball 0.01349  分时小区平均 β -0.213  27.6s
2026-10-01 18:05:18,980 INFO 第  20 轮  训练 0.01225  验证 pinball 0.01375  分时小区平均 β -0.213  27.7s
2026-10-01 18:05:46,252 INFO 第  21 轮  训练 0.01216  验证 pinball 0.01387  分时小区平均 β -0.213  27.3s
2026-10-01 18:06:13,735 INFO 第  22 轮  训练 0.01213  验证 pinball 0.01335  分时小区平均 β -0.213  27.5s
2026-10-01 18:06:41,026 INFO 第  23 轮  训练 0.01203  验证 pinball 0.01373  分时小区平均 β -0.213  27.3s
2026-10-01 18:07:08,497 INFO 第  24 轮  训练 0.01192  验证 pinball 0.01326  分时小区平均 β -0.213  27.5s
2026-10-01 18:07:35,990 INFO 第  25 轮  训练 0.01187  验证 pinball 0.01329  分时小区平均 β -0.213  27.5s
2026-10-01 18:08:03,711 INFO 第  26 轮  训练 0.01188  验证 pinball 0.01364  分时小区平均 β -0.213  27.7s
2026-10-01 18:08:31,254 INFO 第  27 轮  训练 0.01174  验证 pinball 0.01372  分时小区平均 β -0.213  27.5s
2026-10-01 18:08:58,836 INFO 第  28 轮  训练 0.01171  验证 pinball 0.01360  分时小区平均 β -0.213  27.6s
2026-10-01 18:09:26,318 INFO 第  29 轮  训练 0.01171  验证 pinball 0.01355  分时小区平均 β -0.213  27.5s
2026-10-01 18:09:53,811 INFO 第  30 轮  训练 0.01156  验证 pinball 0.01474  分时小区平均 β -0.213  27.5s
2026-10-01 18:09:53,811 INFO 验证损失 15 轮未改善，提前停止
2026-10-01 18:09:58,605 INFO 切换点一致性（all）：观测 β -1.180（0.393）  模型 β -0.577（0.173）
2026-10-01 18:09:58,828 INFO 切换点一致性（novel）：观测 β -0.367（0.505）  模型 β -0.250（0.181）
2026-10-01 18:10:15,159 INFO 测试期 MAE 0.0444  WAPE 0.227  CRPS 0.0256  PICP90 原始 0.856 / ACI 0.902；输出 D:\EV充电因果预测sci论文\05_实验结果\runs\abl_A13_soft1_s2
