2026-10-01 18:57:10,822 INFO 运行 ess_rho0.5_A5blind_s0，设备 cuda，torch 2.11.0+cu128
2026-10-01 18:57:19,534 INFO E-SS 半合成数据：109 个小区（处理组 54），ρ = 0.5，真实弹性 [-0.2, -0.8, -1.5]；锚定 cells（在合成训练期上重新估计）
2026-10-01 18:57:19,535 INFO 数据：T=4344 N=109 训练/验证/测试起点 3001/409/841；{'train': ('2022-09-01', '2023-01-05'), 'val': ('2023-01-06', '2023-01-23'), 'test': ('2023-01-24', '2023-02-28')}
2026-10-01 18:57:19,656 INFO 模型参数 194,891；锚定方式 cut；锚定来源 ess_cells
2026-10-01 18:57:32,714 INFO 第   1 轮  训练 0.02335  验证 pinball 0.01825  分时小区平均 β +nan  9.6s
2026-10-01 18:57:41,268 INFO 第   2 轮  训练 0.01840  验证 pinball 0.01685  分时小区平均 β +nan  8.5s
2026-10-01 18:57:50,036 INFO 第   3 轮  训练 0.01676  验证 pinball 0.01540  分时小区平均 β +nan  8.8s
2026-10-01 18:57:59,036 INFO 第   4 轮  训练 0.01543  验证 pinball 0.01478  分时小区平均 β +nan  9.0s
2026-10-01 18:58:07,849 INFO 第   5 轮  训练 0.01435  验证 pinball 0.01465  分时小区平均 β +nan  8.8s
2026-10-01 18:58:16,779 INFO 第   6 轮  训练 0.01370  验证 pinball 0.01450  分时小区平均 β +nan  8.9s
2026-10-01 18:58:25,892 INFO 第   7 轮  训练 0.01343  验证 pinball 0.01459  分时小区平均 β +nan  9.1s
2026-10-01 18:58:34,506 INFO 第   8 轮  训练 0.01315  验证 pinball 0.01414  分时小区平均 β +nan  8.6s
2026-10-01 18:58:43,379 INFO 第   9 轮  训练 0.01293  验证 pinball 0.01483  分时小区平均 β +nan  8.9s
2026-10-01 18:58:52,343 INFO 第  10 轮  训练 0.01278  验证 pinball 0.01411  分时小区平均 β +nan  9.0s
2026-10-01 18:59:01,847 INFO 第  11 轮  训练 0.01261  验证 pinball 0.01502  分时小区平均 β +nan  9.5s
2026-10-01 18:59:10,671 INFO 第  12 轮  训练 0.01246  验证 pinball 0.01424  分时小区平均 β +nan  8.8s
2026-10-01 18:59:19,360 INFO 第  13 轮  训练 0.01232  验证 pinball 0.01462  分时小区平均 β +nan  8.7s
2026-10-01 18:59:28,068 INFO 第  14 轮  训练 0.01226  验证 pinball 0.01447  分时小区平均 β +nan  8.7s
2026-10-01 18:59:37,115 INFO 第  15 轮  训练 0.01205  验证 pinball 0.01416  分时小区平均 β +nan  9.0s
2026-10-01 18:59:46,488 INFO 第  16 轮  训练 0.01205  验证 pinball 0.01433  分时小区平均 β +nan  9.4s
2026-10-01 18:59:55,170 INFO 第  17 轮  训练 0.01192  验证 pinball 0.01464  分时小区平均 β +nan  8.7s
2026-10-01 19:00:03,940 INFO 第  18 轮  训练 0.01175  验证 pinball 0.01482  分时小区平均 β +nan  8.8s
2026-10-01 19:00:12,536 INFO 第  19 轮  训练 0.01165  验证 pinball 0.01484  分时小区平均 β +nan  8.6s
2026-10-01 19:00:21,308 INFO 第  20 轮  训练 0.01160  验证 pinball 0.01535  分时小区平均 β +nan  8.8s
2026-10-01 19:00:30,312 INFO 第  21 轮  训练 0.01150  验证 pinball 0.01497  分时小区平均 β +nan  9.0s
2026-10-01 19:00:38,968 INFO 第  22 轮  训练 0.01139  验证 pinball 0.01526  分时小区平均 β +nan  8.7s
2026-10-01 19:00:47,743 INFO 第  23 轮  训练 0.01128  验证 pinball 0.01538  分时小区平均 β +nan  8.8s
2026-10-01 19:00:57,005 INFO 第  24 轮  训练 0.01119  验证 pinball 0.01599  分时小区平均 β +nan  9.3s
2026-10-01 19:01:05,893 INFO 第  25 轮  训练 0.01111  验证 pinball 0.01589  分时小区平均 β +nan  8.9s
2026-10-01 19:01:05,893 INFO 验证损失 15 轮未改善，提前停止
2026-10-01 19:01:11,628 INFO E-SS flat：真实隐含弹性 -1.101；模型 +0.000（反事实 MAE 0.0457）；插补 P0 -1.319（0.0465）
2026-10-01 19:01:11,629 INFO E-SS spread1.5：真实隐含弹性 -1.100；模型 +0.000（反事实 MAE 0.0476）；插补 P0 -1.318（0.0463）
2026-10-01 19:01:19,500 INFO 测试期 MAE 0.0476  WAPE 0.251  CRPS 0.0274  PICP90 原始 0.848 / ACI 0.903；输出 D:\EV充电因果预测sci论文\05_实验结果\runs\ess_rho0.5_A5blind_s0
