2026-10-01 08:55:21,431 INFO 运行 abl_A5_noprice_s0，设备 cuda，torch 2.11.0+cu128
2026-10-01 08:55:22,679 INFO 数据：T=4344 N=275 训练/验证/测试起点 3001/409/841；{'train': ('2022-09-01', '2023-01-05'), 'val': ('2023-01-06', '2023-01-23'), 'test': ('2023-01-24', '2023-02-28')}
2026-10-01 08:55:22,813 INFO 模型参数 198,211；锚定方式 cut；锚定来源 fivemin_main
2026-10-01 08:55:53,808 INFO 第   1 轮  训练 0.02306  验证 pinball 0.01701  分时小区平均 β +nan  27.4s
2026-10-01 08:56:20,562 INFO 第   2 轮  训练 0.01836  验证 pinball 0.01607  分时小区平均 β +nan  26.7s
2026-10-01 08:56:47,157 INFO 第   3 轮  训练 0.01704  验证 pinball 0.01524  分时小区平均 β +nan  26.6s
2026-10-01 08:57:13,917 INFO 第   4 轮  训练 0.01576  验证 pinball 0.01431  分时小区平均 β +nan  26.8s
2026-10-01 08:57:40,643 INFO 第   5 轮  训练 0.01493  验证 pinball 0.01442  分时小区平均 β +nan  26.7s
2026-10-01 08:58:07,466 INFO 第   6 轮  训练 0.01433  验证 pinball 0.01411  分时小区平均 β +nan  26.8s
2026-10-01 08:58:34,232 INFO 第   7 轮  训练 0.01404  验证 pinball 0.01382  分时小区平均 β +nan  26.8s
2026-10-01 08:59:01,222 INFO 第   8 轮  训练 0.01384  验证 pinball 0.01363  分时小区平均 β +nan  27.0s
2026-10-01 08:59:28,006 INFO 第   9 轮  训练 0.01355  验证 pinball 0.01469  分时小区平均 β +nan  26.8s
2026-10-01 08:59:54,748 INFO 第  10 轮  训练 0.01340  验证 pinball 0.01364  分时小区平均 β +nan  26.7s
2026-10-01 09:00:21,424 INFO 第  11 轮  训练 0.01328  验证 pinball 0.01318  分时小区平均 β +nan  26.7s
2026-10-01 09:00:48,200 INFO 第  12 轮  训练 0.01306  验证 pinball 0.01298  分时小区平均 β +nan  26.8s
2026-10-01 09:01:14,970 INFO 第  13 轮  训练 0.01296  验证 pinball 0.01324  分时小区平均 β +nan  26.8s
2026-10-01 09:01:41,578 INFO 第  14 轮  训练 0.01289  验证 pinball 0.01325  分时小区平均 β +nan  26.6s
2026-10-01 09:02:08,308 INFO 第  15 轮  训练 0.01276  验证 pinball 0.01299  分时小区平均 β +nan  26.7s
2026-10-01 09:02:35,091 INFO 第  16 轮  训练 0.01258  验证 pinball 0.01289  分时小区平均 β +nan  26.8s
2026-10-01 09:03:01,866 INFO 第  17 轮  训练 0.01254  验证 pinball 0.01306  分时小区平均 β +nan  26.8s
2026-10-01 09:03:28,651 INFO 第  18 轮  训练 0.01239  验证 pinball 0.01313  分时小区平均 β +nan  26.8s
2026-10-01 09:03:55,387 INFO 第  19 轮  训练 0.01231  验证 pinball 0.01300  分时小区平均 β +nan  26.7s
2026-10-01 09:04:22,136 INFO 第  20 轮  训练 0.01223  验证 pinball 0.01298  分时小区平均 β +nan  26.7s
2026-10-01 09:04:48,936 INFO 第  21 轮  训练 0.01221  验证 pinball 0.01304  分时小区平均 β +nan  26.8s
2026-10-01 09:05:15,604 INFO 第  22 轮  训练 0.01209  验证 pinball 0.01310  分时小区平均 β +nan  26.7s
2026-10-01 09:05:42,475 INFO 第  23 轮  训练 0.01203  验证 pinball 0.01289  分时小区平均 β +nan  26.9s
2026-10-01 09:06:09,183 INFO 第  24 轮  训练 0.01203  验证 pinball 0.01305  分时小区平均 β +nan  26.7s
2026-10-01 09:06:35,977 INFO 第  25 轮  训练 0.01191  验证 pinball 0.01334  分时小区平均 β +nan  26.8s
2026-10-01 09:07:02,897 INFO 第  26 轮  训练 0.01187  验证 pinball 0.01323  分时小区平均 β +nan  26.9s
2026-10-01 09:07:29,727 INFO 第  27 轮  训练 0.01188  验证 pinball 0.01300  分时小区平均 β +nan  26.8s
2026-10-01 09:07:56,528 INFO 第  28 轮  训练 0.01178  验证 pinball 0.01276  分时小区平均 β +nan  26.8s
2026-10-01 09:08:23,388 INFO 第  29 轮  训练 0.01170  验证 pinball 0.01300  分时小区平均 β +nan  26.8s
2026-10-01 09:08:50,204 INFO 第  30 轮  训练 0.01166  验证 pinball 0.01327  分时小区平均 β +nan  26.8s
2026-10-01 09:09:16,993 INFO 第  31 轮  训练 0.01163  验证 pinball 0.01340  分时小区平均 β +nan  26.8s
2026-10-01 09:09:43,652 INFO 第  32 轮  训练 0.01163  验证 pinball 0.01349  分时小区平均 β +nan  26.7s
2026-10-01 09:10:10,411 INFO 第  33 轮  训练 0.01158  验证 pinball 0.01347  分时小区平均 β +nan  26.8s
2026-10-01 09:10:37,151 INFO 第  34 轮  训练 0.01148  验证 pinball 0.01323  分时小区平均 β +nan  26.7s
2026-10-01 09:11:03,867 INFO 第  35 轮  训练 0.01146  验证 pinball 0.01386  分时小区平均 β +nan  26.7s
2026-10-01 09:11:30,595 INFO 第  36 轮  训练 0.01142  验证 pinball 0.01320  分时小区平均 β +nan  26.7s
2026-10-01 09:11:57,232 INFO 第  37 轮  训练 0.01142  验证 pinball 0.01344  分时小区平均 β +nan  26.6s
2026-10-01 09:12:23,879 INFO 第  38 轮  训练 0.01131  验证 pinball 0.01365  分时小区平均 β +nan  26.6s
2026-10-01 09:12:50,419 INFO 第  39 轮  训练 0.01125  验证 pinball 0.01333  分时小区平均 β +nan  26.5s
2026-10-01 09:13:17,232 INFO 第  40 轮  训练 0.01128  验证 pinball 0.01330  分时小区平均 β +nan  26.8s
2026-10-01 09:13:43,915 INFO 第  41 轮  训练 0.01131  验证 pinball 0.01424  分时小区平均 β +nan  26.7s
2026-10-01 09:14:10,679 INFO 第  42 轮  训练 0.01120  验证 pinball 0.01329  分时小区平均 β +nan  26.8s
2026-10-01 09:14:37,362 INFO 第  43 轮  训练 0.01114  验证 pinball 0.01330  分时小区平均 β +nan  26.7s
2026-10-01 09:14:37,362 INFO 验证损失 15 轮未改善，提前停止
2026-10-01 09:14:42,286 INFO 切换点一致性（all）：观测 β -1.180（0.393）  模型 β -0.409（0.216）
2026-10-01 09:14:42,531 INFO 切换点一致性（novel）：观测 β -0.367（0.505）  模型 β -0.122（0.282）
2026-10-01 09:15:00,197 INFO 测试期 MAE 0.0443  WAPE 0.227  CRPS 0.0259  PICP90 原始 0.818 / ACI 0.902；输出 D:\EV充电因果预测sci论文\05_实验结果\runs\abl_A5_noprice_s0
