2026-10-01 02:56:26,416 INFO 运行 base_lstm_s2，基线 lstm，设备 cuda，torch 2.11.0+cu128
2026-10-01 02:56:27,308 INFO 数据：T=4344 N=275 目标 utilization 训练/验证/测试起点 3001/409/841
2026-10-01 02:56:27,462 INFO 模型参数 40,007；价格输入 none；损失 pinball（分位数）
2026-10-01 02:56:35,214 INFO 训练 第   1 轮  训练 0.02464  验证 0.01824  5.0s
2026-10-01 02:56:39,842 INFO 训练 第   2 轮  训练 0.02015  验证 0.01735  4.6s
2026-10-01 02:56:44,431 INFO 训练 第   3 轮  训练 0.01944  验证 0.01696  4.6s
2026-10-01 02:56:49,072 INFO 训练 第   4 轮  训练 0.01882  验证 0.01630  4.6s
2026-10-01 02:56:53,732 INFO 训练 第   5 轮  训练 0.01821  验证 0.01576  4.7s
2026-10-01 02:56:58,370 INFO 训练 第   6 轮  训练 0.01770  验证 0.01535  4.6s
2026-10-01 02:57:02,992 INFO 训练 第   7 轮  训练 0.01739  验证 0.01511  4.6s
2026-10-01 02:57:07,595 INFO 训练 第   8 轮  训练 0.01715  验证 0.01495  4.6s
2026-10-01 02:57:12,297 INFO 训练 第   9 轮  训练 0.01695  验证 0.01489  4.7s
2026-10-01 02:57:17,086 INFO 训练 第  10 轮  训练 0.01677  验证 0.01473  4.8s
2026-10-01 02:57:21,849 INFO 训练 第  11 轮  训练 0.01663  验证 0.01460  4.8s
2026-10-01 02:57:26,728 INFO 训练 第  12 轮  训练 0.01647  验证 0.01459  4.9s
2026-10-01 02:57:31,340 INFO 训练 第  13 轮  训练 0.01637  验证 0.01456  4.6s
2026-10-01 02:57:36,109 INFO 训练 第  14 轮  训练 0.01629  验证 0.01449  4.8s
2026-10-01 02:57:40,979 INFO 训练 第  15 轮  训练 0.01616  验证 0.01437  4.9s
2026-10-01 02:57:45,790 INFO 训练 第  16 轮  训练 0.01604  验证 0.01437  4.8s
2026-10-01 02:57:50,503 INFO 训练 第  17 轮  训练 0.01600  验证 0.01428  4.7s
2026-10-01 02:57:55,115 INFO 训练 第  18 轮  训练 0.01591  验证 0.01426  4.6s
2026-10-01 02:57:59,704 INFO 训练 第  19 轮  训练 0.01581  验证 0.01435  4.6s
2026-10-01 02:58:04,378 INFO 训练 第  20 轮  训练 0.01576  验证 0.01420  4.7s
2026-10-01 02:58:09,203 INFO 训练 第  21 轮  训练 0.01571  验证 0.01439  4.8s
2026-10-01 02:58:13,828 INFO 训练 第  22 轮  训练 0.01562  验证 0.01405  4.6s
2026-10-01 02:58:18,473 INFO 训练 第  23 轮  训练 0.01558  验证 0.01406  4.6s
2026-10-01 02:58:23,152 INFO 训练 第  24 轮  训练 0.01550  验证 0.01397  4.7s
2026-10-01 02:58:27,831 INFO 训练 第  25 轮  训练 0.01548  验证 0.01407  4.7s
2026-10-01 02:58:32,560 INFO 训练 第  26 轮  训练 0.01540  验证 0.01398  4.7s
2026-10-01 02:58:37,340 INFO 训练 第  27 轮  训练 0.01533  验证 0.01386  4.8s
2026-10-01 02:58:42,059 INFO 训练 第  28 轮  训练 0.01529  验证 0.01407  4.7s
2026-10-01 02:58:46,731 INFO 训练 第  29 轮  训练 0.01525  验证 0.01412  4.7s
2026-10-01 02:58:51,627 INFO 训练 第  30 轮  训练 0.01522  验证 0.01387  4.9s
2026-10-01 02:58:56,460 INFO 训练 第  31 轮  训练 0.01516  验证 0.01390  4.8s
2026-10-01 02:59:01,420 INFO 训练 第  32 轮  训练 0.01511  验证 0.01383  5.0s
2026-10-01 02:59:06,293 INFO 训练 第  33 轮  训练 0.01506  验证 0.01375  4.9s
2026-10-01 02:59:11,151 INFO 训练 第  34 轮  训练 0.01504  验证 0.01401  4.9s
2026-10-01 02:59:15,968 INFO 训练 第  35 轮  训练 0.01501  验证 0.01369  4.8s
2026-10-01 02:59:20,739 INFO 训练 第  36 轮  训练 0.01498  验证 0.01379  4.8s
2026-10-01 02:59:25,544 INFO 训练 第  37 轮  训练 0.01492  验证 0.01398  4.8s
2026-10-01 02:59:30,202 INFO 训练 第  38 轮  训练 0.01489  验证 0.01379  4.7s
2026-10-01 02:59:34,836 INFO 训练 第  39 轮  训练 0.01487  验证 0.01380  4.6s
2026-10-01 02:59:39,526 INFO 训练 第  40 轮  训练 0.01482  验证 0.01371  4.7s
2026-10-01 02:59:44,153 INFO 训练 第  41 轮  训练 0.01479  验证 0.01374  4.6s
2026-10-01 02:59:48,887 INFO 训练 第  42 轮  训练 0.01477  验证 0.01363  4.7s
2026-10-01 02:59:53,670 INFO 训练 第  43 轮  训练 0.01475  验证 0.01366  4.8s
2026-10-01 02:59:58,384 INFO 训练 第  44 轮  训练 0.01473  验证 0.01364  4.7s
2026-10-01 03:00:03,341 INFO 训练 第  45 轮  训练 0.01469  验证 0.01359  5.0s
2026-10-01 03:00:08,136 INFO 训练 第  46 轮  训练 0.01466  验证 0.01369  4.8s
2026-10-01 03:00:12,754 INFO 训练 第  47 轮  训练 0.01464  验证 0.01369  4.6s
2026-10-01 03:00:17,588 INFO 训练 第  48 轮  训练 0.01463  验证 0.01367  4.8s
2026-10-01 03:00:22,357 INFO 训练 第  49 轮  训练 0.01460  验证 0.01367  4.8s
2026-10-01 03:00:27,017 INFO 训练 第  50 轮  训练 0.01457  验证 0.01378  4.7s
2026-10-01 03:00:31,713 INFO 训练 第  51 轮  训练 0.01455  验证 0.01359  4.7s
2026-10-01 03:00:36,344 INFO 训练 第  52 轮  训练 0.01454  验证 0.01345  4.6s
2026-10-01 03:00:41,051 INFO 训练 第  53 轮  训练 0.01452  验证 0.01368  4.7s
2026-10-01 03:00:45,972 INFO 训练 第  54 轮  训练 0.01450  验证 0.01356  4.9s
2026-10-01 03:00:50,643 INFO 训练 第  55 轮  训练 0.01447  验证 0.01350  4.7s
2026-10-01 03:00:55,379 INFO 训练 第  56 轮  训练 0.01445  验证 0.01368  4.7s
2026-10-01 03:01:00,054 INFO 训练 第  57 轮  训练 0.01445  验证 0.01354  4.7s
2026-10-01 03:01:04,785 INFO 训练 第  58 轮  训练 0.01445  验证 0.01361  4.7s
2026-10-01 03:01:09,608 INFO 训练 第  59 轮  训练 0.01440  验证 0.01337  4.8s
2026-10-01 03:01:14,237 INFO 训练 第  60 轮  训练 0.01439  验证 0.01354  4.6s
2026-10-01 03:01:18,955 INFO 训练 第  61 轮  训练 0.01436  验证 0.01348  4.7s
2026-10-01 03:01:23,776 INFO 训练 第  62 轮  训练 0.01435  验证 0.01338  4.8s
2026-10-01 03:01:28,618 INFO 训练 第  63 轮  训练 0.01434  验证 0.01342  4.8s
2026-10-01 03:01:33,295 INFO 训练 第  64 轮  训练 0.01432  验证 0.01359  4.7s
2026-10-01 03:01:38,033 INFO 训练 第  65 轮  训练 0.01430  验证 0.01345  4.7s
2026-10-01 03:01:42,627 INFO 训练 第  66 轮  训练 0.01430  验证 0.01358  4.6s
2026-10-01 03:01:47,219 INFO 训练 第  67 轮  训练 0.01429  验证 0.01350  4.6s
2026-10-01 03:01:51,881 INFO 训练 第  68 轮  训练 0.01427  验证 0.01361  4.7s
2026-10-01 03:01:56,493 INFO 训练 第  69 轮  训练 0.01426  验证 0.01360  4.6s
2026-10-01 03:02:01,109 INFO 训练 第  70 轮  训练 0.01424  验证 0.01356  4.6s
2026-10-01 03:02:05,852 INFO 训练 第  71 轮  训练 0.01423  验证 0.01376  4.7s
2026-10-01 03:02:10,478 INFO 训练 第  72 轮  训练 0.01422  验证 0.01347  4.6s
2026-10-01 03:02:15,143 INFO 训练 第  73 轮  训练 0.01421  验证 0.01350  4.7s
2026-10-01 03:02:20,011 INFO 训练 第  74 轮  训练 0.01424  验证 0.01343  4.9s
2026-10-01 03:02:20,011 INFO 验证损失 15 轮未改善，提前停止
2026-10-01 03:02:21,383 INFO 切换点一致性（all）：观测 β -1.180（0.393）  模型 β -0.668（0.212）
2026-10-01 03:02:21,684 INFO 切换点一致性（novel）：观测 β -0.367（0.505）  模型 β -0.265（0.192）
2026-10-01 03:02:39,507 INFO 测试期 MAE 0.0441  WAPE 0.226  CRPS 0.0262  PICP90 原始 0.887 / ACI 0.899；输出 D:\EV充电因果预测sci论文\05_实验结果\runs\base_lstm_s2
