2026-09-30 11:31:24,399 INFO 运行 tune_gwn_D64_lr2e-3_do0.1，设备 cuda，torch 2.11.0+cu128
2026-09-30 11:31:25,805 INFO 数据：T=4344 N=275 训练/验证/测试起点 3001/409/841；{'train': ('2022-09-01', '2023-01-05'), 'val': ('2023-01-06', '2023-01-23'), 'test': ('2023-01-24', '2023-02-28')}
2026-09-30 11:31:25,992 INFO 模型参数 744,323；锚定方式 cut；锚定来源 fivemin_main
2026-09-30 11:33:24,303 INFO 第   1 轮  训练 0.02154  验证 pinball 0.01649  分时小区平均 β -0.213  115.3s
2026-09-30 11:35:21,322 INFO 第   2 轮  训练 0.01705  验证 pinball 0.01648  分时小区平均 β -0.213  117.0s
2026-09-30 11:37:18,503 INFO 第   3 轮  训练 0.01517  验证 pinball 0.01414  分时小区平均 β -0.213  117.2s
2026-09-30 11:39:15,779 INFO 第   4 轮  训练 0.01423  验证 pinball 0.01379  分时小区平均 β -0.213  117.3s
2026-09-30 11:41:13,036 INFO 第   5 轮  训练 0.01357  验证 pinball 0.01389  分时小区平均 β -0.213  117.2s
2026-09-30 11:43:10,188 INFO 第   6 轮  训练 0.01300  验证 pinball 0.01442  分时小区平均 β -0.213  117.2s
2026-09-30 11:45:07,066 INFO 第   7 轮  训练 0.01266  验证 pinball 0.01334  分时小区平均 β -0.213  116.9s
2026-09-30 11:47:43,509 INFO 第   8 轮  训练 0.01236  验证 pinball 0.01348  分时小区平均 β -0.213  156.4s
2026-09-30 11:51:04,346 INFO 第   9 轮  训练 0.01206  验证 pinball 0.01313  分时小区平均 β -0.213  200.8s
2026-09-30 11:54:26,349 INFO 第  10 轮  训练 0.01178  验证 pinball 0.01475  分时小区平均 β -0.213  202.0s
2026-09-30 11:57:48,623 INFO 第  11 轮  训练 0.01151  验证 pinball 0.01388  分时小区平均 β -0.213  202.3s
2026-09-30 12:01:09,617 INFO 第  12 轮  训练 0.01125  验证 pinball 0.01437  分时小区平均 β -0.213  201.0s
2026-09-30 12:04:30,000 INFO 第  13 轮  训练 0.01105  验证 pinball 0.01448  分时小区平均 β -0.213  200.4s
2026-09-30 12:07:50,109 INFO 第  14 轮  训练 0.01092  验证 pinball 0.01400  分时小区平均 β -0.213  200.1s
2026-09-30 12:11:11,187 INFO 第  15 轮  训练 0.01076  验证 pinball 0.01469  分时小区平均 β -0.213  201.1s
2026-09-30 12:14:34,574 INFO 第  16 轮  训练 0.01034  验证 pinball 0.01507  分时小区平均 β -0.213  203.4s
2026-09-30 12:17:54,955 INFO 第  17 轮  训练 0.01031  验证 pinball 0.01547  分时小区平均 β -0.213  200.4s
2026-09-30 12:21:12,561 INFO 第  18 轮  训练 0.01000  验证 pinball 0.01573  分时小区平均 β -0.213  197.6s
2026-09-30 12:24:32,111 INFO 第  19 轮  训练 0.00998  验证 pinball 0.01673  分时小区平均 β -0.213  199.5s
2026-09-30 12:27:53,531 INFO 第  20 轮  训练 0.00984  验证 pinball 0.01748  分时小区平均 β -0.213  201.4s
2026-09-30 12:31:14,304 INFO 第  21 轮  训练 0.00960  验证 pinball 0.01591  分时小区平均 β -0.213  200.8s
2026-09-30 12:34:35,014 INFO 第  22 轮  训练 0.00934  验证 pinball 0.01637  分时小区平均 β -0.213  200.7s
2026-09-30 12:37:54,978 INFO 第  23 轮  训练 0.00937  验证 pinball 0.01683  分时小区平均 β -0.213  200.0s
2026-09-30 12:41:16,542 INFO 第  24 轮  训练 0.00918  验证 pinball 0.01653  分时小区平均 β -0.213  201.6s
2026-09-30 12:41:16,542 INFO 验证损失 15 轮未改善，提前停止
2026-09-30 12:41:59,064 INFO 测试期 MAE 0.0460  WAPE 0.235  CRPS 0.0267  PICP90 原始 0.852 / ACI 0.902；输出 D:\EV充电因果预测sci论文\05_实验结果\runs\tune_gwn_D64_lr2e-3_do0.1
