2026-10-01 18:24:40,605 INFO 运行 abl_A14_nomask_s2，设备 cuda，torch 2.11.0+cu128
2026-10-01 18:24:41,731 INFO 数据：T=4344 N=275 训练/验证/测试起点 3001/409/841；{'train': ('2022-09-01', '2023-01-05'), 'val': ('2023-01-06', '2023-01-23'), 'test': ('2023-01-24', '2023-02-28')}
2026-10-01 18:24:41,869 INFO 模型参数 198,211；锚定方式 cut；锚定来源 fivemin_main
2026-10-01 18:25:12,742 INFO 第   1 轮  训练 0.02345  验证 pinball 0.01818  分时小区平均 β -0.213  27.4s
2026-10-01 18:25:39,416 INFO 第   2 轮  训练 0.01865  验证 pinball 0.01591  分时小区平均 β -0.213  26.7s
2026-10-01 18:26:06,287 INFO 第   3 轮  训练 0.01742  验证 pinball 0.01485  分时小区平均 β -0.213  26.9s
2026-10-01 18:26:33,071 INFO 第   4 轮  训练 0.01630  验证 pinball 0.01465  分时小区平均 β -0.213  26.8s
2026-10-01 18:26:59,791 INFO 第   5 轮  训练 0.01535  验证 pinball 0.01413  分时小区平均 β -0.213  26.7s
2026-10-01 18:27:26,364 INFO 第   6 轮  训练 0.01483  验证 pinball 0.01372  分时小区平均 β -0.213  26.6s
2026-10-01 18:27:53,066 INFO 第   7 轮  训练 0.01437  验证 pinball 0.01380  分时小区平均 β -0.213  26.7s
2026-10-01 18:28:19,772 INFO 第   8 轮  训练 0.01399  验证 pinball 0.01350  分时小区平均 β -0.213  26.7s
2026-10-01 18:28:46,334 INFO 第   9 轮  训练 0.01390  验证 pinball 0.01379  分时小区平均 β -0.213  26.6s
2026-10-01 18:29:13,167 INFO 第  10 轮  训练 0.01367  验证 pinball 0.01372  分时小区平均 β -0.213  26.8s
2026-10-01 18:29:39,859 INFO 第  11 轮  训练 0.01350  验证 pinball 0.01413  分时小区平均 β -0.213  26.7s
2026-10-01 18:30:06,590 INFO 第  12 轮  训练 0.01327  验证 pinball 0.01310  分时小区平均 β -0.213  26.7s
2026-10-01 18:30:33,414 INFO 第  13 轮  训练 0.01319  验证 pinball 0.01396  分时小区平均 β -0.213  26.8s
2026-10-01 18:31:00,089 INFO 第  14 轮  训练 0.01305  验证 pinball 0.01346  分时小区平均 β -0.213  26.7s
2026-10-01 18:31:26,817 INFO 第  15 轮  训练 0.01289  验证 pinball 0.01291  分时小区平均 β -0.213  26.7s
2026-10-01 18:31:53,527 INFO 第  16 轮  训练 0.01283  验证 pinball 0.01420  分时小区平均 β -0.213  26.7s
2026-10-01 18:32:20,323 INFO 第  17 轮  训练 0.01274  验证 pinball 0.01288  分时小区平均 β -0.213  26.8s
2026-10-01 18:32:47,027 INFO 第  18 轮  训练 0.01258  验证 pinball 0.01295  分时小区平均 β -0.213  26.7s
2026-10-01 18:33:13,864 INFO 第  19 轮  训练 0.01250  验证 pinball 0.01344  分时小区平均 β -0.213  26.8s
2026-10-01 18:33:40,576 INFO 第  20 轮  训练 0.01241  验证 pinball 0.01352  分时小区平均 β -0.213  26.7s
2026-10-01 18:34:07,304 INFO 第  21 轮  训练 0.01234  验证 pinball 0.01384  分时小区平均 β -0.213  26.7s
2026-10-01 18:34:33,996 INFO 第  22 轮  训练 0.01228  验证 pinball 0.01287  分时小区平均 β -0.213  26.7s
2026-10-01 18:35:00,855 INFO 第  23 轮  训练 0.01220  验证 pinball 0.01327  分时小区平均 β -0.213  26.8s
2026-10-01 18:35:27,514 INFO 第  24 轮  训练 0.01203  验证 pinball 0.01316  分时小区平均 β -0.213  26.7s
2026-10-01 18:35:54,083 INFO 第  25 轮  训练 0.01195  验证 pinball 0.01304  分时小区平均 β -0.213  26.6s
2026-10-01 18:36:20,884 INFO 第  26 轮  训练 0.01203  验证 pinball 0.01355  分时小区平均 β -0.213  26.8s
2026-10-01 18:36:47,627 INFO 第  27 轮  训练 0.01197  验证 pinball 0.01287  分时小区平均 β -0.213  26.7s
2026-10-01 18:37:14,422 INFO 第  28 轮  训练 0.01182  验证 pinball 0.01320  分时小区平均 β -0.213  26.8s
2026-10-01 18:37:41,198 INFO 第  29 轮  训练 0.01178  验证 pinball 0.01293  分时小区平均 β -0.213  26.8s
2026-10-01 18:38:07,901 INFO 第  30 轮  训练 0.01170  验证 pinball 0.01393  分时小区平均 β -0.213  26.7s
2026-10-01 18:38:34,508 INFO 第  31 轮  训练 0.01176  验证 pinball 0.01296  分时小区平均 β -0.213  26.6s
2026-10-01 18:39:01,215 INFO 第  32 轮  训练 0.01166  验证 pinball 0.01324  分时小区平均 β -0.213  26.7s
2026-10-01 18:39:28,033 INFO 第  33 轮  训练 0.01159  验证 pinball 0.01302  分时小区平均 β -0.213  26.8s
2026-10-01 18:39:54,672 INFO 第  34 轮  训练 0.01163  验证 pinball 0.01383  分时小区平均 β -0.213  26.6s
2026-10-01 18:40:21,357 INFO 第  35 轮  训练 0.01150  验证 pinball 0.01357  分时小区平均 β -0.213  26.7s
2026-10-01 18:40:48,227 INFO 第  36 轮  训练 0.01139  验证 pinball 0.01297  分时小区平均 β -0.213  26.9s
2026-10-01 18:41:14,973 INFO 第  37 轮  训练 0.01142  验证 pinball 0.01291  分时小区平均 β -0.213  26.7s
2026-10-01 18:41:14,973 INFO 验证损失 15 轮未改善，提前停止
2026-10-01 18:41:19,856 INFO 切换点一致性（all）：观测 β -1.180（0.393）  模型 β -0.511（0.195）
2026-10-01 18:41:20,078 INFO 切换点一致性（novel）：观测 β -0.367（0.505）  模型 β -0.154（0.225）
2026-10-01 18:41:38,648 INFO 测试期 MAE 0.0411  WAPE 0.246  CRPS 0.0239  PICP90 原始 0.838 / ACI 0.902；输出 D:\EV充电因果预测sci论文\05_实验结果\runs\abl_A14_nomask_s2
