2026-10-01 04:40:42,520 INFO 运行 base_astgcn_s3，基线 astgcn，设备 cuda，torch 2.11.0+cu128
2026-10-01 04:40:43,716 INFO 数据：T=4344 N=275 目标 utilization 训练/验证/测试起点 3001/409/841
2026-10-01 04:40:43,875 INFO 模型参数 483,447；价格输入 none；损失 pinball（分位数）
2026-10-01 04:41:03,303 INFO 训练 第   1 轮  训练 0.02270  验证 0.01796  16.3s
2026-10-01 04:41:18,793 INFO 训练 第   2 轮  训练 0.01956  验证 0.01640  15.5s
2026-10-01 04:41:34,488 INFO 训练 第   3 轮  训练 0.01824  验证 0.01566  15.7s
2026-10-01 04:41:50,125 INFO 训练 第   4 轮  训练 0.01748  验证 0.01536  15.6s
2026-10-01 04:42:05,699 INFO 训练 第   5 轮  训练 0.01695  验证 0.01509  15.6s
2026-10-01 04:42:21,182 INFO 训练 第   6 轮  训练 0.01665  验证 0.01489  15.5s
2026-10-01 04:42:36,901 INFO 训练 第   7 轮  训练 0.01625  验证 0.01475  15.7s
2026-10-01 04:42:52,648 INFO 训练 第   8 轮  训练 0.01590  验证 0.01462  15.7s
2026-10-01 04:43:08,326 INFO 训练 第   9 轮  训练 0.01560  验证 0.01454  15.7s
2026-10-01 04:43:23,969 INFO 训练 第  10 轮  训练 0.01533  验证 0.01463  15.6s
2026-10-01 04:43:39,819 INFO 训练 第  11 轮  训练 0.01511  验证 0.01472  15.8s
2026-10-01 04:43:55,532 INFO 训练 第  12 轮  训练 0.01491  验证 0.01453  15.7s
2026-10-01 04:44:11,154 INFO 训练 第  13 轮  训练 0.01462  验证 0.01473  15.6s
2026-10-01 04:44:26,793 INFO 训练 第  14 轮  训练 0.01451  验证 0.01465  15.6s
2026-10-01 04:44:42,364 INFO 训练 第  15 轮  训练 0.01446  验证 0.01468  15.6s
2026-10-01 04:44:58,002 INFO 训练 第  16 轮  训练 0.01416  验证 0.01465  15.6s
2026-10-01 04:45:13,639 INFO 训练 第  17 轮  训练 0.01410  验证 0.01460  15.6s
2026-10-01 04:45:29,345 INFO 训练 第  18 轮  训练 0.01392  验证 0.01469  15.7s
2026-10-01 04:45:44,995 INFO 训练 第  19 轮  训练 0.01383  验证 0.01447  15.6s
2026-10-01 04:46:00,511 INFO 训练 第  20 轮  训练 0.01370  验证 0.01478  15.5s
2026-10-01 04:46:16,281 INFO 训练 第  21 轮  训练 0.01365  验证 0.01459  15.8s
2026-10-01 04:46:31,900 INFO 训练 第  22 轮  训练 0.01351  验证 0.01468  15.6s
2026-10-01 04:46:47,559 INFO 训练 第  23 轮  训练 0.01344  验证 0.01468  15.7s
2026-10-01 04:47:03,340 INFO 训练 第  24 轮  训练 0.01335  验证 0.01468  15.8s
2026-10-01 04:47:18,888 INFO 训练 第  25 轮  训练 0.01322  验证 0.01486  15.5s
2026-10-01 04:47:34,595 INFO 训练 第  26 轮  训练 0.01316  验证 0.01502  15.7s
2026-10-01 04:47:50,285 INFO 训练 第  27 轮  训练 0.01310  验证 0.01482  15.7s
2026-10-01 04:48:05,973 INFO 训练 第  28 轮  训练 0.01298  验证 0.01488  15.7s
2026-10-01 04:48:21,711 INFO 训练 第  29 轮  训练 0.01295  验证 0.01502  15.7s
2026-10-01 04:48:37,139 INFO 训练 第  30 轮  训练 0.01294  验证 0.01517  15.4s
2026-10-01 04:48:52,838 INFO 训练 第  31 轮  训练 0.01279  验证 0.01512  15.7s
2026-10-01 04:49:08,402 INFO 训练 第  32 轮  训练 0.01272  验证 0.01508  15.6s
2026-10-01 04:49:24,012 INFO 训练 第  33 轮  训练 0.01270  验证 0.01495  15.6s
2026-10-01 04:49:39,569 INFO 训练 第  34 轮  训练 0.01264  验证 0.01524  15.6s
2026-10-01 04:49:39,569 INFO 验证损失 15 轮未改善，提前停止
2026-10-01 04:49:42,369 INFO 切换点一致性（all）：观测 β -1.180（0.393）  模型 β -0.511（0.193）
2026-10-01 04:49:42,625 INFO 切换点一致性（novel）：观测 β -0.367（0.505）  模型 β -0.094（0.199）
2026-10-01 04:49:58,916 INFO 测试期 MAE 0.0497  WAPE 0.254  CRPS 0.0294  PICP90 原始 0.868 / ACI 0.899；输出 D:\EV充电因果预测sci论文\05_实验结果\runs\base_astgcn_s3
