2026-10-01 19:17:42,011 INFO 运行 ess_rho0.5_A2none_s1，设备 cuda，torch 2.11.0+cu128
2026-10-01 19:17:47,807 INFO E-SS 半合成数据：109 个小区（处理组 54），ρ = 0.5，真实弹性 [-0.2, -0.8, -1.5]；锚定 cells（在合成训练期上重新估计）
2026-10-01 19:17:47,807 INFO 数据：T=4344 N=109 训练/验证/测试起点 3001/409/841；{'train': ('2022-09-01', '2023-01-05'), 'val': ('2023-01-06', '2023-01-23'), 'test': ('2023-01-24', '2023-02-28')}
2026-10-01 19:17:47,955 INFO 模型参数 195,342；锚定方式 none；锚定来源 ess_cells
2026-10-01 19:18:01,152 INFO 第   1 轮  训练 0.02336  验证 pinball 0.01803  分时小区平均 β -1.248  9.9s
2026-10-01 19:18:09,933 INFO 第   2 轮  训练 0.01825  验证 pinball 0.01630  分时小区平均 β -1.154  8.8s
2026-10-01 19:18:18,671 INFO 第   3 轮  训练 0.01663  验证 pinball 0.01536  分时小区平均 β -1.097  8.7s
2026-10-01 19:18:27,397 INFO 第   4 轮  训练 0.01520  验证 pinball 0.01488  分时小区平均 β -1.051  8.7s
2026-10-01 19:18:36,411 INFO 第   5 轮  训练 0.01420  验证 pinball 0.01473  分时小区平均 β -1.023  9.0s
2026-10-01 19:18:45,183 INFO 第   6 轮  训练 0.01360  验证 pinball 0.01402  分时小区平均 β -1.003  8.8s
2026-10-01 19:18:53,876 INFO 第   7 轮  训练 0.01338  验证 pinball 0.01436  分时小区平均 β -0.988  8.7s
2026-10-01 19:19:02,790 INFO 第   8 轮  训练 0.01304  验证 pinball 0.01479  分时小区平均 β -0.980  8.9s
2026-10-01 19:19:11,441 INFO 第   9 轮  训练 0.01277  验证 pinball 0.01406  分时小区平均 β -0.976  8.6s
2026-10-01 19:19:20,114 INFO 第  10 轮  训练 0.01263  验证 pinball 0.01443  分时小区平均 β -0.971  8.7s
2026-10-01 19:19:29,011 INFO 第  11 轮  训练 0.01244  验证 pinball 0.01399  分时小区平均 β -0.971  8.9s
2026-10-01 19:19:37,765 INFO 第  12 轮  训练 0.01230  验证 pinball 0.01499  分时小区平均 β -0.970  8.7s
2026-10-01 19:19:46,556 INFO 第  13 轮  训练 0.01216  验证 pinball 0.01468  分时小区平均 β -0.970  8.8s
2026-10-01 19:19:55,446 INFO 第  14 轮  训练 0.01198  验证 pinball 0.01451  分时小区平均 β -0.969  8.9s
2026-10-01 19:20:04,752 INFO 第  15 轮  训练 0.01183  验证 pinball 0.01416  分时小区平均 β -0.969  9.3s
2026-10-01 19:20:13,600 INFO 第  16 轮  训练 0.01189  验证 pinball 0.01460  分时小区平均 β -0.968  8.8s
2026-10-01 19:20:22,749 INFO 第  17 轮  训练 0.01159  验证 pinball 0.01449  分时小区平均 β -0.968  9.1s
2026-10-01 19:20:31,512 INFO 第  18 轮  训练 0.01150  验证 pinball 0.01485  分时小区平均 β -0.968  8.8s
2026-10-01 19:20:40,364 INFO 第  19 轮  训练 0.01140  验证 pinball 0.01461  分时小区平均 β -0.969  8.9s
2026-10-01 19:20:49,178 INFO 第  20 轮  训练 0.01134  验证 pinball 0.01450  分时小区平均 β -0.968  8.8s
2026-10-01 19:20:57,873 INFO 第  21 轮  训练 0.01120  验证 pinball 0.01483  分时小区平均 β -0.971  8.7s
2026-10-01 19:21:06,675 INFO 第  22 轮  训练 0.01112  验证 pinball 0.01597  分时小区平均 β -0.973  8.8s
2026-10-01 19:21:15,475 INFO 第  23 轮  训练 0.01096  验证 pinball 0.01568  分时小区平均 β -0.975  8.8s
2026-10-01 19:21:24,236 INFO 第  24 轮  训练 0.01086  验证 pinball 0.01600  分时小区平均 β -0.978  8.8s
2026-10-01 19:21:32,852 INFO 第  25 轮  训练 0.01075  验证 pinball 0.01539  分时小区平均 β -0.980  8.6s
2026-10-01 19:21:42,092 INFO 第  26 轮  训练 0.01073  验证 pinball 0.01529  分时小区平均 β -0.982  9.2s
2026-10-01 19:21:42,093 INFO 验证损失 15 轮未改善，提前停止
2026-10-01 19:21:47,611 INFO E-SS flat：真实隐含弹性 -1.062；模型 -0.886（反事实 MAE 0.0443）；插补 P0 -1.230（0.0444）
2026-10-01 19:21:47,611 INFO E-SS spread1.5：真实隐含弹性 -1.062；模型 -0.886（反事实 MAE 0.0446）；插补 P0 -1.230（0.0447）
2026-10-01 19:21:54,097 INFO 测试期 MAE 0.0466  WAPE 0.245  CRPS 0.0268  PICP90 原始 0.860 / ACI 0.903；输出 D:\EV充电因果预测sci论文\05_实验结果\runs\ess_rho0.5_A2none_s1
