2026-10-01 13:58:28,087 INFO 运行 abl_A13_soft0.01_s1，设备 cuda，torch 2.11.0+cu128
2026-10-01 13:58:29,431 INFO 数据：T=4344 N=275 训练/验证/测试起点 3001/409/841；{'train': ('2022-09-01', '2023-01-05'), 'val': ('2023-01-06', '2023-01-23'), 'test': ('2023-01-24', '2023-02-28')}
2026-10-01 13:58:29,586 INFO 模型参数 199,326；锚定方式 soft；锚定来源 fivemin_main
2026-10-01 13:59:01,108 INFO 第   1 轮  训练 0.02278  验证 pinball 0.01807  分时小区平均 β -0.213  28.3s
2026-10-01 13:59:28,799 INFO 第   2 轮  训练 0.01839  验证 pinball 0.01601  分时小区平均 β -0.213  27.7s
2026-10-01 13:59:56,380 INFO 第   3 轮  训练 0.01698  验证 pinball 0.01493  分时小区平均 β -0.213  27.6s
2026-10-01 14:00:24,000 INFO 第   4 轮  训练 0.01568  验证 pinball 0.01484  分时小区平均 β -0.213  27.6s
2026-10-01 14:00:51,313 INFO 第   5 轮  训练 0.01484  验证 pinball 0.01440  分时小区平均 β -0.213  27.3s
2026-10-01 14:01:18,996 INFO 第   6 轮  训练 0.01425  验证 pinball 0.01382  分时小区平均 β -0.213  27.7s
2026-10-01 14:01:46,565 INFO 第   7 轮  训练 0.01404  验证 pinball 0.01402  分时小区平均 β -0.213  27.6s
2026-10-01 14:02:14,272 INFO 第   8 轮  训练 0.01371  验证 pinball 0.01338  分时小区平均 β -0.213  27.7s
2026-10-01 14:02:41,799 INFO 第   9 轮  训练 0.01342  验证 pinball 0.01328  分时小区平均 β -0.213  27.5s
2026-10-01 14:03:09,354 INFO 第  10 轮  训练 0.01334  验证 pinball 0.01322  分时小区平均 β -0.213  27.5s
2026-10-01 14:03:36,939 INFO 第  11 轮  训练 0.01318  验证 pinball 0.01322  分时小区平均 β -0.213  27.6s
2026-10-01 14:04:04,296 INFO 第  12 轮  训练 0.01305  验证 pinball 0.01370  分时小区平均 β -0.213  27.4s
2026-10-01 14:04:31,756 INFO 第  13 轮  训练 0.01288  验证 pinball 0.01327  分时小区平均 β -0.213  27.5s
2026-10-01 14:04:59,301 INFO 第  14 轮  训练 0.01272  验证 pinball 0.01340  分时小区平均 β -0.213  27.5s
2026-10-01 14:05:26,737 INFO 第  15 轮  训练 0.01263  验证 pinball 0.01287  分时小区平均 β -0.213  27.4s
2026-10-01 14:05:54,376 INFO 第  16 轮  训练 0.01265  验证 pinball 0.01335  分时小区平均 β -0.213  27.6s
2026-10-01 14:06:22,016 INFO 第  17 轮  训练 0.01243  验证 pinball 0.01297  分时小区平均 β -0.213  27.6s
2026-10-01 14:06:49,335 INFO 第  18 轮  训练 0.01234  验证 pinball 0.01293  分时小区平均 β -0.213  27.3s
2026-10-01 14:07:16,739 INFO 第  19 轮  训练 0.01225  验证 pinball 0.01308  分时小区平均 β -0.213  27.4s
2026-10-01 14:07:44,226 INFO 第  20 轮  训练 0.01226  验证 pinball 0.01284  分时小区平均 β -0.213  27.5s
2026-10-01 14:08:11,565 INFO 第  21 轮  训练 0.01210  验证 pinball 0.01317  分时小区平均 β -0.213  27.3s
2026-10-01 14:08:38,962 INFO 第  22 轮  训练 0.01204  验证 pinball 0.01418  分时小区平均 β -0.213  27.4s
2026-10-01 14:09:06,269 INFO 第  23 轮  训练 0.01200  验证 pinball 0.01308  分时小区平均 β -0.213  27.3s
2026-10-01 14:09:33,648 INFO 第  24 轮  训练 0.01191  验证 pinball 0.01321  分时小区平均 β -0.213  27.4s
2026-10-01 14:10:01,153 INFO 第  25 轮  训练 0.01188  验证 pinball 0.01300  分时小区平均 β -0.213  27.5s
2026-10-01 14:10:28,692 INFO 第  26 轮  训练 0.01178  验证 pinball 0.01326  分时小区平均 β -0.213  27.5s
2026-10-01 14:10:56,035 INFO 第  27 轮  训练 0.01172  验证 pinball 0.01309  分时小区平均 β -0.213  27.3s
2026-10-01 14:11:23,561 INFO 第  28 轮  训练 0.01173  验证 pinball 0.01407  分时小区平均 β -0.213  27.5s
2026-10-01 14:11:51,051 INFO 第  29 轮  训练 0.01169  验证 pinball 0.01316  分时小区平均 β -0.213  27.5s
2026-10-01 14:12:18,612 INFO 第  30 轮  训练 0.01153  验证 pinball 0.01332  分时小区平均 β -0.213  27.6s
2026-10-01 14:12:46,117 INFO 第  31 轮  训练 0.01155  验证 pinball 0.01322  分时小区平均 β -0.213  27.5s
2026-10-01 14:13:14,008 INFO 第  32 轮  训练 0.01139  验证 pinball 0.01359  分时小区平均 β -0.213  27.9s
2026-10-01 14:13:41,651 INFO 第  33 轮  训练 0.01135  验证 pinball 0.01347  分时小区平均 β -0.213  27.6s
2026-10-01 14:14:09,176 INFO 第  34 轮  训练 0.01134  验证 pinball 0.01328  分时小区平均 β -0.213  27.5s
2026-10-01 14:14:36,905 INFO 第  35 轮  训练 0.01131  验证 pinball 0.01345  分时小区平均 β -0.213  27.7s
2026-10-01 14:14:36,905 INFO 验证损失 15 轮未改善，提前停止
2026-10-01 14:14:42,094 INFO 切换点一致性（all）：观测 β -1.180（0.393）  模型 β -0.505（0.212）
2026-10-01 14:14:42,445 INFO 切换点一致性（novel）：观测 β -0.367（0.505）  模型 β -0.217（0.271）
2026-10-01 14:14:58,756 INFO 测试期 MAE 0.0450  WAPE 0.230  CRPS 0.0261  PICP90 原始 0.835 / ACI 0.900；输出 D:\EV充电因果预测sci论文\05_实验结果\runs\abl_A13_soft0.01_s1
