2026-10-01 15:48:32,000 INFO 运行 abl_A3_prior-0.45_s2，设备 cuda，torch 2.11.0+cu128
2026-10-01 15:48:33,789 INFO 数据：T=4344 N=275 训练/验证/测试起点 3001/409/841；{'train': ('2022-09-01', '2023-01-05'), 'val': ('2023-01-06', '2023-01-23'), 'test': ('2023-01-24', '2023-02-28')}
2026-10-01 15:48:33,928 INFO 模型参数 198,211；锚定方式 cut；锚定来源 fivemin_main|fixed_beta=-0.45
2026-10-01 15:49:04,972 INFO 第   1 轮  训练 0.02309  验证 pinball 0.01826  分时小区平均 β -0.450  27.2s
2026-10-01 15:49:31,550 INFO 第   2 轮  训练 0.01842  验证 pinball 0.01580  分时小区平均 β -0.450  26.6s
2026-10-01 15:49:58,096 INFO 第   3 轮  训练 0.01690  验证 pinball 0.01475  分时小区平均 β -0.450  26.5s
2026-10-01 15:50:24,789 INFO 第   4 轮  训练 0.01558  验证 pinball 0.01450  分时小区平均 β -0.450  26.7s
2026-10-01 15:50:51,454 INFO 第   5 轮  训练 0.01478  验证 pinball 0.01439  分时小区平均 β -0.450  26.7s
2026-10-01 15:51:18,157 INFO 第   6 轮  训练 0.01438  验证 pinball 0.01390  分时小区平均 β -0.450  26.7s
2026-10-01 15:51:44,959 INFO 第   7 轮  训练 0.01405  验证 pinball 0.01375  分时小区平均 β -0.450  26.8s
2026-10-01 15:52:11,797 INFO 第   8 轮  训练 0.01375  验证 pinball 0.01371  分时小区平均 β -0.450  26.8s
2026-10-01 15:52:38,557 INFO 第   9 轮  训练 0.01355  验证 pinball 0.01348  分时小区平均 β -0.450  26.7s
2026-10-01 15:53:05,265 INFO 第  10 轮  训练 0.01341  验证 pinball 0.01357  分时小区平均 β -0.450  26.7s
2026-10-01 15:53:32,036 INFO 第  11 轮  训练 0.01322  验证 pinball 0.01363  分时小区平均 β -0.450  26.8s
2026-10-01 15:53:58,713 INFO 第  12 轮  训练 0.01301  验证 pinball 0.01316  分时小区平均 β -0.450  26.7s
2026-10-01 15:54:25,394 INFO 第  13 轮  训练 0.01298  验证 pinball 0.01368  分时小区平均 β -0.450  26.7s
2026-10-01 15:54:52,067 INFO 第  14 轮  训练 0.01284  验证 pinball 0.01377  分时小区平均 β -0.450  26.7s
2026-10-01 15:55:18,911 INFO 第  15 轮  训练 0.01270  验证 pinball 0.01316  分时小区平均 β -0.450  26.8s
2026-10-01 15:55:45,795 INFO 第  16 轮  训练 0.01260  验证 pinball 0.01416  分时小区平均 β -0.450  26.9s
2026-10-01 15:56:12,827 INFO 第  17 轮  训练 0.01260  验证 pinball 0.01315  分时小区平均 β -0.450  27.0s
2026-10-01 15:56:39,516 INFO 第  18 轮  训练 0.01244  验证 pinball 0.01320  分时小区平均 β -0.450  26.7s
2026-10-01 15:57:06,233 INFO 第  19 轮  训练 0.01230  验证 pinball 0.01355  分时小区平均 β -0.450  26.7s
2026-10-01 15:57:33,023 INFO 第  20 轮  训练 0.01225  验证 pinball 0.01382  分时小区平均 β -0.450  26.8s
2026-10-01 15:57:59,715 INFO 第  21 轮  训练 0.01216  验证 pinball 0.01387  分时小区平均 β -0.450  26.7s
2026-10-01 15:58:26,296 INFO 第  22 轮  训练 0.01211  验证 pinball 0.01329  分时小区平均 β -0.450  26.6s
2026-10-01 15:58:53,198 INFO 第  23 轮  训练 0.01203  验证 pinball 0.01365  分时小区平均 β -0.450  26.9s
2026-10-01 15:59:19,992 INFO 第  24 轮  训练 0.01191  验证 pinball 0.01334  分时小区平均 β -0.450  26.8s
2026-10-01 15:59:46,737 INFO 第  25 轮  训练 0.01186  验证 pinball 0.01337  分时小区平均 β -0.450  26.7s
2026-10-01 16:00:13,543 INFO 第  26 轮  训练 0.01188  验证 pinball 0.01347  分时小区平均 β -0.450  26.8s
2026-10-01 16:00:40,206 INFO 第  27 轮  训练 0.01173  验证 pinball 0.01380  分时小区平均 β -0.450  26.7s
2026-10-01 16:01:06,955 INFO 第  28 轮  训练 0.01170  验证 pinball 0.01356  分时小区平均 β -0.450  26.7s
2026-10-01 16:01:33,835 INFO 第  29 轮  训练 0.01170  验证 pinball 0.01358  分时小区平均 β -0.450  26.9s
2026-10-01 16:02:00,653 INFO 第  30 轮  训练 0.01155  验证 pinball 0.01474  分时小区平均 β -0.450  26.8s
2026-10-01 16:02:27,411 INFO 第  31 轮  训练 0.01159  验证 pinball 0.01350  分时小区平均 β -0.450  26.8s
2026-10-01 16:02:54,401 INFO 第  32 轮  训练 0.01150  验证 pinball 0.01407  分时小区平均 β -0.450  27.0s
2026-10-01 16:02:54,401 INFO 验证损失 15 轮未改善，提前停止
2026-10-01 16:02:59,365 INFO 切换点一致性（all）：观测 β -1.180（0.393）  模型 β -0.672（0.188）
2026-10-01 16:02:59,637 INFO 切换点一致性（novel）：观测 β -0.367（0.505）  模型 β -0.305（0.221）
2026-10-01 16:03:17,325 INFO 测试期 MAE 0.0444  WAPE 0.227  CRPS 0.0256  PICP90 原始 0.849 / ACI 0.902；输出 D:\EV充电因果预测sci论文\05_实验结果\runs\abl_A3_prior-0.45_s2
