2026-10-01 11:54:11,966 INFO 运行 abl_A2_none_s1，设备 cuda，torch 2.11.0+cu128
2026-10-01 11:54:13,061 INFO 数据：T=4344 N=275 训练/验证/测试起点 3001/409/841；{'train': ('2022-09-01', '2023-01-05'), 'val': ('2023-01-06', '2023-01-23'), 'test': ('2023-01-24', '2023-02-28')}
2026-10-01 11:54:13,193 INFO 模型参数 199,326；锚定方式 none；锚定来源 fivemin_main
2026-10-01 11:54:42,723 INFO 第   1 轮  训练 0.02275  验证 pinball 0.01803  分时小区平均 β -0.275  27.1s
2026-10-01 11:55:09,142 INFO 第   2 轮  训练 0.01836  验证 pinball 0.01589  分时小区平均 β -0.251  26.4s
2026-10-01 11:55:35,453 INFO 第   3 轮  训练 0.01694  验证 pinball 0.01493  分时小区平均 β -0.221  26.3s
2026-10-01 11:56:01,746 INFO 第   4 轮  训练 0.01566  验证 pinball 0.01482  分时小区平均 β -0.195  26.3s
2026-10-01 11:56:28,100 INFO 第   5 轮  训练 0.01481  验证 pinball 0.01439  分时小区平均 β -0.178  26.3s
2026-10-01 11:56:54,482 INFO 第   6 轮  训练 0.01421  验证 pinball 0.01381  分时小区平均 β -0.174  26.4s
2026-10-01 11:57:20,921 INFO 第   7 轮  训练 0.01401  验证 pinball 0.01397  分时小区平均 β -0.177  26.4s
2026-10-01 11:57:47,256 INFO 第   8 轮  训练 0.01366  验证 pinball 0.01337  分时小区平均 β -0.184  26.3s
2026-10-01 11:58:13,703 INFO 第   9 轮  训练 0.01339  验证 pinball 0.01326  分时小区平均 β -0.190  26.4s
2026-10-01 11:58:40,091 INFO 第  10 轮  训练 0.01331  验证 pinball 0.01322  分时小区平均 β -0.195  26.4s
2026-10-01 11:59:06,468 INFO 第  11 轮  训练 0.01314  验证 pinball 0.01316  分时小区平均 β -0.198  26.4s
2026-10-01 11:59:32,853 INFO 第  12 轮  训练 0.01303  验证 pinball 0.01372  分时小区平均 β -0.201  26.4s
2026-10-01 11:59:59,222 INFO 第  13 轮  训练 0.01285  验证 pinball 0.01327  分时小区平均 β -0.201  26.4s
2026-10-01 12:00:25,700 INFO 第  14 轮  训练 0.01269  验证 pinball 0.01338  分时小区平均 β -0.201  26.5s
2026-10-01 12:00:52,110 INFO 第  15 轮  训练 0.01260  验证 pinball 0.01284  分时小区平均 β -0.201  26.4s
2026-10-01 12:01:18,509 INFO 第  16 轮  训练 0.01261  验证 pinball 0.01333  分时小区平均 β -0.201  26.4s
2026-10-01 12:01:44,879 INFO 第  17 轮  训练 0.01239  验证 pinball 0.01294  分时小区平均 β -0.202  26.4s
2026-10-01 12:02:11,224 INFO 第  18 轮  训练 0.01230  验证 pinball 0.01292  分时小区平均 β -0.202  26.3s
2026-10-01 12:02:37,467 INFO 第  19 轮  训练 0.01221  验证 pinball 0.01311  分时小区平均 β -0.201  26.2s
2026-10-01 12:03:03,875 INFO 第  20 轮  训练 0.01223  验证 pinball 0.01282  分时小区平均 β -0.201  26.4s
2026-10-01 12:03:30,330 INFO 第  21 轮  训练 0.01207  验证 pinball 0.01320  分时小区平均 β -0.200  26.4s
2026-10-01 12:03:56,646 INFO 第  22 轮  训练 0.01202  验证 pinball 0.01416  分时小区平均 β -0.200  26.3s
2026-10-01 12:04:23,165 INFO 第  23 轮  训练 0.01197  验证 pinball 0.01305  分时小区平均 β -0.199  26.5s
2026-10-01 12:04:49,651 INFO 第  24 轮  训练 0.01188  验证 pinball 0.01321  分时小区平均 β -0.199  26.5s
2026-10-01 12:05:16,020 INFO 第  25 轮  训练 0.01186  验证 pinball 0.01298  分时小区平均 β -0.198  26.4s
2026-10-01 12:05:42,405 INFO 第  26 轮  训练 0.01176  验证 pinball 0.01330  分时小区平均 β -0.196  26.4s
2026-10-01 12:06:08,741 INFO 第  27 轮  训练 0.01168  验证 pinball 0.01308  分时小区平均 β -0.193  26.3s
2026-10-01 12:06:35,083 INFO 第  28 轮  训练 0.01171  验证 pinball 0.01401  分时小区平均 β -0.191  26.3s
2026-10-01 12:07:01,431 INFO 第  29 轮  训练 0.01165  验证 pinball 0.01316  分时小区平均 β -0.189  26.3s
2026-10-01 12:07:27,893 INFO 第  30 轮  训练 0.01149  验证 pinball 0.01328  分时小区平均 β -0.185  26.5s
2026-10-01 12:07:54,246 INFO 第  31 轮  训练 0.01151  验证 pinball 0.01317  分时小区平均 β -0.182  26.4s
2026-10-01 12:08:20,764 INFO 第  32 轮  训练 0.01135  验证 pinball 0.01353  分时小区平均 β -0.179  26.5s
2026-10-01 12:08:47,080 INFO 第  33 轮  训练 0.01132  验证 pinball 0.01348  分时小区平均 β -0.176  26.3s
2026-10-01 12:09:13,413 INFO 第  34 轮  训练 0.01131  验证 pinball 0.01320  分时小区平均 β -0.173  26.3s
2026-10-01 12:09:39,852 INFO 第  35 轮  训练 0.01127  验证 pinball 0.01340  分时小区平均 β -0.170  26.4s
2026-10-01 12:09:39,852 INFO 验证损失 15 轮未改善，提前停止
2026-10-01 12:09:44,497 INFO 切换点一致性（all）：观测 β -1.180（0.393）  模型 β -0.477（0.229）
2026-10-01 12:09:44,702 INFO 切换点一致性（novel）：观测 β -0.367（0.505）  模型 β -0.192（0.263）
2026-10-01 12:09:57,196 INFO 测试期 MAE 0.0449  WAPE 0.230  CRPS 0.0261  PICP90 原始 0.837 / ACI 0.900；输出 D:\EV充电因果预测sci论文\05_实验结果\runs\abl_A2_none_s1
