2026-10-01 00:13:51,831 INFO 运行 base_agcrn_s0，基线 agcrn，设备 cuda，torch 2.11.0+cu128
2026-10-01 00:13:52,776 INFO 数据：T=4344 N=275 目标 utilization 训练/验证/测试起点 3001/409/841
2026-10-01 00:13:52,949 INFO 模型参数 812,933；价格输入 none；损失 pinball（分位数）
2026-10-01 00:14:30,952 INFO 训练 第   1 轮  训练 0.02574  验证 0.01910  34.8s
2026-10-01 00:15:05,229 INFO 训练 第   2 轮  训练 0.01932  验证 0.01799  34.3s
2026-10-01 00:15:40,186 INFO 训练 第   3 轮  训练 0.01834  验证 0.01759  35.0s
2026-10-01 00:16:15,239 INFO 训练 第   4 轮  训练 0.01737  验证 0.01670  35.0s
2026-10-01 00:16:49,454 INFO 训练 第   5 轮  训练 0.01671  验证 0.01641  34.2s
2026-10-01 00:17:24,345 INFO 训练 第   6 轮  训练 0.01616  验证 0.01600  34.9s
2026-10-01 00:17:56,907 INFO 训练 第   7 轮  训练 0.01558  验证 0.01581  32.6s
2026-10-01 00:18:31,075 INFO 训练 第   8 轮  训练 0.01503  验证 0.01533  34.2s
2026-10-01 00:19:04,224 INFO 训练 第   9 轮  训练 0.01463  验证 0.01530  33.1s
2026-10-01 00:19:36,723 INFO 训练 第  10 轮  训练 0.01431  验证 0.01509  32.5s
2026-10-01 00:20:12,993 INFO 训练 第  11 轮  训练 0.01399  验证 0.01486  36.3s
2026-10-01 00:20:46,478 INFO 训练 第  12 轮  训练 0.01373  验证 0.01477  33.5s
2026-10-01 00:21:21,350 INFO 训练 第  13 轮  训练 0.01346  验证 0.01482  34.9s
2026-10-01 00:21:55,836 INFO 训练 第  14 轮  训练 0.01332  验证 0.01470  34.5s
2026-10-01 00:22:28,687 INFO 训练 第  15 轮  训练 0.01308  验证 0.01491  32.8s
2026-10-01 00:23:04,026 INFO 训练 第  16 轮  训练 0.01290  验证 0.01487  35.3s
2026-10-01 00:23:38,592 INFO 训练 第  17 轮  训练 0.01274  验证 0.01478  34.6s
2026-10-01 00:24:12,221 INFO 训练 第  18 轮  训练 0.01257  验证 0.01476  33.6s
2026-10-01 00:24:46,007 INFO 训练 第  19 轮  训练 0.01242  验证 0.01497  33.8s
2026-10-01 00:25:17,936 INFO 训练 第  20 轮  训练 0.01227  验证 0.01487  31.9s
2026-10-01 00:25:49,942 INFO 训练 第  21 轮  训练 0.01214  验证 0.01493  32.0s
2026-10-01 00:26:24,690 INFO 训练 第  22 轮  训练 0.01200  验证 0.01506  34.7s
2026-10-01 00:26:58,679 INFO 训练 第  23 轮  训练 0.01189  验证 0.01504  34.0s
2026-10-01 00:27:32,315 INFO 训练 第  24 轮  训练 0.01178  验证 0.01527  33.6s
2026-10-01 00:28:05,862 INFO 训练 第  25 轮  训练 0.01162  验证 0.01523  33.5s
2026-10-01 00:28:40,507 INFO 训练 第  26 轮  训练 0.01150  验证 0.01541  34.6s
2026-10-01 00:29:14,479 INFO 训练 第  27 轮  训练 0.01139  验证 0.01545  34.0s
2026-10-01 00:29:49,408 INFO 训练 第  28 轮  训练 0.01125  验证 0.01563  34.9s
2026-10-01 00:30:24,004 INFO 训练 第  29 轮  训练 0.01112  验证 0.01581  34.6s
2026-10-01 00:30:24,005 INFO 验证损失 15 轮未改善，提前停止
2026-10-01 00:30:30,336 INFO 切换点一致性（all）：观测 β -1.180（0.393）  模型 β -0.305（0.185）
2026-10-01 00:30:30,712 INFO 切换点一致性（novel）：观测 β -0.367（0.505）  模型 β -0.096（0.207）
2026-10-01 00:30:45,490 INFO 测试期 MAE 0.0514  WAPE 0.263  CRPS 0.0299  PICP90 原始 0.825 / ACI 0.906；输出 D:\EV充电因果预测sci论文\05_实验结果\runs\base_agcrn_s0
