2026-10-01 02:25:00,612 INFO 运行 base_stgcn_price_s1，基线 stgcn，设备 cuda，torch 2.11.0+cu128
2026-10-01 02:25:01,990 INFO 数据：T=4344 N=275 目标 utilization 训练/验证/测试起点 3001/409/841
2026-10-01 02:25:02,205 INFO 模型参数 301,511；价格输入 hist_fut；损失 pinball（分位数）
2026-10-01 02:25:16,343 INFO 训练 第   1 轮  训练 0.02313  验证 0.01792  11.9s
2026-10-01 02:25:27,392 INFO 训练 第   2 轮  训练 0.01901  验证 0.01779  11.0s
2026-10-01 02:25:38,509 INFO 训练 第   3 轮  训练 0.01847  验证 0.01717  11.1s
2026-10-01 02:25:49,536 INFO 训练 第   4 轮  训练 0.01806  验证 0.01722  11.0s
2026-10-01 02:26:00,582 INFO 训练 第   5 轮  训练 0.01699  验证 0.01617  11.0s
2026-10-01 02:26:11,629 INFO 训练 第   6 轮  训练 0.01619  验证 0.01571  11.0s
2026-10-01 02:26:22,749 INFO 训练 第   7 轮  训练 0.01569  验证 0.01559  11.1s
2026-10-01 02:26:33,766 INFO 训练 第   8 轮  训练 0.01515  验证 0.01524  11.0s
2026-10-01 02:26:44,835 INFO 训练 第   9 轮  训练 0.01445  验证 0.01485  11.1s
2026-10-01 02:26:55,865 INFO 训练 第  10 轮  训练 0.01407  验证 0.01494  11.0s
2026-10-01 02:27:06,950 INFO 训练 第  11 轮  训练 0.01385  验证 0.01490  11.1s
2026-10-01 02:27:17,991 INFO 训练 第  12 轮  训练 0.01361  验证 0.01488  11.0s
2026-10-01 02:27:29,053 INFO 训练 第  13 轮  训练 0.01344  验证 0.01479  11.1s
2026-10-01 02:27:40,018 INFO 训练 第  14 轮  训练 0.01330  验证 0.01513  11.0s
2026-10-01 02:27:51,029 INFO 训练 第  15 轮  训练 0.01313  验证 0.01515  11.0s
2026-10-01 02:28:02,003 INFO 训练 第  16 轮  训练 0.01300  验证 0.01537  11.0s
2026-10-01 02:28:13,092 INFO 训练 第  17 轮  训练 0.01287  验证 0.01533  11.1s
2026-10-01 02:28:24,089 INFO 训练 第  18 轮  训练 0.01272  验证 0.01544  11.0s
2026-10-01 02:28:35,194 INFO 训练 第  19 轮  训练 0.01257  验证 0.01553  11.1s
2026-10-01 02:28:46,230 INFO 训练 第  20 轮  训练 0.01244  验证 0.01555  11.0s
2026-10-01 02:28:57,354 INFO 训练 第  21 轮  训练 0.01233  验证 0.01559  11.1s
2026-10-01 02:29:08,489 INFO 训练 第  22 轮  训练 0.01222  验证 0.01588  11.1s
2026-10-01 02:29:19,537 INFO 训练 第  23 轮  训练 0.01208  验证 0.01571  11.0s
2026-10-01 02:29:30,577 INFO 训练 第  24 轮  训练 0.01195  验证 0.01560  11.0s
2026-10-01 02:29:41,672 INFO 训练 第  25 轮  训练 0.01187  验证 0.01564  11.1s
2026-10-01 02:29:52,590 INFO 训练 第  26 轮  训练 0.01175  验证 0.01589  10.9s
2026-10-01 02:30:03,600 INFO 训练 第  27 轮  训练 0.01158  验证 0.01587  11.0s
2026-10-01 02:30:14,626 INFO 训练 第  28 轮  训练 0.01148  验证 0.01577  11.0s
2026-10-01 02:30:14,626 INFO 验证损失 15 轮未改善，提前停止
2026-10-01 02:30:18,287 INFO 价格响应读出（分时小区 dl_hist+dl_fut 价格 +5%）：弧弹性均值 +0.052，中位数 +0.033，为负的比例 0.44
2026-10-01 02:30:18,558 INFO 切换点一致性（all）：观测 β -1.180（0.393）  模型 β -0.386（0.177）
2026-10-01 02:30:18,763 INFO 切换点一致性（novel）：观测 β -0.367（0.505）  模型 β -0.296（0.217）
2026-10-01 02:30:31,729 INFO 测试期 MAE 0.0525  WAPE 0.269  CRPS 0.0305  PICP90 原始 0.820 / ACI 0.902；输出 D:\EV充电因果预测sci论文\05_实验结果\runs\base_stgcn_price_s1
