2026-10-02 01:04:31,350 INFO 运行 eid_profile-0.4_s0，设备 cuda，torch 2.11.0+cu128
2026-10-02 01:04:32,651 INFO 数据：T=4344 N=275 训练/验证/测试起点 3001/409/841；{'train': ('2022-09-01', '2023-01-05'), 'val': ('2023-01-06', '2023-01-23'), 'test': ('2023-01-24', '2023-02-28')}
2026-10-02 01:04:32,801 INFO 模型参数 198,211；锚定方式 cut；锚定来源 fivemin_main|fixed_beta=-0.4
2026-10-02 01:05:03,665 INFO 第   1 轮  训练 0.02301  验证 pinball 0.01702  分时小区平均 β -0.400  27.5s
2026-10-02 01:05:30,542 INFO 第   2 轮  训练 0.01835  验证 pinball 0.01599  分时小区平均 β -0.400  26.9s
2026-10-02 01:05:57,312 INFO 第   3 轮  训练 0.01705  验证 pinball 0.01524  分时小区平均 β -0.400  26.8s
2026-10-02 01:06:24,045 INFO 第   4 轮  训练 0.01580  验证 pinball 0.01432  分时小区平均 β -0.400  26.7s
2026-10-02 01:06:50,948 INFO 第   5 轮  训练 0.01495  验证 pinball 0.01456  分时小区平均 β -0.400  26.9s
2026-10-02 01:07:17,731 INFO 第   6 轮  训练 0.01434  验证 pinball 0.01385  分时小区平均 β -0.400  26.8s
2026-10-02 01:07:44,442 INFO 第   7 轮  训练 0.01406  验证 pinball 0.01378  分时小区平均 β -0.400  26.7s
2026-10-02 01:08:11,249 INFO 第   8 轮  训练 0.01383  验证 pinball 0.01351  分时小区平均 β -0.400  26.8s
2026-10-02 01:08:38,014 INFO 第   9 轮  训练 0.01355  验证 pinball 0.01473  分时小区平均 β -0.400  26.8s
2026-10-02 01:09:04,771 INFO 第  10 轮  训练 0.01341  验证 pinball 0.01366  分时小区平均 β -0.400  26.8s
2026-10-02 01:09:31,566 INFO 第  11 轮  训练 0.01328  验证 pinball 0.01318  分时小区平均 β -0.400  26.8s
2026-10-02 01:09:58,423 INFO 第  12 轮  训练 0.01306  验证 pinball 0.01300  分时小区平均 β -0.400  26.8s
2026-10-02 01:10:25,164 INFO 第  13 轮  训练 0.01296  验证 pinball 0.01330  分时小区平均 β -0.400  26.7s
2026-10-02 01:10:51,953 INFO 第  14 轮  训练 0.01288  验证 pinball 0.01321  分时小区平均 β -0.400  26.8s
2026-10-02 01:11:18,680 INFO 第  15 轮  训练 0.01276  验证 pinball 0.01301  分时小区平均 β -0.400  26.7s
2026-10-02 01:11:45,303 INFO 第  16 轮  训练 0.01259  验证 pinball 0.01293  分时小区平均 β -0.400  26.6s
2026-10-02 01:12:12,058 INFO 第  17 轮  训练 0.01256  验证 pinball 0.01307  分时小区平均 β -0.400  26.7s
2026-10-02 01:12:38,736 INFO 第  18 轮  训练 0.01240  验证 pinball 0.01316  分时小区平均 β -0.400  26.7s
2026-10-02 01:13:05,432 INFO 第  19 轮  训练 0.01232  验证 pinball 0.01305  分时小区平均 β -0.400  26.7s
2026-10-02 01:13:32,184 INFO 第  20 轮  训练 0.01226  验证 pinball 0.01292  分时小区平均 β -0.400  26.8s
2026-10-02 01:13:59,034 INFO 第  21 轮  训练 0.01224  验证 pinball 0.01299  分时小区平均 β -0.400  26.8s
2026-10-02 01:14:25,857 INFO 第  22 轮  训练 0.01211  验证 pinball 0.01311  分时小区平均 β -0.400  26.8s
2026-10-02 01:14:52,537 INFO 第  23 轮  训练 0.01205  验证 pinball 0.01291  分时小区平均 β -0.400  26.7s
2026-10-02 01:15:19,502 INFO 第  24 轮  训练 0.01207  验证 pinball 0.01298  分时小区平均 β -0.400  27.0s
2026-10-02 01:15:46,279 INFO 第  25 轮  训练 0.01192  验证 pinball 0.01338  分时小区平均 β -0.400  26.8s
2026-10-02 01:16:13,156 INFO 第  26 轮  训练 0.01189  验证 pinball 0.01313  分时小区平均 β -0.400  26.9s
2026-10-02 01:16:39,927 INFO 第  27 轮  训练 0.01188  验证 pinball 0.01303  分时小区平均 β -0.400  26.8s
2026-10-02 01:17:06,618 INFO 第  28 轮  训练 0.01181  验证 pinball 0.01281  分时小区平均 β -0.400  26.7s
2026-10-02 01:17:33,383 INFO 第  29 轮  训练 0.01173  验证 pinball 0.01297  分时小区平均 β -0.400  26.8s
2026-10-02 01:18:00,088 INFO 第  30 轮  训练 0.01169  验证 pinball 0.01325  分时小区平均 β -0.400  26.7s
2026-10-02 01:18:26,828 INFO 第  31 轮  训练 0.01164  验证 pinball 0.01341  分时小区平均 β -0.400  26.7s
2026-10-02 01:18:53,629 INFO 第  32 轮  训练 0.01164  验证 pinball 0.01332  分时小区平均 β -0.400  26.8s
2026-10-02 01:19:20,459 INFO 第  33 轮  训练 0.01158  验证 pinball 0.01339  分时小区平均 β -0.400  26.8s
2026-10-02 01:19:47,263 INFO 第  34 轮  训练 0.01150  验证 pinball 0.01316  分时小区平均 β -0.400  26.8s
2026-10-02 01:20:14,178 INFO 第  35 轮  训练 0.01147  验证 pinball 0.01365  分时小区平均 β -0.400  26.9s
2026-10-02 01:20:40,896 INFO 第  36 轮  训练 0.01142  验证 pinball 0.01313  分时小区平均 β -0.400  26.7s
2026-10-02 01:21:07,681 INFO 第  37 轮  训练 0.01144  验证 pinball 0.01342  分时小区平均 β -0.400  26.8s
2026-10-02 01:21:34,474 INFO 第  38 轮  训练 0.01131  验证 pinball 0.01349  分时小区平均 β -0.400  26.8s
2026-10-02 01:22:01,380 INFO 第  39 轮  训练 0.01126  验证 pinball 0.01334  分时小区平均 β -0.400  26.9s
2026-10-02 01:22:28,022 INFO 第  40 轮  训练 0.01130  验证 pinball 0.01333  分时小区平均 β -0.400  26.6s
2026-10-02 01:22:54,809 INFO 第  41 轮  训练 0.01131  验证 pinball 0.01410  分时小区平均 β -0.400  26.8s
2026-10-02 01:23:21,599 INFO 第  42 轮  训练 0.01120  验证 pinball 0.01338  分时小区平均 β -0.400  26.8s
2026-10-02 01:23:48,464 INFO 第  43 轮  训练 0.01116  验证 pinball 0.01340  分时小区平均 β -0.400  26.9s
2026-10-02 01:23:48,464 INFO 验证损失 15 轮未改善，提前停止
2026-10-02 01:23:53,314 INFO 切换点一致性（all）：观测 β -1.180（0.393）  模型 β -0.645（0.218）
2026-10-02 01:23:53,553 INFO 切换点一致性（novel）：观测 β -0.367（0.505）  模型 β -0.334（0.281）
2026-10-02 01:24:11,104 INFO 测试期 MAE 0.0449  WAPE 0.230  CRPS 0.0264  PICP90 原始 0.810 / ACI 0.901；输出 D:\EV充电因果预测sci论文\05_实验结果\runs\eid_profile-0.4_s0
