2026-10-01 05:53:30,159 INFO 运行 base_lstm_s4，基线 lstm，设备 cuda，torch 2.11.0+cu128
2026-10-01 05:53:31,195 INFO 数据：T=4344 N=275 目标 utilization 训练/验证/测试起点 3001/409/841
2026-10-01 05:53:31,332 INFO 模型参数 40,007；价格输入 none；损失 pinball（分位数）
2026-10-01 05:53:39,768 INFO 训练 第   1 轮  训练 0.02457  验证 0.01865  5.3s
2026-10-01 05:53:44,394 INFO 训练 第   2 轮  训练 0.02023  验证 0.01753  4.6s
2026-10-01 05:53:49,097 INFO 训练 第   3 轮  训练 0.01959  验证 0.01729  4.7s
2026-10-01 05:53:53,754 INFO 训练 第   4 轮  训练 0.01913  验证 0.01664  4.7s
2026-10-01 05:53:58,394 INFO 训练 第   5 轮  训练 0.01849  验证 0.01589  4.6s
2026-10-01 05:54:03,081 INFO 训练 第   6 轮  训练 0.01789  验证 0.01578  4.7s
2026-10-01 05:54:07,952 INFO 训练 第   7 轮  训练 0.01749  验证 0.01539  4.9s
2026-10-01 05:54:12,746 INFO 训练 第   8 轮  训练 0.01726  验证 0.01513  4.8s
2026-10-01 05:54:17,554 INFO 训练 第   9 轮  训练 0.01704  验证 0.01502  4.8s
2026-10-01 05:54:22,183 INFO 训练 第  10 轮  训练 0.01685  验证 0.01486  4.6s
2026-10-01 05:54:26,805 INFO 训练 第  11 轮  训练 0.01668  验证 0.01480  4.6s
2026-10-01 05:54:31,513 INFO 训练 第  12 轮  训练 0.01654  验证 0.01467  4.7s
2026-10-01 05:54:36,169 INFO 训练 第  13 轮  训练 0.01641  验证 0.01456  4.7s
2026-10-01 05:54:41,031 INFO 训练 第  14 轮  训练 0.01627  验证 0.01467  4.9s
2026-10-01 05:54:45,962 INFO 训练 第  15 轮  训练 0.01617  验证 0.01446  4.9s
2026-10-01 05:54:50,673 INFO 训练 第  16 轮  训练 0.01607  验证 0.01452  4.7s
2026-10-01 05:54:55,328 INFO 训练 第  17 轮  训练 0.01598  验证 0.01446  4.7s
2026-10-01 05:55:00,107 INFO 训练 第  18 轮  训练 0.01589  验证 0.01442  4.8s
2026-10-01 05:55:04,801 INFO 训练 第  19 轮  训练 0.01580  验证 0.01431  4.7s
2026-10-01 05:55:09,423 INFO 训练 第  20 轮  训练 0.01571  验证 0.01437  4.6s
2026-10-01 05:55:14,157 INFO 训练 第  21 轮  训练 0.01563  验证 0.01425  4.7s
2026-10-01 05:55:18,849 INFO 训练 第  22 轮  训练 0.01557  验证 0.01415  4.7s
2026-10-01 05:55:23,718 INFO 训练 第  23 轮  训练 0.01553  验证 0.01423  4.9s
2026-10-01 05:55:28,337 INFO 训练 第  24 轮  训练 0.01543  验证 0.01411  4.6s
2026-10-01 05:55:32,966 INFO 训练 第  25 轮  训练 0.01536  验证 0.01392  4.6s
2026-10-01 05:55:37,668 INFO 训练 第  26 轮  训练 0.01531  验证 0.01421  4.7s
2026-10-01 05:55:42,284 INFO 训练 第  27 轮  训练 0.01529  验证 0.01410  4.6s
2026-10-01 05:55:47,003 INFO 训练 第  28 轮  训练 0.01522  验证 0.01388  4.7s
2026-10-01 05:55:51,727 INFO 训练 第  29 轮  训练 0.01517  验证 0.01405  4.7s
2026-10-01 05:55:56,362 INFO 训练 第  30 轮  训练 0.01513  验证 0.01404  4.6s
2026-10-01 05:56:01,059 INFO 训练 第  31 轮  训练 0.01509  验证 0.01401  4.7s
2026-10-01 05:56:05,931 INFO 训练 第  32 轮  训练 0.01505  验证 0.01392  4.9s
2026-10-01 05:56:10,704 INFO 训练 第  33 轮  训练 0.01499  验证 0.01382  4.8s
2026-10-01 05:56:15,337 INFO 训练 第  34 轮  训练 0.01497  验证 0.01397  4.6s
2026-10-01 05:56:20,144 INFO 训练 第  35 轮  训练 0.01496  验证 0.01372  4.8s
2026-10-01 05:56:24,839 INFO 训练 第  36 轮  训练 0.01488  验证 0.01373  4.7s
2026-10-01 05:56:29,534 INFO 训练 第  37 轮  训练 0.01486  验证 0.01406  4.7s
2026-10-01 05:56:34,323 INFO 训练 第  38 轮  训练 0.01484  验证 0.01391  4.8s
2026-10-01 05:56:39,009 INFO 训练 第  39 轮  训练 0.01480  验证 0.01397  4.7s
2026-10-01 05:56:43,786 INFO 训练 第  40 轮  训练 0.01477  验证 0.01358  4.8s
2026-10-01 05:56:48,576 INFO 训练 第  41 轮  训练 0.01475  验证 0.01379  4.8s
2026-10-01 05:56:53,267 INFO 训练 第  42 轮  训练 0.01472  验证 0.01408  4.7s
2026-10-01 05:56:57,954 INFO 训练 第  43 轮  训练 0.01470  验证 0.01355  4.7s
2026-10-01 05:57:02,766 INFO 训练 第  44 轮  训练 0.01468  验证 0.01358  4.8s
2026-10-01 05:57:07,560 INFO 训练 第  45 轮  训练 0.01465  验证 0.01355  4.8s
2026-10-01 05:57:12,340 INFO 训练 第  46 轮  训练 0.01464  验证 0.01368  4.8s
2026-10-01 05:57:16,993 INFO 训练 第  47 轮  训练 0.01460  验证 0.01375  4.7s
2026-10-01 05:57:21,663 INFO 训练 第  48 轮  训练 0.01457  验证 0.01363  4.7s
2026-10-01 05:57:26,432 INFO 训练 第  49 轮  训练 0.01455  验证 0.01365  4.8s
2026-10-01 05:57:31,283 INFO 训练 第  50 轮  训练 0.01453  验证 0.01355  4.8s
2026-10-01 05:57:36,011 INFO 训练 第  51 轮  训练 0.01452  验证 0.01363  4.7s
2026-10-01 05:57:40,704 INFO 训练 第  52 轮  训练 0.01450  验证 0.01355  4.7s
2026-10-01 05:57:45,401 INFO 训练 第  53 轮  训练 0.01448  验证 0.01352  4.7s
2026-10-01 05:57:50,085 INFO 训练 第  54 轮  训练 0.01446  验证 0.01372  4.7s
2026-10-01 05:57:54,992 INFO 训练 第  55 轮  训练 0.01444  验证 0.01344  4.9s
2026-10-01 05:57:59,853 INFO 训练 第  56 轮  训练 0.01441  验证 0.01342  4.9s
2026-10-01 05:58:04,645 INFO 训练 第  57 轮  训练 0.01440  验证 0.01348  4.8s
2026-10-01 05:58:09,331 INFO 训练 第  58 轮  训练 0.01438  验证 0.01362  4.7s
2026-10-01 05:58:14,091 INFO 训练 第  59 轮  训练 0.01436  验证 0.01355  4.8s
2026-10-01 05:58:19,026 INFO 训练 第  60 轮  训练 0.01436  验证 0.01372  4.9s
2026-10-01 05:58:23,886 INFO 训练 第  61 轮  训练 0.01434  验证 0.01353  4.9s
2026-10-01 05:58:28,822 INFO 训练 第  62 轮  训练 0.01432  验证 0.01348  4.9s
2026-10-01 05:58:33,670 INFO 训练 第  63 轮  训练 0.01431  验证 0.01343  4.8s
2026-10-01 05:58:38,416 INFO 训练 第  64 轮  训练 0.01432  验证 0.01340  4.7s
2026-10-01 05:58:43,226 INFO 训练 第  65 轮  训练 0.01431  验证 0.01354  4.8s
2026-10-01 05:58:47,947 INFO 训练 第  66 轮  训练 0.01427  验证 0.01332  4.7s
2026-10-01 05:58:52,753 INFO 训练 第  67 轮  训练 0.01428  验证 0.01364  4.8s
2026-10-01 05:58:57,439 INFO 训练 第  68 轮  训练 0.01425  验证 0.01344  4.7s
2026-10-01 05:59:02,094 INFO 训练 第  69 轮  训练 0.01423  验证 0.01361  4.7s
2026-10-01 05:59:06,912 INFO 训练 第  70 轮  训练 0.01422  验证 0.01363  4.8s
2026-10-01 05:59:11,577 INFO 训练 第  71 轮  训练 0.01421  验证 0.01351  4.7s
2026-10-01 05:59:16,237 INFO 训练 第  72 轮  训练 0.01421  验证 0.01346  4.7s
2026-10-01 05:59:20,981 INFO 训练 第  73 轮  训练 0.01420  验证 0.01335  4.7s
2026-10-01 05:59:25,658 INFO 训练 第  74 轮  训练 0.01417  验证 0.01358  4.7s
2026-10-01 05:59:30,344 INFO 训练 第  75 轮  训练 0.01417  验证 0.01350  4.7s
2026-10-01 05:59:35,250 INFO 训练 第  76 轮  训练 0.01416  验证 0.01370  4.9s
2026-10-01 05:59:40,014 INFO 训练 第  77 轮  训练 0.01414  验证 0.01342  4.8s
2026-10-01 05:59:44,715 INFO 训练 第  78 轮  训练 0.01416  验证 0.01362  4.7s
2026-10-01 05:59:49,628 INFO 训练 第  79 轮  训练 0.01413  验证 0.01342  4.9s
2026-10-01 05:59:54,433 INFO 训练 第  80 轮  训练 0.01412  验证 0.01339  4.8s
2026-10-01 05:59:59,153 INFO 训练 第  81 轮  训练 0.01411  验证 0.01341  4.7s
2026-10-01 05:59:59,153 INFO 验证损失 15 轮未改善，提前停止
2026-10-01 06:00:00,547 INFO 切换点一致性（all）：观测 β -1.180（0.393）  模型 β -0.609（0.200）
2026-10-01 06:00:00,801 INFO 切换点一致性（novel）：观测 β -0.367（0.505）  模型 β -0.316（0.173）
2026-10-01 06:00:17,926 INFO 测试期 MAE 0.0444  WAPE 0.227  CRPS 0.0262  PICP90 原始 0.871 / ACI 0.899；输出 D:\EV充电因果预测sci论文\05_实验结果\runs\base_lstm_s4
