2026-10-01 03:39:49,813 INFO 运行 base_gwn_blind_s2，设备 cuda，torch 2.11.0+cu128
2026-10-01 03:39:50,874 INFO 数据：T=4344 N=275 训练/验证/测试起点 3001/409/841；{'train': ('2022-09-01', '2023-01-05'), 'val': ('2023-01-06', '2023-01-23'), 'test': ('2023-01-24', '2023-02-28')}
2026-10-01 03:39:51,016 INFO 模型参数 198,211；锚定方式 cut；锚定来源 fivemin_main
2026-10-01 03:40:21,782 INFO 第   1 轮  训练 0.02316  验证 pinball 0.01823  分时小区平均 β +nan  27.7s
2026-10-01 03:40:48,522 INFO 第   2 轮  训练 0.01844  验证 pinball 0.01582  分时小区平均 β +nan  26.7s
2026-10-01 03:41:15,273 INFO 第   3 轮  训练 0.01689  验证 pinball 0.01477  分时小区平均 β +nan  26.7s
2026-10-01 03:41:41,947 INFO 第   4 轮  训练 0.01551  验证 pinball 0.01445  分时小区平均 β +nan  26.7s
2026-10-01 03:42:08,645 INFO 第   5 轮  训练 0.01478  验证 pinball 0.01444  分时小区平均 β +nan  26.7s
2026-10-01 03:42:35,396 INFO 第   6 轮  训练 0.01440  验证 pinball 0.01394  分时小区平均 β +nan  26.7s
2026-10-01 03:43:02,178 INFO 第   7 轮  训练 0.01407  验证 pinball 0.01373  分时小区平均 β +nan  26.8s
2026-10-01 03:43:28,924 INFO 第   8 轮  训练 0.01377  验证 pinball 0.01372  分时小区平均 β +nan  26.7s
2026-10-01 03:43:55,628 INFO 第   9 轮  训练 0.01356  验证 pinball 0.01351  分时小区平均 β +nan  26.7s
2026-10-01 03:44:22,271 INFO 第  10 轮  训练 0.01343  验证 pinball 0.01363  分时小区平均 β +nan  26.6s
2026-10-01 03:44:48,929 INFO 第  11 轮  训练 0.01324  验证 pinball 0.01363  分时小区平均 β +nan  26.7s
2026-10-01 03:45:15,639 INFO 第  12 轮  训练 0.01303  验证 pinball 0.01320  分时小区平均 β +nan  26.7s
2026-10-01 03:45:42,365 INFO 第  13 轮  训练 0.01300  验证 pinball 0.01365  分时小区平均 β +nan  26.7s
2026-10-01 03:46:09,091 INFO 第  14 轮  训练 0.01285  验证 pinball 0.01388  分时小区平均 β +nan  26.7s
2026-10-01 03:46:35,782 INFO 第  15 轮  训练 0.01272  验证 pinball 0.01317  分时小区平均 β +nan  26.7s
2026-10-01 03:47:02,666 INFO 第  16 轮  训练 0.01262  验证 pinball 0.01406  分时小区平均 β +nan  26.9s
2026-10-01 03:47:29,453 INFO 第  17 轮  训练 0.01261  验证 pinball 0.01322  分时小区平均 β +nan  26.8s
2026-10-01 03:47:56,124 INFO 第  18 轮  训练 0.01244  验证 pinball 0.01319  分时小区平均 β +nan  26.7s
2026-10-01 03:48:22,863 INFO 第  19 轮  训练 0.01232  验证 pinball 0.01347  分时小区平均 β +nan  26.7s
2026-10-01 03:48:49,418 INFO 第  20 轮  训练 0.01227  验证 pinball 0.01371  分时小区平均 β +nan  26.6s
2026-10-01 03:49:16,103 INFO 第  21 轮  训练 0.01217  验证 pinball 0.01383  分时小区平均 β +nan  26.7s
2026-10-01 03:49:42,857 INFO 第  22 轮  训练 0.01213  验证 pinball 0.01328  分时小区平均 β +nan  26.8s
2026-10-01 03:50:09,689 INFO 第  23 轮  训练 0.01204  验证 pinball 0.01367  分时小区平均 β +nan  26.8s
2026-10-01 03:50:36,435 INFO 第  24 轮  训练 0.01193  验证 pinball 0.01324  分时小区平均 β +nan  26.7s
2026-10-01 03:51:03,127 INFO 第  25 轮  训练 0.01187  验证 pinball 0.01325  分时小区平均 β +nan  26.7s
2026-10-01 03:51:29,754 INFO 第  26 轮  训练 0.01188  验证 pinball 0.01361  分时小区平均 β +nan  26.6s
2026-10-01 03:51:56,330 INFO 第  27 轮  训练 0.01174  验证 pinball 0.01372  分时小区平均 β +nan  26.6s
2026-10-01 03:52:23,045 INFO 第  28 轮  训练 0.01171  验证 pinball 0.01361  分时小区平均 β +nan  26.7s
2026-10-01 03:52:49,908 INFO 第  29 轮  训练 0.01171  验证 pinball 0.01358  分时小区平均 β +nan  26.9s
2026-10-01 03:53:16,727 INFO 第  30 轮  训练 0.01156  验证 pinball 0.01465  分时小区平均 β +nan  26.8s
2026-10-01 03:53:16,727 INFO 验证损失 15 轮未改善，提前停止
2026-10-01 03:53:21,635 INFO 切换点一致性（all）：观测 β -1.180（0.393）  模型 β -0.465（0.176）
2026-10-01 03:53:21,873 INFO 切换点一致性（novel）：观测 β -0.367（0.505）  模型 β -0.220（0.181）
2026-10-01 03:53:38,941 INFO 测试期 MAE 0.0443  WAPE 0.227  CRPS 0.0255  PICP90 原始 0.857 / ACI 0.902；输出 D:\EV充电因果预测sci论文\05_实验结果\runs\base_gwn_blind_s2
