2026-10-02 03:51:07,976 INFO 运行 eps_pag_paper-0.1，基线 pag，设备 cuda，torch 2.11.0+cu128
2026-10-02 03:51:09,432 INFO 数据：T=4344 N=275 目标 occupancy 训练/验证/测试起点 3001/409/841
2026-10-02 03:51:09,589 INFO 模型参数 3,326；价格输入 历史价格（PAG）；损失 MSE（点预测）
2026-10-02 03:51:09,590 INFO PAG：论文版元学习预训练，先验 [-0.1]，100 轮，支持集/查询集 1500/1501 个窗口
2026-10-02 03:51:17,552 INFO PAG 元学习预训练 第   1 轮  伪样本比例 1.000  查询集损失 0.10038
2026-10-02 03:51:58,998 INFO PAG 元学习预训练 第  10 轮  伪样本比例 0.991  查询集损失 0.09965
2026-10-02 03:52:44,557 INFO PAG 元学习预训练 第  20 轮  伪样本比例 0.981  查询集损失 0.09865
2026-10-02 03:53:29,586 INFO PAG 元学习预训练 第  30 轮  伪样本比例 0.971  查询集损失 0.09777
2026-10-02 03:54:14,605 INFO PAG 元学习预训练 第  40 轮  伪样本比例 0.961  查询集损失 0.09685
2026-10-02 03:54:59,170 INFO PAG 元学习预训练 第  50 轮  伪样本比例 0.951  查询集损失 0.09587
2026-10-02 03:55:43,410 INFO PAG 元学习预训练 第  60 轮  伪样本比例 0.941  查询集损失 0.09499
2026-10-02 03:56:27,790 INFO PAG 元学习预训练 第  70 轮  伪样本比例 0.931  查询集损失 0.09418
2026-10-02 03:57:12,104 INFO PAG 元学习预训练 第  80 轮  伪样本比例 0.921  查询集损失 0.09328
2026-10-02 03:57:55,774 INFO PAG 元学习预训练 第  90 轮  伪样本比例 0.911  查询集损失 0.09230
2026-10-02 03:58:39,363 INFO PAG 元学习预训练 第 100 轮  伪样本比例 0.901  查询集损失 0.09140
2026-10-02 03:58:42,053 INFO 微调 第   1 轮  训练 0.09435  验证 0.04000  2.7s
2026-10-02 03:58:44,941 INFO 微调 第   2 轮  训练 0.03293  验证 0.02391  2.9s
2026-10-02 03:58:47,988 INFO 微调 第   3 轮  训练 0.02320  验证 0.02051  3.0s
2026-10-02 03:58:51,120 INFO 微调 第   4 轮  训练 0.01645  验证 0.01360  3.1s
2026-10-02 03:58:54,133 INFO 微调 第   5 轮  训练 0.01455  验证 0.01215  3.0s
2026-10-02 03:58:57,064 INFO 微调 第   6 轮  训练 0.01405  验证 0.01162  2.9s
2026-10-02 03:58:59,863 INFO 微调 第   7 轮  训练 0.01374  验证 0.01128  2.8s
2026-10-02 03:59:02,617 INFO 微调 第   8 轮  训练 0.01350  验证 0.01117  2.8s
2026-10-02 03:59:05,518 INFO 微调 第   9 轮  训练 0.01327  验证 0.01079  2.9s
2026-10-02 03:59:08,397 INFO 微调 第  10 轮  训练 0.01302  验证 0.01044  2.9s
2026-10-02 03:59:11,587 INFO 微调 第  11 轮  训练 0.01273  验证 0.01025  3.2s
2026-10-02 03:59:14,656 INFO 微调 第  12 轮  训练 0.01247  验证 0.00993  3.1s
2026-10-02 03:59:17,413 INFO 微调 第  13 轮  训练 0.01223  验证 0.00972  2.8s
2026-10-02 03:59:20,223 INFO 微调 第  14 轮  训练 0.01197  验证 0.00944  2.8s
2026-10-02 03:59:23,094 INFO 微调 第  15 轮  训练 0.01168  验证 0.00914  2.9s
2026-10-02 03:59:25,935 INFO 微调 第  16 轮  训练 0.01136  验证 0.00880  2.8s
2026-10-02 03:59:28,764 INFO 微调 第  17 轮  训练 0.01099  验证 0.00854  2.8s
2026-10-02 03:59:31,768 INFO 微调 第  18 轮  训练 0.01068  验证 0.00826  3.0s
2026-10-02 03:59:34,753 INFO 微调 第  19 轮  训练 0.01046  验证 0.00812  3.0s
2026-10-02 03:59:37,580 INFO 微调 第  20 轮  训练 0.01033  验证 0.00805  2.8s
2026-10-02 03:59:40,515 INFO 微调 第  21 轮  训练 0.01025  验证 0.00801  2.9s
2026-10-02 03:59:43,539 INFO 微调 第  22 轮  训练 0.01019  验证 0.00803  3.0s
2026-10-02 03:59:46,682 INFO 微调 第  23 轮  训练 0.01015  验证 0.00795  3.1s
2026-10-02 03:59:49,872 INFO 微调 第  24 轮  训练 0.01011  验证 0.00787  3.2s
2026-10-02 03:59:53,017 INFO 微调 第  25 轮  训练 0.01009  验证 0.00789  3.1s
2026-10-02 03:59:55,834 INFO 微调 第  26 轮  训练 0.01006  验证 0.00790  2.8s
2026-10-02 03:59:58,705 INFO 微调 第  27 轮  训练 0.01006  验证 0.00783  2.9s
2026-10-02 04:00:01,488 INFO 微调 第  28 轮  训练 0.01002  验证 0.00782  2.8s
2026-10-02 04:00:04,293 INFO 微调 第  29 轮  训练 0.01003  验证 0.00781  2.8s
2026-10-02 04:00:07,110 INFO 微调 第  30 轮  训练 0.01001  验证 0.00789  2.8s
2026-10-02 04:00:10,047 INFO 微调 第  31 轮  训练 0.01001  验证 0.00778  2.9s
2026-10-02 04:00:12,682 INFO 微调 第  32 轮  训练 0.00999  验证 0.00779  2.6s
2026-10-02 04:00:15,369 INFO 微调 第  33 轮  训练 0.00997  验证 0.00778  2.7s
2026-10-02 04:00:18,093 INFO 微调 第  34 轮  训练 0.00996  验证 0.00776  2.7s
2026-10-02 04:00:20,796 INFO 微调 第  35 轮  训练 0.00997  验证 0.00778  2.7s
2026-10-02 04:00:23,458 INFO 微调 第  36 轮  训练 0.00996  验证 0.00780  2.7s
2026-10-02 04:00:26,240 INFO 微调 第  37 轮  训练 0.00994  验证 0.00773  2.8s
2026-10-02 04:00:28,848 INFO 微调 第  38 轮  训练 0.00993  验证 0.00771  2.6s
2026-10-02 04:00:31,799 INFO 微调 第  39 轮  训练 0.00994  验证 0.00790  2.9s
2026-10-02 04:00:34,856 INFO 微调 第  40 轮  训练 0.00993  验证 0.00773  3.1s
2026-10-02 04:00:38,125 INFO 微调 第  41 轮  训练 0.00992  验证 0.00779  3.3s
2026-10-02 04:00:41,297 INFO 微调 第  42 轮  训练 0.00992  验证 0.00769  3.2s
2026-10-02 04:00:44,199 INFO 微调 第  43 轮  训练 0.00991  验证 0.00769  2.9s
2026-10-02 04:00:46,993 INFO 微调 第  44 轮  训练 0.00992  验证 0.00769  2.8s
2026-10-02 04:00:49,726 INFO 微调 第  45 轮  训练 0.00990  验证 0.00772  2.7s
2026-10-02 04:00:52,676 INFO 微调 第  46 轮  训练 0.00992  验证 0.00782  3.0s
2026-10-02 04:00:55,660 INFO 微调 第  47 轮  训练 0.00989  验证 0.00774  3.0s
2026-10-02 04:00:58,438 INFO 微调 第  48 轮  训练 0.00990  验证 0.00770  2.8s
2026-10-02 04:01:01,613 INFO 微调 第  49 轮  训练 0.00988  验证 0.00766  3.2s
2026-10-02 04:01:04,739 INFO 微调 第  50 轮  训练 0.00988  验证 0.00767  3.1s
2026-10-02 04:01:07,718 INFO 微调 第  51 轮  训练 0.00989  验证 0.00770  3.0s
2026-10-02 04:01:10,632 INFO 微调 第  52 轮  训练 0.00987  验证 0.00768  2.9s
2026-10-02 04:01:13,434 INFO 微调 第  53 轮  训练 0.00986  验证 0.00766  2.8s
2026-10-02 04:01:16,136 INFO 微调 第  54 轮  训练 0.00989  验证 0.00766  2.7s
2026-10-02 04:01:18,737 INFO 微调 第  55 轮  训练 0.00986  验证 0.00770  2.6s
2026-10-02 04:01:21,518 INFO 微调 第  56 轮  训练 0.00986  验证 0.00766  2.8s
2026-10-02 04:01:24,504 INFO 微调 第  57 轮  训练 0.00987  验证 0.00764  3.0s
2026-10-02 04:01:27,195 INFO 微调 第  58 轮  训练 0.00986  验证 0.00771  2.7s
2026-10-02 04:01:29,947 INFO 微调 第  59 轮  训练 0.00986  验证 0.00763  2.8s
2026-10-02 04:01:32,679 INFO 微调 第  60 轮  训练 0.00985  验证 0.00763  2.7s
2026-10-02 04:01:35,449 INFO 微调 第  61 轮  训练 0.00985  验证 0.00776  2.8s
2026-10-02 04:01:38,141 INFO 微调 第  62 轮  训练 0.00984  验证 0.00772  2.7s
2026-10-02 04:01:40,865 INFO 微调 第  63 轮  训练 0.00984  验证 0.00778  2.7s
2026-10-02 04:01:43,713 INFO 微调 第  64 轮  训练 0.00984  验证 0.00762  2.8s
2026-10-02 04:01:46,462 INFO 微调 第  65 轮  训练 0.00983  验证 0.00767  2.7s
2026-10-02 04:01:49,245 INFO 微调 第  66 轮  训练 0.00983  验证 0.00763  2.8s
2026-10-02 04:01:51,981 INFO 微调 第  67 轮  训练 0.00983  验证 0.00762  2.7s
2026-10-02 04:01:54,860 INFO 微调 第  68 轮  训练 0.00982  验证 0.00766  2.9s
2026-10-02 04:01:57,631 INFO 微调 第  69 轮  训练 0.00981  验证 0.00766  2.8s
2026-10-02 04:02:00,486 INFO 微调 第  70 轮  训练 0.00981  验证 0.00771  2.9s
2026-10-02 04:02:03,290 INFO 微调 第  71 轮  训练 0.00982  验证 0.00767  2.8s
2026-10-02 04:02:06,143 INFO 微调 第  72 轮  训练 0.00981  验证 0.00760  2.9s
2026-10-02 04:02:08,886 INFO 微调 第  73 轮  训练 0.00981  验证 0.00761  2.7s
2026-10-02 04:02:11,631 INFO 微调 第  74 轮  训练 0.00982  验证 0.00774  2.7s
2026-10-02 04:02:14,399 INFO 微调 第  75 轮  训练 0.00980  验证 0.00768  2.8s
2026-10-02 04:02:17,191 INFO 微调 第  76 轮  训练 0.00979  验证 0.00761  2.8s
2026-10-02 04:02:20,006 INFO 微调 第  77 轮  训练 0.00980  验证 0.00768  2.8s
2026-10-02 04:02:22,751 INFO 微调 第  78 轮  训练 0.00980  验证 0.00763  2.7s
2026-10-02 04:02:25,518 INFO 微调 第  79 轮  训练 0.00979  验证 0.00761  2.8s
2026-10-02 04:02:28,454 INFO 微调 第  80 轮  训练 0.00978  验证 0.00763  2.9s
2026-10-02 04:02:31,578 INFO 微调 第  81 轮  训练 0.00978  验证 0.00766  3.1s
2026-10-02 04:02:34,603 INFO 微调 第  82 轮  训练 0.00979  验证 0.00765  3.0s
2026-10-02 04:02:37,370 INFO 微调 第  83 轮  训练 0.00979  验证 0.00764  2.8s
2026-10-02 04:02:40,326 INFO 微调 第  84 轮  训练 0.00977  验证 0.00762  3.0s
2026-10-02 04:02:43,330 INFO 微调 第  85 轮  训练 0.00977  验证 0.00766  3.0s
2026-10-02 04:02:46,708 INFO 微调 第  86 轮  训练 0.00977  验证 0.00772  3.4s
2026-10-02 04:02:49,879 INFO 微调 第  87 轮  训练 0.00977  验证 0.00757  3.2s
2026-10-02 04:02:52,636 INFO 微调 第  88 轮  训练 0.00976  验证 0.00760  2.8s
2026-10-02 04:02:55,484 INFO 微调 第  89 轮  训练 0.00976  验证 0.00768  2.8s
2026-10-02 04:02:58,392 INFO 微调 第  90 轮  训练 0.00976  验证 0.00771  2.9s
2026-10-02 04:03:01,366 INFO 微调 第  91 轮  训练 0.00976  验证 0.00763  3.0s
2026-10-02 04:03:04,401 INFO 微调 第  92 轮  训练 0.00975  验证 0.00757  3.0s
2026-10-02 04:03:07,109 INFO 微调 第  93 轮  训练 0.00974  验证 0.00759  2.7s
2026-10-02 04:03:09,918 INFO 微调 第  94 轮  训练 0.00975  验证 0.00759  2.8s
2026-10-02 04:03:12,806 INFO 微调 第  95 轮  训练 0.00974  验证 0.00758  2.9s
2026-10-02 04:03:15,751 INFO 微调 第  96 轮  训练 0.00973  验证 0.00760  2.9s
2026-10-02 04:03:18,592 INFO 微调 第  97 轮  训练 0.00973  验证 0.00755  2.8s
2026-10-02 04:03:21,436 INFO 微调 第  98 轮  训练 0.00973  验证 0.00760  2.8s
2026-10-02 04:03:24,193 INFO 微调 第  99 轮  训练 0.00973  验证 0.00758  2.8s
2026-10-02 04:03:27,297 INFO 微调 第 100 轮  训练 0.00972  验证 0.00756  3.1s
2026-10-02 04:03:30,155 INFO 价格响应读出（分时小区 dl_hist 价格 +5%）：弧弹性均值 -0.165，中位数 -0.154，为负的比例 1.00
2026-10-02 04:03:30,446 INFO 切换点一致性（all）：观测 β -0.507（0.295）  模型 β -0.238（0.147）
2026-10-02 04:03:30,780 INFO 切换点一致性（novel）：观测 β -0.056（0.366）  模型 β -0.102（0.183）
2026-10-02 04:03:47,301 INFO 测试期 MAE 0.0558  WAPE 0.205  CRPS 0.0357  PICP90 原始 0.906 / ACI 0.896；输出 D:\EV充电因果预测sci论文\05_实验结果\runs\eps_pag_paper-0.1
