2026-10-01 20:26:03,547 INFO 运行 ess_rho1_A1free_s0，设备 cuda，torch 2.11.0+cu128
2026-10-01 20:26:12,404 INFO E-SS 半合成数据：109 个小区（处理组 54），ρ = 1.0，真实弹性 [-0.2, -0.8, -1.5]；锚定 cells（在合成训练期上重新估计）
2026-10-01 20:26:12,404 INFO 数据：T=4344 N=109 训练/验证/测试起点 3001/409/841；{'train': ('2022-09-01', '2023-01-05'), 'val': ('2023-01-06', '2023-01-23'), 'test': ('2023-01-24', '2023-02-28')}
2026-10-01 20:26:12,560 INFO 模型参数 195,342；锚定方式 free；锚定来源 ess_cells
2026-10-01 20:26:26,317 INFO 第   1 轮  训练 0.02350  验证 pinball 0.01848  分时小区平均 β -1.322  9.6s
2026-10-01 20:26:35,230 INFO 第   2 轮  训练 0.01831  验证 pinball 0.01796  分时小区平均 β -1.305  8.9s
2026-10-01 20:26:44,324 INFO 第   3 轮  训练 0.01656  验证 pinball 0.01517  分时小区平均 β -1.297  9.1s
2026-10-01 20:26:53,790 INFO 第   4 轮  训练 0.01518  验证 pinball 0.01460  分时小区平均 β -1.281  9.5s
2026-10-01 20:27:02,961 INFO 第   5 轮  训练 0.01415  验证 pinball 0.01454  分时小区平均 β -1.263  9.2s
2026-10-01 20:27:11,970 INFO 第   6 轮  训练 0.01351  验证 pinball 0.01453  分时小区平均 β -1.242  9.0s
2026-10-01 20:27:20,926 INFO 第   7 轮  训练 0.01318  验证 pinball 0.01434  分时小区平均 β -1.223  8.9s
2026-10-01 20:27:29,671 INFO 第   8 轮  训练 0.01292  验证 pinball 0.01387  分时小区平均 β -1.205  8.7s
2026-10-01 20:27:38,554 INFO 第   9 轮  训练 0.01270  验证 pinball 0.01523  分时小区平均 β -1.188  8.9s
2026-10-01 20:27:47,461 INFO 第  10 轮  训练 0.01253  验证 pinball 0.01415  分时小区平均 β -1.172  8.9s
2026-10-01 20:27:56,307 INFO 第  11 轮  训练 0.01234  验证 pinball 0.01500  分时小区平均 β -1.159  8.8s
2026-10-01 20:28:05,169 INFO 第  12 轮  训练 0.01219  验证 pinball 0.01424  分时小区平均 β -1.147  8.9s
2026-10-01 20:28:14,003 INFO 第  13 轮  训练 0.01207  验证 pinball 0.01442  分时小区平均 β -1.135  8.8s
2026-10-01 20:28:23,414 INFO 第  14 轮  训练 0.01197  验证 pinball 0.01419  分时小区平均 β -1.125  9.4s
2026-10-01 20:28:32,969 INFO 第  15 轮  训练 0.01178  验证 pinball 0.01403  分时小区平均 β -1.115  9.6s
2026-10-01 20:28:42,003 INFO 第  16 轮  训练 0.01180  验证 pinball 0.01416  分时小区平均 β -1.107  9.0s
2026-10-01 20:28:51,535 INFO 第  17 轮  训练 0.01162  验证 pinball 0.01465  分时小区平均 β -1.100  9.5s
2026-10-01 20:29:00,385 INFO 第  18 轮  训练 0.01149  验证 pinball 0.01490  分时小区平均 β -1.092  8.8s
2026-10-01 20:29:09,190 INFO 第  19 轮  训练 0.01136  验证 pinball 0.01479  分时小区平均 β -1.086  8.8s
2026-10-01 20:29:18,391 INFO 第  20 轮  训练 0.01132  验证 pinball 0.01507  分时小区平均 β -1.080  9.2s
2026-10-01 20:29:27,705 INFO 第  21 轮  训练 0.01119  验证 pinball 0.01492  分时小区平均 β -1.074  9.3s
2026-10-01 20:29:36,935 INFO 第  22 轮  训练 0.01106  验证 pinball 0.01536  分时小区平均 β -1.069  9.2s
2026-10-01 20:29:45,950 INFO 第  23 轮  训练 0.01102  验证 pinball 0.01477  分时小区平均 β -1.064  9.0s
2026-10-01 20:29:45,950 INFO 验证损失 15 轮未改善，提前停止
2026-10-01 20:29:51,549 INFO E-SS flat：真实隐含弹性 -1.100；模型 -1.104（反事实 MAE 0.0445）；插补 P0 -1.291（0.0442）
2026-10-01 20:29:51,549 INFO E-SS spread1.5：真实隐含弹性 -1.100；模型 -1.104（反事实 MAE 0.0451）；插补 P0 -1.291（0.0453）
2026-10-01 20:29:59,916 INFO 测试期 MAE 0.0471  WAPE 0.249  CRPS 0.0271  PICP90 原始 0.850 / ACI 0.903；输出 D:\EV充电因果预测sci论文\05_实验结果\runs\ess_rho1_A1free_s0
