2026-10-02 04:03:59,877 INFO 运行 eps_pag_released-0.1，基线 pag，设备 cuda，torch 2.11.0+cu128
2026-10-02 04:04:01,642 INFO 数据：T=4344 N=275 目标 occupancy 训练/验证/测试起点 3001/409/841
2026-10-02 04:04:01,787 INFO 模型参数 1,026；价格输入 历史价格（PAG）；损失 MSE（点预测）
2026-10-02 04:04:01,787 INFO PAG：不做预训练（发布代码实际行为 / 论文中的 PAG-）
2026-10-02 04:04:08,246 INFO 微调 第   1 轮  训练 0.10296  验证 0.04418  3.3s
2026-10-02 04:04:10,925 INFO 微调 第   2 轮  训练 0.03543  验证 0.02666  2.7s
2026-10-02 04:04:13,512 INFO 微调 第   3 轮  训练 0.03027  验证 0.02550  2.6s
2026-10-02 04:04:16,371 INFO 微调 第   4 轮  训练 0.02201  验证 0.01303  2.9s
2026-10-02 04:04:19,031 INFO 微调 第   5 轮  训练 0.01456  验证 0.01091  2.7s
2026-10-02 04:04:21,604 INFO 微调 第   6 轮  训练 0.01340  验证 0.01027  2.6s
2026-10-02 04:04:24,350 INFO 微调 第   7 轮  训练 0.01284  验证 0.00985  2.7s
2026-10-02 04:04:27,053 INFO 微调 第   8 轮  训练 0.01239  验证 0.00952  2.7s
2026-10-02 04:04:29,678 INFO 微调 第   9 轮  训练 0.01201  验证 0.00919  2.6s
2026-10-02 04:04:32,348 INFO 微调 第  10 轮  训练 0.01166  验证 0.00896  2.7s
2026-10-02 04:04:35,090 INFO 微调 第  11 轮  训练 0.01131  验证 0.00870  2.7s
2026-10-02 04:04:37,858 INFO 微调 第  12 轮  训练 0.01101  验证 0.00843  2.8s
2026-10-02 04:04:40,630 INFO 微调 第  13 轮  训练 0.01073  验证 0.00822  2.8s
2026-10-02 04:04:43,438 INFO 微调 第  14 轮  训练 0.01048  验证 0.00809  2.8s
2026-10-02 04:04:46,077 INFO 微调 第  15 轮  训练 0.01030  验证 0.00798  2.6s
2026-10-02 04:04:48,860 INFO 微调 第  16 轮  训练 0.01019  验证 0.00785  2.8s
2026-10-02 04:04:51,463 INFO 微调 第  17 轮  训练 0.01010  验证 0.00788  2.6s
2026-10-02 04:04:54,301 INFO 微调 第  18 轮  训练 0.01004  验证 0.00777  2.8s
2026-10-02 04:04:57,093 INFO 微调 第  19 轮  训练 0.01000  验证 0.00778  2.8s
2026-10-02 04:04:59,993 INFO 微调 第  20 轮  训练 0.00997  验证 0.00770  2.9s
2026-10-02 04:05:02,767 INFO 微调 第  21 轮  训练 0.00993  验证 0.00778  2.8s
2026-10-02 04:05:05,571 INFO 微调 第  22 轮  训练 0.00991  验证 0.00771  2.8s
2026-10-02 04:05:08,241 INFO 微调 第  23 轮  训练 0.00989  验证 0.00767  2.7s
2026-10-02 04:05:10,953 INFO 微调 第  24 轮  训练 0.00987  验证 0.00765  2.7s
2026-10-02 04:05:13,544 INFO 微调 第  25 轮  训练 0.00986  验证 0.00766  2.6s
2026-10-02 04:05:16,311 INFO 微调 第  26 轮  训练 0.00985  验证 0.00768  2.8s
2026-10-02 04:05:19,228 INFO 微调 第  27 轮  训练 0.00984  验证 0.00765  2.9s
2026-10-02 04:05:22,195 INFO 微调 第  28 轮  训练 0.00983  验证 0.00761  3.0s
2026-10-02 04:05:25,266 INFO 微调 第  29 轮  训练 0.00982  验证 0.00762  3.1s
2026-10-02 04:05:28,348 INFO 微调 第  30 轮  训练 0.00980  验证 0.00760  3.1s
2026-10-02 04:05:31,342 INFO 微调 第  31 轮  训练 0.00979  验证 0.00759  3.0s
2026-10-02 04:05:34,306 INFO 微调 第  32 轮  训练 0.00979  验证 0.00771  3.0s
2026-10-02 04:05:37,359 INFO 微调 第  33 轮  训练 0.00978  验证 0.00764  3.1s
2026-10-02 04:05:40,428 INFO 微调 第  34 轮  训练 0.00977  验证 0.00758  3.1s
2026-10-02 04:05:43,483 INFO 微调 第  35 轮  训练 0.00977  验证 0.00762  3.1s
2026-10-02 04:05:46,309 INFO 微调 第  36 轮  训练 0.00976  验证 0.00760  2.8s
2026-10-02 04:05:49,286 INFO 微调 第  37 轮  训练 0.00976  验证 0.00758  3.0s
2026-10-02 04:05:52,047 INFO 微调 第  38 轮  训练 0.00975  验证 0.00755  2.8s
2026-10-02 04:05:54,648 INFO 微调 第  39 轮  训练 0.00975  验证 0.00759  2.6s
2026-10-02 04:05:57,523 INFO 微调 第  40 轮  训练 0.00974  验证 0.00755  2.9s
2026-10-02 04:06:00,487 INFO 微调 第  41 轮  训练 0.00972  验证 0.00756  3.0s
2026-10-02 04:06:03,541 INFO 微调 第  42 轮  训练 0.00973  验证 0.00759  3.1s
2026-10-02 04:06:06,620 INFO 微调 第  43 轮  训练 0.00972  验证 0.00754  3.1s
2026-10-02 04:06:09,383 INFO 微调 第  44 轮  训练 0.00972  验证 0.00765  2.8s
2026-10-02 04:06:12,067 INFO 微调 第  45 轮  训练 0.00971  验证 0.00754  2.7s
2026-10-02 04:06:14,834 INFO 微调 第  46 轮  训练 0.00971  验证 0.00756  2.8s
2026-10-02 04:06:17,592 INFO 微调 第  47 轮  训练 0.00970  验证 0.00755  2.8s
2026-10-02 04:06:20,331 INFO 微调 第  48 轮  训练 0.00970  验证 0.00754  2.7s
2026-10-02 04:06:22,997 INFO 微调 第  49 轮  训练 0.00970  验证 0.00753  2.7s
2026-10-02 04:06:25,731 INFO 微调 第  50 轮  训练 0.00969  验证 0.00752  2.7s
2026-10-02 04:06:28,669 INFO 微调 第  51 轮  训练 0.00968  验证 0.00752  2.9s
2026-10-02 04:06:31,759 INFO 微调 第  52 轮  训练 0.00969  验证 0.00751  3.1s
2026-10-02 04:06:34,760 INFO 微调 第  53 轮  训练 0.00968  验证 0.00756  3.0s
2026-10-02 04:06:37,691 INFO 微调 第  54 轮  训练 0.00968  验证 0.00751  2.9s
2026-10-02 04:06:40,346 INFO 微调 第  55 轮  训练 0.00967  验证 0.00757  2.7s
2026-10-02 04:06:43,022 INFO 微调 第  56 轮  训练 0.00966  验证 0.00750  2.7s
2026-10-02 04:06:45,820 INFO 微调 第  57 轮  训练 0.00967  验证 0.00753  2.8s
2026-10-02 04:06:48,663 INFO 微调 第  58 轮  训练 0.00965  验证 0.00752  2.8s
2026-10-02 04:06:51,450 INFO 微调 第  59 轮  训练 0.00964  验证 0.00755  2.8s
2026-10-02 04:06:54,469 INFO 微调 第  60 轮  训练 0.00964  验证 0.00751  3.0s
2026-10-02 04:06:57,596 INFO 微调 第  61 轮  训练 0.00964  验证 0.00754  3.1s
2026-10-02 04:07:00,362 INFO 微调 第  62 轮  训练 0.00963  验证 0.00748  2.8s
2026-10-02 04:07:03,096 INFO 微调 第  63 轮  训练 0.00963  验证 0.00755  2.7s
2026-10-02 04:07:06,060 INFO 微调 第  64 轮  训练 0.00963  验证 0.00752  3.0s
2026-10-02 04:07:08,766 INFO 微调 第  65 轮  训练 0.00961  验证 0.00758  2.7s
2026-10-02 04:07:11,636 INFO 微调 第  66 轮  训练 0.00962  验证 0.00750  2.9s
2026-10-02 04:07:14,386 INFO 微调 第  67 轮  训练 0.00961  验证 0.00747  2.7s
2026-10-02 04:07:17,053 INFO 微调 第  68 轮  训练 0.00962  验证 0.00752  2.7s
2026-10-02 04:07:19,900 INFO 微调 第  69 轮  训练 0.00962  验证 0.00748  2.8s
2026-10-02 04:07:22,742 INFO 微调 第  70 轮  训练 0.00960  验证 0.00749  2.8s
2026-10-02 04:07:25,781 INFO 微调 第  71 轮  训练 0.00960  验证 0.00755  3.0s
2026-10-02 04:07:28,829 INFO 微调 第  72 轮  训练 0.00960  验证 0.00753  3.0s
2026-10-02 04:07:31,881 INFO 微调 第  73 轮  训练 0.00960  验证 0.00745  3.1s
2026-10-02 04:07:34,849 INFO 微调 第  74 轮  训练 0.00959  验证 0.00749  3.0s
2026-10-02 04:07:37,713 INFO 微调 第  75 轮  训练 0.00958  验证 0.00745  2.9s
2026-10-02 04:07:40,205 INFO 微调 第  76 轮  训练 0.00957  验证 0.00755  2.5s
2026-10-02 04:07:42,036 INFO 微调 第  77 轮  训练 0.00958  验证 0.00744  1.8s
2026-10-02 04:07:44,007 INFO 微调 第  78 轮  训练 0.00956  验证 0.00747  2.0s
2026-10-02 04:07:46,028 INFO 微调 第  79 轮  训练 0.00957  验证 0.00747  2.0s
2026-10-02 04:07:47,923 INFO 微调 第  80 轮  训练 0.00956  验证 0.00744  1.9s
2026-10-02 04:07:49,882 INFO 微调 第  81 轮  训练 0.00957  验证 0.00746  2.0s
2026-10-02 04:07:51,796 INFO 微调 第  82 轮  训练 0.00956  验证 0.00744  1.9s
2026-10-02 04:07:53,931 INFO 微调 第  83 轮  训练 0.00955  验证 0.00744  2.1s
2026-10-02 04:07:56,401 INFO 微调 第  84 轮  训练 0.00955  验证 0.00747  2.5s
2026-10-02 04:07:58,457 INFO 微调 第  85 轮  训练 0.00955  验证 0.00742  2.1s
2026-10-02 04:08:00,371 INFO 微调 第  86 轮  训练 0.00955  验证 0.00742  1.9s
2026-10-02 04:08:02,280 INFO 微调 第  87 轮  训练 0.00954  验证 0.00756  1.9s
2026-10-02 04:08:04,171 INFO 微调 第  88 轮  训练 0.00954  验证 0.00748  1.9s
2026-10-02 04:08:06,097 INFO 微调 第  89 轮  训练 0.00954  验证 0.00744  1.9s
2026-10-02 04:08:08,025 INFO 微调 第  90 轮  训练 0.00953  验证 0.00747  1.9s
2026-10-02 04:08:09,839 INFO 微调 第  91 轮  训练 0.00953  验证 0.00741  1.8s
2026-10-02 04:08:11,800 INFO 微调 第  92 轮  训练 0.00953  验证 0.00743  2.0s
2026-10-02 04:08:13,746 INFO 微调 第  93 轮  训练 0.00953  验证 0.00741  1.9s
2026-10-02 04:08:15,833 INFO 微调 第  94 轮  训练 0.00953  验证 0.00742  2.1s
2026-10-02 04:08:17,696 INFO 微调 第  95 轮  训练 0.00952  验证 0.00742  1.9s
2026-10-02 04:08:19,545 INFO 微调 第  96 轮  训练 0.00952  验证 0.00752  1.8s
2026-10-02 04:08:21,362 INFO 微调 第  97 轮  训练 0.00952  验证 0.00741  1.8s
2026-10-02 04:08:23,289 INFO 微调 第  98 轮  训练 0.00952  验证 0.00742  1.9s
2026-10-02 04:08:25,157 INFO 微调 第  99 轮  训练 0.00953  验证 0.00748  1.9s
2026-10-02 04:08:27,069 INFO 微调 第 100 轮  训练 0.00952  验证 0.00741  1.9s
2026-10-02 04:08:28,875 INFO 价格响应读出（分时小区 dl_hist 价格 +5%）：弧弹性均值 -0.165，中位数 -0.150，为负的比例 1.00
2026-10-02 04:08:29,068 INFO 切换点一致性（all）：观测 β -0.507（0.295）  模型 β -0.267（0.173）
2026-10-02 04:08:29,210 INFO 切换点一致性（novel）：观测 β -0.056（0.366）  模型 β -0.106（0.211）
2026-10-02 04:08:37,831 INFO 测试期 MAE 0.0548  WAPE 0.201  CRPS 0.0351  PICP90 原始 0.906 / ACI 0.897；输出 D:\EV充电因果预测sci论文\05_实验结果\runs\eps_pag_released-0.1
