2026-10-01 18:53:16,305 INFO 运行 ess_rho0.5_A2none_s0，设备 cuda，torch 2.11.0+cu128
2026-10-01 18:53:25,492 INFO E-SS 半合成数据：109 个小区（处理组 54），ρ = 0.5，真实弹性 [-0.2, -0.8, -1.5]；锚定 cells（在合成训练期上重新估计）
2026-10-01 18:53:25,493 INFO 数据：T=4344 N=109 训练/验证/测试起点 3001/409/841；{'train': ('2022-09-01', '2023-01-05'), 'val': ('2023-01-06', '2023-01-23'), 'test': ('2023-01-24', '2023-02-28')}
2026-10-01 18:53:25,698 INFO 模型参数 195,342；锚定方式 none；锚定来源 ess_cells
2026-10-01 18:53:38,519 INFO 第   1 轮  训练 0.02351  验证 pinball 0.01839  分时小区平均 β -1.280  9.9s
2026-10-01 18:53:47,469 INFO 第   2 轮  训练 0.01834  验证 pinball 0.01670  分时小区平均 β -1.219  8.9s
2026-10-01 18:53:56,797 INFO 第   3 轮  训练 0.01661  验证 pinball 0.01525  分时小区平均 β -1.188  9.3s
2026-10-01 18:54:06,004 INFO 第   4 轮  训练 0.01524  验证 pinball 0.01462  分时小区平均 β -1.146  9.2s
2026-10-01 18:54:15,025 INFO 第   5 轮  训练 0.01420  验证 pinball 0.01449  分时小区平均 β -1.114  9.0s
2026-10-01 18:54:24,338 INFO 第   6 轮  训练 0.01349  验证 pinball 0.01429  分时小区平均 β -1.087  9.3s
2026-10-01 18:54:33,673 INFO 第   7 轮  训练 0.01320  验证 pinball 0.01442  分时小区平均 β -1.067  9.3s
2026-10-01 18:54:42,526 INFO 第   8 轮  训练 0.01292  验证 pinball 0.01391  分时小区平均 β -1.052  8.9s
2026-10-01 18:54:51,230 INFO 第   9 轮  训练 0.01268  验证 pinball 0.01512  分时小区平均 β -1.040  8.7s
2026-10-01 18:55:00,077 INFO 第  10 轮  训练 0.01252  验证 pinball 0.01415  分时小区平均 β -1.032  8.8s
2026-10-01 18:55:08,872 INFO 第  11 轮  训练 0.01235  验证 pinball 0.01499  分时小区平均 β -1.025  8.8s
2026-10-01 18:55:17,733 INFO 第  12 轮  训练 0.01217  验证 pinball 0.01410  分时小区平均 β -1.021  8.9s
2026-10-01 18:55:26,784 INFO 第  13 轮  训练 0.01205  验证 pinball 0.01439  分时小区平均 β -1.017  9.1s
2026-10-01 18:55:35,506 INFO 第  14 轮  训练 0.01196  验证 pinball 0.01427  分时小区平均 β -1.014  8.7s
2026-10-01 18:55:44,452 INFO 第  15 轮  训练 0.01177  验证 pinball 0.01407  分时小区平均 β -1.012  8.9s
2026-10-01 18:55:53,449 INFO 第  16 轮  训练 0.01175  验证 pinball 0.01411  分时小区平均 β -1.010  9.0s
2026-10-01 18:56:02,333 INFO 第  17 轮  训练 0.01163  验证 pinball 0.01460  分时小区平均 β -1.012  8.9s
2026-10-01 18:56:11,026 INFO 第  18 轮  训练 0.01146  验证 pinball 0.01467  分时小区平均 β -1.012  8.7s
2026-10-01 18:56:19,701 INFO 第  19 轮  训练 0.01134  验证 pinball 0.01473  分时小区平均 β -1.013  8.7s
2026-10-01 18:56:28,272 INFO 第  20 轮  训练 0.01130  验证 pinball 0.01490  分时小区平均 β -1.013  8.6s
2026-10-01 18:56:37,058 INFO 第  21 轮  训练 0.01121  验证 pinball 0.01484  分时小区平均 β -1.013  8.8s
2026-10-01 18:56:45,727 INFO 第  22 轮  训练 0.01108  验证 pinball 0.01527  分时小区平均 β -1.014  8.7s
2026-10-01 18:56:54,454 INFO 第  23 轮  训练 0.01100  验证 pinball 0.01496  分时小区平均 β -1.014  8.7s
2026-10-01 18:56:54,454 INFO 验证损失 15 轮未改善，提前停止
2026-10-01 18:57:00,159 INFO E-SS flat：真实隐含弹性 -1.101；模型 -0.958（反事实 MAE 0.0448）；插补 P0 -1.317（0.0445）
2026-10-01 18:57:00,160 INFO E-SS spread1.5：真实隐含弹性 -1.100；模型 -0.957（反事实 MAE 0.0449）；插补 P0 -1.317（0.0453）
2026-10-01 18:57:07,293 INFO 测试期 MAE 0.0471  WAPE 0.248  CRPS 0.0271  PICP90 原始 0.851 / ACI 0.903；输出 D:\EV充电因果预测sci论文\05_实验结果\runs\ess_rho0.5_A2none_s0
