2026-10-01 19:25:34,443 INFO 运行 ess_rho0.5_A6input_s1，设备 cuda，torch 2.11.0+cu128
2026-10-01 19:25:40,337 INFO E-SS 半合成数据：109 个小区（处理组 54），ρ = 0.5，真实弹性 [-0.2, -0.8, -1.5]；锚定 cells（在合成训练期上重新估计）
2026-10-01 19:25:40,337 INFO 数据：T=4344 N=109 训练/验证/测试起点 3001/409/841；{'train': ('2022-09-01', '2023-01-05'), 'val': ('2023-01-06', '2023-01-23'), 'test': ('2023-01-24', '2023-02-28')}
2026-10-01 19:25:40,469 INFO 模型参数 195,307；锚定方式 cut；锚定来源 ess_cells
2026-10-01 19:25:54,024 INFO 第   1 轮  训练 0.02282  验证 pinball 0.01753  分时小区平均 β +nan  10.3s
2026-10-01 19:26:02,821 INFO 第   2 轮  训练 0.01810  验证 pinball 0.01639  分时小区平均 β +nan  8.8s
2026-10-01 19:26:11,720 INFO 第   3 轮  训练 0.01653  验证 pinball 0.01526  分时小区平均 β +nan  8.9s
2026-10-01 19:26:21,056 INFO 第   4 轮  训练 0.01506  验证 pinball 0.01468  分时小区平均 β +nan  9.3s
2026-10-01 19:26:29,976 INFO 第   5 轮  训练 0.01412  验证 pinball 0.01444  分时小区平均 β +nan  8.9s
2026-10-01 19:26:38,823 INFO 第   6 轮  训练 0.01354  验证 pinball 0.01435  分时小区平均 β +nan  8.8s
2026-10-01 19:26:47,594 INFO 第   7 轮  训练 0.01331  验证 pinball 0.01457  分时小区平均 β +nan  8.8s
2026-10-01 19:26:56,929 INFO 第   8 轮  训练 0.01298  验证 pinball 0.01403  分时小区平均 β +nan  9.3s
2026-10-01 19:27:05,753 INFO 第   9 轮  训练 0.01265  验证 pinball 0.01385  分时小区平均 β +nan  8.8s
2026-10-01 19:27:14,884 INFO 第  10 轮  训练 0.01251  验证 pinball 0.01379  分时小区平均 β +nan  9.1s
2026-10-01 19:27:24,082 INFO 第  11 轮  训练 0.01228  验证 pinball 0.01406  分时小区平均 β +nan  9.2s
2026-10-01 19:27:32,938 INFO 第  12 轮  训练 0.01223  验证 pinball 0.01416  分时小区平均 β +nan  8.9s
2026-10-01 19:27:41,689 INFO 第  13 轮  训练 0.01203  验证 pinball 0.01406  分时小区平均 β +nan  8.8s
2026-10-01 19:27:50,488 INFO 第  14 轮  训练 0.01192  验证 pinball 0.01466  分时小区平均 β +nan  8.8s
2026-10-01 19:27:59,732 INFO 第  15 轮  训练 0.01176  验证 pinball 0.01431  分时小区平均 β +nan  9.2s
2026-10-01 19:28:08,715 INFO 第  16 轮  训练 0.01167  验证 pinball 0.01461  分时小区平均 β +nan  9.0s
2026-10-01 19:28:17,553 INFO 第  17 轮  训练 0.01148  验证 pinball 0.01465  分时小区平均 β +nan  8.8s
2026-10-01 19:28:26,645 INFO 第  18 轮  训练 0.01144  验证 pinball 0.01433  分时小区平均 β +nan  9.1s
2026-10-01 19:28:35,584 INFO 第  19 轮  训练 0.01133  验证 pinball 0.01523  分时小区平均 β +nan  8.9s
2026-10-01 19:28:44,836 INFO 第  20 轮  训练 0.01131  验证 pinball 0.01451  分时小区平均 β +nan  9.3s
2026-10-01 19:28:53,952 INFO 第  21 轮  训练 0.01114  验证 pinball 0.01469  分时小区平均 β +nan  9.1s
2026-10-01 19:29:02,659 INFO 第  22 轮  训练 0.01104  验证 pinball 0.01608  分时小区平均 β +nan  8.7s
2026-10-01 19:29:11,770 INFO 第  23 轮  训练 0.01093  验证 pinball 0.01570  分时小区平均 β +nan  9.1s
2026-10-01 19:29:20,756 INFO 第  24 轮  训练 0.01084  验证 pinball 0.01580  分时小区平均 β +nan  9.0s
2026-10-01 19:29:29,557 INFO 第  25 轮  训练 0.01074  验证 pinball 0.01517  分时小区平均 β +nan  8.8s
2026-10-01 19:29:29,557 INFO 验证损失 15 轮未改善，提前停止
2026-10-01 19:29:34,670 INFO E-SS flat：真实隐含弹性 -1.062；模型 -0.658（反事实 MAE 0.0447）；插补 P0 -1.231（0.0450）
2026-10-01 19:29:34,670 INFO E-SS spread1.5：真实隐含弹性 -1.062；模型 -0.658（反事实 MAE 0.0452）；插补 P0 -1.230（0.0451）
2026-10-01 19:29:43,514 INFO 测试期 MAE 0.0468  WAPE 0.247  CRPS 0.0272  PICP90 原始 0.832 / ACI 0.903；输出 D:\EV充电因果预测sci论文\05_实验结果\runs\ess_rho0.5_A6input_s1
