2026-10-02 03:37:29,036 INFO 运行 sens_lag_s2，设备 cuda，torch 2.11.0+cu128
2026-10-02 03:37:29,877 INFO 数据：T=4344 N=275 训练/验证/测试起点 3001/409/841；{'train': ('2022-09-01', '2023-01-05'), 'val': ('2023-01-06', '2023-01-23'), 'test': ('2023-01-24', '2023-02-28')}
2026-10-02 03:37:30,000 INFO 模型参数 198,211；锚定方式 cut；锚定来源 fivemin_main_lag60
2026-10-02 03:37:56,223 INFO 第   1 轮  训练 0.02309  验证 pinball 0.01822  分时小区平均 β -0.359  24.9s
2026-10-02 03:38:20,692 INFO 第   2 轮  训练 0.01842  验证 pinball 0.01579  分时小区平均 β -0.359  24.5s
2026-10-02 03:38:45,146 INFO 第   3 轮  训练 0.01689  验证 pinball 0.01474  分时小区平均 β -0.359  24.4s
2026-10-02 03:39:09,636 INFO 第   4 轮  训练 0.01555  验证 pinball 0.01442  分时小区平均 β -0.359  24.5s
2026-10-02 03:39:34,205 INFO 第   5 轮  训练 0.01477  验证 pinball 0.01436  分时小区平均 β -0.359  24.6s
2026-10-02 03:39:58,713 INFO 第   6 轮  训练 0.01438  验证 pinball 0.01390  分时小区平均 β -0.359  24.5s
2026-10-02 03:40:23,172 INFO 第   7 轮  训练 0.01404  验证 pinball 0.01373  分时小区平均 β -0.359  24.4s
2026-10-02 03:40:48,932 INFO 第   8 轮  训练 0.01374  验证 pinball 0.01368  分时小区平均 β -0.359  25.8s
2026-10-02 03:41:15,739 INFO 第   9 轮  训练 0.01354  验证 pinball 0.01345  分时小区平均 β -0.359  26.8s
2026-10-02 03:41:42,542 INFO 第  10 轮  训练 0.01340  验证 pinball 0.01354  分时小区平均 β -0.359  26.8s
2026-10-02 03:42:09,437 INFO 第  11 轮  训练 0.01321  验证 pinball 0.01360  分时小区平均 β -0.359  26.9s
2026-10-02 03:42:36,207 INFO 第  12 轮  训练 0.01300  验证 pinball 0.01314  分时小区平均 β -0.359  26.8s
2026-10-02 03:43:03,270 INFO 第  13 轮  训练 0.01297  验证 pinball 0.01364  分时小区平均 β -0.359  27.1s
2026-10-02 03:43:30,141 INFO 第  14 轮  训练 0.01283  验证 pinball 0.01376  分时小区平均 β -0.359  26.9s
2026-10-02 03:43:56,979 INFO 第  15 轮  训练 0.01269  验证 pinball 0.01314  分时小区平均 β -0.359  26.8s
2026-10-02 03:44:23,868 INFO 第  16 轮  训练 0.01259  验证 pinball 0.01412  分时小区平均 β -0.359  26.9s
2026-10-02 03:44:50,637 INFO 第  17 轮  训练 0.01258  验证 pinball 0.01314  分时小区平均 β -0.359  26.8s
2026-10-02 03:45:17,576 INFO 第  18 轮  训练 0.01243  验证 pinball 0.01315  分时小区平均 β -0.359  26.9s
2026-10-02 03:45:44,437 INFO 第  19 轮  训练 0.01229  验证 pinball 0.01351  分时小区平均 β -0.359  26.9s
2026-10-02 03:46:11,368 INFO 第  20 轮  训练 0.01223  验证 pinball 0.01378  分时小区平均 β -0.359  26.9s
2026-10-02 03:46:38,429 INFO 第  21 轮  训练 0.01216  验证 pinball 0.01396  分时小区平均 β -0.359  27.1s
2026-10-02 03:47:05,369 INFO 第  22 轮  训练 0.01213  验证 pinball 0.01353  分时小区平均 β -0.359  26.9s
2026-10-02 03:47:32,397 INFO 第  23 轮  训练 0.01202  验证 pinball 0.01373  分时小区平均 β -0.359  27.0s
2026-10-02 03:47:59,285 INFO 第  24 轮  训练 0.01191  验证 pinball 0.01335  分时小区平均 β -0.359  26.9s
2026-10-02 03:48:26,133 INFO 第  25 轮  训练 0.01186  验证 pinball 0.01330  分时小区平均 β -0.359  26.8s
2026-10-02 03:48:53,202 INFO 第  26 轮  训练 0.01187  验证 pinball 0.01367  分时小区平均 β -0.359  27.1s
2026-10-02 03:49:19,913 INFO 第  27 轮  训练 0.01174  验证 pinball 0.01370  分时小区平均 β -0.359  26.7s
2026-10-02 03:49:46,721 INFO 第  28 轮  训练 0.01170  验证 pinball 0.01358  分时小区平均 β -0.359  26.8s
2026-10-02 03:50:13,845 INFO 第  29 轮  训练 0.01170  验证 pinball 0.01353  分时小区平均 β -0.359  27.1s
2026-10-02 03:50:40,718 INFO 第  30 轮  训练 0.01156  验证 pinball 0.01466  分时小区平均 β -0.359  26.9s
2026-10-02 03:50:40,718 INFO 验证损失 15 轮未改善，提前停止
2026-10-02 03:50:45,810 INFO 切换点一致性（all）：观测 β -1.180（0.393）  模型 β -0.586（0.174）
2026-10-02 03:50:46,087 INFO 切换点一致性（novel）：观测 β -0.367（0.505）  模型 β -0.260（0.188）
2026-10-02 03:51:03,775 INFO 测试期 MAE 0.0444  WAPE 0.227  CRPS 0.0256  PICP90 原始 0.856 / ACI 0.902；输出 D:\EV充电因果预测sci论文\05_实验结果\runs\sens_lag_s2
