2026-10-01 06:09:50,622 INFO 运行 base_astgcn_s4，基线 astgcn，设备 cuda，torch 2.11.0+cu128
2026-10-01 06:09:51,740 INFO 数据：T=4344 N=275 目标 utilization 训练/验证/测试起点 3001/409/841
2026-10-01 06:09:51,932 INFO 模型参数 483,447；价格输入 none；损失 pinball（分位数）
2026-10-01 06:10:11,129 INFO 训练 第   1 轮  训练 0.02245  验证 0.01779  16.3s
2026-10-01 06:10:26,772 INFO 训练 第   2 轮  训练 0.01947  验证 0.01691  15.6s
2026-10-01 06:10:42,338 INFO 训练 第   3 轮  训练 0.01813  验证 0.01563  15.6s
2026-10-01 06:10:58,063 INFO 训练 第   4 轮  训练 0.01709  验证 0.01538  15.7s
2026-10-01 06:11:13,679 INFO 训练 第   5 轮  训练 0.01640  验证 0.01475  15.6s
2026-10-01 06:11:29,326 INFO 训练 第   6 轮  训练 0.01586  验证 0.01459  15.6s
2026-10-01 06:11:45,202 INFO 训练 第   7 轮  训练 0.01551  验证 0.01466  15.9s
2026-10-01 06:12:01,074 INFO 训练 第   8 轮  训练 0.01521  验证 0.01450  15.9s
2026-10-01 06:12:16,704 INFO 训练 第   9 轮  训练 0.01504  验证 0.01424  15.6s
2026-10-01 06:12:32,244 INFO 训练 第  10 轮  训练 0.01478  验证 0.01447  15.5s
2026-10-01 06:12:47,958 INFO 训练 第  11 轮  训练 0.01459  验证 0.01428  15.7s
2026-10-01 06:13:03,566 INFO 训练 第  12 轮  训练 0.01436  验证 0.01448  15.6s
2026-10-01 06:13:19,194 INFO 训练 第  13 轮  训练 0.01425  验证 0.01435  15.6s
2026-10-01 06:13:34,834 INFO 训练 第  14 轮  训练 0.01408  验证 0.01442  15.6s
2026-10-01 06:13:50,527 INFO 训练 第  15 轮  训练 0.01397  验证 0.01429  15.7s
2026-10-01 06:14:06,104 INFO 训练 第  16 轮  训练 0.01378  验证 0.01457  15.6s
2026-10-01 06:14:21,914 INFO 训练 第  17 轮  训练 0.01373  验证 0.01459  15.8s
2026-10-01 06:14:37,636 INFO 训练 第  18 轮  训练 0.01360  验证 0.01472  15.7s
2026-10-01 06:14:53,312 INFO 训练 第  19 轮  训练 0.01344  验证 0.01447  15.7s
2026-10-01 06:15:09,050 INFO 训练 第  20 轮  训练 0.01332  验证 0.01447  15.7s
2026-10-01 06:15:24,745 INFO 训练 第  21 轮  训练 0.01321  验证 0.01474  15.7s
2026-10-01 06:15:40,481 INFO 训练 第  22 轮  训练 0.01316  验证 0.01492  15.7s
2026-10-01 06:15:56,118 INFO 训练 第  23 轮  训练 0.01307  验证 0.01464  15.6s
2026-10-01 06:16:11,898 INFO 训练 第  24 轮  训练 0.01291  验证 0.01474  15.8s
2026-10-01 06:16:11,899 INFO 验证损失 15 轮未改善，提前停止
2026-10-01 06:16:14,574 INFO 切换点一致性（all）：观测 β -1.180（0.393）  模型 β -0.449（0.176）
2026-10-01 06:16:14,888 INFO 切换点一致性（novel）：观测 β -0.367（0.505）  模型 β -0.289（0.172）
2026-10-01 06:16:31,766 INFO 测试期 MAE 0.0489  WAPE 0.250  CRPS 0.0287  PICP90 原始 0.896 / ACI 0.900；输出 D:\EV充电因果预测sci论文\05_实验结果\runs\base_astgcn_s4
