2026-10-01 06:00:21,687 INFO 运行 base_gcn_s4，基线 gcn，设备 cuda，torch 2.11.0+cu128
2026-10-01 06:00:22,887 INFO 数据：T=4344 N=275 目标 utilization 训练/验证/测试起点 3001/409/841
2026-10-01 06:00:23,022 INFO 模型参数 1,074,616；价格输入 none；损失 pinball（分位数）
2026-10-01 06:00:30,707 INFO 训练 第   1 轮  训练 0.02281  验证 0.01713  4.4s
2026-10-01 06:00:34,555 INFO 训练 第   2 轮  训练 0.01822  验证 0.01581  3.8s
2026-10-01 06:00:38,436 INFO 训练 第   3 轮  训练 0.01704  验证 0.01520  3.9s
2026-10-01 06:00:42,353 INFO 训练 第   4 轮  训练 0.01638  验证 0.01508  3.9s
2026-10-01 06:00:46,229 INFO 训练 第   5 轮  训练 0.01590  验证 0.01509  3.9s
2026-10-01 06:00:50,118 INFO 训练 第   6 轮  训练 0.01542  验证 0.01498  3.9s
2026-10-01 06:00:53,988 INFO 训练 第   7 轮  训练 0.01508  验证 0.01494  3.9s
2026-10-01 06:00:57,921 INFO 训练 第   8 轮  训练 0.01473  验证 0.01501  3.9s
2026-10-01 06:01:01,863 INFO 训练 第   9 轮  训练 0.01446  验证 0.01507  3.9s
2026-10-01 06:01:05,855 INFO 训练 第  10 轮  训练 0.01424  验证 0.01513  4.0s
2026-10-01 06:01:09,940 INFO 训练 第  11 轮  训练 0.01396  验证 0.01535  4.1s
2026-10-01 06:01:13,898 INFO 训练 第  12 轮  训练 0.01384  验证 0.01521  4.0s
2026-10-01 06:01:17,898 INFO 训练 第  13 轮  训练 0.01359  验证 0.01535  4.0s
2026-10-01 06:01:21,872 INFO 训练 第  14 轮  训练 0.01343  验证 0.01563  4.0s
2026-10-01 06:01:25,894 INFO 训练 第  15 轮  训练 0.01325  验证 0.01558  4.0s
2026-10-01 06:01:29,908 INFO 训练 第  16 轮  训练 0.01314  验证 0.01554  4.0s
2026-10-01 06:01:33,914 INFO 训练 第  17 轮  训练 0.01300  验证 0.01576  4.0s
2026-10-01 06:01:37,974 INFO 训练 第  18 轮  训练 0.01291  验证 0.01564  4.1s
2026-10-01 06:01:41,949 INFO 训练 第  19 轮  训练 0.01274  验证 0.01568  4.0s
2026-10-01 06:01:45,958 INFO 训练 第  20 轮  训练 0.01267  验证 0.01588  4.0s
2026-10-01 06:01:49,850 INFO 训练 第  21 轮  训练 0.01250  验证 0.01607  3.9s
2026-10-01 06:01:53,731 INFO 训练 第  22 轮  训练 0.01247  验证 0.01596  3.9s
2026-10-01 06:01:53,732 INFO 验证损失 15 轮未改善，提前停止
2026-10-01 06:01:55,026 INFO 切换点一致性（all）：观测 β -1.180（0.393）  模型 β -0.383（0.151）
2026-10-01 06:01:55,303 INFO 切换点一致性（novel）：观测 β -0.367（0.505）  模型 β -0.259（0.196）
2026-10-01 06:02:13,035 INFO 测试期 MAE 0.0521  WAPE 0.267  CRPS 0.0305  PICP90 原始 0.873 / ACI 0.899；输出 D:\EV充电因果预测sci论文\05_实验结果\runs\base_gcn_s4
