2026-10-01 19:44:50,178 INFO 运行 ess_rho0.5_A5blind_s2，设备 cuda，torch 2.11.0+cu128
2026-10-01 19:44:57,926 INFO E-SS 半合成数据：109 个小区（处理组 54），ρ = 0.5，真实弹性 [-0.2, -0.8, -1.5]；锚定 cells（在合成训练期上重新估计）
2026-10-01 19:44:57,926 INFO 数据：T=4344 N=109 训练/验证/测试起点 3001/409/841；{'train': ('2022-09-01', '2023-01-05'), 'val': ('2023-01-06', '2023-01-23'), 'test': ('2023-01-24', '2023-02-28')}
2026-10-01 19:44:58,098 INFO 模型参数 194,891；锚定方式 cut；锚定来源 ess_cells
2026-10-01 19:45:11,095 INFO 第   1 轮  训练 0.02320  验证 pinball 0.01817  分时小区平均 β +nan  9.5s
2026-10-01 19:45:19,812 INFO 第   2 轮  训练 0.01837  验证 pinball 0.01597  分时小区平均 β +nan  8.7s
2026-10-01 19:45:28,292 INFO 第   3 轮  训练 0.01672  验证 pinball 0.01552  分时小区平均 β +nan  8.5s
2026-10-01 19:45:37,005 INFO 第   4 轮  训练 0.01556  验证 pinball 0.01516  分时小区平均 β +nan  8.7s
2026-10-01 19:45:45,926 INFO 第   5 轮  训练 0.01447  验证 pinball 0.01449  分时小区平均 β +nan  8.9s
2026-10-01 19:45:55,034 INFO 第   6 轮  训练 0.01388  验证 pinball 0.01415  分时小区平均 β +nan  9.1s
2026-10-01 19:46:03,975 INFO 第   7 轮  训练 0.01343  验证 pinball 0.01389  分时小区平均 β +nan  8.9s
2026-10-01 19:46:12,735 INFO 第   8 轮  训练 0.01315  验证 pinball 0.01450  分时小区平均 β +nan  8.8s
2026-10-01 19:46:21,434 INFO 第   9 轮  训练 0.01301  验证 pinball 0.01429  分时小区平均 β +nan  8.7s
2026-10-01 19:46:30,529 INFO 第  10 轮  训练 0.01282  验证 pinball 0.01441  分时小区平均 β +nan  9.1s
2026-10-01 19:46:39,549 INFO 第  11 轮  训练 0.01257  验证 pinball 0.01429  分时小区平均 β +nan  9.0s
2026-10-01 19:46:48,877 INFO 第  12 轮  训练 0.01240  验证 pinball 0.01421  分时小区平均 β +nan  9.3s
2026-10-01 19:46:57,699 INFO 第  13 轮  训练 0.01237  验证 pinball 0.01483  分时小区平均 β +nan  8.8s
2026-10-01 19:47:06,388 INFO 第  14 轮  训练 0.01226  验证 pinball 0.01416  分时小区平均 β +nan  8.7s
2026-10-01 19:47:15,084 INFO 第  15 轮  训练 0.01210  验证 pinball 0.01436  分时小区平均 β +nan  8.7s
2026-10-01 19:47:23,938 INFO 第  16 轮  训练 0.01196  验证 pinball 0.01508  分时小区平均 β +nan  8.9s
2026-10-01 19:47:32,791 INFO 第  17 轮  训练 0.01190  验证 pinball 0.01478  分时小区平均 β +nan  8.9s
2026-10-01 19:47:42,161 INFO 第  18 轮  训练 0.01173  验证 pinball 0.01475  分时小区平均 β +nan  9.4s
2026-10-01 19:47:51,607 INFO 第  19 轮  训练 0.01160  验证 pinball 0.01494  分时小区平均 β +nan  9.4s
2026-10-01 19:48:00,493 INFO 第  20 轮  训练 0.01154  验证 pinball 0.01515  分时小区平均 β +nan  8.9s
2026-10-01 19:48:09,726 INFO 第  21 轮  训练 0.01145  验证 pinball 0.01501  分时小区平均 β +nan  9.2s
2026-10-01 19:48:18,972 INFO 第  22 轮  训练 0.01137  验证 pinball 0.01508  分时小区平均 β +nan  9.2s
2026-10-01 19:48:18,972 INFO 验证损失 15 轮未改善，提前停止
2026-10-01 19:48:24,058 INFO E-SS flat：真实隐含弹性 -1.028；模型 +0.000（反事实 MAE 0.0489）；插补 P0 -1.159（0.0495）
2026-10-01 19:48:24,058 INFO E-SS spread1.5：真实隐含弹性 -1.028；模型 +0.000（反事实 MAE 0.0508）；插补 P0 -1.159（0.0493）
2026-10-01 19:48:30,569 INFO 测试期 MAE 0.0477  WAPE 0.251  CRPS 0.0275  PICP90 原始 0.861 / ACI 0.902；输出 D:\EV充电因果预测sci论文\05_实验结果\runs\ess_rho0.5_A5blind_s2
