2026-10-01 20:13:13,376 INFO 运行 ess_rho0_A6input_s0，设备 cuda，torch 2.11.0+cu128
2026-10-01 20:13:23,241 INFO E-SS 半合成数据：109 个小区（处理组 54），ρ = 0.0，真实弹性 [-0.2, -0.8, -1.5]；锚定 cells（在合成训练期上重新估计）
2026-10-01 20:13:23,241 INFO 数据：T=4344 N=109 训练/验证/测试起点 3001/409/841；{'train': ('2022-09-01', '2023-01-05'), 'val': ('2023-01-06', '2023-01-23'), 'test': ('2023-01-24', '2023-02-28')}
2026-10-01 20:13:23,368 INFO 模型参数 195,307；锚定方式 cut；锚定来源 ess_cells
2026-10-01 20:13:35,305 INFO 第   1 轮  训练 0.02343  验证 pinball 0.01806  分时小区平均 β +nan  9.6s
2026-10-01 20:13:43,882 INFO 第   2 轮  训练 0.01833  验证 pinball 0.01752  分时小区平均 β +nan  8.6s
2026-10-01 20:13:52,611 INFO 第   3 轮  训练 0.01660  验证 pinball 0.01525  分时小区平均 β +nan  8.7s
2026-10-01 20:14:01,520 INFO 第   4 轮  训练 0.01526  验证 pinball 0.01479  分时小区平均 β +nan  8.9s
2026-10-01 20:14:10,088 INFO 第   5 轮  训练 0.01421  验证 pinball 0.01490  分时小区平均 β +nan  8.6s
2026-10-01 20:14:18,803 INFO 第   6 轮  训练 0.01357  验证 pinball 0.01439  分时小区平均 β +nan  8.7s
2026-10-01 20:14:27,515 INFO 第   7 轮  训练 0.01331  验证 pinball 0.01442  分时小区平均 β +nan  8.7s
2026-10-01 20:14:36,406 INFO 第   8 轮  训练 0.01303  验证 pinball 0.01421  分时小区平均 β +nan  8.9s
2026-10-01 20:14:45,197 INFO 第   9 轮  训练 0.01280  验证 pinball 0.01508  分时小区平均 β +nan  8.8s
2026-10-01 20:14:53,959 INFO 第  10 轮  训练 0.01261  验证 pinball 0.01409  分时小区平均 β +nan  8.8s
2026-10-01 20:15:02,568 INFO 第  11 轮  训练 0.01250  验证 pinball 0.01410  分时小区平均 β +nan  8.6s
2026-10-01 20:15:11,185 INFO 第  12 轮  训练 0.01225  验证 pinball 0.01415  分时小区平均 β +nan  8.6s
2026-10-01 20:15:19,878 INFO 第  13 轮  训练 0.01211  验证 pinball 0.01463  分时小区平均 β +nan  8.7s
2026-10-01 20:15:28,680 INFO 第  14 轮  训练 0.01209  验证 pinball 0.01428  分时小区平均 β +nan  8.8s
2026-10-01 20:15:37,362 INFO 第  15 轮  训练 0.01189  验证 pinball 0.01404  分时小区平均 β +nan  8.7s
2026-10-01 20:15:46,088 INFO 第  16 轮  训练 0.01180  验证 pinball 0.01397  分时小区平均 β +nan  8.7s
2026-10-01 20:15:54,679 INFO 第  17 轮  训练 0.01164  验证 pinball 0.01440  分时小区平均 β +nan  8.6s
2026-10-01 20:16:03,375 INFO 第  18 轮  训练 0.01155  验证 pinball 0.01443  分时小区平均 β +nan  8.7s
2026-10-01 20:16:11,999 INFO 第  19 轮  训练 0.01144  验证 pinball 0.01516  分时小区平均 β +nan  8.6s
2026-10-01 20:16:20,689 INFO 第  20 轮  训练 0.01132  验证 pinball 0.01518  分时小区平均 β +nan  8.7s
2026-10-01 20:16:29,200 INFO 第  21 轮  训练 0.01128  验证 pinball 0.01473  分时小区平均 β +nan  8.5s
2026-10-01 20:16:37,888 INFO 第  22 轮  训练 0.01115  验证 pinball 0.01511  分时小区平均 β +nan  8.7s
2026-10-01 20:16:46,498 INFO 第  23 轮  训练 0.01106  验证 pinball 0.01476  分时小区平均 β +nan  8.6s
2026-10-01 20:16:55,052 INFO 第  24 轮  训练 0.01110  验证 pinball 0.01554  分时小区平均 β +nan  8.6s
2026-10-01 20:17:03,723 INFO 第  25 轮  训练 0.01089  验证 pinball 0.01590  分时小区平均 β +nan  8.7s
2026-10-01 20:17:12,314 INFO 第  26 轮  训练 0.01078  验证 pinball 0.01554  分时小区平均 β +nan  8.6s
2026-10-01 20:17:20,941 INFO 第  27 轮  训练 0.01073  验证 pinball 0.01586  分时小区平均 β +nan  8.6s
2026-10-01 20:17:29,495 INFO 第  28 轮  训练 0.01063  验证 pinball 0.01546  分时小区平均 β +nan  8.6s
2026-10-01 20:17:38,439 INFO 第  29 轮  训练 0.01057  验证 pinball 0.01597  分时小区平均 β +nan  8.9s
2026-10-01 20:17:47,089 INFO 第  30 轮  训练 0.01043  验证 pinball 0.01612  分时小区平均 β +nan  8.6s
2026-10-01 20:17:55,949 INFO 第  31 轮  训练 0.01040  验证 pinball 0.01557  分时小区平均 β +nan  8.9s
2026-10-01 20:17:55,950 INFO 验证损失 15 轮未改善，提前停止
2026-10-01 20:18:00,715 INFO E-SS flat：真实隐含弹性 -1.102；模型 -1.092（反事实 MAE 0.0447）；插补 P0 -1.369（0.0449）
2026-10-01 20:18:00,715 INFO E-SS spread1.5：真实隐含弹性 -1.101；模型 -1.090（反事实 MAE 0.0455）；插补 P0 -1.369（0.0455）
2026-10-01 20:18:06,143 INFO 测试期 MAE 0.0472  WAPE 0.248  CRPS 0.0276  PICP90 原始 0.812 / ACI 0.903；输出 D:\EV充电因果预测sci论文\05_实验结果\runs\ess_rho0_A6input_s0
