2026-10-01 03:11:50,297 INFO 运行 base_astgcn_s2，基线 astgcn，设备 cuda，torch 2.11.0+cu128
2026-10-01 03:11:51,197 INFO 数据：T=4344 N=275 目标 utilization 训练/验证/测试起点 3001/409/841
2026-10-01 03:11:51,425 INFO 模型参数 483,447；价格输入 none；损失 pinball（分位数）
2026-10-01 03:12:09,259 INFO 训练 第   1 轮  训练 0.02264  验证 0.01776  15.6s
2026-10-01 03:12:24,503 INFO 训练 第   2 轮  训练 0.01959  验证 0.01682  15.2s
2026-10-01 03:12:39,704 INFO 训练 第   3 轮  训练 0.01847  验证 0.01605  15.2s
2026-10-01 03:12:54,935 INFO 训练 第   4 轮  训练 0.01749  验证 0.01521  15.2s
2026-10-01 03:13:10,119 INFO 训练 第   5 轮  训练 0.01683  验证 0.01508  15.2s
2026-10-01 03:13:25,335 INFO 训练 第   6 轮  训练 0.01635  验证 0.01498  15.2s
2026-10-01 03:13:40,546 INFO 训练 第   7 轮  训练 0.01594  验证 0.01453  15.2s
2026-10-01 03:13:55,835 INFO 训练 第   8 轮  训练 0.01563  验证 0.01457  15.3s
2026-10-01 03:14:11,114 INFO 训练 第   9 轮  训练 0.01538  验证 0.01446  15.3s
2026-10-01 03:14:26,204 INFO 训练 第  10 轮  训练 0.01509  验证 0.01427  15.1s
2026-10-01 03:14:41,499 INFO 训练 第  11 轮  训练 0.01486  验证 0.01427  15.3s
2026-10-01 03:14:56,701 INFO 训练 第  12 轮  训练 0.01462  验证 0.01453  15.2s
2026-10-01 03:15:12,012 INFO 训练 第  13 轮  训练 0.01444  验证 0.01418  15.3s
2026-10-01 03:15:27,167 INFO 训练 第  14 轮  训练 0.01424  验证 0.01423  15.1s
2026-10-01 03:15:42,435 INFO 训练 第  15 轮  训练 0.01409  验证 0.01442  15.3s
2026-10-01 03:15:57,681 INFO 训练 第  16 轮  训练 0.01396  验证 0.01422  15.2s
2026-10-01 03:16:12,894 INFO 训练 第  17 轮  训练 0.01382  验证 0.01450  15.2s
2026-10-01 03:16:28,068 INFO 训练 第  18 轮  训练 0.01365  验证 0.01409  15.2s
2026-10-01 03:16:43,190 INFO 训练 第  19 轮  训练 0.01350  验证 0.01419  15.1s
2026-10-01 03:16:58,397 INFO 训练 第  20 轮  训练 0.01342  验证 0.01440  15.2s
2026-10-01 03:17:13,577 INFO 训练 第  21 轮  训练 0.01329  验证 0.01483  15.2s
2026-10-01 03:17:28,877 INFO 训练 第  22 轮  训练 0.01323  验证 0.01444  15.3s
2026-10-01 03:17:44,081 INFO 训练 第  23 轮  训练 0.01305  验证 0.01472  15.2s
2026-10-01 03:17:59,344 INFO 训练 第  24 轮  训练 0.01302  验证 0.01491  15.3s
2026-10-01 03:18:14,667 INFO 训练 第  25 轮  训练 0.01299  验证 0.01423  15.3s
2026-10-01 03:18:29,845 INFO 训练 第  26 轮  训练 0.01284  验证 0.01475  15.2s
2026-10-01 03:18:45,138 INFO 训练 第  27 轮  训练 0.01268  验证 0.01452  15.3s
2026-10-01 03:19:00,415 INFO 训练 第  28 轮  训练 0.01265  验证 0.01451  15.3s
2026-10-01 03:19:15,692 INFO 训练 第  29 轮  训练 0.01261  验证 0.01472  15.3s
2026-10-01 03:19:30,770 INFO 训练 第  30 轮  训练 0.01250  验证 0.01424  15.1s
2026-10-01 03:19:46,129 INFO 训练 第  31 轮  训练 0.01244  验证 0.01462  15.4s
2026-10-01 03:20:01,442 INFO 训练 第  32 轮  训练 0.01232  验证 0.01488  15.3s
2026-10-01 03:20:16,636 INFO 训练 第  33 轮  训练 0.01232  验证 0.01486  15.2s
2026-10-01 03:20:16,637 INFO 验证损失 15 轮未改善，提前停止
2026-10-01 03:20:19,240 INFO 切换点一致性（all）：观测 β -1.180（0.393）  模型 β -0.500（0.189）
2026-10-01 03:20:19,464 INFO 切换点一致性（novel）：观测 β -0.367（0.505）  模型 β -0.109（0.185）
2026-10-01 03:20:31,659 INFO 测试期 MAE 0.0482  WAPE 0.247  CRPS 0.0286  PICP90 原始 0.868 / ACI 0.899；输出 D:\EV充电因果预测sci论文\05_实验结果\runs\base_astgcn_s2
