2026-10-01 19:57:22,126 INFO 运行 ess_rho0_A0pooled_s0，设备 cuda，torch 2.11.0+cu128
2026-10-01 19:57:32,152 INFO E-SS 半合成数据：109 个小区（处理组 54），ρ = 0.0，真实弹性 [-0.2, -0.8, -1.5]；锚定 pooled（在合成训练期上重新估计）
2026-10-01 19:57:32,153 INFO 数据：T=4344 N=109 训练/验证/测试起点 3001/409/841；{'train': ('2022-09-01', '2023-01-05'), 'val': ('2023-01-06', '2023-01-23'), 'test': ('2023-01-24', '2023-02-28')}
2026-10-01 19:57:32,272 INFO 模型参数 194,891；锚定方式 cut；锚定来源 ess_pooled
2026-10-01 19:57:44,247 INFO 第   1 轮  训练 0.02354  验证 pinball 0.01814  分时小区平均 β -1.300  9.5s
2026-10-01 19:57:52,796 INFO 第   2 轮  训练 0.01839  验证 pinball 0.01687  分时小区平均 β -1.300  8.5s
2026-10-01 19:58:01,208 INFO 第   3 轮  训练 0.01670  验证 pinball 0.01524  分时小区平均 β -1.300  8.4s
2026-10-01 19:58:09,894 INFO 第   4 轮  训练 0.01533  验证 pinball 0.01465  分时小区平均 β -1.300  8.7s
2026-10-01 19:58:18,465 INFO 第   5 轮  训练 0.01424  验证 pinball 0.01460  分时小区平均 β -1.300  8.6s
2026-10-01 19:58:27,367 INFO 第   6 轮  训练 0.01355  验证 pinball 0.01467  分时小区平均 β -1.300  8.9s
2026-10-01 19:58:35,980 INFO 第   7 轮  训练 0.01327  验证 pinball 0.01449  分时小区平均 β -1.300  8.6s
2026-10-01 19:58:44,679 INFO 第   8 轮  训练 0.01299  验证 pinball 0.01401  分时小区平均 β -1.300  8.7s
2026-10-01 19:58:53,297 INFO 第   9 轮  训练 0.01275  验证 pinball 0.01537  分时小区平均 β -1.300  8.6s
2026-10-01 19:59:01,955 INFO 第  10 轮  训练 0.01261  验证 pinball 0.01420  分时小区平均 β -1.300  8.7s
2026-10-01 19:59:10,493 INFO 第  11 轮  训练 0.01244  验证 pinball 0.01500  分时小区平均 β -1.300  8.5s
2026-10-01 19:59:19,051 INFO 第  12 轮  训练 0.01227  验证 pinball 0.01410  分时小区平均 β -1.300  8.6s
2026-10-01 19:59:27,737 INFO 第  13 轮  训练 0.01216  验证 pinball 0.01421  分时小区平均 β -1.300  8.7s
2026-10-01 19:59:36,294 INFO 第  14 轮  训练 0.01206  验证 pinball 0.01427  分时小区平均 β -1.300  8.6s
2026-10-01 19:59:44,888 INFO 第  15 轮  训练 0.01193  验证 pinball 0.01413  分时小区平均 β -1.300  8.6s
2026-10-01 19:59:53,695 INFO 第  16 轮  训练 0.01181  验证 pinball 0.01413  分时小区平均 β -1.300  8.8s
2026-10-01 20:00:02,294 INFO 第  17 轮  训练 0.01172  验证 pinball 0.01447  分时小区平均 β -1.300  8.6s
2026-10-01 20:00:10,789 INFO 第  18 轮  训练 0.01160  验证 pinball 0.01503  分时小区平均 β -1.300  8.5s
2026-10-01 20:00:19,573 INFO 第  19 轮  训练 0.01147  验证 pinball 0.01492  分时小区平均 β -1.300  8.8s
2026-10-01 20:00:27,985 INFO 第  20 轮  训练 0.01148  验证 pinball 0.01461  分时小区平均 β -1.300  8.4s
2026-10-01 20:00:36,534 INFO 第  21 轮  训练 0.01137  验证 pinball 0.01587  分时小区平均 β -1.300  8.5s
2026-10-01 20:00:45,152 INFO 第  22 轮  训练 0.01122  验证 pinball 0.01458  分时小区平均 β -1.300  8.6s
2026-10-01 20:00:53,859 INFO 第  23 轮  训练 0.01110  验证 pinball 0.01491  分时小区平均 β -1.300  8.7s
2026-10-01 20:00:53,860 INFO 验证损失 15 轮未改善，提前停止
2026-10-01 20:00:58,509 INFO E-SS flat：真实隐含弹性 -1.102；模型 -1.289（反事实 MAE 0.0447）；插补 P0 -1.289（0.0447）
2026-10-01 20:00:58,509 INFO E-SS spread1.5：真实隐含弹性 -1.101；模型 -1.289（反事实 MAE 0.0456）；插补 P0 -1.289（0.0456）
2026-10-01 20:01:03,871 INFO 测试期 MAE 0.0473  WAPE 0.248  CRPS 0.0272  PICP90 原始 0.851 / ACI 0.903；输出 D:\EV充电因果预测sci论文\05_实验结果\runs\ess_rho0_A0pooled_s0
