2026-10-01 17:01:13,713 INFO 运行 abl_A11_predefined_s2，设备 cuda，torch 2.11.0+cu128
2026-10-01 17:01:15,140 INFO 数据：T=4344 N=275 训练/验证/测试起点 3001/409/841；{'train': ('2022-09-01', '2023-01-05'), 'val': ('2023-01-06', '2023-01-23'), 'test': ('2023-01-24', '2023-02-28')}
2026-10-01 17:01:15,344 INFO 模型参数 176,327；锚定方式 cut；锚定来源 fivemin_main
2026-10-01 17:01:43,050 INFO 第   1 轮  训练 0.02320  验证 pinball 0.01791  分时小区平均 β -0.213  24.5s
2026-10-01 17:02:06,074 INFO 第   2 轮  训练 0.01843  验证 pinball 0.01601  分时小区平均 β -0.213  23.0s
2026-10-01 17:02:29,139 INFO 第   3 轮  训练 0.01732  验证 pinball 0.01536  分时小区平均 β -0.213  23.1s
2026-10-01 17:02:52,213 INFO 第   4 轮  训练 0.01638  验证 pinball 0.01501  分时小区平均 β -0.213  23.1s
2026-10-01 17:03:15,197 INFO 第   5 轮  训练 0.01539  验证 pinball 0.01412  分时小区平均 β -0.213  23.0s
2026-10-01 17:03:38,234 INFO 第   6 轮  训练 0.01489  验证 pinball 0.01381  分时小区平均 β -0.213  23.0s
2026-10-01 17:04:01,173 INFO 第   7 轮  训练 0.01447  验证 pinball 0.01359  分时小区平均 β -0.213  22.9s
2026-10-01 17:04:24,107 INFO 第   8 轮  训练 0.01419  验证 pinball 0.01357  分时小区平均 β -0.213  22.9s
2026-10-01 17:04:47,191 INFO 第   9 轮  训练 0.01396  验证 pinball 0.01391  分时小区平均 β -0.213  23.1s
2026-10-01 17:05:10,093 INFO 第  10 轮  训练 0.01370  验证 pinball 0.01388  分时小区平均 β -0.213  22.9s
2026-10-01 17:05:33,120 INFO 第  11 轮  训练 0.01350  验证 pinball 0.01406  分时小区平均 β -0.213  23.0s
2026-10-01 17:05:56,010 INFO 第  12 轮  训练 0.01329  验证 pinball 0.01334  分时小区平均 β -0.213  22.9s
2026-10-01 17:06:19,003 INFO 第  13 轮  训练 0.01322  验证 pinball 0.01408  分时小区平均 β -0.213  23.0s
2026-10-01 17:06:42,017 INFO 第  14 轮  训练 0.01304  验证 pinball 0.01341  分时小区平均 β -0.213  23.0s
2026-10-01 17:07:04,994 INFO 第  15 轮  训练 0.01290  验证 pinball 0.01361  分时小区平均 β -0.213  23.0s
2026-10-01 17:07:28,060 INFO 第  16 轮  训练 0.01273  验证 pinball 0.01434  分时小区平均 β -0.213  23.1s
2026-10-01 17:07:50,967 INFO 第  17 轮  训练 0.01271  验证 pinball 0.01317  分时小区平均 β -0.213  22.9s
2026-10-01 17:08:14,086 INFO 第  18 轮  训练 0.01255  验证 pinball 0.01351  分时小区平均 β -0.213  23.1s
2026-10-01 17:08:37,086 INFO 第  19 轮  训练 0.01245  验证 pinball 0.01356  分时小区平均 β -0.213  23.0s
2026-10-01 17:09:00,136 INFO 第  20 轮  训练 0.01238  验证 pinball 0.01426  分时小区平均 β -0.213  23.0s
2026-10-01 17:09:22,954 INFO 第  21 轮  训练 0.01228  验证 pinball 0.01354  分时小区平均 β -0.213  22.8s
2026-10-01 17:09:46,104 INFO 第  22 轮  训练 0.01224  验证 pinball 0.01377  分时小区平均 β -0.213  23.1s
2026-10-01 17:10:09,096 INFO 第  23 轮  训练 0.01215  验证 pinball 0.01338  分时小区平均 β -0.213  23.0s
2026-10-01 17:10:32,029 INFO 第  24 轮  训练 0.01210  验证 pinball 0.01369  分时小区平均 β -0.213  22.9s
2026-10-01 17:10:54,998 INFO 第  25 轮  训练 0.01198  验证 pinball 0.01372  分时小区平均 β -0.213  23.0s
2026-10-01 17:11:17,906 INFO 第  26 轮  训练 0.01194  验证 pinball 0.01353  分时小区平均 β -0.213  22.9s
2026-10-01 17:11:40,924 INFO 第  27 轮  训练 0.01184  验证 pinball 0.01354  分时小区平均 β -0.213  23.0s
2026-10-01 17:12:03,881 INFO 第  28 轮  训练 0.01183  验证 pinball 0.01378  分时小区平均 β -0.213  23.0s
2026-10-01 17:12:26,969 INFO 第  29 轮  训练 0.01176  验证 pinball 0.01381  分时小区平均 β -0.213  23.1s
2026-10-01 17:12:49,935 INFO 第  30 轮  训练 0.01166  验证 pinball 0.01439  分时小区平均 β -0.213  23.0s
2026-10-01 17:13:13,015 INFO 第  31 轮  训练 0.01162  验证 pinball 0.01386  分时小区平均 β -0.213  23.1s
2026-10-01 17:13:36,044 INFO 第  32 轮  训练 0.01163  验证 pinball 0.01401  分时小区平均 β -0.213  23.0s
2026-10-01 17:13:36,045 INFO 验证损失 15 轮未改善，提前停止
2026-10-01 17:13:40,446 INFO 切换点一致性（all）：观测 β -1.180（0.393）  模型 β -0.656（0.217）
2026-10-01 17:13:40,781 INFO 切换点一致性（novel）：观测 β -0.367（0.505）  模型 β -0.409（0.264）
2026-10-01 17:13:57,060 INFO 测试期 MAE 0.0452  WAPE 0.231  CRPS 0.0263  PICP90 原始 0.843 / ACI 0.901；输出 D:\EV充电因果预测sci论文\05_实验结果\runs\abl_A11_predefined_s2
