2026-09-29 22:28:47,789 INFO 运行 tune_gwn_D32_lr1e-3_do0.3，设备 cuda，torch 2.11.0+cu128
2026-09-29 22:28:49,416 INFO 数据：T=4344 N=275 训练/验证/测试起点 3001/409/841；{'train': ('2022-09-01', '2023-01-05'), 'val': ('2023-01-06', '2023-01-23'), 'test': ('2023-01-24', '2023-02-28')}
2026-09-29 22:28:49,563 INFO 模型参数 198,211；锚定方式 cut；锚定来源 fivemin_main
2026-09-29 22:29:23,297 INFO 第   1 轮  训练 0.02307  验证 pinball 0.01706  分时小区平均 β -0.213  28.4s
2026-09-29 22:29:51,011 INFO 第   2 轮  训练 0.01841  验证 pinball 0.01610  分时小区平均 β -0.213  27.7s
2026-09-29 22:30:18,769 INFO 第   3 轮  训练 0.01710  验证 pinball 0.01530  分时小区平均 β -0.213  27.7s
2026-09-29 22:30:46,447 INFO 第   4 轮  训练 0.01586  验证 pinball 0.01436  分时小区平均 β -0.213  27.7s
2026-09-29 22:31:14,281 INFO 第   5 轮  训练 0.01500  验证 pinball 0.01457  分时小区平均 β -0.213  27.8s
2026-09-29 22:31:42,114 INFO 第   6 轮  训练 0.01441  验证 pinball 0.01429  分时小区平均 β -0.213  27.8s
2026-09-29 22:32:10,010 INFO 第   7 轮  训练 0.01411  验证 pinball 0.01385  分时小区平均 β -0.213  27.9s
2026-09-29 22:32:37,821 INFO 第   8 轮  训练 0.01392  验证 pinball 0.01380  分时小区平均 β -0.213  27.8s
2026-09-29 22:33:05,585 INFO 第   9 轮  训练 0.01362  验证 pinball 0.01459  分时小区平均 β -0.213  27.8s
2026-09-29 22:33:33,354 INFO 第  10 轮  训练 0.01346  验证 pinball 0.01370  分时小区平均 β -0.213  27.8s
2026-09-29 22:34:01,030 INFO 第  11 轮  训练 0.01337  验证 pinball 0.01327  分时小区平均 β -0.213  27.7s
2026-09-29 22:34:28,683 INFO 第  12 轮  训练 0.01314  验证 pinball 0.01311  分时小区平均 β -0.213  27.6s
2026-09-29 22:34:56,405 INFO 第  13 轮  训练 0.01306  验证 pinball 0.01316  分时小区平均 β -0.213  27.7s
2026-09-29 22:35:24,190 INFO 第  14 轮  训练 0.01296  验证 pinball 0.01329  分时小区平均 β -0.213  27.8s
2026-09-29 22:35:50,278 INFO 第  15 轮  训练 0.01282  验证 pinball 0.01300  分时小区平均 β -0.213  26.1s
2026-09-29 22:36:15,585 INFO 第  16 轮  训练 0.01268  验证 pinball 0.01296  分时小区平均 β -0.213  25.3s
2026-09-29 22:36:40,800 INFO 第  17 轮  训练 0.01264  验证 pinball 0.01317  分时小区平均 β -0.213  25.2s
2026-09-29 22:37:06,069 INFO 第  18 轮  训练 0.01249  验证 pinball 0.01319  分时小区平均 β -0.213  25.3s
2026-09-29 22:37:31,255 INFO 第  19 轮  训练 0.01242  验证 pinball 0.01318  分时小区平均 β -0.213  25.2s
2026-09-29 22:37:56,471 INFO 第  20 轮  训练 0.01234  验证 pinball 0.01291  分时小区平均 β -0.213  25.2s
2026-09-29 22:38:21,704 INFO 第  21 轮  训练 0.01231  验证 pinball 0.01305  分时小区平均 β -0.213  25.2s
2026-09-29 22:38:46,944 INFO 第  22 轮  训练 0.01222  验证 pinball 0.01298  分时小区平均 β -0.213  25.2s
2026-09-29 22:39:12,132 INFO 第  23 轮  训练 0.01213  验证 pinball 0.01296  分时小区平均 β -0.213  25.2s
2026-09-29 22:39:37,306 INFO 第  24 轮  训练 0.01216  验证 pinball 0.01315  分时小区平均 β -0.213  25.2s
2026-09-29 22:40:02,542 INFO 第  25 轮  训练 0.01206  验证 pinball 0.01350  分时小区平均 β -0.213  25.2s
2026-09-29 22:40:27,684 INFO 第  26 轮  训练 0.01198  验证 pinball 0.01327  分时小区平均 β -0.213  25.1s
2026-09-29 22:40:52,937 INFO 第  27 轮  训练 0.01198  验证 pinball 0.01305  分时小区平均 β -0.213  25.3s
2026-09-29 22:41:18,081 INFO 第  28 轮  训练 0.01186  验证 pinball 0.01286  分时小区平均 β -0.213  25.1s
2026-09-29 22:41:43,379 INFO 第  29 轮  训练 0.01180  验证 pinball 0.01316  分时小区平均 β -0.213  25.3s
2026-09-29 22:42:08,603 INFO 第  30 轮  训练 0.01179  验证 pinball 0.01345  分时小区平均 β -0.213  25.2s
2026-09-29 22:42:33,841 INFO 第  31 轮  训练 0.01175  验证 pinball 0.01358  分时小区平均 β -0.213  25.2s
2026-09-29 22:42:59,074 INFO 第  32 轮  训练 0.01177  验证 pinball 0.01334  分时小区平均 β -0.213  25.2s
2026-09-29 22:43:24,228 INFO 第  33 轮  训练 0.01167  验证 pinball 0.01356  分时小区平均 β -0.213  25.2s
2026-09-29 22:43:49,469 INFO 第  34 轮  训练 0.01162  验证 pinball 0.01322  分时小区平均 β -0.213  25.2s
2026-09-29 22:44:14,554 INFO 第  35 轮  训练 0.01161  验证 pinball 0.01355  分时小区平均 β -0.213  25.1s
2026-09-29 22:44:39,676 INFO 第  36 轮  训练 0.01155  验证 pinball 0.01315  分时小区平均 β -0.213  25.1s
2026-09-29 22:45:04,749 INFO 第  37 轮  训练 0.01157  验证 pinball 0.01345  分时小区平均 β -0.213  25.1s
2026-09-29 22:45:30,020 INFO 第  38 轮  训练 0.01143  验证 pinball 0.01370  分时小区平均 β -0.213  25.3s
2026-09-29 22:45:57,138 INFO 第  39 轮  训练 0.01142  验证 pinball 0.01339  分时小区平均 β -0.213  27.1s
2026-09-29 22:46:25,094 INFO 第  40 轮  训练 0.01148  验证 pinball 0.01351  分时小区平均 β -0.213  28.0s
2026-09-29 22:46:52,992 INFO 第  41 轮  训练 0.01139  验证 pinball 0.01397  分时小区平均 β -0.213  27.9s
2026-09-29 22:47:20,882 INFO 第  42 轮  训练 0.01135  验证 pinball 0.01344  分时小区平均 β -0.213  27.9s
2026-09-29 22:47:48,657 INFO 第  43 轮  训练 0.01135  验证 pinball 0.01342  分时小区平均 β -0.213  27.8s
2026-09-29 22:47:48,657 INFO 验证损失 15 轮未改善，提前停止
2026-09-29 22:48:11,899 INFO 测试期 MAE 0.0440  WAPE 0.225  CRPS 0.0256  PICP90 原始 0.827 / ACI 0.901；输出 D:\EV充电因果预测sci论文\05_实验结果\runs\tune_gwn_D32_lr1e-3_do0.3
