2026-10-01 07:56:36,816 INFO 运行 abl_A3_prior-0.45_s0，设备 cuda，torch 2.11.0+cu128
2026-10-01 07:56:37,957 INFO 数据：T=4344 N=275 训练/验证/测试起点 3001/409/841；{'train': ('2022-09-01', '2023-01-05'), 'val': ('2023-01-06', '2023-01-23'), 'test': ('2023-01-24', '2023-02-28')}
2026-10-01 07:56:38,089 INFO 模型参数 198,211；锚定方式 cut；锚定来源 fivemin_main|fixed_beta=-0.45
2026-10-01 07:57:09,476 INFO 第   1 轮  训练 0.02300  验证 pinball 0.01701  分时小区平均 β -0.450  27.5s
2026-10-01 07:57:36,217 INFO 第   2 轮  训练 0.01834  验证 pinball 0.01597  分时小区平均 β -0.450  26.7s
2026-10-01 07:58:02,925 INFO 第   3 轮  训练 0.01705  验证 pinball 0.01524  分时小区平均 β -0.450  26.7s
2026-10-01 07:58:29,583 INFO 第   4 轮  训练 0.01581  验证 pinball 0.01434  分时小区平均 β -0.450  26.6s
2026-10-01 07:58:56,363 INFO 第   5 轮  训练 0.01496  验证 pinball 0.01457  分时小区平均 β -0.450  26.8s
2026-10-01 07:59:23,105 INFO 第   6 轮  训练 0.01435  验证 pinball 0.01384  分时小区平均 β -0.450  26.7s
2026-10-01 07:59:49,954 INFO 第   7 轮  训练 0.01406  验证 pinball 0.01378  分时小区平均 β -0.450  26.8s
2026-10-01 08:00:16,855 INFO 第   8 轮  训练 0.01383  验证 pinball 0.01350  分时小区平均 β -0.450  26.9s
2026-10-01 08:00:43,631 INFO 第   9 轮  训练 0.01356  验证 pinball 0.01472  分时小区平均 β -0.450  26.8s
2026-10-01 08:01:10,362 INFO 第  10 轮  训练 0.01342  验证 pinball 0.01365  分时小区平均 β -0.450  26.7s
2026-10-01 08:01:37,233 INFO 第  11 轮  训练 0.01329  验证 pinball 0.01320  分时小区平均 β -0.450  26.9s
2026-10-01 08:02:03,888 INFO 第  12 轮  训练 0.01307  验证 pinball 0.01301  分时小区平均 β -0.450  26.6s
2026-10-01 08:02:30,539 INFO 第  13 轮  训练 0.01297  验证 pinball 0.01329  分时小区平均 β -0.450  26.6s
2026-10-01 08:02:57,376 INFO 第  14 轮  训练 0.01288  验证 pinball 0.01320  分时小区平均 β -0.450  26.8s
2026-10-01 08:03:24,133 INFO 第  15 轮  训练 0.01277  验证 pinball 0.01302  分时小区平均 β -0.450  26.8s
2026-10-01 08:03:51,061 INFO 第  16 轮  训练 0.01260  验证 pinball 0.01292  分时小区平均 β -0.450  26.9s
2026-10-01 08:04:17,960 INFO 第  17 轮  训练 0.01256  验证 pinball 0.01307  分时小区平均 β -0.450  26.9s
2026-10-01 08:04:44,677 INFO 第  18 轮  训练 0.01241  验证 pinball 0.01316  分时小区平均 β -0.450  26.7s
2026-10-01 08:05:11,395 INFO 第  19 轮  训练 0.01232  验证 pinball 0.01307  分时小区平均 β -0.450  26.7s
2026-10-01 08:05:38,182 INFO 第  20 轮  训练 0.01226  验证 pinball 0.01292  分时小区平均 β -0.450  26.8s
2026-10-01 08:06:04,888 INFO 第  21 轮  训练 0.01223  验证 pinball 0.01300  分时小区平均 β -0.450  26.7s
2026-10-01 08:06:31,506 INFO 第  22 轮  训练 0.01211  验证 pinball 0.01310  分时小区平均 β -0.450  26.6s
2026-10-01 08:06:58,119 INFO 第  23 轮  训练 0.01205  验证 pinball 0.01290  分时小区平均 β -0.450  26.6s
2026-10-01 08:07:24,759 INFO 第  24 轮  训练 0.01207  验证 pinball 0.01302  分时小区平均 β -0.450  26.6s
2026-10-01 08:07:51,360 INFO 第  25 轮  训练 0.01192  验证 pinball 0.01340  分时小区平均 β -0.450  26.6s
2026-10-01 08:08:17,930 INFO 第  26 轮  训练 0.01189  验证 pinball 0.01314  分时小区平均 β -0.450  26.6s
2026-10-01 08:08:44,495 INFO 第  27 轮  训练 0.01187  验证 pinball 0.01301  分时小区平均 β -0.450  26.6s
2026-10-01 08:09:11,306 INFO 第  28 轮  训练 0.01181  验证 pinball 0.01278  分时小区平均 β -0.450  26.8s
2026-10-01 08:09:37,979 INFO 第  29 轮  训练 0.01173  验证 pinball 0.01295  分时小区平均 β -0.450  26.7s
2026-10-01 08:10:04,894 INFO 第  30 轮  训练 0.01168  验证 pinball 0.01319  分时小区平均 β -0.450  26.9s
2026-10-01 08:10:31,784 INFO 第  31 轮  训练 0.01164  验证 pinball 0.01337  分时小区平均 β -0.450  26.9s
2026-10-01 08:10:58,451 INFO 第  32 轮  训练 0.01165  验证 pinball 0.01323  分时小区平均 β -0.450  26.7s
2026-10-01 08:11:25,225 INFO 第  33 轮  训练 0.01157  验证 pinball 0.01334  分时小区平均 β -0.450  26.8s
2026-10-01 08:11:52,044 INFO 第  34 轮  训练 0.01149  验证 pinball 0.01319  分时小区平均 β -0.450  26.8s
2026-10-01 08:12:18,848 INFO 第  35 轮  训练 0.01146  验证 pinball 0.01363  分时小区平均 β -0.450  26.8s
2026-10-01 08:12:45,659 INFO 第  36 轮  训练 0.01142  验证 pinball 0.01311  分时小区平均 β -0.450  26.8s
2026-10-01 08:13:12,418 INFO 第  37 轮  训练 0.01143  验证 pinball 0.01341  分时小区平均 β -0.450  26.8s
2026-10-01 08:13:39,112 INFO 第  38 轮  训练 0.01130  验证 pinball 0.01355  分时小区平均 β -0.450  26.7s
2026-10-01 08:14:05,666 INFO 第  39 轮  训练 0.01125  验证 pinball 0.01336  分时小区平均 β -0.450  26.6s
2026-10-01 08:14:32,600 INFO 第  40 轮  训练 0.01128  验证 pinball 0.01335  分时小区平均 β -0.450  26.9s
2026-10-01 08:14:59,343 INFO 第  41 轮  训练 0.01129  验证 pinball 0.01409  分时小区平均 β -0.450  26.7s
2026-10-01 08:15:25,970 INFO 第  42 轮  训练 0.01120  验证 pinball 0.01332  分时小区平均 β -0.450  26.6s
2026-10-01 08:15:52,863 INFO 第  43 轮  训练 0.01115  验证 pinball 0.01336  分时小区平均 β -0.450  26.9s
2026-10-01 08:15:52,864 INFO 验证损失 15 轮未改善，提前停止
2026-10-01 08:15:57,945 INFO 切换点一致性（all）：观测 β -1.180（0.393）  模型 β -0.683（0.217）
2026-10-01 08:15:58,201 INFO 切换点一致性（novel）：观测 β -0.367（0.505）  模型 β -0.404（0.270）
2026-10-01 08:16:16,375 INFO 测试期 MAE 0.0447  WAPE 0.229  CRPS 0.0263  PICP90 原始 0.811 / ACI 0.901；输出 D:\EV充电因果预测sci论文\05_实验结果\runs\abl_A3_prior-0.45_s0
