2026-10-01 22:05:34,929 INFO 运行 eid_init-0.05_s1，设备 cuda，torch 2.11.0+cu128
2026-10-01 22:05:36,071 INFO 数据：T=4344 N=275 训练/验证/测试起点 3001/409/841；{'train': ('2022-09-01', '2023-01-05'), 'val': ('2023-01-06', '2023-01-23'), 'test': ('2023-01-24', '2023-02-28')}
2026-10-01 22:05:36,204 INFO 模型参数 199,326；锚定方式 free；锚定来源 fivemin_main
2026-10-01 22:06:07,392 INFO 第   1 轮  训练 0.02280  验证 pinball 0.01807  分时小区平均 β -0.053  27.5s
2026-10-01 22:06:34,223 INFO 第   2 轮  训练 0.01841  验证 pinball 0.01603  分时小区平均 β -0.054  26.8s
2026-10-01 22:07:01,119 INFO 第   3 轮  训练 0.01698  验证 pinball 0.01491  分时小区平均 β -0.054  26.9s
2026-10-01 22:07:27,984 INFO 第   4 轮  训练 0.01567  验证 pinball 0.01484  分时小区平均 β -0.054  26.9s
2026-10-01 22:07:54,923 INFO 第   5 轮  训练 0.01484  验证 pinball 0.01438  分时小区平均 β -0.054  26.9s
2026-10-01 22:08:21,775 INFO 第   6 轮  训练 0.01424  验证 pinball 0.01383  分时小区平均 β -0.055  26.8s
2026-10-01 22:08:48,714 INFO 第   7 轮  训练 0.01403  验证 pinball 0.01403  分时小区平均 β -0.055  26.9s
2026-10-01 22:09:15,684 INFO 第   8 轮  训练 0.01370  验证 pinball 0.01337  分时小区平均 β -0.056  27.0s
2026-10-01 22:09:42,523 INFO 第   9 轮  训练 0.01341  验证 pinball 0.01326  分时小区平均 β -0.057  26.8s
2026-10-01 22:10:09,522 INFO 第  10 轮  训练 0.01333  验证 pinball 0.01322  分时小区平均 β -0.058  27.0s
2026-10-01 22:10:36,425 INFO 第  11 轮  训练 0.01316  验证 pinball 0.01315  分时小区平均 β -0.059  26.9s
2026-10-01 22:11:03,528 INFO 第  12 轮  训练 0.01304  验证 pinball 0.01368  分时小区平均 β -0.060  27.1s
2026-10-01 22:11:30,518 INFO 第  13 轮  训练 0.01287  验证 pinball 0.01332  分时小区平均 β -0.061  27.0s
2026-10-01 22:11:57,618 INFO 第  14 轮  训练 0.01271  验证 pinball 0.01339  分时小区平均 β -0.062  27.1s
2026-10-01 22:12:24,604 INFO 第  15 轮  训练 0.01262  验证 pinball 0.01290  分时小区平均 β -0.064  27.0s
2026-10-01 22:12:51,549 INFO 第  16 轮  训练 0.01263  验证 pinball 0.01338  分时小区平均 β -0.065  26.9s
2026-10-01 22:13:18,378 INFO 第  17 轮  训练 0.01242  验证 pinball 0.01298  分时小区平均 β -0.066  26.8s
2026-10-01 22:13:45,244 INFO 第  18 轮  训练 0.01232  验证 pinball 0.01294  分时小区平均 β -0.068  26.9s
2026-10-01 22:14:12,078 INFO 第  19 轮  训练 0.01224  验证 pinball 0.01311  分时小区平均 β -0.069  26.8s
2026-10-01 22:14:38,960 INFO 第  20 轮  训练 0.01226  验证 pinball 0.01288  分时小区平均 β -0.071  26.9s
2026-10-01 22:15:05,831 INFO 第  21 轮  训练 0.01208  验证 pinball 0.01317  分时小区平均 β -0.072  26.9s
2026-10-01 22:15:32,777 INFO 第  22 轮  训练 0.01203  验证 pinball 0.01415  分时小区平均 β -0.074  26.9s
2026-10-01 22:15:59,495 INFO 第  23 轮  训练 0.01199  验证 pinball 0.01303  分时小区平均 β -0.076  26.7s
2026-10-01 22:16:26,497 INFO 第  24 轮  训练 0.01190  验证 pinball 0.01323  分时小区平均 β -0.077  27.0s
2026-10-01 22:16:53,212 INFO 第  25 轮  训练 0.01186  验证 pinball 0.01299  分时小区平均 β -0.079  26.7s
2026-10-01 22:17:20,113 INFO 第  26 轮  训练 0.01177  验证 pinball 0.01307  分时小区平均 β -0.081  26.9s
2026-10-01 22:17:46,973 INFO 第  27 轮  训练 0.01168  验证 pinball 0.01302  分时小区平均 β -0.082  26.9s
2026-10-01 22:18:13,855 INFO 第  28 轮  训练 0.01170  验证 pinball 0.01360  分时小区平均 β -0.084  26.9s
2026-10-01 22:18:40,755 INFO 第  29 轮  训练 0.01174  验证 pinball 0.01303  分时小区平均 β -0.085  26.9s
2026-10-01 22:19:07,613 INFO 第  30 轮  训练 0.01153  验证 pinball 0.01317  分时小区平均 β -0.087  26.9s
2026-10-01 22:19:34,460 INFO 第  31 轮  训练 0.01155  验证 pinball 0.01313  分时小区平均 β -0.088  26.8s
2026-10-01 22:20:01,491 INFO 第  32 轮  训练 0.01138  验证 pinball 0.01351  分时小区平均 β -0.089  27.0s
2026-10-01 22:20:28,312 INFO 第  33 轮  训练 0.01135  验证 pinball 0.01341  分时小区平均 β -0.090  26.8s
2026-10-01 22:20:55,172 INFO 第  34 轮  训练 0.01134  验证 pinball 0.01317  分时小区平均 β -0.091  26.9s
2026-10-01 22:21:22,173 INFO 第  35 轮  训练 0.01133  验证 pinball 0.01321  分时小区平均 β -0.092  27.0s
2026-10-01 22:21:22,173 INFO 验证损失 15 轮未改善，提前停止
2026-10-01 22:21:27,049 INFO 切换点一致性（all）：观测 β -1.180（0.393）  模型 β -0.427（0.212）
2026-10-01 22:21:27,278 INFO 切换点一致性（novel）：观测 β -0.367（0.505）  模型 β -0.160（0.269）
2026-10-01 22:21:44,363 INFO 测试期 MAE 0.0451  WAPE 0.231  CRPS 0.0262  PICP90 原始 0.830 / ACI 0.900；输出 D:\EV充电因果预测sci论文\05_实验结果\runs\eid_init-0.05_s1
