2026-10-02 00:44:49,316 INFO 运行 eid_profile-0.2_s0，设备 cuda，torch 2.11.0+cu128
2026-10-02 00:44:50,445 INFO 数据：T=4344 N=275 训练/验证/测试起点 3001/409/841；{'train': ('2022-09-01', '2023-01-05'), 'val': ('2023-01-06', '2023-01-23'), 'test': ('2023-01-24', '2023-02-28')}
2026-10-02 00:44:50,604 INFO 模型参数 198,211；锚定方式 cut；锚定来源 fivemin_main|fixed_beta=-0.2
2026-10-02 00:45:21,543 INFO 第   1 轮  训练 0.02303  验证 pinball 0.01701  分时小区平均 β -0.200  27.5s
2026-10-02 00:45:48,121 INFO 第   2 轮  训练 0.01835  验证 pinball 0.01611  分时小区平均 β -0.200  26.6s
2026-10-02 00:46:15,080 INFO 第   3 轮  训练 0.01704  验证 pinball 0.01525  分时小区平均 β -0.200  26.9s
2026-10-02 00:46:41,712 INFO 第   4 轮  训练 0.01579  验证 pinball 0.01432  分时小区平均 β -0.200  26.6s
2026-10-02 00:47:08,492 INFO 第   5 轮  训练 0.01494  验证 pinball 0.01451  分时小区平均 β -0.200  26.8s
2026-10-02 00:47:35,173 INFO 第   6 轮  训练 0.01433  验证 pinball 0.01400  分时小区平均 β -0.200  26.7s
2026-10-02 00:48:01,982 INFO 第   7 轮  训练 0.01405  验证 pinball 0.01382  分时小区平均 β -0.200  26.8s
2026-10-02 00:48:28,561 INFO 第   8 轮  训练 0.01384  验证 pinball 0.01367  分时小区平均 β -0.200  26.6s
2026-10-02 00:48:55,311 INFO 第   9 轮  训练 0.01355  验证 pinball 0.01448  分时小区平均 β -0.200  26.7s
2026-10-02 00:49:22,117 INFO 第  10 轮  训练 0.01339  验证 pinball 0.01366  分时小区平均 β -0.200  26.8s
2026-10-02 00:49:49,109 INFO 第  11 轮  训练 0.01328  验证 pinball 0.01318  分时小区平均 β -0.200  27.0s
2026-10-02 00:50:16,060 INFO 第  12 轮  训练 0.01305  验证 pinball 0.01299  分时小区平均 β -0.200  26.9s
2026-10-02 00:50:42,967 INFO 第  13 轮  训练 0.01296  验证 pinball 0.01325  分时小区平均 β -0.200  26.9s
2026-10-02 00:51:09,830 INFO 第  14 轮  训练 0.01288  验证 pinball 0.01327  分时小区平均 β -0.200  26.9s
2026-10-02 00:51:36,698 INFO 第  15 轮  训练 0.01275  验证 pinball 0.01299  分时小区平均 β -0.200  26.9s
2026-10-02 00:52:03,465 INFO 第  16 轮  训练 0.01258  验证 pinball 0.01291  分时小区平均 β -0.200  26.8s
2026-10-02 00:52:30,146 INFO 第  17 轮  训练 0.01254  验证 pinball 0.01307  分时小区平均 β -0.200  26.7s
2026-10-02 00:52:56,950 INFO 第  18 轮  训练 0.01239  验证 pinball 0.01311  分时小区平均 β -0.200  26.8s
2026-10-02 00:53:23,696 INFO 第  19 轮  训练 0.01231  验证 pinball 0.01303  分时小区平均 β -0.200  26.7s
2026-10-02 00:53:50,255 INFO 第  20 轮  训练 0.01224  验证 pinball 0.01298  分时小区平均 β -0.200  26.6s
2026-10-02 00:54:17,021 INFO 第  21 轮  训练 0.01222  验证 pinball 0.01306  分时小区平均 β -0.200  26.8s
2026-10-02 00:54:43,759 INFO 第  22 轮  训练 0.01210  验证 pinball 0.01309  分时小区平均 β -0.200  26.7s
2026-10-02 00:55:10,434 INFO 第  23 轮  训练 0.01203  验证 pinball 0.01291  分时小区平均 β -0.200  26.7s
2026-10-02 00:55:37,061 INFO 第  24 轮  训练 0.01204  验证 pinball 0.01303  分时小区平均 β -0.200  26.6s
2026-10-02 00:56:03,843 INFO 第  25 轮  训练 0.01192  验证 pinball 0.01337  分时小区平均 β -0.200  26.8s
2026-10-02 00:56:30,573 INFO 第  26 轮  训练 0.01189  验证 pinball 0.01316  分时小区平均 β -0.200  26.7s
2026-10-02 00:56:57,243 INFO 第  27 轮  训练 0.01189  验证 pinball 0.01303  分时小区平均 β -0.200  26.7s
2026-10-02 00:57:23,898 INFO 第  28 轮  训练 0.01181  验证 pinball 0.01278  分时小区平均 β -0.200  26.7s
2026-10-02 00:57:50,649 INFO 第  29 轮  训练 0.01172  验证 pinball 0.01299  分时小区平均 β -0.200  26.7s
2026-10-02 00:58:17,470 INFO 第  30 轮  训练 0.01168  验证 pinball 0.01325  分时小区平均 β -0.200  26.8s
2026-10-02 00:58:44,112 INFO 第  31 轮  训练 0.01165  验证 pinball 0.01345  分时小区平均 β -0.200  26.6s
2026-10-02 00:59:10,982 INFO 第  32 轮  训练 0.01166  验证 pinball 0.01336  分时小区平均 β -0.200  26.9s
2026-10-02 00:59:37,668 INFO 第  33 轮  训练 0.01160  验证 pinball 0.01340  分时小区平均 β -0.200  26.7s
2026-10-02 01:00:04,519 INFO 第  34 轮  训练 0.01150  验证 pinball 0.01316  分时小区平均 β -0.200  26.8s
2026-10-02 01:00:31,268 INFO 第  35 轮  训练 0.01147  验证 pinball 0.01370  分时小区平均 β -0.200  26.7s
2026-10-02 01:00:57,915 INFO 第  36 轮  训练 0.01143  验证 pinball 0.01315  分时小区平均 β -0.200  26.6s
2026-10-02 01:01:24,754 INFO 第  37 轮  训练 0.01144  验证 pinball 0.01343  分时小区平均 β -0.200  26.8s
2026-10-02 01:01:51,526 INFO 第  38 轮  训练 0.01132  验证 pinball 0.01360  分时小区平均 β -0.200  26.8s
2026-10-02 01:02:18,255 INFO 第  39 轮  训练 0.01127  验证 pinball 0.01333  分时小区平均 β -0.200  26.7s
2026-10-02 01:02:44,909 INFO 第  40 轮  训练 0.01129  验证 pinball 0.01329  分时小区平均 β -0.200  26.7s
2026-10-02 01:03:11,797 INFO 第  41 轮  训练 0.01132  验证 pinball 0.01403  分时小区平均 β -0.200  26.9s
2026-10-02 01:03:38,388 INFO 第  42 轮  训练 0.01120  验证 pinball 0.01339  分时小区平均 β -0.200  26.6s
2026-10-02 01:04:05,120 INFO 第  43 轮  训练 0.01118  验证 pinball 0.01328  分时小区平均 β -0.200  26.7s
2026-10-02 01:04:05,120 INFO 验证损失 15 轮未改善，提前停止
2026-10-02 01:04:09,990 INFO 切换点一致性（all）：观测 β -1.180（0.393）  模型 β -0.515（0.204）
2026-10-02 01:04:10,211 INFO 切换点一致性（novel）：观测 β -0.367（0.505）  模型 β -0.240（0.247）
2026-10-02 01:04:27,738 INFO 测试期 MAE 0.0448  WAPE 0.229  CRPS 0.0263  PICP90 原始 0.813 / ACI 0.901；输出 D:\EV充电因果预测sci论文\05_实验结果\runs\eid_profile-0.2_s0
