2026-10-01 03:02:42,920 INFO 运行 base_gcn_s2，基线 gcn，设备 cuda，torch 2.11.0+cu128
2026-10-01 03:02:43,796 INFO 数据：T=4344 N=275 目标 utilization 训练/验证/测试起点 3001/409/841
2026-10-01 03:02:43,941 INFO 模型参数 1,074,616；价格输入 none；损失 pinball（分位数）
2026-10-01 03:02:51,099 INFO 训练 第   1 轮  训练 0.02282  验证 0.01739  4.6s
2026-10-01 03:02:54,954 INFO 训练 第   2 轮  训练 0.01844  验证 0.01602  3.8s
2026-10-01 03:02:58,838 INFO 训练 第   3 轮  训练 0.01721  验证 0.01567  3.9s
2026-10-01 03:03:02,783 INFO 训练 第   4 轮  训练 0.01637  验证 0.01539  3.9s
2026-10-01 03:03:06,692 INFO 训练 第   5 轮  训练 0.01576  验证 0.01536  3.9s
2026-10-01 03:03:10,558 INFO 训练 第   6 轮  训练 0.01529  验证 0.01541  3.9s
2026-10-01 03:03:14,407 INFO 训练 第   7 轮  训练 0.01489  验证 0.01533  3.8s
2026-10-01 03:03:18,285 INFO 训练 第   8 轮  训练 0.01458  验证 0.01577  3.9s
2026-10-01 03:03:22,174 INFO 训练 第   9 轮  训练 0.01430  验证 0.01549  3.9s
2026-10-01 03:03:26,163 INFO 训练 第  10 轮  训练 0.01406  验证 0.01551  4.0s
2026-10-01 03:03:30,231 INFO 训练 第  11 轮  训练 0.01381  验证 0.01584  4.1s
2026-10-01 03:03:34,271 INFO 训练 第  12 轮  训练 0.01366  验证 0.01577  4.0s
2026-10-01 03:03:38,261 INFO 训练 第  13 轮  训练 0.01346  验证 0.01585  4.0s
2026-10-01 03:03:42,205 INFO 训练 第  14 轮  训练 0.01329  验证 0.01598  3.9s
2026-10-01 03:03:46,106 INFO 训练 第  15 轮  训练 0.01313  验证 0.01614  3.9s
2026-10-01 03:03:50,041 INFO 训练 第  16 轮  训练 0.01295  验证 0.01622  3.9s
2026-10-01 03:03:53,865 INFO 训练 第  17 轮  训练 0.01295  验证 0.01605  3.8s
2026-10-01 03:03:57,771 INFO 训练 第  18 轮  训练 0.01275  验证 0.01608  3.9s
2026-10-01 03:04:01,630 INFO 训练 第  19 轮  训练 0.01261  验证 0.01648  3.9s
2026-10-01 03:04:05,470 INFO 训练 第  20 轮  训练 0.01249  验证 0.01627  3.8s
2026-10-01 03:04:09,442 INFO 训练 第  21 轮  训练 0.01242  验证 0.01650  4.0s
2026-10-01 03:04:13,335 INFO 训练 第  22 轮  训练 0.01229  验证 0.01636  3.9s
2026-10-01 03:04:13,335 INFO 验证损失 15 轮未改善，提前停止
2026-10-01 03:04:14,781 INFO 切换点一致性（all）：观测 β -1.180（0.393）  模型 β -0.492（0.152）
2026-10-01 03:04:15,027 INFO 切换点一致性（novel）：观测 β -0.367（0.505）  模型 β -0.372（0.165）
2026-10-01 03:04:31,426 INFO 测试期 MAE 0.0534  WAPE 0.273  CRPS 0.0308  PICP90 原始 0.873 / ACI 0.901；输出 D:\EV充电因果预测sci论文\05_实验结果\runs\base_gcn_s2
