2026-10-01 18:41:42,515 INFO 运行 ess_rho0.5_A0cells_s0，设备 cuda，torch 2.11.0+cu128
2026-10-01 18:41:48,395 INFO E-SS 半合成数据：109 个小区（处理组 54），ρ = 0.5，真实弹性 [-0.2, -0.8, -1.5]；锚定 cells（在合成训练期上重新估计）
2026-10-01 18:41:48,396 INFO 数据：T=4344 N=109 训练/验证/测试起点 3001/409/841；{'train': ('2022-09-01', '2023-01-05'), 'val': ('2023-01-06', '2023-01-23'), 'test': ('2023-01-24', '2023-02-28')}
2026-10-01 18:41:48,524 INFO 模型参数 194,891；锚定方式 cut；锚定来源 ess_cells
2026-10-01 18:42:00,241 INFO 第   1 轮  训练 0.02355  验证 pinball 0.01843  分时小区平均 β -1.414  9.3s
2026-10-01 18:42:08,874 INFO 第   2 轮  训练 0.01841  验证 pinball 0.01686  分时小区平均 β -1.414  8.6s
2026-10-01 18:42:17,397 INFO 第   3 轮  训练 0.01665  验证 pinball 0.01527  分时小区平均 β -1.414  8.5s
2026-10-01 18:42:25,772 INFO 第   4 轮  训练 0.01526  验证 pinball 0.01466  分时小区平均 β -1.414  8.4s
2026-10-01 18:42:34,322 INFO 第   5 轮  训练 0.01424  验证 pinball 0.01458  分时小区平均 β -1.414  8.5s
2026-10-01 18:42:43,082 INFO 第   6 轮  训练 0.01355  验证 pinball 0.01444  分时小区平均 β -1.414  8.8s
2026-10-01 18:42:51,693 INFO 第   7 轮  训练 0.01327  验证 pinball 0.01443  分时小区平均 β -1.414  8.6s
2026-10-01 18:43:00,107 INFO 第   8 轮  训练 0.01299  验证 pinball 0.01391  分时小区平均 β -1.414  8.4s
2026-10-01 18:43:09,091 INFO 第   9 轮  训练 0.01276  验证 pinball 0.01532  分时小区平均 β -1.414  9.0s
2026-10-01 18:43:17,847 INFO 第  10 轮  训练 0.01259  验证 pinball 0.01418  分时小区平均 β -1.414  8.8s
2026-10-01 18:43:26,498 INFO 第  11 轮  训练 0.01244  验证 pinball 0.01482  分时小区平均 β -1.414  8.7s
2026-10-01 18:43:35,366 INFO 第  12 轮  训练 0.01223  验证 pinball 0.01418  分时小区平均 β -1.414  8.9s
2026-10-01 18:43:43,978 INFO 第  13 轮  训练 0.01214  验证 pinball 0.01416  分时小区平均 β -1.414  8.6s
2026-10-01 18:43:52,621 INFO 第  14 轮  训练 0.01206  验证 pinball 0.01427  分时小区平均 β -1.414  8.6s
2026-10-01 18:44:01,284 INFO 第  15 轮  训练 0.01189  验证 pinball 0.01411  分时小区平均 β -1.414  8.7s
2026-10-01 18:44:09,914 INFO 第  16 轮  训练 0.01177  验证 pinball 0.01421  分时小区平均 β -1.414  8.6s
2026-10-01 18:44:18,479 INFO 第  17 轮  训练 0.01168  验证 pinball 0.01458  分时小区平均 β -1.414  8.6s
2026-10-01 18:44:26,976 INFO 第  18 轮  训练 0.01154  验证 pinball 0.01484  分时小区平均 β -1.414  8.5s
2026-10-01 18:44:35,789 INFO 第  19 轮  训练 0.01141  验证 pinball 0.01488  分时小区平均 β -1.414  8.8s
2026-10-01 18:44:44,526 INFO 第  20 轮  训练 0.01139  验证 pinball 0.01472  分时小区平均 β -1.414  8.7s
2026-10-01 18:44:53,240 INFO 第  21 轮  训练 0.01125  验证 pinball 0.01508  分时小区平均 β -1.414  8.7s
2026-10-01 18:45:02,131 INFO 第  22 轮  训练 0.01112  验证 pinball 0.01547  分时小区平均 β -1.414  8.9s
2026-10-01 18:45:10,867 INFO 第  23 轮  训练 0.01104  验证 pinball 0.01497  分时小区平均 β -1.414  8.7s
2026-10-01 18:45:10,867 INFO 验证损失 15 轮未改善，提前停止
2026-10-01 18:45:15,525 INFO E-SS flat：真实隐含弹性 -1.101；模型 -1.317（反事实 MAE 0.0444）；插补 P0 -1.317（0.0444）
2026-10-01 18:45:15,525 INFO E-SS spread1.5：真实隐含弹性 -1.100；模型 -1.317（反事实 MAE 0.0458）；插补 P0 -1.317（0.0458）
2026-10-01 18:45:20,870 INFO 测试期 MAE 0.0473  WAPE 0.249  CRPS 0.0273  PICP90 原始 0.848 / ACI 0.903；输出 D:\EV充电因果预测sci论文\05_实验结果\runs\ess_rho0.5_A0cells_s0
