2026-10-01 03:56:03,126 INFO 运行 base_stgcn_price_s2，基线 stgcn，设备 cuda，torch 2.11.0+cu128
2026-10-01 03:56:04,847 INFO 数据：T=4344 N=275 目标 utilization 训练/验证/测试起点 3001/409/841
2026-10-01 03:56:05,089 INFO 模型参数 301,511；价格输入 hist_fut；损失 pinball（分位数）
2026-10-01 03:56:21,196 INFO 训练 第   1 轮  训练 0.02339  验证 0.01744  12.5s
2026-10-01 03:56:32,545 INFO 训练 第   2 轮  训练 0.01897  验证 0.01684  11.3s
2026-10-01 03:56:43,942 INFO 训练 第   3 轮  训练 0.01808  验证 0.01614  11.4s
2026-10-01 03:56:55,364 INFO 训练 第   4 轮  训练 0.01703  验证 0.01551  11.4s
2026-10-01 03:57:06,777 INFO 训练 第   5 轮  训练 0.01637  验证 0.01536  11.4s
2026-10-01 03:57:18,128 INFO 训练 第   6 轮  训练 0.01571  验证 0.01500  11.3s
2026-10-01 03:57:29,623 INFO 训练 第   7 轮  训练 0.01504  验证 0.01471  11.5s
2026-10-01 03:57:40,931 INFO 训练 第   8 轮  训练 0.01439  验证 0.01433  11.3s
2026-10-01 03:57:52,244 INFO 训练 第   9 轮  训练 0.01402  验证 0.01448  11.3s
2026-10-01 03:58:03,670 INFO 训练 第  10 轮  训练 0.01379  验证 0.01435  11.4s
2026-10-01 03:58:14,922 INFO 训练 第  11 轮  训练 0.01365  验证 0.01429  11.3s
2026-10-01 03:58:26,354 INFO 训练 第  12 轮  训练 0.01341  验证 0.01430  11.4s
2026-10-01 03:58:37,818 INFO 训练 第  13 轮  训练 0.01332  验证 0.01436  11.5s
2026-10-01 03:58:49,113 INFO 训练 第  14 轮  训练 0.01311  验证 0.01449  11.3s
2026-10-01 03:59:00,478 INFO 训练 第  15 轮  训练 0.01294  验证 0.01449  11.4s
2026-10-01 03:59:11,981 INFO 训练 第  16 轮  训练 0.01279  验证 0.01450  11.5s
2026-10-01 03:59:23,268 INFO 训练 第  17 轮  训练 0.01266  验证 0.01470  11.3s
2026-10-01 03:59:34,685 INFO 训练 第  18 轮  训练 0.01253  验证 0.01467  11.4s
2026-10-01 03:59:46,016 INFO 训练 第  19 轮  训练 0.01234  验证 0.01461  11.3s
2026-10-01 03:59:57,334 INFO 训练 第  20 轮  训练 0.01222  验证 0.01484  11.3s
2026-10-01 04:00:08,755 INFO 训练 第  21 轮  训练 0.01207  验证 0.01467  11.4s
2026-10-01 04:00:20,053 INFO 训练 第  22 轮  训练 0.01195  验证 0.01492  11.3s
2026-10-01 04:00:31,497 INFO 训练 第  23 轮  训练 0.01183  验证 0.01489  11.4s
2026-10-01 04:00:42,919 INFO 训练 第  24 轮  训练 0.01175  验证 0.01524  11.4s
2026-10-01 04:00:54,093 INFO 训练 第  25 轮  训练 0.01164  验证 0.01505  11.2s
2026-10-01 04:01:05,448 INFO 训练 第  26 轮  训练 0.01153  验证 0.01514  11.4s
2026-10-01 04:01:05,448 INFO 验证损失 15 轮未改善，提前停止
2026-10-01 04:01:09,529 INFO 价格响应读出（分时小区 dl_hist+dl_fut 价格 +5%）：弧弹性均值 +0.154，中位数 +0.152，为负的比例 0.28
2026-10-01 04:01:09,921 INFO 切换点一致性（all）：观测 β -1.180（0.393）  模型 β -0.422（0.195）
2026-10-01 04:01:10,184 INFO 切换点一致性（novel）：观测 β -0.367（0.505）  模型 β -0.270（0.264）
2026-10-01 04:01:25,594 INFO 测试期 MAE 0.0507  WAPE 0.260  CRPS 0.0291  PICP90 原始 0.857 / ACI 0.901；输出 D:\EV充电因果预测sci论文\05_实验结果\runs\base_stgcn_price_s2
