2026-10-01 06:04:07,934 INFO 运行 base_stgcn_s4，基线 stgcn，设备 cuda，torch 2.11.0+cu128
2026-10-01 06:04:09,188 INFO 数据：T=4344 N=275 目标 utilization 训练/验证/测试起点 3001/409/841
2026-10-01 06:04:09,434 INFO 模型参数 300,999；价格输入 none；损失 pinball（分位数）
2026-10-01 06:04:24,005 INFO 训练 第   1 轮  训练 0.02304  验证 0.01781  11.9s
2026-10-01 06:04:35,254 INFO 训练 第   2 轮  训练 0.01900  验证 0.01736  11.2s
2026-10-01 06:04:46,483 INFO 训练 第   3 轮  训练 0.01826  验证 0.01713  11.2s
2026-10-01 06:04:57,521 INFO 训练 第   4 轮  训练 0.01722  验证 0.01627  11.0s
2026-10-01 06:05:08,739 INFO 训练 第   5 轮  训练 0.01660  验证 0.01599  11.2s
2026-10-01 06:05:19,909 INFO 训练 第   6 轮  训练 0.01601  验证 0.01541  11.2s
2026-10-01 06:05:31,102 INFO 训练 第   7 轮  训练 0.01554  验证 0.01534  11.2s
2026-10-01 06:05:42,301 INFO 训练 第   8 轮  训练 0.01504  验证 0.01531  11.2s
2026-10-01 06:05:53,551 INFO 训练 第   9 轮  训练 0.01451  验证 0.01534  11.2s
2026-10-01 06:06:04,753 INFO 训练 第  10 轮  训练 0.01417  验证 0.01508  11.2s
2026-10-01 06:06:15,733 INFO 训练 第  11 轮  训练 0.01391  验证 0.01500  11.0s
2026-10-01 06:06:26,907 INFO 训练 第  12 轮  训练 0.01366  验证 0.01498  11.2s
2026-10-01 06:06:37,981 INFO 训练 第  13 轮  训练 0.01349  验证 0.01484  11.1s
2026-10-01 06:06:49,216 INFO 训练 第  14 轮  训练 0.01328  验证 0.01485  11.2s
2026-10-01 06:07:00,285 INFO 训练 第  15 轮  训练 0.01316  验证 0.01505  11.1s
2026-10-01 06:07:11,479 INFO 训练 第  16 轮  训练 0.01300  验证 0.01513  11.2s
2026-10-01 06:07:22,534 INFO 训练 第  17 轮  训练 0.01288  验证 0.01505  11.1s
2026-10-01 06:07:33,830 INFO 训练 第  18 轮  训练 0.01276  验证 0.01518  11.3s
2026-10-01 06:07:45,015 INFO 训练 第  19 轮  训练 0.01263  验证 0.01525  11.2s
2026-10-01 06:07:56,125 INFO 训练 第  20 轮  训练 0.01246  验证 0.01528  11.1s
2026-10-01 06:08:07,406 INFO 训练 第  21 轮  训练 0.01230  验证 0.01541  11.3s
2026-10-01 06:08:18,587 INFO 训练 第  22 轮  训练 0.01218  验证 0.01540  11.2s
2026-10-01 06:08:29,792 INFO 训练 第  23 轮  训练 0.01200  验证 0.01549  11.2s
2026-10-01 06:08:40,886 INFO 训练 第  24 轮  训练 0.01184  验证 0.01565  11.1s
2026-10-01 06:08:52,112 INFO 训练 第  25 轮  训练 0.01170  验证 0.01569  11.2s
2026-10-01 06:09:03,272 INFO 训练 第  26 轮  训练 0.01159  验证 0.01559  11.2s
2026-10-01 06:09:14,444 INFO 训练 第  27 轮  训练 0.01151  验证 0.01574  11.2s
2026-10-01 06:09:25,448 INFO 训练 第  28 轮  训练 0.01141  验证 0.01591  11.0s
2026-10-01 06:09:25,448 INFO 验证损失 15 轮未改善，提前停止
2026-10-01 06:09:27,890 INFO 切换点一致性（all）：观测 β -1.180（0.393）  模型 β -0.252（0.188）
2026-10-01 06:09:28,126 INFO 切换点一致性（novel）：观测 β -0.367（0.505）  模型 β -0.151（0.257）
2026-10-01 06:09:46,716 INFO 测试期 MAE 0.0518  WAPE 0.265  CRPS 0.0301  PICP90 原始 0.835 / ACI 0.903；输出 D:\EV充电因果预测sci论文\05_实验结果\runs\base_stgcn_s4
