2026-10-01 12:10:00,645 INFO 运行 abl_A3_prior-0.45_s1，设备 cuda，torch 2.11.0+cu128
2026-10-01 12:10:01,936 INFO 数据：T=4344 N=275 训练/验证/测试起点 3001/409/841；{'train': ('2022-09-01', '2023-01-05'), 'val': ('2023-01-06', '2023-01-23'), 'test': ('2023-01-24', '2023-02-28')}
2026-10-01 12:10:02,075 INFO 模型参数 198,211；锚定方式 cut；锚定来源 fivemin_main|fixed_beta=-0.45
2026-10-01 12:10:32,510 INFO 第   1 轮  训练 0.02275  验证 pinball 0.01805  分时小区平均 β -0.450  27.4s
2026-10-01 12:10:59,281 INFO 第   2 轮  训练 0.01839  验证 pinball 0.01594  分时小区平均 β -0.450  26.8s
2026-10-01 12:11:25,996 INFO 第   3 轮  训练 0.01700  验证 pinball 0.01496  分时小区平均 β -0.450  26.7s
2026-10-01 12:11:52,788 INFO 第   4 轮  训练 0.01571  验证 pinball 0.01485  分时小区平均 β -0.450  26.8s
2026-10-01 12:12:19,469 INFO 第   5 轮  训练 0.01486  验证 pinball 0.01444  分时小区平均 β -0.450  26.7s
2026-10-01 12:12:46,302 INFO 第   6 轮  训练 0.01425  验证 pinball 0.01378  分时小区平均 β -0.450  26.8s
2026-10-01 12:13:12,913 INFO 第   7 轮  训练 0.01404  验证 pinball 0.01400  分时小区平均 β -0.450  26.6s
2026-10-01 12:13:39,640 INFO 第   8 轮  训练 0.01371  验证 pinball 0.01339  分时小区平均 β -0.450  26.7s
2026-10-01 12:14:06,570 INFO 第   9 轮  训练 0.01343  验证 pinball 0.01326  分时小区平均 β -0.450  26.9s
2026-10-01 12:14:33,373 INFO 第  10 轮  训练 0.01334  验证 pinball 0.01324  分时小区平均 β -0.450  26.8s
2026-10-01 12:15:00,149 INFO 第  11 轮  训练 0.01318  验证 pinball 0.01317  分时小区平均 β -0.450  26.8s
2026-10-01 12:15:26,920 INFO 第  12 轮  训练 0.01306  验证 pinball 0.01374  分时小区平均 β -0.450  26.8s
2026-10-01 12:15:53,580 INFO 第  13 轮  训练 0.01289  验证 pinball 0.01327  分时小区平均 β -0.450  26.7s
2026-10-01 12:16:20,167 INFO 第  14 轮  训练 0.01273  验证 pinball 0.01344  分时小区平均 β -0.450  26.6s
2026-10-01 12:16:46,890 INFO 第  15 轮  训练 0.01264  验证 pinball 0.01290  分时小区平均 β -0.450  26.7s
2026-10-01 12:17:13,649 INFO 第  16 轮  训练 0.01266  验证 pinball 0.01331  分时小区平均 β -0.450  26.7s
2026-10-01 12:17:40,339 INFO 第  17 轮  训练 0.01243  验证 pinball 0.01300  分时小区平均 β -0.450  26.7s
2026-10-01 12:18:07,116 INFO 第  18 轮  训练 0.01234  验证 pinball 0.01296  分时小区平均 β -0.450  26.8s
2026-10-01 12:18:33,837 INFO 第  19 轮  训练 0.01226  验证 pinball 0.01313  分时小区平均 β -0.450  26.7s
2026-10-01 12:19:00,588 INFO 第  20 轮  训练 0.01227  验证 pinball 0.01288  分时小区平均 β -0.450  26.8s
2026-10-01 12:19:27,313 INFO 第  21 轮  训练 0.01210  验证 pinball 0.01330  分时小区平均 β -0.450  26.7s
2026-10-01 12:19:54,228 INFO 第  22 轮  训练 0.01206  验证 pinball 0.01415  分时小区平均 β -0.450  26.9s
2026-10-01 12:20:20,962 INFO 第  23 轮  训练 0.01201  验证 pinball 0.01312  分时小区平均 β -0.450  26.7s
2026-10-01 12:20:47,654 INFO 第  24 轮  训练 0.01193  验证 pinball 0.01321  分时小区平均 β -0.450  26.7s
2026-10-01 12:21:14,578 INFO 第  25 轮  训练 0.01191  验证 pinball 0.01301  分时小区平均 β -0.450  26.9s
2026-10-01 12:21:41,209 INFO 第  26 轮  训练 0.01184  验证 pinball 0.01360  分时小区平均 β -0.450  26.6s
2026-10-01 12:22:07,907 INFO 第  27 轮  训练 0.01172  验证 pinball 0.01316  分时小区平均 β -0.450  26.7s
2026-10-01 12:22:34,771 INFO 第  28 轮  训练 0.01173  验证 pinball 0.01417  分时小区平均 β -0.450  26.9s
2026-10-01 12:23:01,413 INFO 第  29 轮  训练 0.01171  验证 pinball 0.01319  分时小区平均 β -0.450  26.6s
2026-10-01 12:23:28,010 INFO 第  30 轮  训练 0.01155  验证 pinball 0.01340  分时小区平均 β -0.450  26.6s
2026-10-01 12:23:54,594 INFO 第  31 轮  训练 0.01155  验证 pinball 0.01328  分时小区平均 β -0.450  26.6s
2026-10-01 12:24:21,289 INFO 第  32 轮  训练 0.01140  验证 pinball 0.01368  分时小区平均 β -0.450  26.7s
2026-10-01 12:24:47,822 INFO 第  33 轮  训练 0.01137  验证 pinball 0.01357  分时小区平均 β -0.450  26.5s
2026-10-01 12:25:14,445 INFO 第  34 轮  训练 0.01136  验证 pinball 0.01328  分时小区平均 β -0.450  26.6s
2026-10-01 12:25:41,058 INFO 第  35 轮  训练 0.01132  验证 pinball 0.01345  分时小区平均 β -0.450  26.6s
2026-10-01 12:25:41,058 INFO 验证损失 15 轮未改善，提前停止
2026-10-01 12:25:46,029 INFO 切换点一致性（all）：观测 β -1.180（0.393）  模型 β -0.652（0.218）
2026-10-01 12:25:46,267 INFO 切换点一致性（novel）：观测 β -0.367（0.505）  模型 β -0.339（0.276）
2026-10-01 12:26:03,956 INFO 测试期 MAE 0.0452  WAPE 0.231  CRPS 0.0263  PICP90 原始 0.831 / ACI 0.900；输出 D:\EV充电因果预测sci论文\05_实验结果\runs\abl_A3_prior-0.45_s1
