2026-10-02 01:24:14,525 INFO 运行 eid_profile-0.8_s0，设备 cuda，torch 2.11.0+cu128
2026-10-02 01:24:15,649 INFO 数据：T=4344 N=275 训练/验证/测试起点 3001/409/841；{'train': ('2022-09-01', '2023-01-05'), 'val': ('2023-01-06', '2023-01-23'), 'test': ('2023-01-24', '2023-02-28')}
2026-10-02 01:24:15,784 INFO 模型参数 198,211；锚定方式 cut；锚定来源 fivemin_main|fixed_beta=-0.8
2026-10-02 01:24:46,310 INFO 第   1 轮  训练 0.02300  验证 pinball 0.01702  分时小区平均 β -0.800  27.3s
2026-10-02 01:25:13,048 INFO 第   2 轮  训练 0.01837  验证 pinball 0.01613  分时小区平均 β -0.800  26.7s
2026-10-02 01:25:39,954 INFO 第   3 轮  训练 0.01710  验证 pinball 0.01529  分时小区平均 β -0.800  26.9s
2026-10-02 01:26:06,688 INFO 第   4 轮  训练 0.01588  验证 pinball 0.01437  分时小区平均 β -0.800  26.7s
2026-10-02 01:26:33,223 INFO 第   5 轮  训练 0.01501  验证 pinball 0.01456  分时小区平均 β -0.800  26.5s
2026-10-02 01:26:59,951 INFO 第   6 轮  训练 0.01438  验证 pinball 0.01414  分时小区平均 β -0.800  26.7s
2026-10-02 01:27:26,786 INFO 第   7 轮  训练 0.01408  验证 pinball 0.01387  分时小区平均 β -0.800  26.8s
2026-10-02 01:27:53,594 INFO 第   8 轮  训练 0.01388  验证 pinball 0.01381  分时小区平均 β -0.800  26.8s
2026-10-02 01:28:20,460 INFO 第   9 轮  训练 0.01357  验证 pinball 0.01461  分时小区平均 β -0.800  26.9s
2026-10-02 01:28:47,184 INFO 第  10 轮  训练 0.01342  验证 pinball 0.01370  分时小区平均 β -0.800  26.7s
2026-10-02 01:29:13,931 INFO 第  11 轮  训练 0.01330  验证 pinball 0.01326  分时小区平均 β -0.800  26.7s
2026-10-02 01:29:40,722 INFO 第  12 轮  训练 0.01310  验证 pinball 0.01306  分时小区平均 β -0.800  26.8s
2026-10-02 01:30:07,522 INFO 第  13 轮  训练 0.01300  验证 pinball 0.01333  分时小区平均 β -0.800  26.8s
2026-10-02 01:30:34,273 INFO 第  14 轮  训练 0.01291  验证 pinball 0.01324  分时小区平均 β -0.800  26.7s
2026-10-02 01:31:01,237 INFO 第  15 轮  训练 0.01278  验证 pinball 0.01314  分时小区平均 β -0.800  27.0s
2026-10-02 01:31:28,008 INFO 第  16 轮  训练 0.01264  验证 pinball 0.01300  分时小区平均 β -0.800  26.8s
2026-10-02 01:31:54,969 INFO 第  17 轮  训练 0.01258  验证 pinball 0.01305  分时小区平均 β -0.800  26.9s
2026-10-02 01:32:21,924 INFO 第  18 轮  训练 0.01243  验证 pinball 0.01318  分时小区平均 β -0.800  27.0s
2026-10-02 01:32:48,748 INFO 第  19 轮  训练 0.01236  验证 pinball 0.01310  分时小区平均 β -0.800  26.8s
2026-10-02 01:33:15,572 INFO 第  20 轮  训练 0.01229  验证 pinball 0.01301  分时小区平均 β -0.800  26.8s
2026-10-02 01:33:42,334 INFO 第  21 轮  训练 0.01226  验证 pinball 0.01314  分时小区平均 β -0.800  26.8s
2026-10-02 01:34:09,113 INFO 第  22 轮  训练 0.01214  验证 pinball 0.01312  分时小区平均 β -0.800  26.8s
2026-10-02 01:34:36,011 INFO 第  23 轮  训练 0.01207  验证 pinball 0.01301  分时小区平均 β -0.800  26.9s
2026-10-02 01:35:02,826 INFO 第  24 轮  训练 0.01210  验证 pinball 0.01309  分时小区平均 β -0.800  26.8s
2026-10-02 01:35:29,761 INFO 第  25 轮  训练 0.01196  验证 pinball 0.01325  分时小区平均 β -0.800  26.9s
2026-10-02 01:35:56,568 INFO 第  26 轮  训练 0.01192  验证 pinball 0.01317  分时小区平均 β -0.800  26.8s
2026-10-02 01:36:23,309 INFO 第  27 轮  训练 0.01191  验证 pinball 0.01305  分时小区平均 β -0.800  26.7s
2026-10-02 01:36:49,886 INFO 第  28 轮  训练 0.01184  验证 pinball 0.01280  分时小区平均 β -0.800  26.6s
2026-10-02 01:37:16,576 INFO 第  29 轮  训练 0.01174  验证 pinball 0.01315  分时小区平均 β -0.800  26.7s
2026-10-02 01:37:43,311 INFO 第  30 轮  训练 0.01170  验证 pinball 0.01325  分时小区平均 β -0.800  26.7s
2026-10-02 01:38:09,997 INFO 第  31 轮  训练 0.01170  验证 pinball 0.01352  分时小区平均 β -0.800  26.7s
2026-10-02 01:38:36,710 INFO 第  32 轮  训练 0.01167  验证 pinball 0.01328  分时小区平均 β -0.800  26.7s
2026-10-02 01:39:03,579 INFO 第  33 轮  训练 0.01162  验证 pinball 0.01329  分时小区平均 β -0.800  26.9s
2026-10-02 01:39:30,329 INFO 第  34 轮  训练 0.01153  验证 pinball 0.01319  分时小区平均 β -0.800  26.7s
2026-10-02 01:39:57,128 INFO 第  35 轮  训练 0.01152  验证 pinball 0.01357  分时小区平均 β -0.800  26.8s
2026-10-02 01:40:23,969 INFO 第  36 轮  训练 0.01146  验证 pinball 0.01312  分时小区平均 β -0.800  26.8s
2026-10-02 01:40:50,706 INFO 第  37 轮  训练 0.01148  验证 pinball 0.01341  分时小区平均 β -0.800  26.7s
2026-10-02 01:41:17,433 INFO 第  38 轮  训练 0.01134  验证 pinball 0.01342  分时小区平均 β -0.800  26.7s
2026-10-02 01:41:44,264 INFO 第  39 轮  训练 0.01130  验证 pinball 0.01331  分时小区平均 β -0.800  26.8s
2026-10-02 01:42:11,052 INFO 第  40 轮  训练 0.01130  验证 pinball 0.01339  分时小区平均 β -0.800  26.8s
2026-10-02 01:42:37,885 INFO 第  41 轮  训练 0.01129  验证 pinball 0.01373  分时小区平均 β -0.800  26.8s
2026-10-02 01:43:04,751 INFO 第  42 轮  训练 0.01120  验证 pinball 0.01352  分时小区平均 β -0.800  26.9s
2026-10-02 01:43:31,515 INFO 第  43 轮  训练 0.01115  验证 pinball 0.01371  分时小区平均 β -0.800  26.8s
2026-10-02 01:43:31,516 INFO 验证损失 15 轮未改善，提前停止
2026-10-02 01:43:36,335 INFO 切换点一致性（all）：观测 β -1.180（0.393）  模型 β -0.915（0.218）
2026-10-02 01:43:36,596 INFO 切换点一致性（novel）：观测 β -0.367（0.505）  模型 β -0.538（0.283）
2026-10-02 01:43:53,834 INFO 测试期 MAE 0.0438  WAPE 0.224  CRPS 0.0256  PICP90 原始 0.822 / ACI 0.902；输出 D:\EV充电因果预测sci论文\05_实验结果\runs\eid_profile-0.8_s0
