2026-10-01 04:32:46,285 INFO 运行 base_gcnlstm_s3，基线 gcnlstm，设备 cuda，torch 2.11.0+cu128
2026-10-01 04:32:47,350 INFO 数据：T=4344 N=275 目标 utilization 训练/验证/测试起点 3001/409/841
2026-10-01 04:32:47,493 INFO 模型参数 1,081,144；价格输入 none；损失 pinball（分位数）
2026-10-01 04:32:55,970 INFO 训练 第   1 轮  训练 0.02313  验证 0.01765  5.3s
2026-10-01 04:33:00,600 INFO 训练 第   2 轮  训练 0.01882  验证 0.01607  4.6s
2026-10-01 04:33:05,152 INFO 训练 第   3 轮  训练 0.01736  验证 0.01563  4.5s
2026-10-01 04:33:09,700 INFO 训练 第   4 轮  训练 0.01649  验证 0.01532  4.5s
2026-10-01 04:33:14,163 INFO 训练 第   5 轮  训练 0.01589  验证 0.01552  4.5s
2026-10-01 04:33:18,632 INFO 训练 第   6 轮  训练 0.01542  验证 0.01550  4.5s
2026-10-01 04:33:23,105 INFO 训练 第   7 轮  训练 0.01504  验证 0.01574  4.5s
2026-10-01 04:33:27,668 INFO 训练 第   8 轮  训练 0.01473  验证 0.01565  4.6s
2026-10-01 04:33:32,151 INFO 训练 第   9 轮  训练 0.01440  验证 0.01581  4.5s
2026-10-01 04:33:36,756 INFO 训练 第  10 轮  训练 0.01415  验证 0.01585  4.6s
2026-10-01 04:33:41,325 INFO 训练 第  11 轮  训练 0.01395  验证 0.01645  4.6s
2026-10-01 04:33:45,984 INFO 训练 第  12 轮  训练 0.01376  验证 0.01601  4.7s
2026-10-01 04:33:50,683 INFO 训练 第  13 轮  训练 0.01354  验证 0.01635  4.7s
2026-10-01 04:33:55,227 INFO 训练 第  14 轮  训练 0.01341  验证 0.01646  4.5s
2026-10-01 04:33:59,839 INFO 训练 第  15 轮  训练 0.01325  验证 0.01625  4.6s
2026-10-01 04:34:04,392 INFO 训练 第  16 轮  训练 0.01311  验证 0.01648  4.6s
2026-10-01 04:34:08,938 INFO 训练 第  17 轮  训练 0.01293  验证 0.01678  4.5s
2026-10-01 04:34:13,465 INFO 训练 第  18 轮  训练 0.01281  验证 0.01666  4.5s
2026-10-01 04:34:18,120 INFO 训练 第  19 轮  训练 0.01269  验证 0.01687  4.7s
2026-10-01 04:34:18,121 INFO 验证损失 15 轮未改善，提前停止
2026-10-01 04:34:19,535 INFO 切换点一致性（all）：观测 β -1.180（0.393）  模型 β -0.248（0.114）
2026-10-01 04:34:19,831 INFO 切换点一致性（novel）：观测 β -0.367（0.505）  模型 β -0.223（0.137）
2026-10-01 04:34:34,907 INFO 测试期 MAE 0.0519  WAPE 0.266  CRPS 0.0304  PICP90 原始 0.905 / ACI 0.899；输出 D:\EV充电因果预测sci论文\05_实验结果\runs\base_gcnlstm_s3
