2026-10-01 18:49:16,902 INFO 运行 ess_rho0.5_A1free_s0，设备 cuda，torch 2.11.0+cu128
2026-10-01 18:49:25,880 INFO E-SS 半合成数据：109 个小区（处理组 54），ρ = 0.5，真实弹性 [-0.2, -0.8, -1.5]；锚定 cells（在合成训练期上重新估计）
2026-10-01 18:49:25,881 INFO 数据：T=4344 N=109 训练/验证/测试起点 3001/409/841；{'train': ('2022-09-01', '2023-01-05'), 'val': ('2023-01-06', '2023-01-23'), 'test': ('2023-01-24', '2023-02-28')}
2026-10-01 18:49:26,040 INFO 模型参数 195,342；锚定方式 free；锚定来源 ess_cells
2026-10-01 18:49:39,263 INFO 第   1 轮  训练 0.02354  验证 pinball 0.01842  分时小区平均 β -1.351  9.7s
2026-10-01 18:49:48,537 INFO 第   2 轮  训练 0.01839  验证 pinball 0.01679  分时小区平均 β -1.327  9.3s
2026-10-01 18:49:57,915 INFO 第   3 轮  训练 0.01663  验证 pinball 0.01526  分时小区平均 β -1.318  9.4s
2026-10-01 18:50:06,879 INFO 第   4 轮  训练 0.01527  验证 pinball 0.01465  分时小区平均 β -1.296  9.0s
2026-10-01 18:50:16,085 INFO 第   5 轮  训练 0.01423  验证 pinball 0.01455  分时小区平均 β -1.275  9.2s
2026-10-01 18:50:25,008 INFO 第   6 轮  训练 0.01353  验证 pinball 0.01448  分时小区平均 β -1.255  8.9s
2026-10-01 18:50:33,758 INFO 第   7 轮  训练 0.01323  验证 pinball 0.01446  分时小区平均 β -1.238  8.7s
2026-10-01 18:50:42,691 INFO 第   8 轮  训练 0.01295  验证 pinball 0.01390  分时小区平均 β -1.224  8.9s
2026-10-01 18:50:52,168 INFO 第   9 轮  训练 0.01272  验证 pinball 0.01531  分时小区平均 β -1.211  9.5s
2026-10-01 18:51:01,709 INFO 第  10 轮  训练 0.01255  验证 pinball 0.01420  分时小区平均 β -1.201  9.5s
2026-10-01 18:51:11,129 INFO 第  11 轮  训练 0.01239  验证 pinball 0.01505  分时小区平均 β -1.193  9.4s
2026-10-01 18:51:19,960 INFO 第  12 轮  训练 0.01219  验证 pinball 0.01417  分时小区平均 β -1.186  8.8s
2026-10-01 18:51:29,419 INFO 第  13 轮  训练 0.01208  验证 pinball 0.01439  分时小区平均 β -1.179  9.5s
2026-10-01 18:51:38,538 INFO 第  14 轮  训练 0.01198  验证 pinball 0.01428  分时小区平均 β -1.173  9.1s
2026-10-01 18:51:47,680 INFO 第  15 轮  训练 0.01179  验证 pinball 0.01411  分时小区平均 β -1.168  9.1s
2026-10-01 18:51:56,644 INFO 第  16 轮  训练 0.01176  验证 pinball 0.01420  分时小区平均 β -1.162  9.0s
2026-10-01 18:52:05,635 INFO 第  17 轮  训练 0.01165  验证 pinball 0.01465  分时小区平均 β -1.159  9.0s
2026-10-01 18:52:14,476 INFO 第  18 轮  训练 0.01148  验证 pinball 0.01483  分时小区平均 β -1.155  8.8s
2026-10-01 18:52:23,155 INFO 第  19 轮  训练 0.01135  验证 pinball 0.01488  分时小区平均 β -1.152  8.7s
2026-10-01 18:52:32,232 INFO 第  20 轮  训练 0.01132  验证 pinball 0.01492  分时小区平均 β -1.149  9.1s
2026-10-01 18:52:41,745 INFO 第  21 轮  训练 0.01119  验证 pinball 0.01516  分时小区平均 β -1.146  9.5s
2026-10-01 18:52:50,543 INFO 第  22 轮  训练 0.01107  验证 pinball 0.01549  分时小区平均 β -1.143  8.8s
2026-10-01 18:52:59,911 INFO 第  23 轮  训练 0.01099  验证 pinball 0.01519  分时小区平均 β -1.141  9.4s
2026-10-01 18:52:59,911 INFO 验证损失 15 轮未改善，提前停止
2026-10-01 18:53:05,191 INFO E-SS flat：真实隐含弹性 -1.101；模型 -1.140（反事实 MAE 0.0444）；插补 P0 -1.317（0.0443）
2026-10-01 18:53:05,191 INFO E-SS spread1.5：真实隐含弹性 -1.100；模型 -1.140（反事实 MAE 0.0452）；插补 P0 -1.317（0.0454）
2026-10-01 18:53:12,852 INFO 测试期 MAE 0.0470  WAPE 0.248  CRPS 0.0271  PICP90 原始 0.851 / ACI 0.903；输出 D:\EV充电因果预测sci论文\05_实验结果\runs\ess_rho0.5_A1free_s0
