2026-10-01 08:35:38,175 INFO 运行 abl_A3_prior-1.48_s0，设备 cuda，torch 2.11.0+cu128
2026-10-01 08:35:39,483 INFO 数据：T=4344 N=275 训练/验证/测试起点 3001/409/841；{'train': ('2022-09-01', '2023-01-05'), 'val': ('2023-01-06', '2023-01-23'), 'test': ('2023-01-24', '2023-02-28')}
2026-10-01 08:35:39,622 INFO 模型参数 198,211；锚定方式 cut；锚定来源 fivemin_main|fixed_beta=-1.48
2026-10-01 08:36:10,265 INFO 第   1 轮  训练 0.02307  验证 pinball 0.01714  分时小区平均 β -1.480  27.5s
2026-10-01 08:36:37,071 INFO 第   2 轮  训练 0.01847  验证 pinball 0.01620  分时小区平均 β -1.480  26.8s
2026-10-01 08:37:03,684 INFO 第   3 轮  训练 0.01720  验证 pinball 0.01535  分时小区平均 β -1.480  26.6s
2026-10-01 08:37:30,452 INFO 第   4 轮  训练 0.01603  验证 pinball 0.01451  分时小区平均 β -1.480  26.8s
2026-10-01 08:37:57,110 INFO 第   5 轮  训练 0.01514  验证 pinball 0.01450  分时小区平均 β -1.480  26.6s
2026-10-01 08:38:23,898 INFO 第   6 轮  训练 0.01447  验证 pinball 0.01405  分时小区平均 β -1.480  26.8s
2026-10-01 08:38:50,567 INFO 第   7 轮  训练 0.01419  验证 pinball 0.01400  分时小区平均 β -1.480  26.7s
2026-10-01 08:39:17,280 INFO 第   8 轮  训练 0.01399  验证 pinball 0.01388  分时小区平均 β -1.480  26.7s
2026-10-01 08:39:44,112 INFO 第   9 轮  训练 0.01370  验证 pinball 0.01464  分时小区平均 β -1.480  26.8s
2026-10-01 08:40:10,925 INFO 第  10 轮  训练 0.01353  验证 pinball 0.01380  分时小区平均 β -1.480  26.8s
2026-10-01 08:40:37,617 INFO 第  11 轮  训练 0.01342  验证 pinball 0.01343  分时小区平均 β -1.480  26.7s
2026-10-01 08:41:04,629 INFO 第  12 轮  训练 0.01320  验证 pinball 0.01327  分时小区平均 β -1.480  27.0s
2026-10-01 08:41:31,501 INFO 第  13 轮  训练 0.01309  验证 pinball 0.01330  分时小区平均 β -1.480  26.9s
2026-10-01 08:41:58,262 INFO 第  14 轮  训练 0.01299  验证 pinball 0.01334  分时小区平均 β -1.480  26.8s
2026-10-01 08:42:25,016 INFO 第  15 轮  训练 0.01286  验证 pinball 0.01323  分时小区平均 β -1.480  26.8s
2026-10-01 08:42:51,936 INFO 第  16 轮  训练 0.01274  验证 pinball 0.01318  分时小区平均 β -1.480  26.9s
2026-10-01 08:43:18,689 INFO 第  17 轮  训练 0.01269  验证 pinball 0.01325  分时小区平均 β -1.480  26.7s
2026-10-01 08:43:45,510 INFO 第  18 轮  训练 0.01253  验证 pinball 0.01334  分时小区平均 β -1.480  26.8s
2026-10-01 08:44:12,279 INFO 第  19 轮  训练 0.01245  验证 pinball 0.01318  分时小区平均 β -1.480  26.8s
2026-10-01 08:44:39,148 INFO 第  20 轮  训练 0.01237  验证 pinball 0.01315  分时小区平均 β -1.480  26.9s
2026-10-01 08:45:05,977 INFO 第  21 轮  训练 0.01234  验证 pinball 0.01323  分时小区平均 β -1.480  26.8s
2026-10-01 08:45:32,820 INFO 第  22 轮  训练 0.01225  验证 pinball 0.01325  分时小区平均 β -1.480  26.8s
2026-10-01 08:45:59,559 INFO 第  23 轮  训练 0.01216  验证 pinball 0.01317  分时小区平均 β -1.480  26.7s
2026-10-01 08:46:26,402 INFO 第  24 轮  训练 0.01218  验证 pinball 0.01319  分时小区平均 β -1.480  26.8s
2026-10-01 08:46:53,176 INFO 第  25 轮  训练 0.01204  验证 pinball 0.01331  分时小区平均 β -1.480  26.8s
2026-10-01 08:47:20,047 INFO 第  26 轮  训练 0.01198  验证 pinball 0.01335  分时小区平均 β -1.480  26.9s
2026-10-01 08:47:46,676 INFO 第  27 轮  训练 0.01196  验证 pinball 0.01322  分时小区平均 β -1.480  26.6s
2026-10-01 08:48:13,522 INFO 第  28 轮  训练 0.01188  验证 pinball 0.01300  分时小区平均 β -1.480  26.8s
2026-10-01 08:48:40,308 INFO 第  29 轮  训练 0.01183  验证 pinball 0.01327  分时小区平均 β -1.480  26.8s
2026-10-01 08:49:07,071 INFO 第  30 轮  训练 0.01179  验证 pinball 0.01346  分时小区平均 β -1.480  26.8s
2026-10-01 08:49:33,873 INFO 第  31 轮  训练 0.01173  验证 pinball 0.01353  分时小区平均 β -1.480  26.8s
2026-10-01 08:50:00,779 INFO 第  32 轮  训练 0.01170  验证 pinball 0.01350  分时小区平均 β -1.480  26.9s
2026-10-01 08:50:27,504 INFO 第  33 轮  训练 0.01165  验证 pinball 0.01356  分时小区平均 β -1.480  26.7s
2026-10-01 08:50:54,176 INFO 第  34 轮  训练 0.01157  验证 pinball 0.01355  分时小区平均 β -1.480  26.7s
2026-10-01 08:51:20,852 INFO 第  35 轮  训练 0.01159  验证 pinball 0.01349  分时小区平均 β -1.480  26.7s
2026-10-01 08:51:47,615 INFO 第  36 轮  训练 0.01153  验证 pinball 0.01338  分时小区平均 β -1.480  26.8s
2026-10-01 08:52:14,389 INFO 第  37 轮  训练 0.01151  验证 pinball 0.01351  分时小区平均 β -1.480  26.8s
2026-10-01 08:52:41,123 INFO 第  38 轮  训练 0.01138  验证 pinball 0.01372  分时小区平均 β -1.480  26.7s
2026-10-01 08:53:07,962 INFO 第  39 轮  训练 0.01136  验证 pinball 0.01355  分时小区平均 β -1.480  26.8s
2026-10-01 08:53:34,779 INFO 第  40 轮  训练 0.01135  验证 pinball 0.01360  分时小区平均 β -1.480  26.8s
2026-10-01 08:54:01,650 INFO 第  41 轮  训练 0.01139  验证 pinball 0.01411  分时小区平均 β -1.480  26.9s
2026-10-01 08:54:28,344 INFO 第  42 轮  训练 0.01127  验证 pinball 0.01376  分时小区平均 β -1.480  26.7s
2026-10-01 08:54:55,123 INFO 第  43 轮  训练 0.01124  验证 pinball 0.01363  分时小区平均 β -1.480  26.8s
2026-10-01 08:54:55,123 INFO 验证损失 15 轮未改善，提前停止
2026-10-01 08:54:59,939 INFO 切换点一致性（all）：观测 β -1.180（0.393）  模型 β -1.204（0.236）
2026-10-01 08:55:00,189 INFO 切换点一致性（novel）：观测 β -0.367（0.505）  模型 β -0.727（0.318）
2026-10-01 08:55:17,914 INFO 测试期 MAE 0.0451  WAPE 0.231  CRPS 0.0265  PICP90 原始 0.811 / ACI 0.902；输出 D:\EV充电因果预测sci论文\05_实验结果\runs\abl_A3_prior-1.48_s0
