2026-10-01 19:37:12,631 INFO 运行 ess_rho0.5_A1free_s2，设备 cuda，torch 2.11.0+cu128
2026-10-01 19:37:20,759 INFO E-SS 半合成数据：109 个小区（处理组 54），ρ = 0.5，真实弹性 [-0.2, -0.8, -1.5]；锚定 cells（在合成训练期上重新估计）
2026-10-01 19:37:20,760 INFO 数据：T=4344 N=109 训练/验证/测试起点 3001/409/841；{'train': ('2022-09-01', '2023-01-05'), 'val': ('2023-01-06', '2023-01-23'), 'test': ('2023-01-24', '2023-02-28')}
2026-10-01 19:37:20,938 INFO 模型参数 195,342；锚定方式 free；锚定来源 ess_cells
2026-10-01 19:37:34,377 INFO 第   1 轮  训练 0.02330  验证 pinball 0.01811  分时小区平均 β -1.183  10.0s
2026-10-01 19:37:43,412 INFO 第   2 轮  训练 0.01834  验证 pinball 0.01593  分时小区平均 β -1.160  9.0s
2026-10-01 19:37:52,403 INFO 第   3 轮  训练 0.01659  验证 pinball 0.01562  分时小区平均 β -1.152  9.0s
2026-10-01 19:38:01,613 INFO 第   4 轮  训练 0.01537  验证 pinball 0.01496  分时小区平均 β -1.143  9.2s
2026-10-01 19:38:10,540 INFO 第   5 轮  训练 0.01427  验证 pinball 0.01437  分时小区平均 β -1.131  8.9s
2026-10-01 19:38:19,556 INFO 第   6 轮  训练 0.01368  验证 pinball 0.01395  分时小区平均 β -1.115  9.0s
2026-10-01 19:38:28,342 INFO 第   7 轮  训练 0.01323  验证 pinball 0.01374  分时小区平均 β -1.100  8.8s
2026-10-01 19:38:37,247 INFO 第   8 轮  训练 0.01294  验证 pinball 0.01423  分时小区平均 β -1.088  8.9s
2026-10-01 19:38:46,866 INFO 第   9 轮  训练 0.01284  验证 pinball 0.01412  分时小区平均 β -1.077  9.6s
2026-10-01 19:38:56,133 INFO 第  10 轮  训练 0.01261  验证 pinball 0.01446  分时小区平均 β -1.068  9.3s
2026-10-01 19:39:05,361 INFO 第  11 轮  训练 0.01237  验证 pinball 0.01413  分时小区平均 β -1.060  9.2s
2026-10-01 19:39:14,525 INFO 第  12 轮  训练 0.01218  验证 pinball 0.01398  分时小区平均 β -1.053  9.2s
2026-10-01 19:39:23,339 INFO 第  13 轮  训练 0.01212  验证 pinball 0.01461  分时小区平均 β -1.047  8.8s
2026-10-01 19:39:32,501 INFO 第  14 轮  训练 0.01202  验证 pinball 0.01395  分时小区平均 β -1.041  9.2s
2026-10-01 19:39:42,125 INFO 第  15 轮  训练 0.01188  验证 pinball 0.01421  分时小区平均 β -1.036  9.6s
2026-10-01 19:39:51,097 INFO 第  16 轮  训练 0.01173  验证 pinball 0.01479  分时小区平均 β -1.032  9.0s
2026-10-01 19:39:59,918 INFO 第  17 轮  训练 0.01167  验证 pinball 0.01444  分时小区平均 β -1.028  8.8s
2026-10-01 19:40:08,732 INFO 第  18 轮  训练 0.01151  验证 pinball 0.01444  分时小区平均 β -1.025  8.8s
2026-10-01 19:40:17,667 INFO 第  19 轮  训练 0.01139  验证 pinball 0.01477  分时小区平均 β -1.022  8.9s
2026-10-01 19:40:26,675 INFO 第  20 轮  训练 0.01133  验证 pinball 0.01500  分时小区平均 β -1.019  9.0s
2026-10-01 19:40:35,851 INFO 第  21 轮  训练 0.01122  验证 pinball 0.01456  分时小区平均 β -1.017  9.2s
2026-10-01 19:40:45,340 INFO 第  22 轮  训练 0.01115  验证 pinball 0.01490  分时小区平均 β -1.014  9.5s
2026-10-01 19:40:45,341 INFO 验证损失 15 轮未改善，提前停止
2026-10-01 19:40:51,053 INFO E-SS flat：真实隐含弹性 -1.028；模型 -1.019（反事实 MAE 0.0484）；插补 P0 -1.159（0.0483）
2026-10-01 19:40:51,054 INFO E-SS spread1.5：真实隐含弹性 -1.028；模型 -1.019（反事实 MAE 0.0487）；插补 P0 -1.158（0.0488）
2026-10-01 19:40:58,467 INFO 测试期 MAE 0.0473  WAPE 0.249  CRPS 0.0273  PICP90 原始 0.862 / ACI 0.901；输出 D:\EV充电因果预测sci论文\05_实验结果\runs\ess_rho0.5_A1free_s2
