2026-10-01 20:30:03,575 INFO 运行 ess_rho1_A2none_s0，设备 cuda，torch 2.11.0+cu128
2026-10-01 20:30:12,318 INFO E-SS 半合成数据：109 个小区（处理组 54），ρ = 1.0，真实弹性 [-0.2, -0.8, -1.5]；锚定 cells（在合成训练期上重新估计）
2026-10-01 20:30:12,319 INFO 数据：T=4344 N=109 训练/验证/测试起点 3001/409/841；{'train': ('2022-09-01', '2023-01-05'), 'val': ('2023-01-06', '2023-01-23'), 'test': ('2023-01-24', '2023-02-28')}
2026-10-01 20:30:12,448 INFO 模型参数 195,342；锚定方式 none；锚定来源 ess_cells
2026-10-01 20:30:26,234 INFO 第   1 轮  训练 0.02346  验证 pinball 0.01842  分时小区平均 β -1.254  10.2s
2026-10-01 20:30:35,348 INFO 第   2 轮  训练 0.01824  验证 pinball 0.01767  分时小区平均 β -1.195  9.1s
2026-10-01 20:30:44,381 INFO 第   3 轮  训练 0.01650  验证 pinball 0.01513  分时小区平均 β -1.159  9.0s
2026-10-01 20:30:53,754 INFO 第   4 轮  训练 0.01514  验证 pinball 0.01459  分时小区平均 β -1.117  9.4s
2026-10-01 20:31:02,707 INFO 第   5 轮  训练 0.01412  验证 pinball 0.01443  分时小区平均 β -1.081  8.9s
2026-10-01 20:31:12,000 INFO 第   6 轮  训练 0.01348  验证 pinball 0.01455  分时小区平均 β -1.045  9.3s
2026-10-01 20:31:20,846 INFO 第   7 轮  训练 0.01316  验证 pinball 0.01432  分时小区平均 β -1.014  8.8s
2026-10-01 20:31:29,569 INFO 第   8 轮  训练 0.01289  验证 pinball 0.01384  分时小区平均 β -0.989  8.7s
2026-10-01 20:31:38,470 INFO 第   9 轮  训练 0.01267  验证 pinball 0.01523  分时小区平均 β -0.968  8.9s
2026-10-01 20:31:47,779 INFO 第  10 轮  训练 0.01251  验证 pinball 0.01429  分时小区平均 β -0.951  9.3s
2026-10-01 20:31:56,958 INFO 第  11 轮  训练 0.01232  验证 pinball 0.01490  分时小区平均 β -0.938  9.2s
2026-10-01 20:32:05,587 INFO 第  12 轮  训练 0.01216  验证 pinball 0.01418  分时小区平均 β -0.928  8.6s
2026-10-01 20:32:14,354 INFO 第  13 轮  训练 0.01204  验证 pinball 0.01440  分时小区平均 β -0.919  8.8s
2026-10-01 20:32:22,989 INFO 第  14 轮  训练 0.01193  验证 pinball 0.01426  分时小区平均 β -0.911  8.6s
2026-10-01 20:32:31,778 INFO 第  15 轮  训练 0.01176  验证 pinball 0.01403  分时小区平均 β -0.906  8.8s
2026-10-01 20:32:40,699 INFO 第  16 轮  训练 0.01177  验证 pinball 0.01404  分时小区平均 β -0.900  8.9s
2026-10-01 20:32:50,047 INFO 第  17 轮  训练 0.01160  验证 pinball 0.01456  分时小区平均 β -0.898  9.3s
2026-10-01 20:32:59,384 INFO 第  18 轮  训练 0.01148  验证 pinball 0.01517  分时小区平均 β -0.895  9.3s
2026-10-01 20:33:08,316 INFO 第  19 轮  训练 0.01133  验证 pinball 0.01492  分时小区平均 β -0.892  8.9s
2026-10-01 20:33:17,168 INFO 第  20 轮  训练 0.01128  验证 pinball 0.01485  分时小区平均 β -0.891  8.9s
2026-10-01 20:33:26,515 INFO 第  21 轮  训练 0.01116  验证 pinball 0.01484  分时小区平均 β -0.888  9.3s
2026-10-01 20:33:35,801 INFO 第  22 轮  训练 0.01103  验证 pinball 0.01542  分时小区平均 β -0.888  9.3s
2026-10-01 20:33:44,901 INFO 第  23 轮  训练 0.01098  验证 pinball 0.01497  分时小区平均 β -0.887  9.1s
2026-10-01 20:33:44,902 INFO 验证损失 15 轮未改善，提前停止
2026-10-01 20:33:50,684 INFO E-SS flat：真实隐含弹性 -1.100；模型 -0.834（反事实 MAE 0.0451）；插补 P0 -1.291（0.0441）
2026-10-01 20:33:50,684 INFO E-SS spread1.5：真实隐含弹性 -1.100；模型 -0.834（反事实 MAE 0.0445）；插补 P0 -1.291（0.0450）
2026-10-01 20:33:58,607 INFO 测试期 MAE 0.0470  WAPE 0.248  CRPS 0.0271  PICP90 原始 0.850 / ACI 0.903；输出 D:\EV充电因果预测sci论文\05_实验结果\runs\ess_rho1_A2none_s0
