2026-10-01 04:50:02,580 INFO 运行 base_agcrn_s3，基线 agcrn，设备 cuda，torch 2.11.0+cu128
2026-10-01 04:50:03,897 INFO 数据：T=4344 N=275 目标 utilization 训练/验证/测试起点 3001/409/841
2026-10-01 04:50:04,045 INFO 模型参数 812,933；价格输入 none；损失 pinball（分位数）
2026-10-01 04:50:41,841 INFO 训练 第   1 轮  训练 0.02573  验证 0.01878  34.7s
2026-10-01 04:51:14,405 INFO 训练 第   2 轮  训练 0.01928  验证 0.01821  32.6s
2026-10-01 04:51:50,073 INFO 训练 第   3 轮  训练 0.01830  验证 0.01748  35.7s
2026-10-01 04:52:26,183 INFO 训练 第   4 轮  训练 0.01731  验证 0.01691  36.1s
2026-10-01 04:53:00,641 INFO 训练 第   5 轮  训练 0.01663  验证 0.01619  34.5s
2026-10-01 04:53:35,147 INFO 训练 第   6 轮  训练 0.01587  验证 0.01590  34.5s
2026-10-01 04:54:08,474 INFO 训练 第   7 轮  训练 0.01527  验证 0.01559  33.3s
2026-10-01 04:54:43,260 INFO 训练 第   8 轮  训练 0.01488  验证 0.01532  34.8s
2026-10-01 04:55:17,688 INFO 训练 第   9 轮  训练 0.01460  验证 0.01526  34.4s
2026-10-01 04:55:51,672 INFO 训练 第  10 轮  训练 0.01434  验证 0.01502  34.0s
2026-10-01 04:56:25,338 INFO 训练 第  11 轮  训练 0.01404  验证 0.01483  33.7s
2026-10-01 04:56:57,857 INFO 训练 第  12 轮  训练 0.01371  验证 0.01461  32.5s
2026-10-01 04:57:30,973 INFO 训练 第  13 轮  训练 0.01343  验证 0.01464  33.1s
2026-10-01 04:58:03,338 INFO 训练 第  14 轮  训练 0.01321  验证 0.01464  32.4s
2026-10-01 04:58:38,439 INFO 训练 第  15 轮  训练 0.01305  验证 0.01452  35.1s
2026-10-01 04:59:13,299 INFO 训练 第  16 轮  训练 0.01286  验证 0.01468  34.9s
2026-10-01 04:59:49,154 INFO 训练 第  17 轮  训练 0.01269  验证 0.01467  35.9s
2026-10-01 05:00:21,789 INFO 训练 第  18 轮  训练 0.01257  验证 0.01469  32.6s
2026-10-01 05:00:55,600 INFO 训练 第  19 轮  训练 0.01242  验证 0.01465  33.8s
2026-10-01 05:01:29,251 INFO 训练 第  20 轮  训练 0.01228  验证 0.01471  33.7s
2026-10-01 05:02:04,477 INFO 训练 第  21 轮  训练 0.01216  验证 0.01476  35.2s
2026-10-01 05:02:39,983 INFO 训练 第  22 轮  训练 0.01206  验证 0.01485  35.5s
2026-10-01 05:03:14,262 INFO 训练 第  23 轮  训练 0.01193  验证 0.01494  34.3s
2026-10-01 05:03:48,300 INFO 训练 第  24 轮  训练 0.01183  验证 0.01500  34.0s
2026-10-01 05:04:22,961 INFO 训练 第  25 轮  训练 0.01169  验证 0.01506  34.7s
2026-10-01 05:04:57,315 INFO 训练 第  26 轮  训练 0.01155  验证 0.01511  34.4s
2026-10-01 05:05:31,526 INFO 训练 第  27 轮  训练 0.01146  验证 0.01526  34.2s
2026-10-01 05:06:04,614 INFO 训练 第  28 轮  训练 0.01133  验证 0.01533  33.1s
2026-10-01 05:06:40,396 INFO 训练 第  29 轮  训练 0.01120  验证 0.01551  35.8s
2026-10-01 05:07:14,907 INFO 训练 第  30 轮  训练 0.01111  验证 0.01547  34.5s
2026-10-01 05:07:14,907 INFO 验证损失 15 轮未改善，提前停止
2026-10-01 05:07:20,576 INFO 切换点一致性（all）：观测 β -1.180（0.393）  模型 β -0.274（0.187）
2026-10-01 05:07:20,926 INFO 切换点一致性（novel）：观测 β -0.367（0.505）  模型 β +0.059（0.185）
2026-10-01 05:07:37,400 INFO 测试期 MAE 0.0497  WAPE 0.254  CRPS 0.0288  PICP90 原始 0.834 / ACI 0.904；输出 D:\EV充电因果预测sci论文\05_实验结果\runs\base_agcrn_s3
