2026-10-01 12:42:16,136 INFO 运行 abl_A3_prior-1.48_s1，设备 cuda，torch 2.11.0+cu128
2026-10-01 12:42:17,099 INFO 数据：T=4344 N=275 训练/验证/测试起点 3001/409/841；{'train': ('2022-09-01', '2023-01-05'), 'val': ('2023-01-06', '2023-01-23'), 'test': ('2023-01-24', '2023-02-28')}
2026-10-01 12:42:17,245 INFO 模型参数 198,211；锚定方式 cut；锚定来源 fivemin_main|fixed_beta=-1.48
2026-10-01 12:42:46,526 INFO 第   1 轮  训练 0.02277  验证 pinball 0.01808  分时小区平均 β -1.480  26.9s
2026-10-01 12:43:12,798 INFO 第   2 轮  训练 0.01851  验证 pinball 0.01596  分时小区平均 β -1.480  26.3s
2026-10-01 12:43:39,117 INFO 第   3 轮  训练 0.01716  验证 pinball 0.01511  分时小区平均 β -1.480  26.3s
2026-10-01 12:44:05,428 INFO 第   4 轮  训练 0.01587  验证 pinball 0.01485  分时小区平均 β -1.480  26.3s
2026-10-01 12:44:31,700 INFO 第   5 轮  训练 0.01500  验证 pinball 0.01459  分时小区平均 β -1.480  26.3s
2026-10-01 12:44:58,020 INFO 第   6 轮  训练 0.01439  验证 pinball 0.01382  分时小区平均 β -1.480  26.3s
2026-10-01 12:45:24,430 INFO 第   7 轮  训练 0.01417  验证 pinball 0.01402  分时小区平均 β -1.480  26.4s
2026-10-01 12:45:50,735 INFO 第   8 轮  训练 0.01382  验证 pinball 0.01344  分时小区平均 β -1.480  26.3s
2026-10-01 12:46:17,134 INFO 第   9 轮  训练 0.01355  验证 pinball 0.01343  分时小区平均 β -1.480  26.4s
2026-10-01 12:46:43,495 INFO 第  10 轮  训练 0.01346  验证 pinball 0.01327  分时小区平均 β -1.480  26.4s
2026-10-01 12:47:09,812 INFO 第  11 轮  训练 0.01330  验证 pinball 0.01324  分时小区平均 β -1.480  26.3s
2026-10-01 12:47:36,151 INFO 第  12 轮  训练 0.01319  验证 pinball 0.01380  分时小区平均 β -1.480  26.3s
2026-10-01 12:48:02,428 INFO 第  13 轮  训练 0.01302  验证 pinball 0.01357  分时小区平均 β -1.480  26.3s
2026-10-01 12:48:28,635 INFO 第  14 轮  训练 0.01285  验证 pinball 0.01361  分时小区平均 β -1.480  26.2s
2026-10-01 12:48:54,967 INFO 第  15 轮  训练 0.01278  验证 pinball 0.01311  分时小区平均 β -1.480  26.3s
2026-10-01 12:49:21,243 INFO 第  16 轮  训练 0.01279  验证 pinball 0.01356  分时小区平均 β -1.480  26.3s
2026-10-01 12:49:47,679 INFO 第  17 轮  训练 0.01258  验证 pinball 0.01321  分时小区平均 β -1.480  26.4s
2026-10-01 12:50:13,978 INFO 第  18 轮  训练 0.01247  验证 pinball 0.01317  分时小区平均 β -1.480  26.3s
2026-10-01 12:50:40,252 INFO 第  19 轮  训练 0.01241  验证 pinball 0.01341  分时小区平均 β -1.480  26.3s
2026-10-01 12:51:06,593 INFO 第  20 轮  训练 0.01239  验证 pinball 0.01311  分时小区平均 β -1.480  26.3s
2026-10-01 12:51:32,868 INFO 第  21 轮  训练 0.01223  验证 pinball 0.01367  分时小区平均 β -1.480  26.3s
2026-10-01 12:51:59,123 INFO 第  22 轮  训练 0.01218  验证 pinball 0.01465  分时小区平均 β -1.480  26.3s
2026-10-01 12:52:25,399 INFO 第  23 轮  训练 0.01215  验证 pinball 0.01347  分时小区平均 β -1.480  26.3s
2026-10-01 12:52:51,747 INFO 第  24 轮  训练 0.01207  验证 pinball 0.01355  分时小区平均 β -1.480  26.3s
2026-10-01 12:53:18,059 INFO 第  25 轮  训练 0.01203  验证 pinball 0.01338  分时小区平均 β -1.480  26.3s
2026-10-01 12:53:44,356 INFO 第  26 轮  训练 0.01194  验证 pinball 0.01378  分时小区平均 β -1.480  26.3s
2026-10-01 12:54:10,660 INFO 第  27 轮  训练 0.01189  验证 pinball 0.01338  分时小区平均 β -1.480  26.3s
2026-10-01 12:54:36,978 INFO 第  28 轮  训练 0.01188  验证 pinball 0.01443  分时小区平均 β -1.480  26.3s
2026-10-01 12:55:03,351 INFO 第  29 轮  训练 0.01184  验证 pinball 0.01358  分时小区平均 β -1.480  26.4s
2026-10-01 12:55:29,692 INFO 第  30 轮  训练 0.01168  验证 pinball 0.01364  分时小区平均 β -1.480  26.3s
2026-10-01 12:55:29,692 INFO 验证损失 15 轮未改善，提前停止
2026-10-01 12:55:34,318 INFO 切换点一致性（all）：观测 β -1.180（0.393）  模型 β -1.206（0.214）
2026-10-01 12:55:34,530 INFO 切换点一致性（novel）：观测 β -0.367（0.505）  模型 β -0.796（0.256）
2026-10-01 12:55:46,967 INFO 测试期 MAE 0.0464  WAPE 0.238  CRPS 0.0270  PICP90 原始 0.832 / ACI 0.902；输出 D:\EV充电因果预测sci论文\05_实验结果\runs\abl_A3_prior-1.48_s1
