2026-10-01 20:22:06,634 INFO 运行 ess_rho1_A0pooled_s0，设备 cuda，torch 2.11.0+cu128
2026-10-01 20:22:15,590 INFO E-SS 半合成数据：109 个小区（处理组 54），ρ = 1.0，真实弹性 [-0.2, -0.8, -1.5]；锚定 pooled（在合成训练期上重新估计）
2026-10-01 20:22:15,591 INFO 数据：T=4344 N=109 训练/验证/测试起点 3001/409/841；{'train': ('2022-09-01', '2023-01-05'), 'val': ('2023-01-06', '2023-01-23'), 'test': ('2023-01-24', '2023-02-28')}
2026-10-01 20:22:15,739 INFO 模型参数 194,891；锚定方式 cut；锚定来源 ess_pooled
2026-10-01 20:22:29,891 INFO 第   1 轮  训练 0.02357  验证 pinball 0.01849  分时小区平均 β -1.164  10.0s
2026-10-01 20:22:38,772 INFO 第   2 轮  训练 0.01842  验证 pinball 0.01766  分时小区平均 β -1.164  8.9s
2026-10-01 20:22:47,756 INFO 第   3 轮  训练 0.01664  验证 pinball 0.01519  分时小区平均 β -1.164  9.0s
2026-10-01 20:22:56,639 INFO 第   4 轮  训练 0.01523  验证 pinball 0.01464  分时小区平均 β -1.164  8.9s
2026-10-01 20:23:05,700 INFO 第   5 轮  训练 0.01421  验证 pinball 0.01452  分时小区平均 β -1.164  9.1s
2026-10-01 20:23:14,338 INFO 第   6 轮  训练 0.01355  验证 pinball 0.01444  分时小区平均 β -1.164  8.6s
2026-10-01 20:23:23,038 INFO 第   7 轮  训练 0.01322  验证 pinball 0.01437  分时小区平均 β -1.164  8.7s
2026-10-01 20:23:32,015 INFO 第   8 轮  训练 0.01295  验证 pinball 0.01387  分时小区平均 β -1.164  9.0s
2026-10-01 20:23:41,110 INFO 第   9 轮  训练 0.01275  验证 pinball 0.01548  分时小区平均 β -1.164  9.1s
2026-10-01 20:23:49,834 INFO 第  10 轮  训练 0.01257  验证 pinball 0.01416  分时小区平均 β -1.164  8.7s
2026-10-01 20:23:58,909 INFO 第  11 轮  训练 0.01238  验证 pinball 0.01508  分时小区平均 β -1.164  9.1s
2026-10-01 20:24:07,753 INFO 第  12 轮  训练 0.01222  验证 pinball 0.01418  分时小区平均 β -1.164  8.8s
2026-10-01 20:24:16,487 INFO 第  13 轮  训练 0.01211  验证 pinball 0.01438  分时小区平均 β -1.164  8.7s
2026-10-01 20:24:25,269 INFO 第  14 轮  训练 0.01200  验证 pinball 0.01413  分时小区平均 β -1.164  8.8s
2026-10-01 20:24:34,175 INFO 第  15 轮  训练 0.01180  验证 pinball 0.01397  分时小区平均 β -1.164  8.9s
2026-10-01 20:24:42,798 INFO 第  16 轮  训练 0.01180  验证 pinball 0.01402  分时小区平均 β -1.164  8.6s
2026-10-01 20:24:51,585 INFO 第  17 轮  训练 0.01165  验证 pinball 0.01454  分时小区平均 β -1.164  8.8s
2026-10-01 20:25:00,687 INFO 第  18 轮  训练 0.01150  验证 pinball 0.01460  分时小区平均 β -1.164  9.1s
2026-10-01 20:25:09,368 INFO 第  19 轮  训练 0.01136  验证 pinball 0.01466  分时小区平均 β -1.164  8.7s
2026-10-01 20:25:18,297 INFO 第  20 轮  训练 0.01131  验证 pinball 0.01503  分时小区平均 β -1.164  8.9s
2026-10-01 20:25:27,567 INFO 第  21 轮  训练 0.01118  验证 pinball 0.01511  分时小区平均 β -1.164  9.3s
2026-10-01 20:25:36,766 INFO 第  22 轮  训练 0.01108  验证 pinball 0.01534  分时小区平均 β -1.164  9.2s
2026-10-01 20:25:46,057 INFO 第  23 轮  训练 0.01102  验证 pinball 0.01468  分时小区平均 β -1.164  9.3s
2026-10-01 20:25:46,057 INFO 验证损失 15 轮未改善，提前停止
2026-10-01 20:25:51,257 INFO E-SS flat：真实隐含弹性 -1.100；模型 -1.155（反事实 MAE 0.0444）；插补 P0 -1.155（0.0444）
2026-10-01 20:25:51,258 INFO E-SS spread1.5：真实隐含弹性 -1.100；模型 -1.154（反事实 MAE 0.0455）；插补 P0 -1.154（0.0455）
2026-10-01 20:25:59,860 INFO 测试期 MAE 0.0472  WAPE 0.249  CRPS 0.0272  PICP90 原始 0.847 / ACI 0.903；输出 D:\EV充电因果预测sci论文\05_实验结果\runs\ess_rho1_A0pooled_s0
