2026-10-01 04:30:50,404 INFO 运行 base_gcn_s3，基线 gcn，设备 cuda，torch 2.11.0+cu128
2026-10-01 04:30:51,317 INFO 数据：T=4344 N=275 目标 utilization 训练/验证/测试起点 3001/409/841
2026-10-01 04:30:51,448 INFO 模型参数 1,074,616；价格输入 none；损失 pinball（分位数）
2026-10-01 04:30:59,184 INFO 训练 第   1 轮  训练 0.02274  验证 0.01699  4.8s
2026-10-01 04:31:03,108 INFO 训练 第   2 轮  训练 0.01844  验证 0.01582  3.9s
2026-10-01 04:31:07,009 INFO 训练 第   3 轮  训练 0.01734  验证 0.01533  3.9s
2026-10-01 04:31:10,883 INFO 训练 第   4 轮  训练 0.01659  验证 0.01510  3.9s
2026-10-01 04:31:14,825 INFO 训练 第   5 轮  训练 0.01607  验证 0.01485  3.9s
2026-10-01 04:31:18,937 INFO 训练 第   6 轮  训练 0.01571  验证 0.01476  4.1s
2026-10-01 04:31:22,896 INFO 训练 第   7 轮  训练 0.01540  验证 0.01466  4.0s
2026-10-01 04:31:26,801 INFO 训练 第   8 轮  训练 0.01510  验证 0.01491  3.9s
2026-10-01 04:31:30,684 INFO 训练 第   9 轮  训练 0.01487  验证 0.01475  3.9s
2026-10-01 04:31:34,555 INFO 训练 第  10 轮  训练 0.01466  验证 0.01480  3.9s
2026-10-01 04:31:38,407 INFO 训练 第  11 轮  训练 0.01446  验证 0.01490  3.9s
2026-10-01 04:31:42,356 INFO 训练 第  12 轮  训练 0.01428  验证 0.01487  3.9s
2026-10-01 04:31:46,217 INFO 训练 第  13 轮  训练 0.01410  验证 0.01502  3.9s
2026-10-01 04:31:50,253 INFO 训练 第  14 轮  训练 0.01397  验证 0.01499  4.0s
2026-10-01 04:31:54,161 INFO 训练 第  15 轮  训练 0.01384  验证 0.01524  3.9s
2026-10-01 04:31:58,114 INFO 训练 第  16 轮  训练 0.01370  验证 0.01534  4.0s
2026-10-01 04:32:02,187 INFO 训练 第  17 轮  训练 0.01359  验证 0.01513  4.1s
2026-10-01 04:32:06,213 INFO 训练 第  18 轮  训练 0.01345  验证 0.01524  4.0s
2026-10-01 04:32:10,230 INFO 训练 第  19 轮  训练 0.01333  验证 0.01538  4.0s
2026-10-01 04:32:14,196 INFO 训练 第  20 轮  训练 0.01324  验证 0.01526  4.0s
2026-10-01 04:32:18,080 INFO 训练 第  21 轮  训练 0.01315  验证 0.01543  3.9s
2026-10-01 04:32:21,970 INFO 训练 第  22 轮  训练 0.01299  验证 0.01551  3.9s
2026-10-01 04:32:21,971 INFO 验证损失 15 轮未改善，提前停止
2026-10-01 04:32:23,319 INFO 切换点一致性（all）：观测 β -1.180（0.393）  模型 β -0.416（0.155）
2026-10-01 04:32:23,581 INFO 切换点一致性（novel）：观测 β -0.367（0.505）  模型 β -0.273（0.187）
2026-10-01 04:32:42,622 INFO 测试期 MAE 0.0507  WAPE 0.260  CRPS 0.0297  PICP90 原始 0.875 / ACI 0.899；输出 D:\EV充电因果预测sci论文\05_实验结果\runs\base_gcn_s3
