2026-10-01 22:21:48,271 INFO 运行 eid_init-0.3_s1，设备 cuda，torch 2.11.0+cu128
2026-10-01 22:21:49,273 INFO 数据：T=4344 N=275 训练/验证/测试起点 3001/409/841；{'train': ('2022-09-01', '2023-01-05'), 'val': ('2023-01-06', '2023-01-23'), 'test': ('2023-01-24', '2023-02-28')}
2026-10-01 22:21:49,409 INFO 模型参数 199,326；锚定方式 free；锚定来源 fivemin_main
2026-10-01 22:22:18,997 INFO 第   1 轮  训练 0.02276  验证 pinball 0.01805  分时小区平均 β -0.311  27.1s
2026-10-01 22:22:45,501 INFO 第   2 轮  训练 0.01838  验证 pinball 0.01606  分时小区平均 β -0.307  26.5s
2026-10-01 22:23:12,102 INFO 第   3 轮  训练 0.01699  验证 pinball 0.01495  分时小区平均 β -0.301  26.6s
2026-10-01 22:23:38,726 INFO 第   4 轮  训练 0.01571  验证 pinball 0.01485  分时小区平均 β -0.294  26.6s
2026-10-01 22:24:05,142 INFO 第   5 轮  训练 0.01486  验证 pinball 0.01441  分时小区平均 β -0.287  26.4s
2026-10-01 22:24:31,563 INFO 第   6 轮  训练 0.01425  验证 pinball 0.01381  分时小区平均 β -0.281  26.4s
2026-10-01 22:24:58,103 INFO 第   7 轮  训练 0.01405  验证 pinball 0.01398  分时小区平均 β -0.276  26.5s
2026-10-01 22:25:24,557 INFO 第   8 轮  训练 0.01371  验证 pinball 0.01339  分时小区平均 β -0.272  26.5s
2026-10-01 22:25:51,113 INFO 第   9 轮  训练 0.01344  验证 pinball 0.01326  分时小区平均 β -0.269  26.5s
2026-10-01 22:26:17,641 INFO 第  10 轮  训练 0.01335  验证 pinball 0.01324  分时小区平均 β -0.265  26.5s
2026-10-01 22:26:44,078 INFO 第  11 轮  训练 0.01319  验证 pinball 0.01319  分时小区平均 β -0.262  26.4s
2026-10-01 22:27:10,486 INFO 第  12 轮  训练 0.01307  验证 pinball 0.01372  分时小区平均 β -0.259  26.4s
2026-10-01 22:27:36,911 INFO 第  13 轮  训练 0.01290  验证 pinball 0.01329  分时小区平均 β -0.255  26.4s
2026-10-01 22:28:03,315 INFO 第  14 轮  训练 0.01274  验证 pinball 0.01340  分时小区平均 β -0.251  26.4s
2026-10-01 22:28:29,820 INFO 第  15 轮  训练 0.01265  验证 pinball 0.01290  分时小区平均 β -0.247  26.5s
2026-10-01 22:28:56,440 INFO 第  16 轮  训练 0.01267  验证 pinball 0.01330  分时小区平均 β -0.243  26.6s
2026-10-01 22:29:22,854 INFO 第  17 轮  训练 0.01244  验证 pinball 0.01298  分时小区平均 β -0.240  26.4s
2026-10-01 22:29:49,258 INFO 第  18 轮  训练 0.01235  验证 pinball 0.01296  分时小区平均 β -0.236  26.4s
2026-10-01 22:30:15,755 INFO 第  19 轮  训练 0.01227  验证 pinball 0.01311  分时小区平均 β -0.233  26.5s
2026-10-01 22:30:42,215 INFO 第  20 轮  训练 0.01227  验证 pinball 0.01287  分时小区平均 β -0.230  26.5s
2026-10-01 22:31:08,725 INFO 第  21 轮  训练 0.01210  验证 pinball 0.01327  分时小区平均 β -0.227  26.5s
2026-10-01 22:31:35,120 INFO 第  22 轮  训练 0.01205  验证 pinball 0.01407  分时小区平均 β -0.224  26.4s
2026-10-01 22:32:01,541 INFO 第  23 轮  训练 0.01200  验证 pinball 0.01310  分时小区平均 β -0.222  26.4s
2026-10-01 22:32:27,943 INFO 第  24 轮  训练 0.01191  验证 pinball 0.01316  分时小区平均 β -0.219  26.4s
2026-10-01 22:32:54,409 INFO 第  25 轮  训练 0.01190  验证 pinball 0.01301  分时小区平均 β -0.217  26.5s
2026-10-01 22:33:20,797 INFO 第  26 轮  训练 0.01182  验证 pinball 0.01356  分时小区平均 β -0.215  26.4s
2026-10-01 22:33:47,226 INFO 第  27 轮  训练 0.01171  验证 pinball 0.01316  分时小区平均 β -0.213  26.4s
2026-10-01 22:34:13,889 INFO 第  28 轮  训练 0.01171  验证 pinball 0.01397  分时小区平均 β -0.210  26.7s
2026-10-01 22:34:40,398 INFO 第  29 轮  训练 0.01169  验证 pinball 0.01308  分时小区平均 β -0.208  26.5s
2026-10-01 22:35:06,973 INFO 第  30 轮  训练 0.01152  验证 pinball 0.01330  分时小区平均 β -0.206  26.6s
2026-10-01 22:35:33,487 INFO 第  31 轮  训练 0.01153  验证 pinball 0.01326  分时小区平均 β -0.204  26.5s
2026-10-01 22:35:59,982 INFO 第  32 轮  训练 0.01137  验证 pinball 0.01363  分时小区平均 β -0.201  26.5s
2026-10-01 22:36:26,443 INFO 第  33 轮  训练 0.01134  验证 pinball 0.01339  分时小区平均 β -0.199  26.5s
2026-10-01 22:36:52,803 INFO 第  34 轮  训练 0.01132  验证 pinball 0.01326  分时小区平均 β -0.197  26.4s
2026-10-01 22:37:19,188 INFO 第  35 轮  训练 0.01129  验证 pinball 0.01347  分时小区平均 β -0.194  26.4s
2026-10-01 22:37:19,188 INFO 验证损失 15 轮未改善，提前停止
2026-10-01 22:37:23,863 INFO 切换点一致性（all）：观测 β -1.180（0.393）  模型 β -0.498（0.217）
2026-10-01 22:37:24,060 INFO 切换点一致性（novel）：观测 β -0.367（0.505）  模型 β -0.202（0.263）
2026-10-01 22:37:36,472 INFO 测试期 MAE 0.0451  WAPE 0.231  CRPS 0.0262  PICP90 原始 0.833 / ACI 0.901；输出 D:\EV充电因果预测sci论文\05_实验结果\runs\eid_init-0.3_s1
