2026-10-01 06:16:35,582 INFO 运行 base_agcrn_s4，基线 agcrn，设备 cuda，torch 2.11.0+cu128
2026-10-01 06:16:36,771 INFO 数据：T=4344 N=275 目标 utilization 训练/验证/测试起点 3001/409/841
2026-10-01 06:16:36,888 INFO 模型参数 812,933；价格输入 none；损失 pinball（分位数）
2026-10-01 06:17:14,915 INFO 训练 第   1 轮  训练 0.02631  验证 0.01931  35.3s
2026-10-01 06:17:48,456 INFO 训练 第   2 轮  训练 0.01919  验证 0.01811  33.5s
2026-10-01 06:18:22,498 INFO 训练 第   3 轮  训练 0.01833  验证 0.01771  34.0s
2026-10-01 06:18:58,070 INFO 训练 第   4 轮  训练 0.01733  验证 0.01704  35.6s
2026-10-01 06:19:31,257 INFO 训练 第   5 轮  训练 0.01672  验证 0.01664  33.2s
2026-10-01 06:20:05,838 INFO 训练 第   6 轮  训练 0.01596  验证 0.01652  34.6s
2026-10-01 06:20:38,545 INFO 训练 第   7 轮  训练 0.01516  验证 0.01561  32.7s
2026-10-01 06:21:11,776 INFO 训练 第   8 轮  训练 0.01479  验证 0.01561  33.2s
2026-10-01 06:21:45,709 INFO 训练 第   9 轮  训练 0.01449  验证 0.01538  33.9s
2026-10-01 06:22:19,978 INFO 训练 第  10 轮  训练 0.01422  验证 0.01515  34.3s
2026-10-01 06:22:53,341 INFO 训练 第  11 轮  训练 0.01393  验证 0.01504  33.4s
2026-10-01 06:23:27,821 INFO 训练 第  12 轮  训练 0.01369  验证 0.01517  34.5s
2026-10-01 06:24:01,399 INFO 训练 第  13 轮  训练 0.01348  验证 0.01512  33.6s
2026-10-01 06:24:36,922 INFO 训练 第  14 轮  训练 0.01331  验证 0.01511  35.5s
2026-10-01 06:25:11,172 INFO 训练 第  15 轮  训练 0.01313  验证 0.01512  34.3s
2026-10-01 06:25:43,482 INFO 训练 第  16 轮  训练 0.01298  验证 0.01501  32.3s
2026-10-01 06:26:18,266 INFO 训练 第  17 轮  训练 0.01280  验证 0.01497  34.8s
2026-10-01 06:26:53,608 INFO 训练 第  18 轮  训练 0.01263  验证 0.01505  35.3s
2026-10-01 06:27:31,866 INFO 训练 第  19 轮  训练 0.01246  验证 0.01508  38.3s
2026-10-01 06:28:08,824 INFO 训练 第  20 轮  训练 0.01232  验证 0.01519  37.0s
2026-10-01 06:28:41,764 INFO 训练 第  21 轮  训练 0.01218  验证 0.01517  32.9s
2026-10-01 06:29:17,041 INFO 训练 第  22 轮  训练 0.01203  验证 0.01541  35.3s
2026-10-01 06:29:51,495 INFO 训练 第  23 轮  训练 0.01190  验证 0.01531  34.5s
2026-10-01 06:30:26,972 INFO 训练 第  24 轮  训练 0.01179  验证 0.01548  35.5s
2026-10-01 06:31:01,212 INFO 训练 第  25 轮  训练 0.01163  验证 0.01548  34.2s
2026-10-01 06:31:35,919 INFO 训练 第  26 轮  训练 0.01151  验证 0.01555  34.7s
2026-10-01 06:32:08,593 INFO 训练 第  27 轮  训练 0.01136  验证 0.01573  32.7s
2026-10-01 06:32:43,854 INFO 训练 第  28 轮  训练 0.01122  验证 0.01595  35.3s
2026-10-01 06:33:17,878 INFO 训练 第  29 轮  训练 0.01111  验证 0.01600  34.0s
2026-10-01 06:33:52,445 INFO 训练 第  30 轮  训练 0.01095  验证 0.01614  34.6s
2026-10-01 06:34:26,376 INFO 训练 第  31 轮  训练 0.01084  验证 0.01622  33.9s
2026-10-01 06:35:02,565 INFO 训练 第  32 轮  训练 0.01072  验证 0.01643  36.2s
2026-10-01 06:35:02,565 INFO 验证损失 15 轮未改善，提前停止
2026-10-01 06:35:08,056 INFO 切换点一致性（all）：观测 β -1.180（0.393）  模型 β -0.294（0.207）
2026-10-01 06:35:08,341 INFO 切换点一致性（novel）：观测 β -0.367（0.505）  模型 β -0.022（0.230）
2026-10-01 06:35:24,002 INFO 测试期 MAE 0.0519  WAPE 0.266  CRPS 0.0301  PICP90 原始 0.812 / ACI 0.905；输出 D:\EV充电因果预测sci论文\05_实验结果\runs\base_agcrn_s4
