2026-10-01 13:48:15,858 INFO 运行 abl_A11_adaptive_s1，设备 cuda，torch 2.11.0+cu128
2026-10-01 13:48:16,874 INFO 数据：T=4344 N=275 训练/验证/测试起点 3001/409/841；{'train': ('2022-09-01', '2023-01-05'), 'val': ('2023-01-06', '2023-01-23'), 'test': ('2023-01-24', '2023-02-28')}
2026-10-01 13:48:16,999 INFO 模型参数 149,059；锚定方式 cut；锚定来源 fivemin_main
2026-10-01 13:48:37,714 INFO 第   1 轮  训练 0.02281  验证 pinball 0.01736  分时小区平均 β -0.213  18.2s
2026-10-01 13:48:55,311 INFO 第   2 轮  训练 0.01851  验证 pinball 0.01622  分时小区平均 β -0.213  17.6s
2026-10-01 13:49:12,929 INFO 第   3 轮  训练 0.01733  验证 pinball 0.01524  分时小区平均 β -0.213  17.6s
2026-10-01 13:49:30,375 INFO 第   4 轮  训练 0.01623  验证 pinball 0.01514  分时小区平均 β -0.213  17.4s
2026-10-01 13:49:47,940 INFO 第   5 轮  训练 0.01533  验证 pinball 0.01471  分时小区平均 β -0.213  17.6s
2026-10-01 13:50:05,525 INFO 第   6 轮  训练 0.01470  验证 pinball 0.01398  分时小区平均 β -0.213  17.6s
2026-10-01 13:50:22,991 INFO 第   7 轮  训练 0.01445  验证 pinball 0.01409  分时小区平均 β -0.213  17.5s
2026-10-01 13:50:40,397 INFO 第   8 轮  训练 0.01419  验证 pinball 0.01381  分时小区平均 β -0.213  17.4s
2026-10-01 13:50:57,953 INFO 第   9 轮  训练 0.01391  验证 pinball 0.01352  分时小区平均 β -0.213  17.5s
2026-10-01 13:51:15,529 INFO 第  10 轮  训练 0.01375  验证 pinball 0.01366  分时小区平均 β -0.213  17.6s
2026-10-01 13:51:33,012 INFO 第  11 轮  训练 0.01355  验证 pinball 0.01366  分时小区平均 β -0.213  17.5s
2026-10-01 13:51:50,635 INFO 第  12 轮  训练 0.01342  验证 pinball 0.01362  分时小区平均 β -0.213  17.6s
2026-10-01 13:52:08,187 INFO 第  13 轮  训练 0.01326  验证 pinball 0.01321  分时小区平均 β -0.213  17.6s
2026-10-01 13:52:25,731 INFO 第  14 轮  训练 0.01312  验证 pinball 0.01318  分时小区平均 β -0.213  17.5s
2026-10-01 13:52:43,167 INFO 第  15 轮  训练 0.01298  验证 pinball 0.01288  分时小区平均 β -0.213  17.4s
2026-10-01 13:53:00,297 INFO 第  16 轮  训练 0.01300  验证 pinball 0.01318  分时小区平均 β -0.213  17.1s
2026-10-01 13:53:16,508 INFO 第  17 轮  训练 0.01280  验证 pinball 0.01299  分时小区平均 β -0.213  16.2s
2026-10-01 13:53:32,723 INFO 第  18 轮  训练 0.01270  验证 pinball 0.01302  分时小区平均 β -0.213  16.2s
2026-10-01 13:53:48,886 INFO 第  19 轮  训练 0.01259  验证 pinball 0.01309  分时小区平均 β -0.213  16.2s
2026-10-01 13:54:05,038 INFO 第  20 轮  训练 0.01262  验证 pinball 0.01273  分时小区平均 β -0.213  16.2s
2026-10-01 13:54:21,236 INFO 第  21 轮  训练 0.01245  验证 pinball 0.01303  分时小区平均 β -0.213  16.2s
2026-10-01 13:54:37,408 INFO 第  22 轮  训练 0.01238  验证 pinball 0.01401  分时小区平均 β -0.213  16.2s
2026-10-01 13:54:53,603 INFO 第  23 轮  训练 0.01234  验证 pinball 0.01296  分时小区平均 β -0.213  16.2s
2026-10-01 13:55:09,755 INFO 第  24 轮  训练 0.01224  验证 pinball 0.01322  分时小区平均 β -0.213  16.2s
2026-10-01 13:55:25,919 INFO 第  25 轮  训练 0.01220  验证 pinball 0.01282  分时小区平均 β -0.213  16.2s
2026-10-01 13:55:42,083 INFO 第  26 轮  训练 0.01211  验证 pinball 0.01288  分时小区平均 β -0.213  16.2s
2026-10-01 13:55:58,260 INFO 第  27 轮  训练 0.01204  验证 pinball 0.01282  分时小区平均 β -0.213  16.2s
2026-10-01 13:56:14,497 INFO 第  28 轮  训练 0.01199  验证 pinball 0.01306  分时小区平均 β -0.213  16.2s
2026-10-01 13:56:30,761 INFO 第  29 轮  训练 0.01198  验证 pinball 0.01316  分时小区平均 β -0.213  16.3s
2026-10-01 13:56:46,971 INFO 第  30 轮  训练 0.01196  验证 pinball 0.01288  分时小区平均 β -0.213  16.2s
2026-10-01 13:57:03,155 INFO 第  31 轮  训练 0.01195  验证 pinball 0.01350  分时小区平均 β -0.213  16.2s
2026-10-01 13:57:19,307 INFO 第  32 轮  训练 0.01181  验证 pinball 0.01322  分时小区平均 β -0.213  16.2s
2026-10-01 13:57:35,428 INFO 第  33 轮  训练 0.01176  验证 pinball 0.01329  分时小区平均 β -0.213  16.1s
2026-10-01 13:57:51,508 INFO 第  34 轮  训练 0.01173  验证 pinball 0.01304  分时小区平均 β -0.213  16.1s
2026-10-01 13:58:08,853 INFO 第  35 轮  训练 0.01168  验证 pinball 0.01348  分时小区平均 β -0.213  17.3s
2026-10-01 13:58:08,853 INFO 验证损失 15 轮未改善，提前停止
2026-10-01 13:58:12,085 INFO 切换点一致性（all）：观测 β -1.180（0.393）  模型 β -0.494（0.221）
2026-10-01 13:58:12,284 INFO 切换点一致性（novel）：观测 β -0.367（0.505）  模型 β -0.211（0.255）
2026-10-01 13:58:24,415 INFO 测试期 MAE 0.0435  WAPE 0.223  CRPS 0.0252  PICP90 原始 0.858 / ACI 0.900；输出 D:\EV充电因果预测sci论文\05_实验结果\runs\abl_A11_adaptive_s1
