2026-10-01 12:26:07,847 INFO 运行 abl_A3_prior-0.76_s1，设备 cuda，torch 2.11.0+cu128
2026-10-01 12:26:09,001 INFO 数据：T=4344 N=275 训练/验证/测试起点 3001/409/841；{'train': ('2022-09-01', '2023-01-05'), 'val': ('2023-01-06', '2023-01-23'), 'test': ('2023-01-24', '2023-02-28')}
2026-10-01 12:26:09,145 INFO 模型参数 198,211；锚定方式 cut；锚定来源 fivemin_main|fixed_beta=-0.76
2026-10-01 12:26:39,917 INFO 第   1 轮  训练 0.02273  验证 pinball 0.01806  分时小区平均 β -0.760  27.3s
2026-10-01 12:27:06,597 INFO 第   2 轮  训练 0.01839  验证 pinball 0.01599  分时小区平均 β -0.760  26.7s
2026-10-01 12:27:33,300 INFO 第   3 轮  训练 0.01702  验证 pinball 0.01499  分时小区平均 β -0.760  26.7s
2026-10-01 12:28:00,200 INFO 第   4 轮  训练 0.01574  验证 pinball 0.01483  分时小区平均 β -0.760  26.9s
2026-10-01 12:28:27,051 INFO 第   5 轮  训练 0.01489  验证 pinball 0.01443  分时小区平均 β -0.760  26.8s
2026-10-01 12:28:53,825 INFO 第   6 轮  训练 0.01427  验证 pinball 0.01379  分时小区平均 β -0.760  26.8s
2026-10-01 12:29:20,721 INFO 第   7 轮  训练 0.01406  验证 pinball 0.01399  分时小区平均 β -0.760  26.9s
2026-10-01 12:29:47,397 INFO 第   8 轮  训练 0.01373  验证 pinball 0.01337  分时小区平均 β -0.760  26.7s
2026-10-01 12:30:14,112 INFO 第   9 轮  训练 0.01345  验证 pinball 0.01329  分时小区平均 β -0.760  26.7s
2026-10-01 12:30:40,974 INFO 第  10 轮  训练 0.01337  验证 pinball 0.01322  分时小区平均 β -0.760  26.9s
2026-10-01 12:31:07,720 INFO 第  11 轮  训练 0.01321  验证 pinball 0.01318  分时小区平均 β -0.760  26.7s
2026-10-01 12:31:34,419 INFO 第  12 轮  训练 0.01309  验证 pinball 0.01378  分时小区平均 β -0.760  26.7s
2026-10-01 12:32:01,320 INFO 第  13 轮  训练 0.01292  验证 pinball 0.01337  分时小区平均 β -0.760  26.9s
2026-10-01 12:32:27,996 INFO 第  14 轮  训练 0.01275  验证 pinball 0.01346  分时小区平均 β -0.760  26.7s
2026-10-01 12:32:54,695 INFO 第  15 轮  训练 0.01266  验证 pinball 0.01293  分时小区平均 β -0.760  26.7s
2026-10-01 12:33:21,277 INFO 第  16 轮  训练 0.01267  验证 pinball 0.01339  分时小区平均 β -0.760  26.6s
2026-10-01 12:33:48,132 INFO 第  17 轮  训练 0.01244  验证 pinball 0.01304  分时小区平均 β -0.760  26.9s
2026-10-01 12:34:14,944 INFO 第  18 轮  训练 0.01237  验证 pinball 0.01298  分时小区平均 β -0.760  26.8s
2026-10-01 12:34:41,772 INFO 第  19 轮  训练 0.01228  验证 pinball 0.01314  分时小区平均 β -0.760  26.8s
2026-10-01 12:35:08,670 INFO 第  20 轮  训练 0.01229  验证 pinball 0.01287  分时小区平均 β -0.760  26.9s
2026-10-01 12:35:35,479 INFO 第  21 轮  训练 0.01211  验证 pinball 0.01343  分时小区平均 β -0.760  26.8s
2026-10-01 12:36:02,231 INFO 第  22 轮  训练 0.01207  验证 pinball 0.01418  分时小区平均 β -0.760  26.8s
2026-10-01 12:36:28,901 INFO 第  23 轮  训练 0.01204  验证 pinball 0.01313  分时小区平均 β -0.760  26.7s
2026-10-01 12:36:55,529 INFO 第  24 轮  训练 0.01194  验证 pinball 0.01329  分时小区平均 β -0.760  26.6s
2026-10-01 12:37:22,133 INFO 第  25 轮  训练 0.01191  验证 pinball 0.01311  分时小区平均 β -0.760  26.6s
2026-10-01 12:37:49,081 INFO 第  26 轮  训练 0.01181  验证 pinball 0.01325  分时小区平均 β -0.760  26.9s
2026-10-01 12:38:15,831 INFO 第  27 轮  训练 0.01174  验证 pinball 0.01310  分时小区平均 β -0.760  26.7s
2026-10-01 12:38:42,670 INFO 第  28 轮  训练 0.01176  验证 pinball 0.01424  分时小区平均 β -0.760  26.8s
2026-10-01 12:39:09,574 INFO 第  29 轮  训练 0.01177  验证 pinball 0.01325  分时小区平均 β -0.760  26.9s
2026-10-01 12:39:36,329 INFO 第  30 轮  训练 0.01158  验证 pinball 0.01343  分时小区平均 β -0.760  26.8s
2026-10-01 12:40:03,099 INFO 第  31 轮  训练 0.01160  验证 pinball 0.01331  分时小区平均 β -0.760  26.8s
2026-10-01 12:40:29,754 INFO 第  32 轮  训练 0.01144  验证 pinball 0.01367  分时小区平均 β -0.760  26.7s
2026-10-01 12:40:56,359 INFO 第  33 轮  训练 0.01141  验证 pinball 0.01351  分时小区平均 β -0.760  26.6s
2026-10-01 12:41:23,066 INFO 第  34 轮  训练 0.01139  验证 pinball 0.01338  分时小区平均 β -0.760  26.7s
2026-10-01 12:41:49,902 INFO 第  35 轮  训练 0.01135  验证 pinball 0.01371  分时小区平均 β -0.760  26.8s
2026-10-01 12:41:49,902 INFO 验证损失 15 轮未改善，提前停止
2026-10-01 12:41:54,737 INFO 切换点一致性（all）：观测 β -1.180（0.393）  模型 β -0.857（0.227）
2026-10-01 12:41:55,010 INFO 切换点一致性（novel）：观测 β -0.367（0.505）  模型 β -0.541（0.292）
2026-10-01 12:42:12,212 INFO 测试期 MAE 0.0449  WAPE 0.230  CRPS 0.0261  PICP90 原始 0.831 / ACI 0.900；输出 D:\EV充电因果预测sci论文\05_实验结果\runs\abl_A3_prior-0.76_s1
