2026-10-01 00:52:33,662 INFO 运行 base_stgcn_price_s0，基线 stgcn，设备 cuda，torch 2.11.0+cu128
2026-10-01 00:52:34,911 INFO 数据：T=4344 N=275 目标 utilization 训练/验证/测试起点 3001/409/841
2026-10-01 00:52:35,147 INFO 模型参数 301,511；价格输入 hist_fut；损失 pinball（分位数）
2026-10-01 00:52:49,612 INFO 训练 第   1 轮  训练 0.02331  验证 0.01831  12.0s
2026-10-01 00:53:00,742 INFO 训练 第   2 轮  训练 0.01897  验证 0.01801  11.1s
2026-10-01 00:53:11,799 INFO 训练 第   3 轮  训练 0.01840  验证 0.01774  11.1s
2026-10-01 00:53:22,936 INFO 训练 第   4 轮  训练 0.01795  验证 0.01711  11.1s
2026-10-01 00:53:33,959 INFO 训练 第   5 轮  训练 0.01669  验证 0.01640  11.0s
2026-10-01 00:53:45,077 INFO 训练 第   6 轮  训练 0.01586  验证 0.01598  11.1s
2026-10-01 00:53:56,115 INFO 训练 第   7 轮  训练 0.01523  验证 0.01591  11.0s
2026-10-01 00:54:07,270 INFO 训练 第   8 轮  训练 0.01470  验证 0.01557  11.1s
2026-10-01 00:54:18,192 INFO 训练 第   9 轮  训练 0.01433  验证 0.01593  10.9s
2026-10-01 00:54:29,255 INFO 训练 第  10 轮  训练 0.01407  验证 0.01585  11.1s
2026-10-01 00:54:40,322 INFO 训练 第  11 轮  训练 0.01384  验证 0.01583  11.1s
2026-10-01 00:54:51,409 INFO 训练 第  12 轮  训练 0.01369  验证 0.01574  11.1s
2026-10-01 00:55:02,422 INFO 训练 第  13 轮  训练 0.01349  验证 0.01601  11.0s
2026-10-01 00:55:13,370 INFO 训练 第  14 轮  训练 0.01337  验证 0.01586  10.9s
2026-10-01 00:55:24,440 INFO 训练 第  15 轮  训练 0.01316  验证 0.01589  11.1s
2026-10-01 00:55:35,435 INFO 训练 第  16 轮  训练 0.01299  验证 0.01600  11.0s
2026-10-01 00:55:46,516 INFO 训练 第  17 轮  训练 0.01280  验证 0.01601  11.1s
2026-10-01 00:55:57,491 INFO 训练 第  18 轮  训练 0.01263  验证 0.01621  11.0s
2026-10-01 00:56:08,610 INFO 训练 第  19 轮  训练 0.01248  验证 0.01617  11.1s
2026-10-01 00:56:19,615 INFO 训练 第  20 轮  训练 0.01229  验证 0.01615  11.0s
2026-10-01 00:56:30,711 INFO 训练 第  21 轮  训练 0.01217  验证 0.01649  11.1s
2026-10-01 00:56:41,720 INFO 训练 第  22 轮  训练 0.01200  验证 0.01638  11.0s
2026-10-01 00:56:52,861 INFO 训练 第  23 轮  训练 0.01191  验证 0.01652  11.1s
2026-10-01 00:56:52,861 INFO 验证损失 15 轮未改善，提前停止
2026-10-01 00:56:56,549 INFO 价格响应读出（分时小区 dl_hist+dl_fut 价格 +5%）：弧弹性均值 +0.079，中位数 +0.080，为负的比例 0.31
2026-10-01 00:56:56,821 INFO 切换点一致性（all）：观测 β -1.180（0.393）  模型 β -0.272（0.153）
2026-10-01 00:56:57,044 INFO 切换点一致性（novel）：观测 β -0.367（0.505）  模型 β -0.234（0.214）
2026-10-01 00:57:10,355 INFO 测试期 MAE 0.0550  WAPE 0.282  CRPS 0.0318  PICP90 原始 0.853 / ACI 0.904；输出 D:\EV充电因果预测sci论文\05_实验结果\runs\base_stgcn_price_s0
