2026-10-01 20:34:02,355 INFO 运行 ess_rho1_A5blind_s0，设备 cuda，torch 2.11.0+cu128
2026-10-01 20:34:12,399 INFO E-SS 半合成数据：109 个小区（处理组 54），ρ = 1.0，真实弹性 [-0.2, -0.8, -1.5]；锚定 cells（在合成训练期上重新估计）
2026-10-01 20:34:12,400 INFO 数据：T=4344 N=109 训练/验证/测试起点 3001/409/841；{'train': ('2022-09-01', '2023-01-05'), 'val': ('2023-01-06', '2023-01-23'), 'test': ('2023-01-24', '2023-02-28')}
2026-10-01 20:34:12,547 INFO 模型参数 194,891；锚定方式 cut；锚定来源 ess_cells
2026-10-01 20:34:24,702 INFO 第   1 轮  训练 0.02318  验证 pinball 0.01830  分时小区平均 β +nan  9.5s
2026-10-01 20:34:33,348 INFO 第   2 轮  训练 0.01825  验证 pinball 0.01806  分时小区平均 β +nan  8.6s
2026-10-01 20:34:42,750 INFO 第   3 轮  训练 0.01665  验证 pinball 0.01525  分时小区平均 β +nan  9.4s
2026-10-01 20:34:51,879 INFO 第   4 轮  训练 0.01529  验证 pinball 0.01469  分时小区平均 β +nan  9.1s
2026-10-01 20:35:00,986 INFO 第   5 轮  训练 0.01423  验证 pinball 0.01460  分时小区平均 β +nan  9.1s
2026-10-01 20:35:10,115 INFO 第   6 轮  训练 0.01360  验证 pinball 0.01441  分时小区平均 β +nan  9.1s
2026-10-01 20:35:18,894 INFO 第   7 轮  训练 0.01330  验证 pinball 0.01456  分时小区平均 β +nan  8.8s
2026-10-01 20:35:27,404 INFO 第   8 轮  训练 0.01307  验证 pinball 0.01415  分时小区平均 β +nan  8.5s
2026-10-01 20:35:36,149 INFO 第   9 轮  训练 0.01286  验证 pinball 0.01506  分时小区平均 β +nan  8.7s
2026-10-01 20:35:45,321 INFO 第  10 轮  训练 0.01271  验证 pinball 0.01411  分时小区平均 β +nan  9.2s
2026-10-01 20:35:54,398 INFO 第  11 轮  训练 0.01253  验证 pinball 0.01502  分时小区平均 β +nan  9.1s
2026-10-01 20:36:03,847 INFO 第  12 轮  训练 0.01238  验证 pinball 0.01414  分时小区平均 β +nan  9.4s
2026-10-01 20:36:12,476 INFO 第  13 轮  训练 0.01223  验证 pinball 0.01450  分时小区平均 β +nan  8.6s
2026-10-01 20:36:21,209 INFO 第  14 轮  训练 0.01216  验证 pinball 0.01436  分时小区平均 β +nan  8.7s
2026-10-01 20:36:30,065 INFO 第  15 轮  训练 0.01196  验证 pinball 0.01409  分时小区平均 β +nan  8.9s
2026-10-01 20:36:39,230 INFO 第  16 轮  训练 0.01194  验证 pinball 0.01413  分时小区平均 β +nan  9.2s
2026-10-01 20:36:47,858 INFO 第  17 轮  训练 0.01178  验证 pinball 0.01459  分时小区平均 β +nan  8.6s
2026-10-01 20:36:56,735 INFO 第  18 轮  训练 0.01163  验证 pinball 0.01470  分时小区平均 β +nan  8.9s
2026-10-01 20:37:06,115 INFO 第  19 轮  训练 0.01152  验证 pinball 0.01475  分时小区平均 β +nan  9.4s
2026-10-01 20:37:14,762 INFO 第  20 轮  训练 0.01144  验证 pinball 0.01545  分时小区平均 β +nan  8.6s
2026-10-01 20:37:23,972 INFO 第  21 轮  训练 0.01136  验证 pinball 0.01494  分时小区平均 β +nan  9.2s
2026-10-01 20:37:32,788 INFO 第  22 轮  训练 0.01121  验证 pinball 0.01528  分时小区平均 β +nan  8.8s
2026-10-01 20:37:42,083 INFO 第  23 轮  训练 0.01114  验证 pinball 0.01493  分时小区平均 β +nan  9.3s
2026-10-01 20:37:50,890 INFO 第  24 轮  训练 0.01103  验证 pinball 0.01557  分时小区平均 β +nan  8.8s
2026-10-01 20:38:00,096 INFO 第  25 轮  训练 0.01095  验证 pinball 0.01541  分时小区平均 β +nan  9.2s
2026-10-01 20:38:09,555 INFO 第  26 轮  训练 0.01086  验证 pinball 0.01606  分时小区平均 β +nan  9.5s
2026-10-01 20:38:18,291 INFO 第  27 轮  训练 0.01077  验证 pinball 0.01546  分时小区平均 β +nan  8.7s
2026-10-01 20:38:27,377 INFO 第  28 轮  训练 0.01072  验证 pinball 0.01593  分时小区平均 β +nan  9.1s
2026-10-01 20:38:36,417 INFO 第  29 轮  训练 0.01057  验证 pinball 0.01546  分时小区平均 β +nan  9.0s
2026-10-01 20:38:45,016 INFO 第  30 轮  训练 0.01043  验证 pinball 0.01593  分时小区平均 β +nan  8.6s
2026-10-01 20:38:45,016 INFO 验证损失 15 轮未改善，提前停止
2026-10-01 20:38:49,089 INFO E-SS flat：真实隐含弹性 -1.100；模型 +0.000（反事实 MAE 0.0463）；插补 P0 -1.292（0.0454）
2026-10-01 20:38:49,089 INFO E-SS spread1.5：真实隐含弹性 -1.100；模型 +0.000（反事实 MAE 0.0463）；插补 P0 -1.292（0.0456）
2026-10-01 20:38:52,788 INFO 测试期 MAE 0.0471  WAPE 0.248  CRPS 0.0273  PICP90 原始 0.829 / ACI 0.903；输出 D:\EV充电因果预测sci论文\05_实验结果\runs\ess_rho1_A5blind_s0
