2026-10-01 06:35:27,651 INFO 运行 base_gwn_blind_s4，设备 cuda，torch 2.11.0+cu128
2026-10-01 06:35:28,917 INFO 数据：T=4344 N=275 训练/验证/测试起点 3001/409/841；{'train': ('2022-09-01', '2023-01-05'), 'val': ('2023-01-06', '2023-01-23'), 'test': ('2023-01-24', '2023-02-28')}
2026-10-01 06:35:29,053 INFO 模型参数 198,211；锚定方式 cut；锚定来源 fivemin_main
2026-10-01 06:35:59,694 INFO 第   1 轮  训练 0.02311  验证 pinball 0.01776  分时小区平均 β +nan  27.4s
2026-10-01 06:36:26,421 INFO 第   2 轮  训练 0.01867  验证 pinball 0.01616  分时小区平均 β +nan  26.7s
2026-10-01 06:36:53,274 INFO 第   3 轮  训练 0.01723  验证 pinball 0.01570  分时小区平均 β +nan  26.8s
2026-10-01 06:37:19,926 INFO 第   4 轮  训练 0.01589  验证 pinball 0.01465  分时小区平均 β +nan  26.6s
2026-10-01 06:37:46,711 INFO 第   5 轮  训练 0.01487  验证 pinball 0.01412  分时小区平均 β +nan  26.8s
2026-10-01 06:38:13,639 INFO 第   6 轮  训练 0.01431  验证 pinball 0.01383  分时小区平均 β +nan  26.9s
2026-10-01 06:38:40,336 INFO 第   7 轮  训练 0.01406  验证 pinball 0.01411  分时小区平均 β +nan  26.7s
2026-10-01 06:39:06,989 INFO 第   8 轮  训练 0.01364  验证 pinball 0.01364  分时小区平均 β +nan  26.7s
2026-10-01 06:39:33,645 INFO 第   9 轮  训练 0.01335  验证 pinball 0.01362  分时小区平均 β +nan  26.6s
2026-10-01 06:40:00,418 INFO 第  10 轮  训练 0.01320  验证 pinball 0.01321  分时小区平均 β +nan  26.8s
2026-10-01 06:40:27,190 INFO 第  11 轮  训练 0.01306  验证 pinball 0.01316  分时小区平均 β +nan  26.8s
2026-10-01 06:40:54,014 INFO 第  12 轮  训练 0.01302  验证 pinball 0.01345  分时小区平均 β +nan  26.8s
2026-10-01 06:41:20,906 INFO 第  13 轮  训练 0.01275  验证 pinball 0.01308  分时小区平均 β +nan  26.9s
2026-10-01 06:41:47,762 INFO 第  14 轮  训练 0.01269  验证 pinball 0.01335  分时小区平均 β +nan  26.8s
2026-10-01 06:42:14,478 INFO 第  15 轮  训练 0.01261  验证 pinball 0.01348  分时小区平均 β +nan  26.7s
2026-10-01 06:42:41,240 INFO 第  16 轮  训练 0.01246  验证 pinball 0.01310  分时小区平均 β +nan  26.8s
2026-10-01 06:43:08,011 INFO 第  17 轮  训练 0.01239  验证 pinball 0.01303  分时小区平均 β +nan  26.8s
2026-10-01 06:43:34,817 INFO 第  18 轮  训练 0.01229  验证 pinball 0.01359  分时小区平均 β +nan  26.8s
2026-10-01 06:44:01,623 INFO 第  19 轮  训练 0.01223  验证 pinball 0.01307  分时小区平均 β +nan  26.8s
2026-10-01 06:44:28,296 INFO 第  20 轮  训练 0.01210  验证 pinball 0.01328  分时小区平均 β +nan  26.7s
2026-10-01 06:44:55,150 INFO 第  21 轮  训练 0.01216  验证 pinball 0.01295  分时小区平均 β +nan  26.9s
2026-10-01 06:45:22,052 INFO 第  22 轮  训练 0.01203  验证 pinball 0.01327  分时小区平均 β +nan  26.9s
2026-10-01 06:45:48,900 INFO 第  23 轮  训练 0.01195  验证 pinball 0.01309  分时小区平均 β +nan  26.8s
2026-10-01 06:46:15,725 INFO 第  24 轮  训练 0.01188  验证 pinball 0.01341  分时小区平均 β +nan  26.8s
2026-10-01 06:46:42,504 INFO 第  25 轮  训练 0.01184  验证 pinball 0.01324  分时小区平均 β +nan  26.8s
2026-10-01 06:47:09,217 INFO 第  26 轮  训练 0.01184  验证 pinball 0.01347  分时小区平均 β +nan  26.7s
2026-10-01 06:47:36,096 INFO 第  27 轮  训练 0.01172  验证 pinball 0.01324  分时小区平均 β +nan  26.9s
2026-10-01 06:48:02,890 INFO 第  28 轮  训练 0.01170  验证 pinball 0.01356  分时小区平均 β +nan  26.8s
2026-10-01 06:48:29,659 INFO 第  29 轮  训练 0.01169  验证 pinball 0.01334  分时小区平均 β +nan  26.8s
2026-10-01 06:48:56,408 INFO 第  30 轮  训练 0.01162  验证 pinball 0.01315  分时小区平均 β +nan  26.7s
2026-10-01 06:49:23,185 INFO 第  31 轮  训练 0.01160  验证 pinball 0.01359  分时小区平均 β +nan  26.8s
2026-10-01 06:49:50,089 INFO 第  32 轮  训练 0.01153  验证 pinball 0.01406  分时小区平均 β +nan  26.9s
2026-10-01 06:50:16,861 INFO 第  33 轮  训练 0.01142  验证 pinball 0.01341  分时小区平均 β +nan  26.8s
2026-10-01 06:50:43,593 INFO 第  34 轮  训练 0.01142  验证 pinball 0.01344  分时小区平均 β +nan  26.7s
2026-10-01 06:51:10,279 INFO 第  35 轮  训练 0.01140  验证 pinball 0.01365  分时小区平均 β +nan  26.7s
2026-10-01 06:51:37,119 INFO 第  36 轮  训练 0.01132  验证 pinball 0.01344  分时小区平均 β +nan  26.8s
2026-10-01 06:51:37,119 INFO 验证损失 15 轮未改善，提前停止
2026-10-01 06:51:41,928 INFO 切换点一致性（all）：观测 β -1.180（0.393）  模型 β -0.386（0.211）
2026-10-01 06:51:42,230 INFO 切换点一致性（novel）：观测 β -0.367（0.505）  模型 β -0.073（0.287）
2026-10-01 06:52:00,801 INFO 测试期 MAE 0.0439  WAPE 0.225  CRPS 0.0256  PICP90 原始 0.823 / ACI 0.900；输出 D:\EV充电因果预测sci论文\05_实验结果\runs\base_gwn_blind_s4
