2026-09-28 05:16:28,475 INFO 运行 smoke_baseline_pag，基线 pag，设备 cpu，torch 2.14.0
2026-09-28 05:16:29,424 INFO 数据：T=4344 N=40 目标 occupancy 训练/验证/测试起点 3001/409/841
2026-09-28 05:16:29,430 INFO 模型参数 3,326；价格输入 历史价格（PAG）；损失 MSE（点预测）
2026-09-28 05:16:29,430 INFO PAG：论文版元学习预训练，先验 [-1.48, -0.228]，1 轮，支持集/查询集 1500/1501 个窗口
2026-09-28 05:16:31,100 INFO PAG 元学习预训练 第   1 轮  伪样本比例 1.000  查询集损失 0.13771
2026-09-28 05:16:31,532 INFO 微调 第   1 轮  训练 0.12746  验证 0.10850  0.4s
2026-09-28 05:16:31,958 INFO 微调 第   2 轮  训练 0.11811  验证 0.10217  0.4s
2026-09-28 05:16:33,615 INFO 价格响应读出（分时小区 dl_hist 价格 +5%）：弧弹性均值 -0.001，中位数 -0.001，为负的比例 1.00
2026-09-28 05:16:33,645 INFO 切换点一致性（all）：观测 β -0.515（0.649）  模型 β -0.258（0.111）
2026-09-28 05:16:33,672 INFO 切换点一致性（novel）：观测 β +6.664（1.613）  模型 β -0.039（0.345）
2026-09-28 05:16:35,998 INFO 测试期 MAE 0.1015  WAPE 0.454  CRPS 0.0609  PICP90 原始 0.879 / ACI 0.903；输出 /Users/zhangshien/Desktop/EV充电因果预测sci论文/05_实验结果/runs/smoke_baseline_pag
2026-09-29 19:44:16,719 INFO 运行 smoke_baseline_pag，基线 pag，设备 cuda，torch 2.11.0+cu128
2026-09-29 19:44:17,307 INFO 数据：T=4344 N=40 目标 occupancy 训练/验证/测试起点 3001/409/841
2026-09-29 19:44:17,384 INFO 模型参数 3,326；价格输入 历史价格（PAG）；损失 MSE（点预测）
2026-09-29 19:44:17,384 INFO PAG：论文版元学习预训练，先验 [-1.48, -0.228]，1 轮，支持集/查询集 1500/1501 个窗口
2026-09-29 19:44:19,077 INFO PAG 元学习预训练 第   1 轮  伪样本比例 1.000  查询集损失 0.13771
2026-09-29 19:44:19,231 INFO 微调 第   1 轮  训练 0.12746  验证 0.10850  0.2s
2026-09-29 19:44:19,390 INFO 微调 第   2 轮  训练 0.11811  验证 0.10217  0.2s
2026-09-29 19:44:20,067 INFO 价格响应读出（分时小区 dl_hist 价格 +5%）：弧弹性均值 -0.001，中位数 -0.001，为负的比例 1.00
2026-09-29 19:44:20,092 INFO 切换点一致性（all）：观测 β -0.515（0.649）  模型 β -0.259（0.111）
2026-09-29 19:44:20,114 INFO 切换点一致性（novel）：观测 β +6.664（1.613）  模型 β -0.047（0.345）
2026-09-29 19:44:21,306 INFO 测试期 MAE 0.1015  WAPE 0.454  CRPS 0.0609  PICP90 原始 0.879 / ACI 0.903；输出 D:\EV充电因果预测sci论文\05_实验结果\runs\smoke_baseline_pag
