2026-10-01 16:32:03,757 INFO 运行 abl_A5_noprice_s2，设备 cuda，torch 2.11.0+cu128
2026-10-01 16:32:04,806 INFO 数据：T=4344 N=275 训练/验证/测试起点 3001/409/841；{'train': ('2022-09-01', '2023-01-05'), 'val': ('2023-01-06', '2023-01-23'), 'test': ('2023-01-24', '2023-02-28')}
2026-10-01 16:32:04,947 INFO 模型参数 198,211；锚定方式 cut；锚定来源 fivemin_main
2026-10-01 16:32:35,751 INFO 第   1 轮  训练 0.02316  验证 pinball 0.01823  分时小区平均 β +nan  27.3s
2026-10-01 16:33:02,462 INFO 第   2 轮  训练 0.01844  验证 pinball 0.01582  分时小区平均 β +nan  26.7s
2026-10-01 16:33:29,152 INFO 第   3 轮  训练 0.01689  验证 pinball 0.01476  分时小区平均 β +nan  26.7s
2026-10-01 16:33:55,901 INFO 第   4 轮  训练 0.01551  验证 pinball 0.01446  分时小区平均 β +nan  26.7s
2026-10-01 16:34:22,816 INFO 第   5 轮  训练 0.01478  验证 pinball 0.01444  分时小区平均 β +nan  26.9s
2026-10-01 16:34:49,551 INFO 第   6 轮  训练 0.01440  验证 pinball 0.01394  分时小区平均 β +nan  26.7s
2026-10-01 16:35:16,388 INFO 第   7 轮  训练 0.01406  验证 pinball 0.01373  分时小区平均 β +nan  26.8s
2026-10-01 16:35:43,183 INFO 第   8 轮  训练 0.01377  验证 pinball 0.01372  分时小区平均 β +nan  26.8s
2026-10-01 16:36:09,844 INFO 第   9 轮  训练 0.01356  验证 pinball 0.01350  分时小区平均 β +nan  26.7s
2026-10-01 16:36:36,428 INFO 第  10 轮  训练 0.01343  验证 pinball 0.01362  分时小区平均 β +nan  26.6s
2026-10-01 16:37:03,110 INFO 第  11 轮  训练 0.01323  验证 pinball 0.01365  分时小区平均 β +nan  26.7s
2026-10-01 16:37:29,879 INFO 第  12 轮  训练 0.01303  验证 pinball 0.01319  分时小区平均 β +nan  26.8s
2026-10-01 16:37:56,538 INFO 第  13 轮  训练 0.01299  验证 pinball 0.01366  分时小区平均 β +nan  26.6s
2026-10-01 16:38:23,193 INFO 第  14 轮  训练 0.01285  验证 pinball 0.01389  分时小区平均 β +nan  26.7s
2026-10-01 16:38:49,859 INFO 第  15 轮  训练 0.01272  验证 pinball 0.01317  分时小区平均 β +nan  26.7s
2026-10-01 16:39:16,532 INFO 第  16 轮  训练 0.01262  验证 pinball 0.01408  分时小区平均 β +nan  26.7s
2026-10-01 16:39:43,155 INFO 第  17 轮  训练 0.01261  验证 pinball 0.01324  分时小区平均 β +nan  26.6s
2026-10-01 16:40:09,957 INFO 第  18 轮  训练 0.01244  验证 pinball 0.01318  分时小区平均 β +nan  26.8s
2026-10-01 16:40:36,642 INFO 第  19 轮  训练 0.01231  验证 pinball 0.01346  分时小区平均 β +nan  26.7s
2026-10-01 16:41:03,506 INFO 第  20 轮  训练 0.01226  验证 pinball 0.01374  分时小区平均 β +nan  26.9s
2026-10-01 16:41:30,353 INFO 第  21 轮  训练 0.01217  验证 pinball 0.01387  分时小区平均 β +nan  26.8s
2026-10-01 16:41:57,065 INFO 第  22 轮  训练 0.01213  验证 pinball 0.01328  分时小区平均 β +nan  26.7s
2026-10-01 16:42:23,800 INFO 第  23 轮  训练 0.01204  验证 pinball 0.01371  分时小区平均 β +nan  26.7s
2026-10-01 16:42:50,507 INFO 第  24 轮  训练 0.01192  验证 pinball 0.01324  分时小区平均 β +nan  26.7s
2026-10-01 16:43:17,402 INFO 第  25 轮  训练 0.01186  验证 pinball 0.01333  分时小区平均 β +nan  26.9s
2026-10-01 16:43:44,096 INFO 第  26 轮  训练 0.01188  验证 pinball 0.01362  分时小区平均 β +nan  26.7s
2026-10-01 16:44:10,870 INFO 第  27 轮  训练 0.01173  验证 pinball 0.01374  分时小区平均 β +nan  26.8s
2026-10-01 16:44:37,694 INFO 第  28 轮  训练 0.01171  验证 pinball 0.01360  分时小区平均 β +nan  26.8s
2026-10-01 16:45:04,366 INFO 第  29 轮  训练 0.01170  验证 pinball 0.01350  分时小区平均 β +nan  26.7s
2026-10-01 16:45:31,095 INFO 第  30 轮  训练 0.01156  验证 pinball 0.01462  分时小区平均 β +nan  26.7s
2026-10-01 16:45:31,096 INFO 验证损失 15 轮未改善，提前停止
2026-10-01 16:45:35,985 INFO 切换点一致性（all）：观测 β -1.180（0.393）  模型 β -0.450（0.176）
2026-10-01 16:45:36,212 INFO 切换点一致性（novel）：观测 β -0.367（0.505）  模型 β -0.194（0.180）
2026-10-01 16:45:54,381 INFO 测试期 MAE 0.0443  WAPE 0.227  CRPS 0.0255  PICP90 原始 0.857 / ACI 0.902；输出 D:\EV充电因果预测sci论文\05_实验结果\runs\abl_A5_noprice_s2
