2026-10-01 04:34:38,478 INFO 运行 base_stgcn_s3，基线 stgcn，设备 cuda，torch 2.11.0+cu128
2026-10-01 04:34:39,756 INFO 数据：T=4344 N=275 目标 utilization 训练/验证/测试起点 3001/409/841
2026-10-01 04:34:39,979 INFO 模型参数 300,999；价格输入 none；损失 pinball（分位数）
2026-10-01 04:34:54,880 INFO 训练 第   1 轮  训练 0.02307  验证 0.01752  11.8s
2026-10-01 04:35:06,013 INFO 训练 第   2 轮  训练 0.01901  验证 0.01715  11.1s
2026-10-01 04:35:17,189 INFO 训练 第   3 轮  训练 0.01824  验证 0.01690  11.2s
2026-10-01 04:35:28,508 INFO 训练 第   4 轮  训练 0.01728  验证 0.01604  11.3s
2026-10-01 04:35:39,637 INFO 训练 第   5 轮  训练 0.01667  验证 0.01601  11.1s
2026-10-01 04:35:50,791 INFO 训练 第   6 轮  训练 0.01613  验证 0.01556  11.1s
2026-10-01 04:36:01,895 INFO 训练 第   7 轮  训练 0.01568  验证 0.01587  11.1s
2026-10-01 04:36:13,183 INFO 训练 第   8 轮  训练 0.01533  验证 0.01519  11.3s
2026-10-01 04:36:24,588 INFO 训练 第   9 轮  训练 0.01491  验证 0.01501  11.4s
2026-10-01 04:36:35,699 INFO 训练 第  10 轮  训练 0.01445  验证 0.01533  11.1s
2026-10-01 04:36:46,884 INFO 训练 第  11 轮  训练 0.01412  验证 0.01503  11.2s
2026-10-01 04:36:58,088 INFO 训练 第  12 轮  训练 0.01387  验证 0.01505  11.2s
2026-10-01 04:37:09,215 INFO 训练 第  13 轮  训练 0.01354  验证 0.01503  11.1s
2026-10-01 04:37:20,258 INFO 训练 第  14 轮  训练 0.01335  验证 0.01507  11.0s
2026-10-01 04:37:31,400 INFO 训练 第  15 轮  训练 0.01319  验证 0.01490  11.1s
2026-10-01 04:37:42,616 INFO 训练 第  16 轮  训练 0.01302  验证 0.01522  11.2s
2026-10-01 04:37:53,737 INFO 训练 第  17 轮  训练 0.01288  验证 0.01521  11.1s
2026-10-01 04:38:04,933 INFO 训练 第  18 轮  训练 0.01275  验证 0.01527  11.2s
2026-10-01 04:38:16,150 INFO 训练 第  19 轮  训练 0.01261  验证 0.01528  11.2s
2026-10-01 04:38:27,389 INFO 训练 第  20 轮  训练 0.01244  验证 0.01545  11.2s
2026-10-01 04:38:38,574 INFO 训练 第  21 轮  训练 0.01232  验证 0.01543  11.2s
2026-10-01 04:38:49,753 INFO 训练 第  22 轮  训练 0.01215  验证 0.01540  11.2s
2026-10-01 04:39:01,016 INFO 训练 第  23 轮  训练 0.01206  验证 0.01569  11.3s
2026-10-01 04:39:12,034 INFO 训练 第  24 轮  训练 0.01188  验证 0.01578  11.0s
2026-10-01 04:39:23,286 INFO 训练 第  25 轮  训练 0.01175  验证 0.01578  11.3s
2026-10-01 04:39:34,440 INFO 训练 第  26 轮  训练 0.01162  验证 0.01585  11.2s
2026-10-01 04:39:45,634 INFO 训练 第  27 轮  训练 0.01156  验证 0.01588  11.2s
2026-10-01 04:39:56,803 INFO 训练 第  28 轮  训练 0.01145  验证 0.01613  11.2s
2026-10-01 04:40:07,980 INFO 训练 第  29 轮  训练 0.01135  验证 0.01598  11.2s
2026-10-01 04:40:19,151 INFO 训练 第  30 轮  训练 0.01126  验证 0.01603  11.2s
2026-10-01 04:40:19,152 INFO 验证损失 15 轮未改善，提前停止
2026-10-01 04:40:21,653 INFO 切换点一致性（all）：观测 β -1.180（0.393）  模型 β -0.300（0.168）
2026-10-01 04:40:21,895 INFO 切换点一致性（novel）：观测 β -0.367（0.505）  模型 β -0.164（0.204）
2026-10-01 04:40:38,674 INFO 测试期 MAE 0.0513  WAPE 0.262  CRPS 0.0297  PICP90 原始 0.830 / ACI 0.905；输出 D:\EV充电因果预测sci论文\05_实验结果\runs\base_stgcn_s3
