2026-09-30 23:49:47,078 INFO 运行 base_lstm_s0，基线 lstm，设备 cuda，torch 2.11.0+cu128
2026-09-30 23:49:48,401 INFO 数据：T=4344 N=275 目标 utilization 训练/验证/测试起点 3001/409/841
2026-09-30 23:49:48,558 INFO 模型参数 40,007；价格输入 none；损失 pinball（分位数）
2026-09-30 23:49:56,836 INFO 训练 第   1 轮  训练 0.02437  验证 0.01803  5.3s
2026-09-30 23:50:01,531 INFO 训练 第   2 轮  训练 0.02012  验证 0.01722  4.7s
2026-09-30 23:50:06,249 INFO 训练 第   3 轮  训练 0.01929  验证 0.01670  4.7s
2026-09-30 23:50:11,023 INFO 训练 第   4 轮  训练 0.01854  验证 0.01586  4.8s
2026-09-30 23:50:15,981 INFO 训练 第   5 轮  训练 0.01786  验证 0.01535  5.0s
2026-09-30 23:50:20,821 INFO 训练 第   6 轮  训练 0.01745  验证 0.01518  4.8s
2026-09-30 23:50:25,565 INFO 训练 第   7 轮  训练 0.01716  验证 0.01492  4.7s
2026-09-30 23:50:30,455 INFO 训练 第   8 轮  训练 0.01695  验证 0.01477  4.9s
2026-09-30 23:50:35,312 INFO 训练 第   9 轮  训练 0.01679  验证 0.01472  4.9s
2026-09-30 23:50:40,297 INFO 训练 第  10 轮  训练 0.01664  验证 0.01455  5.0s
2026-09-30 23:50:45,030 INFO 训练 第  11 轮  训练 0.01649  验证 0.01454  4.7s
2026-09-30 23:50:49,766 INFO 训练 第  12 轮  训练 0.01638  验证 0.01444  4.7s
2026-09-30 23:50:54,472 INFO 训练 第  13 轮  训练 0.01629  验证 0.01445  4.7s
2026-09-30 23:50:59,092 INFO 训练 第  14 轮  训练 0.01616  验证 0.01429  4.6s
2026-09-30 23:51:03,864 INFO 训练 第  15 轮  训练 0.01610  验证 0.01434  4.8s
2026-09-30 23:51:08,693 INFO 训练 第  16 轮  训练 0.01598  验证 0.01415  4.8s
2026-09-30 23:51:13,514 INFO 训练 第  17 轮  训练 0.01589  验证 0.01423  4.8s
2026-09-30 23:51:18,334 INFO 训练 第  18 轮  训练 0.01581  验证 0.01412  4.8s
2026-09-30 23:51:23,063 INFO 训练 第  19 轮  训练 0.01570  验证 0.01402  4.7s
2026-09-30 23:51:27,792 INFO 训练 第  20 轮  训练 0.01563  验证 0.01398  4.7s
2026-09-30 23:51:32,570 INFO 训练 第  21 轮  训练 0.01555  验证 0.01400  4.8s
2026-09-30 23:51:37,268 INFO 训练 第  22 轮  训练 0.01550  验证 0.01391  4.7s
2026-09-30 23:51:42,009 INFO 训练 第  23 轮  训练 0.01543  验证 0.01388  4.7s
2026-09-30 23:51:46,883 INFO 训练 第  24 轮  训练 0.01536  验证 0.01389  4.9s
2026-09-30 23:51:51,637 INFO 训练 第  25 轮  训练 0.01531  验证 0.01408  4.8s
2026-09-30 23:51:56,422 INFO 训练 第  26 轮  训练 0.01526  验证 0.01388  4.8s
2026-09-30 23:52:01,103 INFO 训练 第  27 轮  训练 0.01521  验证 0.01391  4.7s
2026-09-30 23:52:05,938 INFO 训练 第  28 轮  训练 0.01516  验证 0.01392  4.8s
2026-09-30 23:52:10,802 INFO 训练 第  29 轮  训练 0.01511  验证 0.01381  4.9s
2026-09-30 23:52:15,521 INFO 训练 第  30 轮  训练 0.01508  验证 0.01377  4.7s
2026-09-30 23:52:20,265 INFO 训练 第  31 轮  训练 0.01503  验证 0.01384  4.7s
2026-09-30 23:52:24,924 INFO 训练 第  32 轮  训练 0.01497  验证 0.01376  4.7s
2026-09-30 23:52:29,755 INFO 训练 第  33 轮  训练 0.01494  验证 0.01369  4.8s
2026-09-30 23:52:34,505 INFO 训练 第  34 轮  训练 0.01491  验证 0.01373  4.7s
2026-09-30 23:52:39,228 INFO 训练 第  35 轮  训练 0.01487  验证 0.01364  4.7s
2026-09-30 23:52:44,020 INFO 训练 第  36 轮  训练 0.01484  验证 0.01365  4.8s
2026-09-30 23:52:48,839 INFO 训练 第  37 轮  训练 0.01480  验证 0.01361  4.8s
2026-09-30 23:52:53,684 INFO 训练 第  38 轮  训练 0.01477  验证 0.01379  4.8s
2026-09-30 23:52:58,441 INFO 训练 第  39 轮  训练 0.01474  验证 0.01374  4.8s
2026-09-30 23:53:03,207 INFO 训练 第  40 轮  训练 0.01471  验证 0.01351  4.8s
2026-09-30 23:53:07,863 INFO 训练 第  41 轮  训练 0.01470  验证 0.01362  4.7s
2026-09-30 23:53:12,513 INFO 训练 第  42 轮  训练 0.01467  验证 0.01358  4.6s
2026-09-30 23:53:17,218 INFO 训练 第  43 轮  训练 0.01464  验证 0.01357  4.7s
2026-09-30 23:53:21,915 INFO 训练 第  44 轮  训练 0.01462  验证 0.01370  4.7s
2026-09-30 23:53:26,616 INFO 训练 第  45 轮  训练 0.01461  验证 0.01363  4.7s
2026-09-30 23:53:31,313 INFO 训练 第  46 轮  训练 0.01457  验证 0.01358  4.7s
2026-09-30 23:53:36,197 INFO 训练 第  47 轮  训练 0.01455  验证 0.01351  4.9s
2026-09-30 23:53:41,065 INFO 训练 第  48 轮  训练 0.01454  验证 0.01371  4.9s
2026-09-30 23:53:45,696 INFO 训练 第  49 轮  训练 0.01450  验证 0.01362  4.6s
2026-09-30 23:53:50,341 INFO 训练 第  50 轮  训练 0.01449  验证 0.01361  4.6s
2026-09-30 23:53:55,051 INFO 训练 第  51 轮  训练 0.01448  验证 0.01357  4.7s
2026-09-30 23:53:59,673 INFO 训练 第  52 轮  训练 0.01445  验证 0.01376  4.6s
2026-09-30 23:54:04,351 INFO 训练 第  53 轮  训练 0.01445  验证 0.01345  4.7s
2026-09-30 23:54:09,044 INFO 训练 第  54 轮  训练 0.01441  验证 0.01337  4.7s
2026-09-30 23:54:13,679 INFO 训练 第  55 轮  训练 0.01439  验证 0.01336  4.6s
2026-09-30 23:54:18,322 INFO 训练 第  56 轮  训练 0.01438  验证 0.01352  4.6s
2026-09-30 23:54:23,026 INFO 训练 第  57 轮  训练 0.01436  验证 0.01364  4.7s
2026-09-30 23:54:27,712 INFO 训练 第  58 轮  训练 0.01435  验证 0.01358  4.7s
2026-09-30 23:54:32,296 INFO 训练 第  59 轮  训练 0.01433  验证 0.01353  4.6s
2026-09-30 23:54:37,065 INFO 训练 第  60 轮  训练 0.01431  验证 0.01354  4.8s
2026-09-30 23:54:41,849 INFO 训练 第  61 轮  训练 0.01430  验证 0.01338  4.8s
2026-09-30 23:54:46,606 INFO 训练 第  62 轮  训练 0.01428  验证 0.01340  4.8s
2026-09-30 23:54:51,578 INFO 训练 第  63 轮  训练 0.01427  验证 0.01348  5.0s
2026-09-30 23:54:56,390 INFO 训练 第  64 轮  训练 0.01425  验证 0.01344  4.8s
2026-09-30 23:55:01,410 INFO 训练 第  65 轮  训练 0.01423  验证 0.01349  5.0s
2026-09-30 23:55:06,293 INFO 训练 第  66 轮  训练 0.01421  验证 0.01351  4.9s
2026-09-30 23:55:11,149 INFO 训练 第  67 轮  训练 0.01422  验证 0.01348  4.9s
2026-09-30 23:55:15,953 INFO 训练 第  68 轮  训练 0.01419  验证 0.01343  4.8s
2026-09-30 23:55:20,834 INFO 训练 第  69 轮  训练 0.01417  验证 0.01330  4.9s
2026-09-30 23:55:25,793 INFO 训练 第  70 轮  训练 0.01416  验证 0.01330  5.0s
2026-09-30 23:55:30,645 INFO 训练 第  71 轮  训练 0.01416  验证 0.01329  4.9s
2026-09-30 23:55:35,519 INFO 训练 第  72 轮  训练 0.01414  验证 0.01353  4.9s
2026-09-30 23:55:40,250 INFO 训练 第  73 轮  训练 0.01413  验证 0.01349  4.7s
2026-09-30 23:55:44,910 INFO 训练 第  74 轮  训练 0.01411  验证 0.01334  4.7s
2026-09-30 23:55:49,640 INFO 训练 第  75 轮  训练 0.01410  验证 0.01349  4.7s
2026-09-30 23:55:54,277 INFO 训练 第  76 轮  训练 0.01409  验证 0.01338  4.6s
2026-09-30 23:55:58,880 INFO 训练 第  77 轮  训练 0.01408  验证 0.01348  4.6s
2026-09-30 23:56:03,624 INFO 训练 第  78 轮  训练 0.01408  验证 0.01342  4.7s
2026-09-30 23:56:08,268 INFO 训练 第  79 轮  训练 0.01408  验证 0.01341  4.6s
2026-09-30 23:56:12,947 INFO 训练 第  80 轮  训练 0.01405  验证 0.01355  4.7s
2026-09-30 23:56:17,866 INFO 训练 第  81 轮  训练 0.01407  验证 0.01334  4.9s
2026-09-30 23:56:22,734 INFO 训练 第  82 轮  训练 0.01405  验证 0.01342  4.9s
2026-09-30 23:56:27,689 INFO 训练 第  83 轮  训练 0.01402  验证 0.01339  5.0s
2026-09-30 23:56:32,421 INFO 训练 第  84 轮  训练 0.01401  验证 0.01336  4.7s
2026-09-30 23:56:37,158 INFO 训练 第  85 轮  训练 0.01400  验证 0.01341  4.7s
2026-09-30 23:56:41,895 INFO 训练 第  86 轮  训练 0.01400  验证 0.01333  4.7s
2026-09-30 23:56:41,895 INFO 验证损失 15 轮未改善，提前停止
2026-09-30 23:56:43,302 INFO 切换点一致性（all）：观测 β -1.180（0.393）  模型 β -0.671（0.194）
2026-09-30 23:56:43,660 INFO 切换点一致性（novel）：观测 β -0.367（0.505）  模型 β -0.308（0.167）
2026-09-30 23:57:01,330 INFO 测试期 MAE 0.0436  WAPE 0.223  CRPS 0.0258  PICP90 原始 0.904 / ACI 0.901；输出 D:\EV充电因果预测sci论文\05_实验结果\runs\base_lstm_s0
