2026-10-02 00:05:25,130 INFO 运行 eid_profile-0.05_s0，设备 cuda，torch 2.11.0+cu128
2026-10-02 00:05:26,330 INFO 数据：T=4344 N=275 训练/验证/测试起点 3001/409/841；{'train': ('2022-09-01', '2023-01-05'), 'val': ('2023-01-06', '2023-01-23'), 'test': ('2023-01-24', '2023-02-28')}
2026-10-02 00:05:26,469 INFO 模型参数 198,211；锚定方式 cut；锚定来源 fivemin_main|fixed_beta=-0.05
2026-10-02 00:05:57,452 INFO 第   1 轮  训练 0.02306  验证 pinball 0.01700  分时小区平均 β -0.050  27.5s
2026-10-02 00:06:24,139 INFO 第   2 轮  训练 0.01836  验证 pinball 0.01606  分时小区平均 β -0.050  26.7s
2026-10-02 00:06:50,854 INFO 第   3 轮  训练 0.01704  验证 pinball 0.01525  分时小区平均 β -0.050  26.7s
2026-10-02 00:07:17,545 INFO 第   4 轮  训练 0.01577  验证 pinball 0.01431  分时小区平均 β -0.050  26.7s
2026-10-02 00:07:44,156 INFO 第   5 轮  训练 0.01493  验证 pinball 0.01446  分时小区平均 β -0.050  26.6s
2026-10-02 00:08:10,966 INFO 第   6 轮  训练 0.01433  验证 pinball 0.01410  分时小区平均 β -0.050  26.8s
2026-10-02 00:08:37,613 INFO 第   7 轮  训练 0.01404  验证 pinball 0.01383  分时小区平均 β -0.050  26.6s
2026-10-02 00:09:04,361 INFO 第   8 轮  训练 0.01383  验证 pinball 0.01361  分时小区平均 β -0.050  26.7s
2026-10-02 00:09:31,060 INFO 第   9 轮  训练 0.01354  验证 pinball 0.01467  分时小区平均 β -0.050  26.7s
2026-10-02 00:09:57,751 INFO 第  10 轮  训练 0.01340  验证 pinball 0.01365  分时小区平均 β -0.050  26.7s
2026-10-02 00:10:24,546 INFO 第  11 轮  训练 0.01327  验证 pinball 0.01318  分时小区平均 β -0.050  26.8s
2026-10-02 00:10:51,355 INFO 第  12 轮  训练 0.01305  验证 pinball 0.01297  分时小区平均 β -0.050  26.8s
2026-10-02 00:11:18,202 INFO 第  13 轮  训练 0.01296  验证 pinball 0.01324  分时小区平均 β -0.050  26.8s
2026-10-02 00:11:44,998 INFO 第  14 轮  训练 0.01289  验证 pinball 0.01327  分时小区平均 β -0.050  26.8s
2026-10-02 00:12:11,661 INFO 第  15 轮  训练 0.01275  验证 pinball 0.01300  分时小区平均 β -0.050  26.7s
2026-10-02 00:12:38,390 INFO 第  16 轮  训练 0.01259  验证 pinball 0.01291  分时小区平均 β -0.050  26.7s
2026-10-02 00:13:05,195 INFO 第  17 轮  训练 0.01255  验证 pinball 0.01305  分时小区平均 β -0.050  26.8s
2026-10-02 00:13:32,026 INFO 第  18 轮  训练 0.01239  验证 pinball 0.01313  分时小区平均 β -0.050  26.8s
2026-10-02 00:13:58,935 INFO 第  19 轮  训练 0.01231  验证 pinball 0.01301  分时小区平均 β -0.050  26.9s
2026-10-02 00:14:25,605 INFO 第  20 轮  训练 0.01223  验证 pinball 0.01301  分时小区平均 β -0.050  26.7s
2026-10-02 00:14:52,166 INFO 第  21 轮  训练 0.01222  验证 pinball 0.01313  分时小区平均 β -0.050  26.6s
2026-10-02 00:15:18,984 INFO 第  22 轮  训练 0.01210  验证 pinball 0.01308  分时小区平均 β -0.050  26.8s
2026-10-02 00:15:45,656 INFO 第  23 轮  训练 0.01204  验证 pinball 0.01294  分时小区平均 β -0.050  26.7s
2026-10-02 00:16:12,407 INFO 第  24 轮  训练 0.01203  验证 pinball 0.01307  分时小区平均 β -0.050  26.8s
2026-10-02 00:16:39,248 INFO 第  25 轮  训练 0.01192  验证 pinball 0.01338  分时小区平均 β -0.050  26.8s
2026-10-02 00:17:06,022 INFO 第  26 轮  训练 0.01189  验证 pinball 0.01320  分时小区平均 β -0.050  26.8s
2026-10-02 00:17:32,820 INFO 第  27 轮  训练 0.01190  验证 pinball 0.01302  分时小区平均 β -0.050  26.8s
2026-10-02 00:17:59,698 INFO 第  28 轮  训练 0.01180  验证 pinball 0.01280  分时小区平均 β -0.050  26.9s
2026-10-02 00:18:26,470 INFO 第  29 轮  训练 0.01171  验证 pinball 0.01303  分时小区平均 β -0.050  26.8s
2026-10-02 00:18:53,142 INFO 第  30 轮  训练 0.01166  验证 pinball 0.01323  分时小区平均 β -0.050  26.7s
2026-10-02 00:19:19,994 INFO 第  31 轮  训练 0.01164  验证 pinball 0.01332  分时小区平均 β -0.050  26.9s
2026-10-02 00:19:46,810 INFO 第  32 轮  训练 0.01163  验证 pinball 0.01349  分时小区平均 β -0.050  26.8s
2026-10-02 00:20:13,680 INFO 第  33 轮  训练 0.01159  验证 pinball 0.01346  分时小区平均 β -0.050  26.9s
2026-10-02 00:20:40,532 INFO 第  34 轮  训练 0.01149  验证 pinball 0.01319  分时小区平均 β -0.050  26.8s
2026-10-02 00:21:07,408 INFO 第  35 轮  训练 0.01148  验证 pinball 0.01384  分时小区平均 β -0.050  26.9s
2026-10-02 00:21:34,430 INFO 第  36 轮  训练 0.01143  验证 pinball 0.01321  分时小区平均 β -0.050  27.0s
2026-10-02 00:22:01,224 INFO 第  37 轮  训练 0.01142  验证 pinball 0.01345  分时小区平均 β -0.050  26.8s
2026-10-02 00:22:27,997 INFO 第  38 轮  训练 0.01131  验证 pinball 0.01372  分时小区平均 β -0.050  26.8s
2026-10-02 00:22:54,832 INFO 第  39 轮  训练 0.01125  验证 pinball 0.01343  分时小区平均 β -0.050  26.8s
2026-10-02 00:23:21,562 INFO 第  40 轮  训练 0.01128  验证 pinball 0.01335  分时小区平均 β -0.050  26.7s
2026-10-02 00:23:48,153 INFO 第  41 轮  训练 0.01125  验证 pinball 0.01385  分时小区平均 β -0.050  26.6s
2026-10-02 00:24:15,000 INFO 第  42 轮  训练 0.01117  验证 pinball 0.01359  分时小区平均 β -0.050  26.8s
2026-10-02 00:24:41,713 INFO 第  43 轮  训练 0.01116  验证 pinball 0.01334  分时小区平均 β -0.050  26.7s
2026-10-02 00:24:41,713 INFO 验证损失 15 轮未改善，提前停止
2026-10-02 00:24:46,803 INFO 切换点一致性（all）：观测 β -1.180（0.393）  模型 β -0.419（0.212）
2026-10-02 00:24:47,074 INFO 切换点一致性（novel）：观测 β -0.367（0.505）  模型 β -0.175（0.280）
2026-10-02 00:25:03,479 INFO 测试期 MAE 0.0441  WAPE 0.226  CRPS 0.0258  PICP90 原始 0.820 / ACI 0.902；输出 D:\EV充电因果预测sci论文\05_实验结果\runs\eid_profile-0.05_s0
