2026-10-01 15:18:44,459 INFO 运行 abl_A1_free_s2，设备 cuda，torch 2.11.0+cu128
2026-10-01 15:18:46,373 INFO 数据：T=4344 N=275 训练/验证/测试起点 3001/409/841；{'train': ('2022-09-01', '2023-01-05'), 'val': ('2023-01-06', '2023-01-23'), 'test': ('2023-01-24', '2023-02-28')}
2026-10-01 15:18:46,535 INFO 模型参数 199,326；锚定方式 free；锚定来源 fivemin_main
2026-10-01 15:19:18,228 INFO 第   1 轮  训练 0.02312  验证 pinball 0.01823  分时小区平均 β -0.223  27.7s
2026-10-01 15:19:45,191 INFO 第   2 轮  训练 0.01843  验证 pinball 0.01581  分时小区平均 β -0.223  27.0s
2026-10-01 15:20:12,105 INFO 第   3 轮  训练 0.01689  验证 pinball 0.01475  分时小区平均 β -0.219  26.9s
2026-10-01 15:20:38,957 INFO 第   4 轮  训练 0.01554  验证 pinball 0.01443  分时小区平均 β -0.214  26.8s
2026-10-01 15:21:05,744 INFO 第   5 轮  训练 0.01478  验证 pinball 0.01437  分时小区平均 β -0.209  26.8s
2026-10-01 15:21:32,639 INFO 第   6 轮  训练 0.01439  验证 pinball 0.01393  分时小区平均 β -0.206  26.9s
2026-10-01 15:21:59,648 INFO 第   7 轮  训练 0.01405  验证 pinball 0.01374  分时小区平均 β -0.203  27.0s
2026-10-01 15:22:26,513 INFO 第   8 轮  训练 0.01375  验证 pinball 0.01370  分时小区平均 β -0.201  26.9s
2026-10-01 15:22:53,515 INFO 第   9 轮  训练 0.01355  验证 pinball 0.01346  分时小区平均 β -0.199  27.0s
2026-10-01 15:23:20,315 INFO 第  10 轮  训练 0.01341  验证 pinball 0.01358  分时小区平均 β -0.198  26.8s
2026-10-01 15:23:47,163 INFO 第  11 轮  训练 0.01322  验证 pinball 0.01363  分时小区平均 β -0.196  26.8s
2026-10-01 15:24:14,086 INFO 第  12 轮  训练 0.01302  验证 pinball 0.01318  分时小区平均 β -0.195  26.9s
2026-10-01 15:24:41,025 INFO 第  13 轮  训练 0.01298  验证 pinball 0.01366  分时小区平均 β -0.194  26.9s
2026-10-01 15:25:07,998 INFO 第  14 轮  训练 0.01284  验证 pinball 0.01380  分时小区平均 β -0.192  27.0s
2026-10-01 15:25:34,731 INFO 第  15 轮  训练 0.01270  验证 pinball 0.01316  分时小区平均 β -0.191  26.7s
2026-10-01 15:26:01,584 INFO 第  16 轮  训练 0.01260  验证 pinball 0.01414  分时小区平均 β -0.189  26.8s
2026-10-01 15:26:28,659 INFO 第  17 轮  训练 0.01259  验证 pinball 0.01315  分时小区平均 β -0.187  27.1s
2026-10-01 15:26:55,467 INFO 第  18 轮  训练 0.01243  验证 pinball 0.01316  分时小区平均 β -0.185  26.8s
2026-10-01 15:27:22,414 INFO 第  19 轮  训练 0.01230  验证 pinball 0.01351  分时小区平均 β -0.184  26.9s
2026-10-01 15:27:49,203 INFO 第  20 轮  训练 0.01224  验证 pinball 0.01379  分时小区平均 β -0.182  26.8s
2026-10-01 15:28:15,999 INFO 第  21 轮  训练 0.01216  验证 pinball 0.01384  分时小区平均 β -0.181  26.8s
2026-10-01 15:28:42,795 INFO 第  22 轮  训练 0.01211  验证 pinball 0.01333  分时小区平均 β -0.180  26.8s
2026-10-01 15:29:09,878 INFO 第  23 轮  训练 0.01202  验证 pinball 0.01370  分时小区平均 β -0.179  27.1s
2026-10-01 15:29:36,729 INFO 第  24 轮  训练 0.01191  验证 pinball 0.01321  分时小区平均 β -0.178  26.8s
2026-10-01 15:30:03,740 INFO 第  25 轮  训练 0.01186  验证 pinball 0.01325  分时小区平均 β -0.176  27.0s
2026-10-01 15:30:30,568 INFO 第  26 轮  训练 0.01186  验证 pinball 0.01358  分时小区平均 β -0.175  26.8s
2026-10-01 15:30:57,533 INFO 第  27 轮  训练 0.01173  验证 pinball 0.01364  分时小区平均 β -0.174  27.0s
2026-10-01 15:31:24,356 INFO 第  28 轮  训练 0.01169  验证 pinball 0.01358  分时小区平均 β -0.173  26.8s
2026-10-01 15:31:51,260 INFO 第  29 轮  训练 0.01169  验证 pinball 0.01338  分时小区平均 β -0.171  26.9s
2026-10-01 15:32:18,299 INFO 第  30 轮  训练 0.01155  验证 pinball 0.01473  分时小区平均 β -0.170  27.0s
2026-10-01 15:32:45,195 INFO 第  31 轮  训练 0.01158  验证 pinball 0.01344  分时小区平均 β -0.168  26.9s
2026-10-01 15:33:12,135 INFO 第  32 轮  训练 0.01150  验证 pinball 0.01397  分时小区平均 β -0.167  26.9s
2026-10-01 15:33:12,135 INFO 验证损失 15 轮未改善，提前停止
2026-10-01 15:33:17,023 INFO 切换点一致性（all）：观测 β -1.180（0.393）  模型 β -0.502（0.187）
2026-10-01 15:33:17,286 INFO 切换点一致性（novel）：观测 β -0.367（0.505）  模型 β -0.175（0.210）
2026-10-01 15:33:33,253 INFO 测试期 MAE 0.0444  WAPE 0.227  CRPS 0.0256  PICP90 原始 0.851 / ACI 0.902；输出 D:\EV充电因果预测sci论文\05_实验结果\runs\abl_A1_free_s2
