2026-09-30 22:48:10,408 INFO 运行 main_A0_s1，设备 cuda，torch 2.11.0+cu128
2026-09-30 22:48:11,367 INFO 数据：T=4344 N=275 训练/验证/测试起点 3001/409/841；{'train': ('2022-09-01', '2023-01-05'), 'val': ('2023-01-06', '2023-01-23'), 'test': ('2023-01-24', '2023-02-28')}
2026-09-30 22:48:11,504 INFO 模型参数 198,211；锚定方式 cut；锚定来源 fivemin_main
2026-09-30 22:48:40,760 INFO 第   1 轮  训练 0.02278  验证 pinball 0.01806  分时小区平均 β -0.213  27.0s
2026-09-30 22:49:07,152 INFO 第   2 轮  训练 0.01840  验证 pinball 0.01609  分时小区平均 β -0.213  26.4s
2026-09-30 22:49:33,477 INFO 第   3 轮  训练 0.01699  验证 pinball 0.01494  分时小区平均 β -0.213  26.3s
2026-09-30 22:49:59,918 INFO 第   4 轮  训练 0.01569  验证 pinball 0.01484  分时小区平均 β -0.213  26.4s
2026-09-30 22:50:26,186 INFO 第   5 轮  训练 0.01484  验证 pinball 0.01439  分时小区平均 β -0.213  26.3s
2026-09-30 22:50:52,512 INFO 第   6 轮  训练 0.01424  验证 pinball 0.01383  分时小区平均 β -0.213  26.3s
2026-09-30 22:51:18,820 INFO 第   7 轮  训练 0.01404  验证 pinball 0.01400  分时小区平均 β -0.213  26.3s
2026-09-30 22:51:45,028 INFO 第   8 轮  训练 0.01370  验证 pinball 0.01338  分时小区平均 β -0.213  26.2s
2026-09-30 22:52:11,264 INFO 第   9 轮  训练 0.01342  验证 pinball 0.01329  分时小区平均 β -0.213  26.2s
2026-09-30 22:52:37,469 INFO 第  10 轮  训练 0.01334  验证 pinball 0.01321  分时小区平均 β -0.213  26.2s
2026-09-30 22:53:03,825 INFO 第  11 轮  训练 0.01318  验证 pinball 0.01319  分时小区平均 β -0.213  26.3s
2026-09-30 22:53:30,106 INFO 第  12 轮  训练 0.01305  验证 pinball 0.01371  分时小区平均 β -0.213  26.3s
2026-09-30 22:53:56,361 INFO 第  13 轮  训练 0.01288  验证 pinball 0.01331  分时小区平均 β -0.213  26.3s
2026-09-30 22:54:22,603 INFO 第  14 轮  训练 0.01272  验证 pinball 0.01340  分时小区平均 β -0.213  26.2s
2026-09-30 22:54:48,840 INFO 第  15 轮  训练 0.01263  验证 pinball 0.01288  分时小区平均 β -0.213  26.2s
2026-09-30 22:55:15,131 INFO 第  16 轮  训练 0.01264  验证 pinball 0.01342  分时小区平均 β -0.213  26.3s
2026-09-30 22:55:41,402 INFO 第  17 轮  训练 0.01242  验证 pinball 0.01300  分时小区平均 β -0.213  26.3s
2026-09-30 22:56:07,605 INFO 第  18 轮  训练 0.01233  验证 pinball 0.01294  分时小区平均 β -0.213  26.2s
2026-09-30 22:56:33,765 INFO 第  19 轮  训练 0.01224  验证 pinball 0.01312  分时小区平均 β -0.213  26.2s
2026-09-30 22:56:59,994 INFO 第  20 轮  训练 0.01226  验证 pinball 0.01287  分时小区平均 β -0.213  26.2s
2026-09-30 22:57:26,165 INFO 第  21 轮  训练 0.01209  验证 pinball 0.01325  分时小区平均 β -0.213  26.2s
2026-09-30 22:57:52,391 INFO 第  22 轮  训练 0.01203  验证 pinball 0.01423  分时小区平均 β -0.213  26.2s
2026-09-30 22:58:18,780 INFO 第  23 轮  训练 0.01199  验证 pinball 0.01304  分时小区平均 β -0.213  26.4s
2026-09-30 22:58:45,015 INFO 第  24 轮  训练 0.01190  验证 pinball 0.01324  分时小区平均 β -0.213  26.2s
2026-09-30 22:59:11,350 INFO 第  25 轮  训练 0.01186  验证 pinball 0.01298  分时小区平均 β -0.213  26.3s
2026-09-30 22:59:37,602 INFO 第  26 轮  训练 0.01176  验证 pinball 0.01310  分时小区平均 β -0.213  26.3s
2026-09-30 23:00:03,822 INFO 第  27 轮  训练 0.01168  验证 pinball 0.01310  分时小区平均 β -0.213  26.2s
2026-09-30 23:00:30,057 INFO 第  28 轮  训练 0.01171  验证 pinball 0.01395  分时小区平均 β -0.213  26.2s
2026-09-30 23:00:56,285 INFO 第  29 轮  训练 0.01173  验证 pinball 0.01311  分时小区平均 β -0.213  26.2s
2026-09-30 23:01:22,504 INFO 第  30 轮  训练 0.01152  验证 pinball 0.01326  分时小区平均 β -0.213  26.2s
2026-09-30 23:01:48,868 INFO 第  31 轮  训练 0.01153  验证 pinball 0.01319  分时小区平均 β -0.213  26.4s
2026-09-30 23:02:15,136 INFO 第  32 轮  训练 0.01138  验证 pinball 0.01349  分时小区平均 β -0.213  26.3s
2026-09-30 23:02:41,438 INFO 第  33 轮  训练 0.01134  验证 pinball 0.01348  分时小区平均 β -0.213  26.3s
2026-09-30 23:03:07,710 INFO 第  34 轮  训练 0.01133  验证 pinball 0.01317  分时小区平均 β -0.213  26.3s
2026-09-30 23:03:33,971 INFO 第  35 轮  训练 0.01130  验证 pinball 0.01340  分时小区平均 β -0.213  26.3s
2026-09-30 23:03:33,971 INFO 验证损失 15 轮未改善，提前停止
2026-09-30 23:03:38,623 INFO 切换点一致性（all）：观测 β -1.180（0.393）  模型 β -0.507（0.209）
2026-09-30 23:03:38,857 INFO 切换点一致性（novel）：观测 β -0.367（0.505）  模型 β -0.228（0.258）
2026-09-30 23:03:51,600 INFO 测试期 MAE 0.0452  WAPE 0.231  CRPS 0.0263  PICP90 原始 0.832 / ACI 0.900；输出 D:\EV充电因果预测sci论文\05_实验结果\runs\main_A0_s1
