2026-10-01 19:21:57,643 INFO 运行 ess_rho0.5_A5blind_s1，设备 cuda，torch 2.11.0+cu128
2026-10-01 19:22:03,968 INFO E-SS 半合成数据：109 个小区（处理组 54），ρ = 0.5，真实弹性 [-0.2, -0.8, -1.5]；锚定 cells（在合成训练期上重新估计）
2026-10-01 19:22:03,969 INFO 数据：T=4344 N=109 训练/验证/测试起点 3001/409/841；{'train': ('2022-09-01', '2023-01-05'), 'val': ('2023-01-06', '2023-01-23'), 'test': ('2023-01-24', '2023-02-28')}
2026-10-01 19:22:04,113 INFO 模型参数 194,891；锚定方式 cut；锚定来源 ess_cells
2026-10-01 19:22:17,651 INFO 第   1 轮  训练 0.02321  验证 pinball 0.01777  分时小区平均 β +nan  10.1s
2026-10-01 19:22:26,355 INFO 第   2 轮  训练 0.01834  验证 pinball 0.01623  分时小区平均 β +nan  8.7s
2026-10-01 19:22:35,279 INFO 第   3 轮  训练 0.01679  验证 pinball 0.01548  分时小区平均 β +nan  8.9s
2026-10-01 19:22:44,053 INFO 第   4 轮  训练 0.01550  验证 pinball 0.01510  分时小区平均 β +nan  8.8s
2026-10-01 19:22:52,713 INFO 第   5 轮  训练 0.01449  验证 pinball 0.01498  分时小区平均 β +nan  8.7s
2026-10-01 19:23:01,825 INFO 第   6 轮  训练 0.01383  验证 pinball 0.01410  分时小区平均 β +nan  9.1s
2026-10-01 19:23:10,936 INFO 第   7 轮  训练 0.01356  验证 pinball 0.01491  分时小区平均 β +nan  9.1s
2026-10-01 19:23:20,064 INFO 第   8 轮  训练 0.01324  验证 pinball 0.01463  分时小区平均 β +nan  9.1s
2026-10-01 19:23:29,129 INFO 第   9 轮  训练 0.01295  验证 pinball 0.01411  分时小区平均 β +nan  9.1s
2026-10-01 19:23:37,966 INFO 第  10 轮  训练 0.01279  验证 pinball 0.01454  分时小区平均 β +nan  8.8s
2026-10-01 19:23:46,779 INFO 第  11 轮  训练 0.01258  验证 pinball 0.01419  分时小区平均 β +nan  8.8s
2026-10-01 19:23:56,089 INFO 第  12 轮  训练 0.01246  验证 pinball 0.01460  分时小区平均 β +nan  9.3s
2026-10-01 19:24:05,129 INFO 第  13 轮  训练 0.01233  验证 pinball 0.01490  分时小区平均 β +nan  9.0s
2026-10-01 19:24:14,327 INFO 第  14 轮  训练 0.01215  验证 pinball 0.01464  分时小区平均 β +nan  9.2s
2026-10-01 19:24:23,382 INFO 第  15 轮  训练 0.01200  验证 pinball 0.01439  分时小区平均 β +nan  9.1s
2026-10-01 19:24:32,152 INFO 第  16 轮  训练 0.01206  验证 pinball 0.01490  分时小区平均 β +nan  8.8s
2026-10-01 19:24:40,943 INFO 第  17 轮  训练 0.01177  验证 pinball 0.01457  分时小区平均 β +nan  8.8s
2026-10-01 19:24:50,107 INFO 第  18 轮  训练 0.01169  验证 pinball 0.01495  分时小区平均 β +nan  9.2s
2026-10-01 19:24:58,926 INFO 第  19 轮  训练 0.01159  验证 pinball 0.01514  分时小区平均 β +nan  8.8s
2026-10-01 19:25:08,310 INFO 第  20 轮  训练 0.01154  验证 pinball 0.01449  分时小区平均 β +nan  9.4s
2026-10-01 19:25:17,328 INFO 第  21 轮  训练 0.01140  验证 pinball 0.01513  分时小区平均 β +nan  9.0s
2026-10-01 19:25:17,328 INFO 验证损失 15 轮未改善，提前停止
2026-10-01 19:25:22,953 INFO E-SS flat：真实隐含弹性 -1.062；模型 +0.000（反事实 MAE 0.0457）；插补 P0 -1.230（0.0465）
2026-10-01 19:25:22,954 INFO E-SS spread1.5：真实隐含弹性 -1.062；模型 +0.000（反事实 MAE 0.0475）；插补 P0 -1.230（0.0461）
2026-10-01 19:25:30,768 INFO 测试期 MAE 0.0476  WAPE 0.251  CRPS 0.0274  PICP90 原始 0.875 / ACI 0.902；输出 D:\EV充电因果预测sci论文\05_实验结果\runs\ess_rho0.5_A5blind_s1
