2026-09-29 23:14:07,906 INFO 运行 tune_gwn_D64_lr5e-4_do0.1，设备 cuda，torch 2.11.0+cu128
2026-09-29 23:14:08,692 INFO 数据：T=4344 N=275 训练/验证/测试起点 3001/409/841；{'train': ('2022-09-01', '2023-01-05'), 'val': ('2023-01-06', '2023-01-23'), 'test': ('2023-01-24', '2023-02-28')}
2026-09-29 23:14:08,838 INFO 模型参数 744,323；锚定方式 cut；锚定来源 fivemin_main
2026-09-29 23:17:15,213 INFO 第   1 轮  训练 0.02380  验证 pinball 0.01828  分时小区平均 β -0.213  184.8s
2026-09-29 23:20:23,008 INFO 第   2 轮  训练 0.01906  验证 pinball 0.01732  分时小区平均 β -0.213  187.8s
2026-09-29 23:23:28,620 INFO 第   3 轮  训练 0.01786  验证 pinball 0.01608  分时小区平均 β -0.213  185.6s
2026-09-29 23:26:36,844 INFO 第   4 轮  训练 0.01698  验证 pinball 0.01550  分时小区平均 β -0.213  188.2s
2026-09-29 23:32:34,400 INFO 第   5 轮  训练 0.01602  验证 pinball 0.01510  分时小区平均 β -0.213  357.5s
2026-09-29 23:35:43,497 INFO 第   6 轮  训练 0.01511  验证 pinball 0.01473  分时小区平均 β -0.213  189.1s
2026-09-29 23:44:03,191 INFO 第   7 轮  训练 0.01464  验证 pinball 0.01472  分时小区平均 β -0.213  499.7s
2026-09-29 23:51:15,270 INFO 第   8 轮  训练 0.01421  验证 pinball 0.01410  分时小区平均 β -0.213  432.1s
2026-09-29 23:54:21,428 INFO 第   9 轮  训练 0.01387  验证 pinball 0.01414  分时小区平均 β -0.213  186.1s
2026-09-29 23:59:26,169 INFO 第  10 轮  训练 0.01368  验证 pinball 0.01439  分时小区平均 β -0.213  304.7s
2026-09-30 00:02:32,918 INFO 第  11 轮  训练 0.01353  验证 pinball 0.01382  分时小区平均 β -0.213  186.7s
2026-09-30 00:09:20,138 INFO 第  12 轮  训练 0.01326  验证 pinball 0.01357  分时小区平均 β -0.213  407.2s
2026-09-30 00:17:54,059 INFO 第  13 轮  训练 0.01314  验证 pinball 0.01411  分时小区平均 β -0.213  513.9s
2026-09-30 00:26:53,981 INFO 第  14 轮  训练 0.01302  验证 pinball 0.01368  分时小区平均 β -0.213  539.9s
2026-09-30 00:35:45,143 INFO 第  15 轮  训练 0.01287  验证 pinball 0.01346  分时小区平均 β -0.213  531.2s
2026-09-30 00:44:24,847 INFO 第  16 轮  训练 0.01273  验证 pinball 0.01333  分时小区平均 β -0.213  519.7s
2026-09-30 00:53:20,997 INFO 第  17 轮  训练 0.01260  验证 pinball 0.01351  分时小区平均 β -0.213  536.1s
2026-09-30 01:01:55,120 INFO 第  18 轮  训练 0.01248  验证 pinball 0.01374  分时小区平均 β -0.213  514.1s
2026-09-30 01:05:00,802 INFO 第  19 轮  训练 0.01233  验证 pinball 0.01404  分时小区平均 β -0.213  185.7s
2026-09-30 01:10:31,180 INFO 第  20 轮  训练 0.01222  验证 pinball 0.01400  分时小区平均 β -0.213  330.4s
2026-09-30 01:19:07,584 INFO 第  21 轮  训练 0.01217  验证 pinball 0.01381  分时小区平均 β -0.213  516.4s
2026-09-30 01:28:06,133 INFO 第  22 轮  训练 0.01214  验证 pinball 0.01355  分时小区平均 β -0.213  538.5s
2026-09-30 01:36:43,186 INFO 第  23 轮  训练 0.01194  验证 pinball 0.01372  分时小区平均 β -0.213  517.1s
2026-09-30 01:40:33,586 INFO 第  24 轮  训练 0.01194  验证 pinball 0.01389  分时小区平均 β -0.213  230.4s
2026-09-30 01:43:20,926 INFO 第  25 轮  训练 0.01174  验证 pinball 0.01429  分时小区平均 β -0.213  167.3s
2026-09-30 01:51:12,957 INFO 第  26 轮  训练 0.01172  验证 pinball 0.01407  分时小区平均 β -0.213  472.0s
2026-09-30 01:59:22,124 INFO 第  27 轮  训练 0.01160  验证 pinball 0.01389  分时小区平均 β -0.213  489.2s
2026-09-30 02:07:34,974 INFO 第  28 轮  训练 0.01151  验证 pinball 0.01431  分时小区平均 β -0.213  492.8s
2026-09-30 02:15:39,098 INFO 第  29 轮  训练 0.01144  验证 pinball 0.01407  分时小区平均 β -0.213  484.1s
2026-09-30 02:23:40,921 INFO 第  30 轮  训练 0.01136  验证 pinball 0.01399  分时小区平均 β -0.213  481.8s
2026-09-30 02:31:22,976 INFO 第  31 轮  训练 0.01136  验证 pinball 0.01406  分时小区平均 β -0.213  462.1s
2026-09-30 02:31:22,976 INFO 验证损失 15 轮未改善，提前停止
2026-09-30 02:31:49,819 INFO 测试期 MAE 0.0461  WAPE 0.236  CRPS 0.0268  PICP90 原始 0.832 / ACI 0.900；输出 D:\EV充电因果预测sci论文\05_实验结果\runs\tune_gwn_D64_lr5e-4_do0.1
