2026-10-01 17:41:43,934 INFO 运行 abl_A13_soft0.1_s2，设备 cuda，torch 2.11.0+cu128
2026-10-01 17:41:45,036 INFO 数据：T=4344 N=275 训练/验证/测试起点 3001/409/841；{'train': ('2022-09-01', '2023-01-05'), 'val': ('2023-01-06', '2023-01-23'), 'test': ('2023-01-24', '2023-02-28')}
2026-10-01 17:41:45,171 INFO 模型参数 199,326；锚定方式 soft；锚定来源 fivemin_main
2026-10-01 17:42:16,954 INFO 第   1 轮  训练 0.02312  验证 pinball 0.01822  分时小区平均 β -0.213  28.5s
2026-10-01 17:42:44,612 INFO 第   2 轮  训练 0.01843  验证 pinball 0.01582  分时小区平均 β -0.213  27.6s
2026-10-01 17:43:12,000 INFO 第   3 轮  训练 0.01689  验证 pinball 0.01476  分时小区平均 β -0.213  27.4s
2026-10-01 17:43:39,685 INFO 第   4 轮  训练 0.01553  验证 pinball 0.01443  分时小区平均 β -0.213  27.7s
2026-10-01 17:44:07,285 INFO 第   5 轮  训练 0.01478  验证 pinball 0.01439  分时小区平均 β -0.213  27.6s
2026-10-01 17:44:34,840 INFO 第   6 轮  训练 0.01440  验证 pinball 0.01394  分时小区平均 β -0.213  27.5s
2026-10-01 17:45:02,465 INFO 第   7 轮  训练 0.01406  验证 pinball 0.01374  分时小区平均 β -0.213  27.6s
2026-10-01 17:45:30,164 INFO 第   8 轮  训练 0.01376  验证 pinball 0.01369  分时小区平均 β -0.213  27.7s
2026-10-01 17:45:57,740 INFO 第   9 轮  训练 0.01355  验证 pinball 0.01346  分时小区平均 β -0.213  27.6s
2026-10-01 17:46:25,245 INFO 第  10 轮  训练 0.01341  验证 pinball 0.01359  分时小区平均 β -0.213  27.5s
2026-10-01 17:46:52,923 INFO 第  11 轮  训练 0.01322  验证 pinball 0.01363  分时小区平均 β -0.213  27.7s
2026-10-01 17:47:20,509 INFO 第  12 轮  训练 0.01301  验证 pinball 0.01316  分时小区平均 β -0.213  27.6s
2026-10-01 17:47:48,276 INFO 第  13 轮  训练 0.01298  验证 pinball 0.01364  分时小区平均 β -0.213  27.8s
2026-10-01 17:48:15,769 INFO 第  14 轮  训练 0.01284  验证 pinball 0.01379  分时小区平均 β -0.213  27.5s
2026-10-01 17:48:43,371 INFO 第  15 轮  训练 0.01271  验证 pinball 0.01315  分时小区平均 β -0.213  27.6s
2026-10-01 17:49:11,050 INFO 第  16 轮  训练 0.01260  验证 pinball 0.01412  分时小区平均 β -0.213  27.7s
2026-10-01 17:49:38,730 INFO 第  17 轮  训练 0.01259  验证 pinball 0.01316  分时小区平均 β -0.213  27.7s
2026-10-01 17:50:06,226 INFO 第  18 轮  训练 0.01243  验证 pinball 0.01318  分时小区平均 β -0.213  27.5s
2026-10-01 17:50:33,885 INFO 第  19 轮  训练 0.01230  验证 pinball 0.01351  分时小区平均 β -0.213  27.7s
2026-10-01 17:51:01,430 INFO 第  20 轮  训练 0.01224  验证 pinball 0.01383  分时小区平均 β -0.213  27.5s
2026-10-01 17:51:28,931 INFO 第  21 轮  训练 0.01216  验证 pinball 0.01387  分时小区平均 β -0.213  27.5s
2026-10-01 17:51:56,470 INFO 第  22 轮  训练 0.01212  验证 pinball 0.01352  分时小区平均 β -0.213  27.5s
2026-10-01 17:52:24,138 INFO 第  23 轮  训练 0.01201  验证 pinball 0.01373  分时小区平均 β -0.213  27.7s
2026-10-01 17:52:51,893 INFO 第  24 轮  训练 0.01191  验证 pinball 0.01326  分时小区平均 β -0.213  27.8s
2026-10-01 17:53:19,298 INFO 第  25 轮  训练 0.01186  验证 pinball 0.01325  分时小区平均 β -0.213  27.4s
2026-10-01 17:53:46,921 INFO 第  26 轮  训练 0.01186  验证 pinball 0.01361  分时小区平均 β -0.213  27.6s
2026-10-01 17:54:14,462 INFO 第  27 轮  训练 0.01173  验证 pinball 0.01366  分时小区平均 β -0.213  27.5s
2026-10-01 17:54:42,096 INFO 第  28 轮  训练 0.01170  验证 pinball 0.01359  分时小区平均 β -0.213  27.6s
2026-10-01 17:55:09,705 INFO 第  29 轮  训练 0.01171  验证 pinball 0.01352  分时小区平均 β -0.213  27.6s
2026-10-01 17:55:37,231 INFO 第  30 轮  训练 0.01155  验证 pinball 0.01471  分时小区平均 β -0.213  27.5s
2026-10-01 17:55:37,231 INFO 验证损失 15 轮未改善，提前停止
2026-10-01 17:55:42,039 INFO 切换点一致性（all）：观测 β -1.180（0.393）  模型 β -0.580（0.174）
2026-10-01 17:55:42,272 INFO 切换点一致性（novel）：观测 β -0.367（0.505）  模型 β -0.264（0.184）
2026-10-01 17:55:59,412 INFO 测试期 MAE 0.0444  WAPE 0.227  CRPS 0.0256  PICP90 原始 0.856 / ACI 0.902；输出 D:\EV充电因果预测sci论文\05_实验结果\runs\abl_A13_soft0.1_s2
