2026-10-01 23:37:28,055 INFO 运行 eid_init-1.0_s2，设备 cuda，torch 2.11.0+cu128
2026-10-01 23:37:29,239 INFO 数据：T=4344 N=275 训练/验证/测试起点 3001/409/841；{'train': ('2022-09-01', '2023-01-05'), 'val': ('2023-01-06', '2023-01-23'), 'test': ('2023-01-24', '2023-02-28')}
2026-10-01 23:37:29,383 INFO 模型参数 199,326；锚定方式 free；锚定来源 fivemin_main
2026-10-01 23:38:00,417 INFO 第   1 轮  训练 0.02305  验证 pinball 0.01828  分时小区平均 β -0.992  27.5s
2026-10-01 23:38:27,274 INFO 第   2 轮  训练 0.01846  验证 pinball 0.01584  分时小区平均 β -0.948  26.8s
2026-10-01 23:38:54,097 INFO 第   3 轮  训练 0.01700  验证 pinball 0.01484  分时小区平均 β -0.902  26.8s
2026-10-01 23:39:20,899 INFO 第   4 轮  训练 0.01569  验证 pinball 0.01459  分时小区平均 β -0.858  26.8s
2026-10-01 23:39:47,827 INFO 第   5 轮  训练 0.01486  验证 pinball 0.01449  分时小区平均 β -0.817  26.9s
2026-10-01 23:40:14,831 INFO 第   6 轮  训练 0.01446  验证 pinball 0.01398  分时小区平均 β -0.780  27.0s
2026-10-01 23:40:41,837 INFO 第   7 轮  训练 0.01409  验证 pinball 0.01375  分时小区平均 β -0.746  27.0s
2026-10-01 23:41:08,655 INFO 第   8 轮  训练 0.01380  验证 pinball 0.01367  分时小区平均 β -0.716  26.8s
2026-10-01 23:41:35,410 INFO 第   9 轮  训练 0.01356  验证 pinball 0.01346  分时小区平均 β -0.688  26.7s
2026-10-01 23:42:02,177 INFO 第  10 轮  训练 0.01343  验证 pinball 0.01360  分时小区平均 β -0.663  26.8s
2026-10-01 23:42:28,951 INFO 第  11 轮  训练 0.01323  验证 pinball 0.01365  分时小区平均 β -0.639  26.8s
2026-10-01 23:42:55,681 INFO 第  12 轮  训练 0.01302  验证 pinball 0.01317  分时小区平均 β -0.616  26.7s
2026-10-01 23:43:22,542 INFO 第  13 轮  训练 0.01299  验证 pinball 0.01362  分时小区平均 β -0.594  26.9s
2026-10-01 23:43:49,454 INFO 第  14 轮  训练 0.01283  验证 pinball 0.01385  分时小区平均 β -0.574  26.9s
2026-10-01 23:44:16,304 INFO 第  15 轮  训练 0.01269  验证 pinball 0.01314  分时小区平均 β -0.555  26.8s
2026-10-01 23:44:43,152 INFO 第  16 轮  训练 0.01260  验证 pinball 0.01413  分时小区平均 β -0.538  26.8s
2026-10-01 23:45:10,018 INFO 第  17 轮  训练 0.01259  验证 pinball 0.01316  分时小区平均 β -0.522  26.9s
2026-10-01 23:45:36,925 INFO 第  18 轮  训练 0.01242  验证 pinball 0.01320  分时小区平均 β -0.508  26.9s
2026-10-01 23:46:03,740 INFO 第  19 轮  训练 0.01229  验证 pinball 0.01359  分时小区平均 β -0.494  26.8s
2026-10-01 23:46:30,539 INFO 第  20 轮  训练 0.01224  验证 pinball 0.01392  分时小区平均 β -0.481  26.8s
2026-10-01 23:46:57,590 INFO 第  21 轮  训练 0.01216  验证 pinball 0.01372  分时小区平均 β -0.468  27.0s
2026-10-01 23:47:24,603 INFO 第  22 轮  训练 0.01211  验证 pinball 0.01330  分时小区平均 β -0.457  27.0s
2026-10-01 23:47:51,562 INFO 第  23 轮  训练 0.01204  验证 pinball 0.01362  分时小区平均 β -0.446  27.0s
2026-10-01 23:48:18,404 INFO 第  24 轮  训练 0.01192  验证 pinball 0.01329  分时小区平均 β -0.435  26.8s
2026-10-01 23:48:45,255 INFO 第  25 轮  训练 0.01186  验证 pinball 0.01338  分时小区平均 β -0.425  26.9s
2026-10-01 23:49:12,165 INFO 第  26 轮  训练 0.01187  验证 pinball 0.01366  分时小区平均 β -0.415  26.9s
2026-10-01 23:49:38,975 INFO 第  27 轮  训练 0.01175  验证 pinball 0.01378  分时小区平均 β -0.405  26.8s
2026-10-01 23:50:05,911 INFO 第  28 轮  训练 0.01171  验证 pinball 0.01368  分时小区平均 β -0.396  26.9s
2026-10-01 23:50:32,682 INFO 第  29 轮  训练 0.01170  验证 pinball 0.01348  分时小区平均 β -0.387  26.8s
2026-10-01 23:50:59,482 INFO 第  30 轮  训练 0.01156  验证 pinball 0.01484  分时小区平均 β -0.378  26.8s
2026-10-01 23:50:59,482 INFO 验证损失 15 轮未改善，提前停止
2026-10-01 23:51:04,369 INFO 切换点一致性（all）：观测 β -1.180（0.393）  模型 β -0.791（0.184）
2026-10-01 23:51:04,675 INFO 切换点一致性（novel）：观测 β -0.367（0.505）  模型 β -0.419（0.207）
2026-10-01 23:51:22,109 INFO 测试期 MAE 0.0445  WAPE 0.228  CRPS 0.0256  PICP90 原始 0.855 / ACI 0.902；输出 D:\EV充电因果预测sci论文\05_实验结果\runs\eid_init-1.0_s2
