2026-10-01 10:58:00,739 INFO 运行 abl_A13_soft10_s0，设备 cuda，torch 2.11.0+cu128
2026-10-01 10:58:01,982 INFO 数据：T=4344 N=275 训练/验证/测试起点 3001/409/841；{'train': ('2022-09-01', '2023-01-05'), 'val': ('2023-01-06', '2023-01-23'), 'test': ('2023-01-24', '2023-02-28')}
2026-10-01 10:58:02,114 INFO 模型参数 199,326；锚定方式 soft；锚定来源 fivemin_main
2026-10-01 10:58:34,048 INFO 第   1 轮  训练 0.02303  验证 pinball 0.01701  分时小区平均 β -0.213  28.3s
2026-10-01 10:59:01,767 INFO 第   2 轮  训练 0.01836  验证 pinball 0.01615  分时小区平均 β -0.213  27.7s
2026-10-01 10:59:29,395 INFO 第   3 轮  训练 0.01705  验证 pinball 0.01525  分时小区平均 β -0.213  27.6s
2026-10-01 10:59:56,987 INFO 第   4 轮  训练 0.01579  验证 pinball 0.01432  分时小区平均 β -0.213  27.6s
2026-10-01 11:00:24,711 INFO 第   5 轮  训练 0.01495  验证 pinball 0.01449  分时小区平均 β -0.213  27.7s
2026-10-01 11:00:52,467 INFO 第   6 轮  训练 0.01434  验证 pinball 0.01411  分时小区平均 β -0.213  27.8s
2026-10-01 11:01:20,039 INFO 第   7 轮  训练 0.01405  验证 pinball 0.01383  分时小区平均 β -0.213  27.6s
2026-10-01 11:01:47,488 INFO 第   8 轮  训练 0.01384  验证 pinball 0.01365  分时小区平均 β -0.213  27.4s
2026-10-01 11:02:14,953 INFO 第   9 轮  训练 0.01355  验证 pinball 0.01454  分时小区平均 β -0.213  27.5s
2026-10-01 11:02:42,593 INFO 第  10 轮  训练 0.01340  验证 pinball 0.01366  分时小区平均 β -0.213  27.6s
2026-10-01 11:03:10,194 INFO 第  11 轮  训练 0.01328  验证 pinball 0.01317  分时小区平均 β -0.213  27.6s
2026-10-01 11:03:37,902 INFO 第  12 轮  训练 0.01305  验证 pinball 0.01297  分时小区平均 β -0.213  27.7s
2026-10-01 11:04:05,589 INFO 第  13 轮  训练 0.01296  验证 pinball 0.01320  分时小区平均 β -0.213  27.7s
2026-10-01 11:04:33,067 INFO 第  14 轮  训练 0.01289  验证 pinball 0.01329  分时小区平均 β -0.213  27.5s
2026-10-01 11:05:00,524 INFO 第  15 轮  训练 0.01275  验证 pinball 0.01300  分时小区平均 β -0.213  27.5s
2026-10-01 11:05:28,189 INFO 第  16 轮  训练 0.01259  验证 pinball 0.01289  分时小区平均 β -0.213  27.7s
2026-10-01 11:05:55,753 INFO 第  17 轮  训练 0.01255  验证 pinball 0.01304  分时小区平均 β -0.213  27.6s
2026-10-01 11:06:23,117 INFO 第  18 轮  训练 0.01239  验证 pinball 0.01314  分时小区平均 β -0.213  27.4s
2026-10-01 11:06:50,734 INFO 第  19 轮  训练 0.01232  验证 pinball 0.01301  分时小区平均 β -0.213  27.6s
2026-10-01 11:07:18,357 INFO 第  20 轮  训练 0.01225  验证 pinball 0.01299  分时小区平均 β -0.213  27.6s
2026-10-01 11:07:45,968 INFO 第  21 轮  训练 0.01222  验证 pinball 0.01307  分时小区平均 β -0.213  27.6s
2026-10-01 11:08:13,346 INFO 第  22 轮  训练 0.01210  验证 pinball 0.01308  分时小区平均 β -0.213  27.4s
2026-10-01 11:08:40,763 INFO 第  23 轮  训练 0.01204  验证 pinball 0.01293  分时小区平均 β -0.213  27.4s
2026-10-01 11:09:08,331 INFO 第  24 轮  训练 0.01204  验证 pinball 0.01304  分时小区平均 β -0.213  27.6s
2026-10-01 11:09:35,840 INFO 第  25 轮  训练 0.01191  验证 pinball 0.01339  分时小区平均 β -0.213  27.5s
2026-10-01 11:10:03,368 INFO 第  26 轮  训练 0.01189  验证 pinball 0.01314  分时小区平均 β -0.213  27.5s
2026-10-01 11:10:30,982 INFO 第  27 轮  训练 0.01188  验证 pinball 0.01302  分时小区平均 β -0.213  27.6s
2026-10-01 11:10:58,551 INFO 第  28 轮  训练 0.01180  验证 pinball 0.01278  分时小区平均 β -0.213  27.6s
2026-10-01 11:11:26,108 INFO 第  29 轮  训练 0.01172  验证 pinball 0.01297  分时小区平均 β -0.213  27.5s
2026-10-01 11:11:53,674 INFO 第  30 轮  训练 0.01167  验证 pinball 0.01324  分时小区平均 β -0.213  27.6s
2026-10-01 11:12:21,164 INFO 第  31 轮  训练 0.01164  验证 pinball 0.01336  分时小区平均 β -0.213  27.5s
2026-10-01 11:12:48,693 INFO 第  32 轮  训练 0.01163  验证 pinball 0.01343  分时小区平均 β -0.213  27.5s
2026-10-01 11:13:16,223 INFO 第  33 轮  训练 0.01160  验证 pinball 0.01338  分时小区平均 β -0.213  27.5s
2026-10-01 11:13:43,874 INFO 第  34 轮  训练 0.01149  验证 pinball 0.01316  分时小区平均 β -0.213  27.7s
2026-10-01 11:14:11,565 INFO 第  35 轮  训练 0.01146  验证 pinball 0.01372  分时小区平均 β -0.213  27.7s
2026-10-01 11:14:39,215 INFO 第  36 轮  训练 0.01142  验证 pinball 0.01319  分时小区平均 β -0.213  27.6s
2026-10-01 11:15:06,856 INFO 第  37 轮  训练 0.01143  验证 pinball 0.01354  分时小区平均 β -0.213  27.6s
2026-10-01 11:15:34,600 INFO 第  38 轮  训练 0.01130  验证 pinball 0.01367  分时小区平均 β -0.213  27.7s
2026-10-01 11:16:02,118 INFO 第  39 轮  训练 0.01126  验证 pinball 0.01331  分时小区平均 β -0.213  27.5s
2026-10-01 11:16:29,479 INFO 第  40 轮  训练 0.01129  验证 pinball 0.01334  分时小区平均 β -0.213  27.4s
2026-10-01 11:16:56,965 INFO 第  41 轮  训练 0.01127  验证 pinball 0.01402  分时小区平均 β -0.213  27.5s
2026-10-01 11:17:24,804 INFO 第  42 轮  训练 0.01117  验证 pinball 0.01335  分时小区平均 β -0.213  27.8s
2026-10-01 11:17:52,441 INFO 第  43 轮  训练 0.01115  验证 pinball 0.01332  分时小区平均 β -0.213  27.6s
2026-10-01 11:17:52,441 INFO 验证损失 15 轮未改善，提前停止
2026-10-01 11:17:57,272 INFO 切换点一致性（all）：观测 β -1.180（0.393）  模型 β -0.496（0.203）
2026-10-01 11:17:57,539 INFO 切换点一致性（novel）：观测 β -0.367（0.505）  模型 β -0.250（0.256）
2026-10-01 11:18:13,065 INFO 测试期 MAE 0.0446  WAPE 0.228  CRPS 0.0262  PICP90 原始 0.811 / ACI 0.902；输出 D:\EV充电因果预测sci论文\05_实验结果\runs\abl_A13_soft10_s0
