2026-10-01 20:09:10,899 INFO 运行 ess_rho0_A5blind_s0，设备 cuda，torch 2.11.0+cu128
2026-10-01 20:09:25,842 INFO E-SS 半合成数据：109 个小区（处理组 54），ρ = 0.0，真实弹性 [-0.2, -0.8, -1.5]；锚定 cells（在合成训练期上重新估计）
2026-10-01 20:09:25,842 INFO 数据：T=4344 N=109 训练/验证/测试起点 3001/409/841；{'train': ('2022-09-01', '2023-01-05'), 'val': ('2023-01-06', '2023-01-23'), 'test': ('2023-01-24', '2023-02-28')}
2026-10-01 20:09:25,991 INFO 模型参数 194,891；锚定方式 cut；锚定来源 ess_cells
2026-10-01 20:09:39,025 INFO 第   1 轮  训练 0.02365  验证 pinball 0.01854  分时小区平均 β +nan  9.6s
2026-10-01 20:09:48,323 INFO 第   2 轮  训练 0.01852  验证 pinball 0.01805  分时小区平均 β +nan  9.3s
2026-10-01 20:09:57,069 INFO 第   3 轮  训练 0.01688  验证 pinball 0.01540  分时小区平均 β +nan  8.7s
2026-10-01 20:10:06,274 INFO 第   4 轮  训练 0.01554  验证 pinball 0.01482  分时小区平均 β +nan  9.2s
2026-10-01 20:10:15,062 INFO 第   5 轮  训练 0.01450  验证 pinball 0.01473  分时小区平均 β +nan  8.8s
2026-10-01 20:10:23,804 INFO 第   6 轮  训练 0.01381  验证 pinball 0.01461  分时小区平均 β +nan  8.7s
2026-10-01 20:10:32,750 INFO 第   7 轮  训练 0.01353  验证 pinball 0.01479  分时小区平均 β +nan  8.9s
2026-10-01 20:10:41,450 INFO 第   8 轮  训练 0.01325  验证 pinball 0.01422  分时小区平均 β +nan  8.7s
2026-10-01 20:10:50,090 INFO 第   9 轮  训练 0.01304  验证 pinball 0.01558  分时小区平均 β +nan  8.6s
2026-10-01 20:10:58,905 INFO 第  10 轮  训练 0.01287  验证 pinball 0.01442  分时小区平均 β +nan  8.8s
2026-10-01 20:11:07,637 INFO 第  11 轮  训练 0.01270  验证 pinball 0.01528  分时小区平均 β +nan  8.7s
2026-10-01 20:11:16,301 INFO 第  12 轮  训练 0.01252  验证 pinball 0.01441  分时小区平均 β +nan  8.7s
2026-10-01 20:11:25,324 INFO 第  13 轮  训练 0.01243  验证 pinball 0.01467  分时小区平均 β +nan  9.0s
2026-10-01 20:11:34,687 INFO 第  14 轮  训练 0.01233  验证 pinball 0.01444  分时小区平均 β +nan  9.4s
2026-10-01 20:11:44,069 INFO 第  15 轮  训练 0.01214  验证 pinball 0.01427  分时小区平均 β +nan  9.4s
2026-10-01 20:11:53,463 INFO 第  16 轮  训练 0.01212  验证 pinball 0.01434  分时小区平均 β +nan  9.4s
2026-10-01 20:12:02,083 INFO 第  17 轮  训练 0.01199  验证 pinball 0.01478  分时小区平均 β +nan  8.6s
2026-10-01 20:12:11,237 INFO 第  18 轮  训练 0.01187  验证 pinball 0.01490  分时小区平均 β +nan  9.2s
2026-10-01 20:12:19,962 INFO 第  19 轮  训练 0.01172  验证 pinball 0.01486  分时小区平均 β +nan  8.7s
2026-10-01 20:12:28,669 INFO 第  20 轮  训练 0.01169  验证 pinball 0.01514  分时小区平均 β +nan  8.7s
2026-10-01 20:12:37,666 INFO 第  21 轮  训练 0.01154  验证 pinball 0.01538  分时小区平均 β +nan  9.0s
2026-10-01 20:12:46,957 INFO 第  22 轮  训练 0.01145  验证 pinball 0.01543  分时小区平均 β +nan  9.3s
2026-10-01 20:12:55,826 INFO 第  23 轮  训练 0.01137  验证 pinball 0.01492  分时小区平均 β +nan  8.9s
2026-10-01 20:12:55,827 INFO 验证损失 15 轮未改善，提前停止
2026-10-01 20:13:01,418 INFO E-SS flat：真实隐含弹性 -1.102；模型 +0.000（反事实 MAE 0.0448）；插补 P0 -1.369（0.0474）
2026-10-01 20:13:01,418 INFO E-SS spread1.5：真实隐含弹性 -1.101；模型 +0.000（反事实 MAE 0.0488）；插补 P0 -1.369（0.0467）
2026-10-01 20:13:09,899 INFO 测试期 MAE 0.0480  WAPE 0.252  CRPS 0.0276  PICP90 原始 0.854 / ACI 0.903；输出 D:\EV充电因果预测sci论文\05_实验结果\runs\ess_rho0_A5blind_s0
