2026-10-01 17:27:23,198 INFO 运行 abl_A13_soft0.01_s2，设备 cuda，torch 2.11.0+cu128
2026-10-01 17:27:24,168 INFO 数据：T=4344 N=275 训练/验证/测试起点 3001/409/841；{'train': ('2022-09-01', '2023-01-05'), 'val': ('2023-01-06', '2023-01-23'), 'test': ('2023-01-24', '2023-02-28')}
2026-10-01 17:27:24,299 INFO 模型参数 199,326；锚定方式 soft；锚定来源 fivemin_main
2026-10-01 17:27:56,048 INFO 第   1 轮  训练 0.02312  验证 pinball 0.01823  分时小区平均 β -0.213  28.4s
2026-10-01 17:28:23,665 INFO 第   2 轮  训练 0.01843  验证 pinball 0.01581  分时小区平均 β -0.213  27.6s
2026-10-01 17:28:51,256 INFO 第   3 轮  训练 0.01688  验证 pinball 0.01475  分时小区平均 β -0.213  27.6s
2026-10-01 17:29:18,821 INFO 第   4 轮  训练 0.01553  验证 pinball 0.01443  分时小区平均 β -0.213  27.6s
2026-10-01 17:29:46,498 INFO 第   5 轮  训练 0.01478  验证 pinball 0.01438  分时小区平均 β -0.213  27.7s
2026-10-01 17:30:14,028 INFO 第   6 轮  训练 0.01439  验证 pinball 0.01393  分时小区平均 β -0.213  27.5s
2026-10-01 17:30:41,564 INFO 第   7 轮  训练 0.01405  验证 pinball 0.01375  分时小区平均 β -0.213  27.5s
2026-10-01 17:31:09,097 INFO 第   8 轮  训练 0.01375  验证 pinball 0.01369  分时小区平均 β -0.213  27.5s
2026-10-01 17:31:36,571 INFO 第   9 轮  训练 0.01355  验证 pinball 0.01346  分时小区平均 β -0.213  27.5s
2026-10-01 17:32:04,320 INFO 第  10 轮  训练 0.01341  验证 pinball 0.01360  分时小区平均 β -0.213  27.7s
2026-10-01 17:32:31,839 INFO 第  11 轮  训练 0.01322  验证 pinball 0.01363  分时小区平均 β -0.213  27.5s
2026-10-01 17:32:59,509 INFO 第  12 轮  训练 0.01301  验证 pinball 0.01315  分时小区平均 β -0.213  27.7s
2026-10-01 17:33:27,139 INFO 第  13 轮  训练 0.01298  验证 pinball 0.01367  分时小区平均 β -0.213  27.6s
2026-10-01 17:33:54,835 INFO 第  14 轮  训练 0.01283  验证 pinball 0.01382  分时小区平均 β -0.213  27.7s
2026-10-01 17:34:22,308 INFO 第  15 轮  训练 0.01270  验证 pinball 0.01315  分时小区平均 β -0.213  27.5s
2026-10-01 17:34:49,896 INFO 第  16 轮  训练 0.01259  验证 pinball 0.01414  分时小区平均 β -0.213  27.6s
2026-10-01 17:35:17,468 INFO 第  17 轮  训练 0.01258  验证 pinball 0.01318  分时小区平均 β -0.213  27.6s
2026-10-01 17:35:45,121 INFO 第  18 轮  训练 0.01242  验证 pinball 0.01317  分时小区平均 β -0.213  27.7s
2026-10-01 17:36:12,634 INFO 第  19 轮  训练 0.01229  验证 pinball 0.01349  分时小区平均 β -0.213  27.5s
2026-10-01 17:36:40,205 INFO 第  20 轮  训练 0.01223  验证 pinball 0.01376  分时小区平均 β -0.213  27.6s
2026-10-01 17:37:07,813 INFO 第  21 轮  训练 0.01215  验证 pinball 0.01390  分时小区平均 β -0.213  27.6s
2026-10-01 17:37:35,522 INFO 第  22 轮  训练 0.01211  验证 pinball 0.01334  分时小区平均 β -0.213  27.7s
2026-10-01 17:38:03,011 INFO 第  23 轮  训练 0.01202  验证 pinball 0.01371  分时小区平均 β -0.213  27.5s
2026-10-01 17:38:30,584 INFO 第  24 轮  训练 0.01191  验证 pinball 0.01327  分时小区平均 β -0.213  27.6s
2026-10-01 17:38:58,366 INFO 第  25 轮  训练 0.01186  验证 pinball 0.01333  分时小区平均 β -0.213  27.8s
2026-10-01 17:39:26,039 INFO 第  26 轮  训练 0.01187  验证 pinball 0.01366  分时小区平均 β -0.213  27.7s
2026-10-01 17:39:53,725 INFO 第  27 轮  训练 0.01174  验证 pinball 0.01373  分时小区平均 β -0.213  27.7s
2026-10-01 17:40:21,372 INFO 第  28 轮  训练 0.01170  验证 pinball 0.01359  分时小区平均 β -0.213  27.6s
2026-10-01 17:40:49,049 INFO 第  29 轮  训练 0.01171  验证 pinball 0.01355  分时小区平均 β -0.213  27.7s
2026-10-01 17:41:16,550 INFO 第  30 轮  训练 0.01155  验证 pinball 0.01473  分时小区平均 β -0.213  27.5s
2026-10-01 17:41:16,551 INFO 验证损失 15 轮未改善，提前停止
2026-10-01 17:41:21,427 INFO 切换点一致性（all）：观测 β -1.180（0.393）  模型 β -0.585（0.172）
2026-10-01 17:41:21,660 INFO 切换点一致性（novel）：观测 β -0.367（0.505）  模型 β -0.281（0.180）
2026-10-01 17:41:40,283 INFO 测试期 MAE 0.0444  WAPE 0.227  CRPS 0.0256  PICP90 原始 0.855 / ACI 0.902；输出 D:\EV充电因果预测sci论文\05_实验结果\runs\abl_A13_soft0.01_s2
