2026-10-01 21:45:46,077 INFO 运行 eid_init-2.0_s0，设备 cuda，torch 2.11.0+cu128
2026-10-01 21:45:47,355 INFO 数据：T=4344 N=275 训练/验证/测试起点 3001/409/841；{'train': ('2022-09-01', '2023-01-05'), 'val': ('2023-01-06', '2023-01-23'), 'test': ('2023-01-24', '2023-02-28')}
2026-10-01 21:45:47,510 INFO 模型参数 199,326；锚定方式 free；锚定来源 fivemin_main
2026-10-01 21:46:18,930 INFO 第   1 轮  训练 0.02315  验证 pinball 0.01726  分时小区平均 β -1.937  27.9s
2026-10-01 21:46:45,759 INFO 第   2 轮  训练 0.01859  验证 pinball 0.01674  分时小区平均 β -1.844  26.8s
2026-10-01 21:47:12,752 INFO 第   3 轮  训练 0.01737  验证 pinball 0.01544  分时小区平均 β -1.765  27.0s
2026-10-01 21:47:39,534 INFO 第   4 轮  训练 0.01616  验证 pinball 0.01463  分时小区平均 β -1.692  26.8s
2026-10-01 21:48:06,473 INFO 第   5 轮  训练 0.01519  验证 pinball 0.01442  分时小区平均 β -1.625  26.9s
2026-10-01 21:48:33,432 INFO 第   6 轮  训练 0.01454  验证 pinball 0.01415  分时小区平均 β -1.562  26.9s
2026-10-01 21:49:00,332 INFO 第   7 轮  训练 0.01420  验证 pinball 0.01418  分时小区平均 β -1.503  26.9s
2026-10-01 21:49:27,291 INFO 第   8 轮  训练 0.01402  验证 pinball 0.01392  分时小区平均 β -1.447  27.0s
2026-10-01 21:49:54,260 INFO 第   9 轮  训练 0.01370  验证 pinball 0.01479  分时小区平均 β -1.394  27.0s
2026-10-01 21:50:21,280 INFO 第  10 轮  训练 0.01352  验证 pinball 0.01380  分时小区平均 β -1.343  27.0s
2026-10-01 21:50:48,275 INFO 第  11 轮  训练 0.01339  验证 pinball 0.01341  分时小区平均 β -1.295  27.0s
2026-10-01 21:51:15,005 INFO 第  12 轮  训练 0.01315  验证 pinball 0.01333  分时小区平均 β -1.249  26.7s
2026-10-01 21:51:41,853 INFO 第  13 轮  训练 0.01302  验证 pinball 0.01337  分时小区平均 β -1.204  26.8s
2026-10-01 21:52:08,620 INFO 第  14 轮  训练 0.01292  验证 pinball 0.01329  分时小区平均 β -1.162  26.8s
2026-10-01 21:52:35,533 INFO 第  15 轮  训练 0.01278  验证 pinball 0.01321  分时小区平均 β -1.122  26.9s
2026-10-01 21:53:02,511 INFO 第  16 轮  训练 0.01264  验证 pinball 0.01316  分时小区平均 β -1.083  27.0s
2026-10-01 21:53:29,629 INFO 第  17 轮  训练 0.01257  验证 pinball 0.01316  分时小区平均 β -1.047  27.1s
2026-10-01 21:53:56,665 INFO 第  18 轮  训练 0.01242  验证 pinball 0.01325  分时小区平均 β -1.011  27.0s
2026-10-01 21:54:23,515 INFO 第  19 轮  训练 0.01234  验证 pinball 0.01314  分时小区平均 β -0.977  26.8s
2026-10-01 21:54:50,644 INFO 第  20 轮  训练 0.01226  验证 pinball 0.01319  分时小区平均 β -0.945  27.1s
2026-10-01 21:55:17,502 INFO 第  21 轮  训练 0.01221  验证 pinball 0.01337  分时小区平均 β -0.915  26.9s
2026-10-01 21:55:44,233 INFO 第  22 轮  训练 0.01211  验证 pinball 0.01328  分时小区平均 β -0.886  26.7s
2026-10-01 21:56:11,143 INFO 第  23 轮  训练 0.01203  验证 pinball 0.01310  分时小区平均 β -0.858  26.9s
2026-10-01 21:56:38,115 INFO 第  24 轮  训练 0.01207  验证 pinball 0.01329  分时小区平均 β -0.832  27.0s
2026-10-01 21:57:05,061 INFO 第  25 轮  训练 0.01191  验证 pinball 0.01329  分时小区平均 β -0.807  26.9s
2026-10-01 21:57:32,071 INFO 第  26 轮  训练 0.01186  验证 pinball 0.01328  分时小区平均 β -0.783  27.0s
2026-10-01 21:57:59,008 INFO 第  27 轮  训练 0.01184  验证 pinball 0.01314  分时小区平均 β -0.760  26.9s
2026-10-01 21:58:25,959 INFO 第  28 轮  训练 0.01177  验证 pinball 0.01300  分时小区平均 β -0.738  26.9s
2026-10-01 21:58:52,748 INFO 第  29 轮  训练 0.01169  验证 pinball 0.01334  分时小区平均 β -0.717  26.8s
2026-10-01 21:59:19,733 INFO 第  30 轮  训练 0.01164  验证 pinball 0.01341  分时小区平均 β -0.697  27.0s
2026-10-01 21:59:46,592 INFO 第  31 轮  训练 0.01160  验证 pinball 0.01334  分时小区平均 β -0.678  26.9s
2026-10-01 22:00:13,542 INFO 第  32 轮  训练 0.01157  验证 pinball 0.01355  分时小区平均 β -0.660  26.9s
2026-10-01 22:00:40,595 INFO 第  33 轮  训练 0.01151  验证 pinball 0.01346  分时小区平均 β -0.642  27.1s
2026-10-01 22:01:07,556 INFO 第  34 轮  训练 0.01145  验证 pinball 0.01351  分时小区平均 β -0.625  27.0s
2026-10-01 22:01:34,492 INFO 第  35 轮  训练 0.01148  验证 pinball 0.01352  分时小区平均 β -0.609  26.9s
2026-10-01 22:02:01,451 INFO 第  36 轮  训练 0.01141  验证 pinball 0.01337  分时小区平均 β -0.594  27.0s
2026-10-01 22:02:28,332 INFO 第  37 轮  训练 0.01139  验证 pinball 0.01347  分时小区平均 β -0.580  26.9s
2026-10-01 22:02:55,350 INFO 第  38 轮  训练 0.01125  验证 pinball 0.01380  分时小区平均 β -0.565  27.0s
2026-10-01 22:03:22,123 INFO 第  39 轮  训练 0.01122  验证 pinball 0.01350  分时小区平均 β -0.551  26.8s
2026-10-01 22:03:49,125 INFO 第  40 轮  训练 0.01121  验证 pinball 0.01340  分时小区平均 β -0.538  27.0s
2026-10-01 22:04:15,968 INFO 第  41 轮  训练 0.01127  验证 pinball 0.01390  分时小区平均 β -0.526  26.8s
2026-10-01 22:04:42,841 INFO 第  42 轮  训练 0.01112  验证 pinball 0.01374  分时小区平均 β -0.514  26.9s
2026-10-01 22:05:09,852 INFO 第  43 轮  训练 0.01109  验证 pinball 0.01354  分时小区平均 β -0.502  27.0s
2026-10-01 22:05:09,852 INFO 验证损失 15 轮未改善，提前停止
2026-10-01 22:05:14,623 INFO 切换点一致性（all）：观测 β -1.180（0.393）  模型 β -0.759（0.216）
2026-10-01 22:05:14,844 INFO 切换点一致性（novel）：观测 β -0.367（0.505）  模型 β -0.408（0.290）
2026-10-01 22:05:31,177 INFO 测试期 MAE 0.0445  WAPE 0.228  CRPS 0.0261  PICP90 原始 0.815 / ACI 0.902；输出 D:\EV充电因果预测sci论文\05_实验结果\runs\eid_init-2.0_s0
