2026-10-01 21:26:00,289 INFO 运行 eid_init-1.0_s0，设备 cuda，torch 2.11.0+cu128
2026-10-01 21:26:01,725 INFO 数据：T=4344 N=275 训练/验证/测试起点 3001/409/841；{'train': ('2022-09-01', '2023-01-05'), 'val': ('2023-01-06', '2023-01-23'), 'test': ('2023-01-24', '2023-02-28')}
2026-10-01 21:26:01,894 INFO 模型参数 199,326；锚定方式 free；锚定来源 fivemin_main
2026-10-01 21:26:32,706 INFO 第   1 轮  训练 0.02301  验证 pinball 0.01704  分时小区平均 β -0.990  27.5s
2026-10-01 21:26:59,594 INFO 第   2 轮  训练 0.01838  验证 pinball 0.01609  分时小区平均 β -0.942  26.9s
2026-10-01 21:27:26,415 INFO 第   3 轮  训练 0.01709  验证 pinball 0.01526  分时小区平均 β -0.897  26.8s
2026-10-01 21:27:53,401 INFO 第   4 轮  训练 0.01588  验证 pinball 0.01437  分时小区平均 β -0.854  27.0s
2026-10-01 21:28:20,261 INFO 第   5 轮  训练 0.01500  验证 pinball 0.01456  分时小区平均 β -0.814  26.9s
2026-10-01 21:28:47,102 INFO 第   6 轮  训练 0.01438  验证 pinball 0.01416  分时小区平均 β -0.777  26.8s
2026-10-01 21:29:13,974 INFO 第   7 轮  训练 0.01407  验证 pinball 0.01388  分时小区平均 β -0.746  26.9s
2026-10-01 21:29:40,857 INFO 第   8 轮  训练 0.01386  验证 pinball 0.01378  分时小区平均 β -0.717  26.9s
2026-10-01 21:30:07,660 INFO 第   9 轮  训练 0.01356  验证 pinball 0.01476  分时小区平均 β -0.690  26.8s
2026-10-01 21:30:34,732 INFO 第  10 轮  训练 0.01341  验证 pinball 0.01368  分时小区平均 β -0.665  27.1s
2026-10-01 21:31:01,614 INFO 第  11 轮  训练 0.01328  验证 pinball 0.01325  分时小区平均 β -0.642  26.9s
2026-10-01 21:31:28,645 INFO 第  12 轮  训练 0.01308  验证 pinball 0.01305  分时小区平均 β -0.619  27.0s
2026-10-01 21:31:55,555 INFO 第  13 轮  训练 0.01298  验证 pinball 0.01328  分时小区平均 β -0.598  26.9s
2026-10-01 21:32:22,315 INFO 第  14 轮  训练 0.01289  验证 pinball 0.01327  分时小区平均 β -0.579  26.8s
2026-10-01 21:32:49,287 INFO 第  15 轮  训练 0.01275  验证 pinball 0.01315  分时小区平均 β -0.560  27.0s
2026-10-01 21:33:16,043 INFO 第  16 轮  训练 0.01260  验证 pinball 0.01301  分时小区平均 β -0.543  26.8s
2026-10-01 21:33:42,845 INFO 第  17 轮  训练 0.01255  验证 pinball 0.01306  分时小区平均 β -0.527  26.8s
2026-10-01 21:34:09,923 INFO 第  18 轮  训练 0.01239  验证 pinball 0.01319  分时小区平均 β -0.511  27.1s
2026-10-01 21:34:36,806 INFO 第  19 轮  训练 0.01233  验证 pinball 0.01309  分时小区平均 β -0.497  26.9s
2026-10-01 21:35:03,842 INFO 第  20 轮  训练 0.01226  验证 pinball 0.01295  分时小区平均 β -0.483  27.0s
2026-10-01 21:35:30,762 INFO 第  21 轮  训练 0.01221  验证 pinball 0.01312  分时小区平均 β -0.470  26.9s
2026-10-01 21:35:57,779 INFO 第  22 轮  训练 0.01210  验证 pinball 0.01312  分时小区平均 β -0.458  27.0s
2026-10-01 21:36:24,671 INFO 第  23 轮  训练 0.01203  验证 pinball 0.01297  分时小区平均 β -0.446  26.9s
2026-10-01 21:36:51,347 INFO 第  24 轮  训练 0.01205  验证 pinball 0.01306  分时小区平均 β -0.435  26.7s
2026-10-01 21:37:18,227 INFO 第  25 轮  训练 0.01191  验证 pinball 0.01326  分时小区平均 β -0.425  26.9s
2026-10-01 21:37:45,079 INFO 第  26 轮  训练 0.01187  验证 pinball 0.01320  分时小区平均 β -0.414  26.9s
2026-10-01 21:38:12,011 INFO 第  27 轮  训练 0.01185  验证 pinball 0.01306  分时小区平均 β -0.405  26.9s
2026-10-01 21:38:38,901 INFO 第  28 轮  训练 0.01179  验证 pinball 0.01282  分时小区平均 β -0.395  26.9s
2026-10-01 21:39:05,890 INFO 第  29 轮  训练 0.01170  验证 pinball 0.01313  分时小区平均 β -0.386  27.0s
2026-10-01 21:39:32,972 INFO 第  30 轮  训练 0.01166  验证 pinball 0.01339  分时小区平均 β -0.378  27.1s
2026-10-01 21:39:59,865 INFO 第  31 轮  训练 0.01162  验证 pinball 0.01348  分时小区平均 β -0.370  26.9s
2026-10-01 21:40:26,799 INFO 第  32 轮  训练 0.01160  验证 pinball 0.01332  分时小区平均 β -0.362  26.9s
2026-10-01 21:40:53,673 INFO 第  33 轮  训练 0.01154  验证 pinball 0.01339  分时小区平均 β -0.355  26.9s
2026-10-01 21:41:20,425 INFO 第  34 轮  训练 0.01147  验证 pinball 0.01326  分时小区平均 β -0.348  26.8s
2026-10-01 21:41:47,428 INFO 第  35 轮  训练 0.01145  验证 pinball 0.01363  分时小区平均 β -0.341  27.0s
2026-10-01 21:42:14,263 INFO 第  36 轮  训练 0.01138  验证 pinball 0.01309  分时小区平均 β -0.335  26.8s
2026-10-01 21:42:41,156 INFO 第  37 轮  训练 0.01139  验证 pinball 0.01336  分时小区平均 β -0.329  26.9s
2026-10-01 21:43:08,044 INFO 第  38 轮  训练 0.01124  验证 pinball 0.01350  分时小区平均 β -0.323  26.9s
2026-10-01 21:43:34,801 INFO 第  39 轮  训练 0.01121  验证 pinball 0.01328  分时小区平均 β -0.317  26.8s
2026-10-01 21:44:01,611 INFO 第  40 轮  训练 0.01120  验证 pinball 0.01334  分时小区平均 β -0.312  26.8s
2026-10-01 21:44:28,402 INFO 第  41 轮  训练 0.01124  验证 pinball 0.01406  分时小区平均 β -0.306  26.8s
2026-10-01 21:44:55,376 INFO 第  42 轮  训练 0.01112  验证 pinball 0.01358  分时小区平均 β -0.302  27.0s
2026-10-01 21:45:22,246 INFO 第  43 轮  训练 0.01107  验证 pinball 0.01339  分时小区平均 β -0.297  26.9s
2026-10-01 21:45:22,246 INFO 验证损失 15 轮未改善，提前停止
2026-10-01 21:45:27,057 INFO 切换点一致性（all）：观测 β -1.180（0.393）  模型 β -0.662（0.217）
2026-10-01 21:45:27,336 INFO 切换点一致性（novel）：观测 β -0.367（0.505）  模型 β -0.406（0.257）
2026-10-01 21:45:42,421 INFO 测试期 MAE 0.0443  WAPE 0.227  CRPS 0.0260  PICP90 原始 0.816 / ACI 0.902；输出 D:\EV充电因果预测sci论文\05_实验结果\runs\eid_init-1.0_s0
