2026-10-01 09:15:03,968 INFO 运行 abl_A6_priceinput_s0，设备 cuda，torch 2.11.0+cu128
2026-10-01 09:15:05,118 INFO 数据：T=4344 N=275 训练/验证/测试起点 3001/409/841；{'train': ('2022-09-01', '2023-01-05'), 'val': ('2023-01-06', '2023-01-23'), 'test': ('2023-01-24', '2023-02-28')}
2026-10-01 09:15:05,265 INFO 模型参数 198,627；锚定方式 cut；锚定来源 fivemin_main
2026-10-01 09:15:36,083 INFO 第   1 轮  训练 0.02301  验证 pinball 0.01707  分时小区平均 β +nan  27.6s
2026-10-01 09:16:02,977 INFO 第   2 轮  训练 0.01836  验证 pinball 0.01615  分时小区平均 β +nan  26.9s
2026-10-01 09:16:29,883 INFO 第   3 轮  训练 0.01738  验证 pinball 0.01559  分时小区平均 β +nan  26.9s
2026-10-01 09:16:56,777 INFO 第   4 轮  训练 0.01620  验证 pinball 0.01452  分时小区平均 β +nan  26.9s
2026-10-01 09:17:23,759 INFO 第   5 轮  训练 0.01514  验证 pinball 0.01464  分时小区平均 β +nan  27.0s
2026-10-01 09:17:50,812 INFO 第   6 轮  训练 0.01443  验证 pinball 0.01417  分时小区平均 β +nan  27.1s
2026-10-01 09:18:17,838 INFO 第   7 轮  训练 0.01414  验证 pinball 0.01418  分时小区平均 β +nan  27.0s
2026-10-01 09:18:44,851 INFO 第   8 轮  训练 0.01379  验证 pinball 0.01367  分时小区平均 β +nan  27.0s
2026-10-01 09:19:11,745 INFO 第   9 轮  训练 0.01353  验证 pinball 0.01451  分时小区平均 β +nan  26.9s
2026-10-01 09:19:38,553 INFO 第  10 轮  训练 0.01336  验证 pinball 0.01452  分时小区平均 β +nan  26.8s
2026-10-01 09:20:05,568 INFO 第  11 轮  训练 0.01320  验证 pinball 0.01383  分时小区平均 β +nan  27.0s
2026-10-01 09:20:32,399 INFO 第  12 轮  训练 0.01295  验证 pinball 0.01329  分时小区平均 β +nan  26.8s
2026-10-01 09:20:59,537 INFO 第  13 轮  训练 0.01288  验证 pinball 0.01354  分时小区平均 β +nan  27.1s
2026-10-01 09:21:26,497 INFO 第  14 轮  训练 0.01277  验证 pinball 0.01315  分时小区平均 β +nan  27.0s
2026-10-01 09:21:53,490 INFO 第  15 轮  训练 0.01265  验证 pinball 0.01314  分时小区平均 β +nan  27.0s
2026-10-01 09:22:20,385 INFO 第  16 轮  训练 0.01250  验证 pinball 0.01300  分时小区平均 β +nan  26.9s
2026-10-01 09:22:47,205 INFO 第  17 轮  训练 0.01247  验证 pinball 0.01329  分时小区平均 β +nan  26.8s
2026-10-01 09:23:14,216 INFO 第  18 轮  训练 0.01235  验证 pinball 0.01329  分时小区平均 β +nan  27.0s
2026-10-01 09:23:41,247 INFO 第  19 轮  训练 0.01222  验证 pinball 0.01347  分时小区平均 β +nan  27.0s
2026-10-01 09:24:08,286 INFO 第  20 轮  训练 0.01214  验证 pinball 0.01346  分时小区平均 β +nan  27.0s
2026-10-01 09:24:35,130 INFO 第  21 轮  训练 0.01211  验证 pinball 0.01363  分时小区平均 β +nan  26.8s
2026-10-01 09:25:02,274 INFO 第  22 轮  训练 0.01205  验证 pinball 0.01327  分时小区平均 β +nan  27.1s
2026-10-01 09:25:29,188 INFO 第  23 轮  训练 0.01193  验证 pinball 0.01326  分时小区平均 β +nan  26.9s
2026-10-01 09:25:56,118 INFO 第  24 轮  训练 0.01199  验证 pinball 0.01334  分时小区平均 β +nan  26.9s
2026-10-01 09:26:23,112 INFO 第  25 轮  训练 0.01185  验证 pinball 0.01347  分时小区平均 β +nan  27.0s
2026-10-01 09:26:49,860 INFO 第  26 轮  训练 0.01180  验证 pinball 0.01348  分时小区平均 β +nan  26.7s
2026-10-01 09:27:16,802 INFO 第  27 轮  训练 0.01175  验证 pinball 0.01326  分时小区平均 β +nan  26.9s
2026-10-01 09:27:43,689 INFO 第  28 轮  训练 0.01167  验证 pinball 0.01321  分时小区平均 β +nan  26.9s
2026-10-01 09:28:10,626 INFO 第  29 轮  训练 0.01161  验证 pinball 0.01339  分时小区平均 β +nan  26.9s
2026-10-01 09:28:37,588 INFO 第  30 轮  训练 0.01159  验证 pinball 0.01387  分时小区平均 β +nan  27.0s
2026-10-01 09:29:04,460 INFO 第  31 轮  训练 0.01151  验证 pinball 0.01340  分时小区平均 β +nan  26.9s
2026-10-01 09:29:04,460 INFO 验证损失 15 轮未改善，提前停止
2026-10-01 09:29:09,363 INFO 切换点一致性（all）：观测 β -1.180（0.393）  模型 β -0.494（0.212）
2026-10-01 09:29:09,654 INFO 切换点一致性（novel）：观测 β -0.367（0.505）  模型 β -0.285（0.267）
2026-10-01 09:29:27,455 INFO 测试期 MAE 0.0445  WAPE 0.228  CRPS 0.0258  PICP90 原始 0.832 / ACI 0.900；输出 D:\EV充电因果预测sci论文\05_实验结果\runs\abl_A6_priceinput_s0
