阶段 eps；日志 D:\EV充电因果预测sci论文\05_实验结果\云端小实验\run_final_eps_20261002_035105.log
== eps_pag_paper-0.1  开始 03:51:05
03:51:07 INFO 运行 eps_pag_paper-0.1，基线 pag，设备 cuda，torch 2.11.0+cu128
03:51:09 INFO 数据：T=4344 N=275 目标 occupancy 训练/验证/测试起点 3001/409/841
03:51:09 INFO 模型参数 3,326；价格输入 历史价格（PAG）；损失 MSE（点预测）
03:51:09 INFO PAG：论文版元学习预训练，先验 [-0.1]，100 轮，支持集/查询集 1500/1501 个窗口
D:\Program Files\Conda\envs\cpa\Lib\site-packages\torch\nn\modules\rnn.py:1169: UserWarning: RNN module weights are not part of single contiguous chunk of memory. This means they need to be compacted at every call, possibly greatly increasing memory usage. To compact weights again call flatten_parameters(). (Triggered internally at C:\actions-runner\_work\pytorch\pytorch\pytorch\aten\src\ATen\native\cudnn\RNN.cpp:1479.)
  result = _VF.lstm(
03:51:17 INFO PAG 元学习预训练 第   1 轮  伪样本比例 1.000  查询集损失 0.10038
03:51:58 INFO PAG 元学习预训练 第  10 轮  伪样本比例 0.991  查询集损失 0.09965
03:52:44 INFO PAG 元学习预训练 第  20 轮  伪样本比例 0.981  查询集损失 0.09865
03:53:29 INFO PAG 元学习预训练 第  30 轮  伪样本比例 0.971  查询集损失 0.09777
03:54:14 INFO PAG 元学习预训练 第  40 轮  伪样本比例 0.961  查询集损失 0.09685
03:54:59 INFO PAG 元学习预训练 第  50 轮  伪样本比例 0.951  查询集损失 0.09587
03:55:43 INFO PAG 元学习预训练 第  60 轮  伪样本比例 0.941  查询集损失 0.09499
03:56:27 INFO PAG 元学习预训练 第  70 轮  伪样本比例 0.931  查询集损失 0.09418
03:57:12 INFO PAG 元学习预训练 第  80 轮  伪样本比例 0.921  查询集损失 0.09328
03:57:55 INFO PAG 元学习预训练 第  90 轮  伪样本比例 0.911  查询集损失 0.09230
03:58:39 INFO PAG 元学习预训练 第 100 轮  伪样本比例 0.901  查询集损失 0.09140
03:58:42 INFO 微调 第   1 轮  训练 0.09435  验证 0.04000  2.7s
03:58:44 INFO 微调 第   2 轮  训练 0.03293  验证 0.02391  2.9s
03:58:47 INFO 微调 第   3 轮  训练 0.02320  验证 0.02051  3.0s
03:58:51 INFO 微调 第   4 轮  训练 0.01645  验证 0.01360  3.1s
03:58:54 INFO 微调 第   5 轮  训练 0.01455  验证 0.01215  3.0s
03:58:57 INFO 微调 第   6 轮  训练 0.01405  验证 0.01162  2.9s
03:58:59 INFO 微调 第   7 轮  训练 0.01374  验证 0.01128  2.8s
03:59:02 INFO 微调 第   8 轮  训练 0.01350  验证 0.01117  2.8s
03:59:05 INFO 微调 第   9 轮  训练 0.01327  验证 0.01079  2.9s
03:59:08 INFO 微调 第  10 轮  训练 0.01302  验证 0.01044  2.9s
03:59:11 INFO 微调 第  11 轮  训练 0.01273  验证 0.01025  3.2s
03:59:14 INFO 微调 第  12 轮  训练 0.01247  验证 0.00993  3.1s
03:59:17 INFO 微调 第  13 轮  训练 0.01223  验证 0.00972  2.8s
03:59:20 INFO 微调 第  14 轮  训练 0.01197  验证 0.00944  2.8s
03:59:23 INFO 微调 第  15 轮  训练 0.01168  验证 0.00914  2.9s
03:59:25 INFO 微调 第  16 轮  训练 0.01136  验证 0.00880  2.8s
03:59:28 INFO 微调 第  17 轮  训练 0.01099  验证 0.00854  2.8s
03:59:31 INFO 微调 第  18 轮  训练 0.01068  验证 0.00826  3.0s
03:59:34 INFO 微调 第  19 轮  训练 0.01046  验证 0.00812  3.0s
03:59:37 INFO 微调 第  20 轮  训练 0.01033  验证 0.00805  2.8s
03:59:40 INFO 微调 第  21 轮  训练 0.01025  验证 0.00801  2.9s
03:59:43 INFO 微调 第  22 轮  训练 0.01019  验证 0.00803  3.0s
03:59:46 INFO 微调 第  23 轮  训练 0.01015  验证 0.00795  3.1s
03:59:49 INFO 微调 第  24 轮  训练 0.01011  验证 0.00787  3.2s
03:59:53 INFO 微调 第  25 轮  训练 0.01009  验证 0.00789  3.1s
03:59:55 INFO 微调 第  26 轮  训练 0.01006  验证 0.00790  2.8s
03:59:58 INFO 微调 第  27 轮  训练 0.01006  验证 0.00783  2.9s
04:00:01 INFO 微调 第  28 轮  训练 0.01002  验证 0.00782  2.8s
04:00:04 INFO 微调 第  29 轮  训练 0.01003  验证 0.00781  2.8s
04:00:07 INFO 微调 第  30 轮  训练 0.01001  验证 0.00789  2.8s
04:00:10 INFO 微调 第  31 轮  训练 0.01001  验证 0.00778  2.9s
04:00:12 INFO 微调 第  32 轮  训练 0.00999  验证 0.00779  2.6s
04:00:15 INFO 微调 第  33 轮  训练 0.00997  验证 0.00778  2.7s
04:00:18 INFO 微调 第  34 轮  训练 0.00996  验证 0.00776  2.7s
04:00:20 INFO 微调 第  35 轮  训练 0.00997  验证 0.00778  2.7s
04:00:23 INFO 微调 第  36 轮  训练 0.00996  验证 0.00780  2.7s
04:00:26 INFO 微调 第  37 轮  训练 0.00994  验证 0.00773  2.8s
04:00:28 INFO 微调 第  38 轮  训练 0.00993  验证 0.00771  2.6s
04:00:31 INFO 微调 第  39 轮  训练 0.00994  验证 0.00790  2.9s
04:00:34 INFO 微调 第  40 轮  训练 0.00993  验证 0.00773  3.1s
04:00:38 INFO 微调 第  41 轮  训练 0.00992  验证 0.00779  3.3s
04:00:41 INFO 微调 第  42 轮  训练 0.00992  验证 0.00769  3.2s
04:00:44 INFO 微调 第  43 轮  训练 0.00991  验证 0.00769  2.9s
04:00:46 INFO 微调 第  44 轮  训练 0.00992  验证 0.00769  2.8s
04:00:49 INFO 微调 第  45 轮  训练 0.00990  验证 0.00772  2.7s
04:00:52 INFO 微调 第  46 轮  训练 0.00992  验证 0.00782  3.0s
04:00:55 INFO 微调 第  47 轮  训练 0.00989  验证 0.00774  3.0s
04:00:58 INFO 微调 第  48 轮  训练 0.00990  验证 0.00770  2.8s
04:01:01 INFO 微调 第  49 轮  训练 0.00988  验证 0.00766  3.2s
04:01:04 INFO 微调 第  50 轮  训练 0.00988  验证 0.00767  3.1s
04:01:07 INFO 微调 第  51 轮  训练 0.00989  验证 0.00770  3.0s
04:01:10 INFO 微调 第  52 轮  训练 0.00987  验证 0.00768  2.9s
04:01:13 INFO 微调 第  53 轮  训练 0.00986  验证 0.00766  2.8s
04:01:16 INFO 微调 第  54 轮  训练 0.00989  验证 0.00766  2.7s
04:01:18 INFO 微调 第  55 轮  训练 0.00986  验证 0.00770  2.6s
04:01:21 INFO 微调 第  56 轮  训练 0.00986  验证 0.00766  2.8s
04:01:24 INFO 微调 第  57 轮  训练 0.00987  验证 0.00764  3.0s
04:01:27 INFO 微调 第  58 轮  训练 0.00986  验证 0.00771  2.7s
04:01:29 INFO 微调 第  59 轮  训练 0.00986  验证 0.00763  2.8s
04:01:32 INFO 微调 第  60 轮  训练 0.00985  验证 0.00763  2.7s
04:01:35 INFO 微调 第  61 轮  训练 0.00985  验证 0.00776  2.8s
04:01:38 INFO 微调 第  62 轮  训练 0.00984  验证 0.00772  2.7s
04:01:40 INFO 微调 第  63 轮  训练 0.00984  验证 0.00778  2.7s
04:01:43 INFO 微调 第  64 轮  训练 0.00984  验证 0.00762  2.8s
04:01:46 INFO 微调 第  65 轮  训练 0.00983  验证 0.00767  2.7s
04:01:49 INFO 微调 第  66 轮  训练 0.00983  验证 0.00763  2.8s
04:01:51 INFO 微调 第  67 轮  训练 0.00983  验证 0.00762  2.7s
04:01:54 INFO 微调 第  68 轮  训练 0.00982  验证 0.00766  2.9s
04:01:57 INFO 微调 第  69 轮  训练 0.00981  验证 0.00766  2.8s
04:02:00 INFO 微调 第  70 轮  训练 0.00981  验证 0.00771  2.9s
04:02:03 INFO 微调 第  71 轮  训练 0.00982  验证 0.00767  2.8s
04:02:06 INFO 微调 第  72 轮  训练 0.00981  验证 0.00760  2.9s
04:02:08 INFO 微调 第  73 轮  训练 0.00981  验证 0.00761  2.7s
04:02:11 INFO 微调 第  74 轮  训练 0.00982  验证 0.00774  2.7s
04:02:14 INFO 微调 第  75 轮  训练 0.00980  验证 0.00768  2.8s
04:02:17 INFO 微调 第  76 轮  训练 0.00979  验证 0.00761  2.8s
04:02:20 INFO 微调 第  77 轮  训练 0.00980  验证 0.00768  2.8s
04:02:22 INFO 微调 第  78 轮  训练 0.00980  验证 0.00763  2.7s
04:02:25 INFO 微调 第  79 轮  训练 0.00979  验证 0.00761  2.8s
04:02:28 INFO 微调 第  80 轮  训练 0.00978  验证 0.00763  2.9s
04:02:31 INFO 微调 第  81 轮  训练 0.00978  验证 0.00766  3.1s
04:02:34 INFO 微调 第  82 轮  训练 0.00979  验证 0.00765  3.0s
04:02:37 INFO 微调 第  83 轮  训练 0.00979  验证 0.00764  2.8s
04:02:40 INFO 微调 第  84 轮  训练 0.00977  验证 0.00762  3.0s
04:02:43 INFO 微调 第  85 轮  训练 0.00977  验证 0.00766  3.0s
04:02:46 INFO 微调 第  86 轮  训练 0.00977  验证 0.00772  3.4s
04:02:49 INFO 微调 第  87 轮  训练 0.00977  验证 0.00757  3.2s
04:02:52 INFO 微调 第  88 轮  训练 0.00976  验证 0.00760  2.8s
04:02:55 INFO 微调 第  89 轮  训练 0.00976  验证 0.00768  2.8s
04:02:58 INFO 微调 第  90 轮  训练 0.00976  验证 0.00771  2.9s
04:03:01 INFO 微调 第  91 轮  训练 0.00976  验证 0.00763  3.0s
04:03:04 INFO 微调 第  92 轮  训练 0.00975  验证 0.00757  3.0s
04:03:07 INFO 微调 第  93 轮  训练 0.00974  验证 0.00759  2.7s
04:03:09 INFO 微调 第  94 轮  训练 0.00975  验证 0.00759  2.8s
04:03:12 INFO 微调 第  95 轮  训练 0.00974  验证 0.00758  2.9s
04:03:15 INFO 微调 第  96 轮  训练 0.00973  验证 0.00760  2.9s
04:03:18 INFO 微调 第  97 轮  训练 0.00973  验证 0.00755  2.8s
04:03:21 INFO 微调 第  98 轮  训练 0.00973  验证 0.00760  2.8s
04:03:24 INFO 微调 第  99 轮  训练 0.00973  验证 0.00758  2.8s
04:03:27 INFO 微调 第 100 轮  训练 0.00972  验证 0.00756  3.1s
04:03:30 INFO 价格响应读出（分时小区 dl_hist 价格 +5%）：弧弹性均值 -0.165，中位数 -0.154，为负的比例 1.00
04:03:30 INFO 切换点一致性（all）：观测 β -0.507（0.295）  模型 β -0.238（0.147）
04:03:30 INFO 切换点一致性（novel）：观测 β -0.056（0.366）  模型 β -0.102（0.183）
04:03:47 INFO 测试期 MAE 0.0558  WAPE 0.205  CRPS 0.0357  PICP90 原始 0.906 / ACI 0.896；输出 D:\EV充电因果预测sci论文\05_实验结果\runs\eps_pag_paper-0.1
== eps_pag_paper-0.1  完成，用时 12.7 分钟
== eps_pag_released-0.1  开始 04:03:48
04:03:59 INFO 运行 eps_pag_released-0.1，基线 pag，设备 cuda，torch 2.11.0+cu128
04:04:01 INFO 数据：T=4344 N=275 目标 occupancy 训练/验证/测试起点 3001/409/841
04:04:01 INFO 模型参数 1,026；价格输入 历史价格（PAG）；损失 MSE（点预测）
04:04:01 INFO PAG：不做预训练（发布代码实际行为 / 论文中的 PAG-）
04:04:08 INFO 微调 第   1 轮  训练 0.10296  验证 0.04418  3.3s
04:04:10 INFO 微调 第   2 轮  训练 0.03543  验证 0.02666  2.7s
04:04:13 INFO 微调 第   3 轮  训练 0.03027  验证 0.02550  2.6s
04:04:16 INFO 微调 第   4 轮  训练 0.02201  验证 0.01303  2.9s
04:04:19 INFO 微调 第   5 轮  训练 0.01456  验证 0.01091  2.7s
04:04:21 INFO 微调 第   6 轮  训练 0.01340  验证 0.01027  2.6s
04:04:24 INFO 微调 第   7 轮  训练 0.01284  验证 0.00985  2.7s
04:04:27 INFO 微调 第   8 轮  训练 0.01239  验证 0.00952  2.7s
04:04:29 INFO 微调 第   9 轮  训练 0.01201  验证 0.00919  2.6s
04:04:32 INFO 微调 第  10 轮  训练 0.01166  验证 0.00896  2.7s
04:04:35 INFO 微调 第  11 轮  训练 0.01131  验证 0.00870  2.7s
04:04:37 INFO 微调 第  12 轮  训练 0.01101  验证 0.00843  2.8s
04:04:40 INFO 微调 第  13 轮  训练 0.01073  验证 0.00822  2.8s
04:04:43 INFO 微调 第  14 轮  训练 0.01048  验证 0.00809  2.8s
04:04:46 INFO 微调 第  15 轮  训练 0.01030  验证 0.00798  2.6s
04:04:48 INFO 微调 第  16 轮  训练 0.01019  验证 0.00785  2.8s
04:04:51 INFO 微调 第  17 轮  训练 0.01010  验证 0.00788  2.6s
04:04:54 INFO 微调 第  18 轮  训练 0.01004  验证 0.00777  2.8s
04:04:57 INFO 微调 第  19 轮  训练 0.01000  验证 0.00778  2.8s
04:04:59 INFO 微调 第  20 轮  训练 0.00997  验证 0.00770  2.9s
04:05:02 INFO 微调 第  21 轮  训练 0.00993  验证 0.00778  2.8s
04:05:05 INFO 微调 第  22 轮  训练 0.00991  验证 0.00771  2.8s
04:05:08 INFO 微调 第  23 轮  训练 0.00989  验证 0.00767  2.7s
04:05:10 INFO 微调 第  24 轮  训练 0.00987  验证 0.00765  2.7s
04:05:13 INFO 微调 第  25 轮  训练 0.00986  验证 0.00766  2.6s
04:05:16 INFO 微调 第  26 轮  训练 0.00985  验证 0.00768  2.8s
04:05:19 INFO 微调 第  27 轮  训练 0.00984  验证 0.00765  2.9s
04:05:22 INFO 微调 第  28 轮  训练 0.00983  验证 0.00761  3.0s
04:05:25 INFO 微调 第  29 轮  训练 0.00982  验证 0.00762  3.1s
04:05:28 INFO 微调 第  30 轮  训练 0.00980  验证 0.00760  3.1s
04:05:31 INFO 微调 第  31 轮  训练 0.00979  验证 0.00759  3.0s
04:05:34 INFO 微调 第  32 轮  训练 0.00979  验证 0.00771  3.0s
04:05:37 INFO 微调 第  33 轮  训练 0.00978  验证 0.00764  3.1s
04:05:40 INFO 微调 第  34 轮  训练 0.00977  验证 0.00758  3.1s
04:05:43 INFO 微调 第  35 轮  训练 0.00977  验证 0.00762  3.1s
04:05:46 INFO 微调 第  36 轮  训练 0.00976  验证 0.00760  2.8s
04:05:49 INFO 微调 第  37 轮  训练 0.00976  验证 0.00758  3.0s
04:05:52 INFO 微调 第  38 轮  训练 0.00975  验证 0.00755  2.8s
04:05:54 INFO 微调 第  39 轮  训练 0.00975  验证 0.00759  2.6s
04:05:57 INFO 微调 第  40 轮  训练 0.00974  验证 0.00755  2.9s
04:06:00 INFO 微调 第  41 轮  训练 0.00972  验证 0.00756  3.0s
04:06:03 INFO 微调 第  42 轮  训练 0.00973  验证 0.00759  3.1s
04:06:06 INFO 微调 第  43 轮  训练 0.00972  验证 0.00754  3.1s
04:06:09 INFO 微调 第  44 轮  训练 0.00972  验证 0.00765  2.8s
04:06:12 INFO 微调 第  45 轮  训练 0.00971  验证 0.00754  2.7s
04:06:14 INFO 微调 第  46 轮  训练 0.00971  验证 0.00756  2.8s
04:06:17 INFO 微调 第  47 轮  训练 0.00970  验证 0.00755  2.8s
04:06:20 INFO 微调 第  48 轮  训练 0.00970  验证 0.00754  2.7s
04:06:22 INFO 微调 第  49 轮  训练 0.00970  验证 0.00753  2.7s
04:06:25 INFO 微调 第  50 轮  训练 0.00969  验证 0.00752  2.7s
04:06:28 INFO 微调 第  51 轮  训练 0.00968  验证 0.00752  2.9s
04:06:31 INFO 微调 第  52 轮  训练 0.00969  验证 0.00751  3.1s
04:06:34 INFO 微调 第  53 轮  训练 0.00968  验证 0.00756  3.0s
04:06:37 INFO 微调 第  54 轮  训练 0.00968  验证 0.00751  2.9s
04:06:40 INFO 微调 第  55 轮  训练 0.00967  验证 0.00757  2.7s
04:06:43 INFO 微调 第  56 轮  训练 0.00966  验证 0.00750  2.7s
04:06:45 INFO 微调 第  57 轮  训练 0.00967  验证 0.00753  2.8s
04:06:48 INFO 微调 第  58 轮  训练 0.00965  验证 0.00752  2.8s
04:06:51 INFO 微调 第  59 轮  训练 0.00964  验证 0.00755  2.8s
04:06:54 INFO 微调 第  60 轮  训练 0.00964  验证 0.00751  3.0s
04:06:57 INFO 微调 第  61 轮  训练 0.00964  验证 0.00754  3.1s
04:07:00 INFO 微调 第  62 轮  训练 0.00963  验证 0.00748  2.8s
04:07:03 INFO 微调 第  63 轮  训练 0.00963  验证 0.00755  2.7s
04:07:06 INFO 微调 第  64 轮  训练 0.00963  验证 0.00752  3.0s
04:07:08 INFO 微调 第  65 轮  训练 0.00961  验证 0.00758  2.7s
04:07:11 INFO 微调 第  66 轮  训练 0.00962  验证 0.00750  2.9s
04:07:14 INFO 微调 第  67 轮  训练 0.00961  验证 0.00747  2.7s
04:07:17 INFO 微调 第  68 轮  训练 0.00962  验证 0.00752  2.7s
04:07:19 INFO 微调 第  69 轮  训练 0.00962  验证 0.00748  2.8s
04:07:22 INFO 微调 第  70 轮  训练 0.00960  验证 0.00749  2.8s
04:07:25 INFO 微调 第  71 轮  训练 0.00960  验证 0.00755  3.0s
04:07:28 INFO 微调 第  72 轮  训练 0.00960  验证 0.00753  3.0s
04:07:31 INFO 微调 第  73 轮  训练 0.00960  验证 0.00745  3.1s
04:07:34 INFO 微调 第  74 轮  训练 0.00959  验证 0.00749  3.0s
04:07:37 INFO 微调 第  75 轮  训练 0.00958  验证 0.00745  2.9s
04:07:40 INFO 微调 第  76 轮  训练 0.00957  验证 0.00755  2.5s
04:07:42 INFO 微调 第  77 轮  训练 0.00958  验证 0.00744  1.8s
04:07:44 INFO 微调 第  78 轮  训练 0.00956  验证 0.00747  2.0s
04:07:46 INFO 微调 第  79 轮  训练 0.00957  验证 0.00747  2.0s
04:07:47 INFO 微调 第  80 轮  训练 0.00956  验证 0.00744  1.9s
04:07:49 INFO 微调 第  81 轮  训练 0.00957  验证 0.00746  2.0s
04:07:51 INFO 微调 第  82 轮  训练 0.00956  验证 0.00744  1.9s
04:07:53 INFO 微调 第  83 轮  训练 0.00955  验证 0.00744  2.1s
04:07:56 INFO 微调 第  84 轮  训练 0.00955  验证 0.00747  2.5s
04:07:58 INFO 微调 第  85 轮  训练 0.00955  验证 0.00742  2.1s
04:08:00 INFO 微调 第  86 轮  训练 0.00955  验证 0.00742  1.9s
04:08:02 INFO 微调 第  87 轮  训练 0.00954  验证 0.00756  1.9s
04:08:04 INFO 微调 第  88 轮  训练 0.00954  验证 0.00748  1.9s
04:08:06 INFO 微调 第  89 轮  训练 0.00954  验证 0.00744  1.9s
04:08:08 INFO 微调 第  90 轮  训练 0.00953  验证 0.00747  1.9s
04:08:09 INFO 微调 第  91 轮  训练 0.00953  验证 0.00741  1.8s
04:08:11 INFO 微调 第  92 轮  训练 0.00953  验证 0.00743  2.0s
04:08:13 INFO 微调 第  93 轮  训练 0.00953  验证 0.00741  1.9s
04:08:15 INFO 微调 第  94 轮  训练 0.00953  验证 0.00742  2.1s
04:08:17 INFO 微调 第  95 轮  训练 0.00952  验证 0.00742  1.9s
04:08:19 INFO 微调 第  96 轮  训练 0.00952  验证 0.00752  1.8s
04:08:21 INFO 微调 第  97 轮  训练 0.00952  验证 0.00741  1.8s
04:08:23 INFO 微调 第  98 轮  训练 0.00952  验证 0.00742  1.9s
04:08:25 INFO 微调 第  99 轮  训练 0.00953  验证 0.00748  1.9s
04:08:27 INFO 微调 第 100 轮  训练 0.00952  验证 0.00741  1.9s
04:08:28 INFO 价格响应读出（分时小区 dl_hist 价格 +5%）：弧弹性均值 -0.165，中位数 -0.150，为负的比例 1.00
04:08:29 INFO 切换点一致性（all）：观测 β -0.507（0.295）  模型 β -0.267（0.173）
04:08:29 INFO 切换点一致性（novel）：观测 β -0.056（0.366）  模型 β -0.106（0.211）
04:08:37 INFO 测试期 MAE 0.0548  WAPE 0.201  CRPS 0.0351  PICP90 原始 0.906 / ACI 0.897；输出 D:\EV充电因果预测sci论文\05_实验结果\runs\eps_pag_released-0.1
== eps_pag_released-0.1  完成，用时 4.8 分钟
== eps_piast_clamp-0.1  开始 04:08:38
04:08:41 INFO 运行 eps_piast_clamp-0.1，基线 piast，设备 cuda，torch 2.11.0+cu128
04:08:41 INFO 数据：T=4344 N=275 目标 occupancy 训练/验证/测试起点 3001/409/841
04:08:41 INFO 模型参数 9,822；价格输入 预测时刻价格（PIAST）；损失 MSE（点预测）
04:08:43 INFO PIAST：注入先验 -0.1，λ 截断 [-1.0, 0.0]，三阶段轮数 [60, 40, 100]，复现发布代码问题 False
D:\Program Files\Conda\envs\cpa\Lib\site-packages\torch\backends\mkldnn\__init__.py:96: UserWarning: TF32 acceleration on top of oneDNN is available for Intel GPUs. The current Torch version does not have Intel GPU Support. (Triggered internally at C:\actions-runner\_work\pytorch\pytorch\pytorch\aten\src\ATen\Context.cpp:231.)
  torch._C._set_onednn_allow_tf32(_allow_tf32)
D:\Program Files\Conda\envs\cpa\Lib\site-packages\torch\autograd\graph.py:869: UserWarning: Attempting to run cuBLAS, but there was no current CUDA context! Attempting to set the primary context... (Triggered internally at C:\actions-runner\_work\pytorch\pytorch\pytorch\aten\src\ATen\cuda\CublasHandlePool.cpp:335.)
  return Variable._execution_engine.run_backward(  # Calls into the C++ engine to run the backward pass
05:13:17 INFO 阶段1 强物理约束 第   1 轮  训练 0.29116  验证 0.02613  λ 均值 -0.405  3873.9s
12:47:52 INFO 阶段1 强物理约束 第   2 轮  训练 0.17364  验证 0.01652  λ 均值 -0.345  27275.1s
19:11:22 INFO 阶段1 强物理约束 第   3 轮  训练 0.11836  验证 0.01270  λ 均值 -0.302  23010.8s
00:13:38 INFO 阶段1 强物理约束 第   4 轮  训练 0.08567  验证 0.01056  λ 均值 -0.263  18135.2s
04:29:00 INFO 阶段1 强物理约束 第   5 轮  训练 0.06208  验证 0.00946  λ 均值 -0.231  15321.9s
08:56:35 INFO 阶段1 强物理约束 第   6 轮  训练 0.04575  验证 0.00907  λ 均值 -0.204  16055.1s
14:48:36 INFO 阶段1 强物理约束 第   7 轮  训练 0.03440  验证 0.00888  λ 均值 -0.182  21121.8s
00:42:26 INFO 阶段1 强物理约束 第   8 轮  训练 0.02651  验证 0.00875  λ 均值 -0.164  35629.0s
