阶段 ess；日志 D:\EV充电因果预测sci论文\05_实验结果\云端小实验\run_final_ess_20261001_184139.log
== ess_rho0.5_A0cells_s0  开始 18:41:39
18:41:42 INFO 运行 ess_rho0.5_A0cells_s0，设备 cuda，torch 2.11.0+cu128
18:41:48 INFO E-SS 半合成数据：109 个小区（处理组 54），ρ = 0.5，真实弹性 [-0.2, -0.8, -1.5]；锚定 cells（在合成训练期上重新估计）
18:41:48 INFO 数据：T=4344 N=109 训练/验证/测试起点 3001/409/841；{'train': ('2022-09-01', '2023-01-05'), 'val': ('2023-01-06', '2023-01-23'), 'test': ('2023-01-24', '2023-02-28')}
18:41:48 INFO 模型参数 194,891；锚定方式 cut；锚定来源 ess_cells
18:42:00 INFO 第   1 轮  训练 0.02355  验证 pinball 0.01843  分时小区平均 β -1.414  9.3s
18:42:08 INFO 第   2 轮  训练 0.01841  验证 pinball 0.01686  分时小区平均 β -1.414  8.6s
18:42:17 INFO 第   3 轮  训练 0.01665  验证 pinball 0.01527  分时小区平均 β -1.414  8.5s
18:42:25 INFO 第   4 轮  训练 0.01526  验证 pinball 0.01466  分时小区平均 β -1.414  8.4s
18:42:34 INFO 第   5 轮  训练 0.01424  验证 pinball 0.01458  分时小区平均 β -1.414  8.5s
18:42:43 INFO 第   6 轮  训练 0.01355  验证 pinball 0.01444  分时小区平均 β -1.414  8.8s
18:42:51 INFO 第   7 轮  训练 0.01327  验证 pinball 0.01443  分时小区平均 β -1.414  8.6s
18:43:00 INFO 第   8 轮  训练 0.01299  验证 pinball 0.01391  分时小区平均 β -1.414  8.4s
18:43:09 INFO 第   9 轮  训练 0.01276  验证 pinball 0.01532  分时小区平均 β -1.414  9.0s
18:43:17 INFO 第  10 轮  训练 0.01259  验证 pinball 0.01418  分时小区平均 β -1.414  8.8s
18:43:26 INFO 第  11 轮  训练 0.01244  验证 pinball 0.01482  分时小区平均 β -1.414  8.7s
18:43:35 INFO 第  12 轮  训练 0.01223  验证 pinball 0.01418  分时小区平均 β -1.414  8.9s
18:43:43 INFO 第  13 轮  训练 0.01214  验证 pinball 0.01416  分时小区平均 β -1.414  8.6s
18:43:52 INFO 第  14 轮  训练 0.01206  验证 pinball 0.01427  分时小区平均 β -1.414  8.6s
18:44:01 INFO 第  15 轮  训练 0.01189  验证 pinball 0.01411  分时小区平均 β -1.414  8.7s
18:44:09 INFO 第  16 轮  训练 0.01177  验证 pinball 0.01421  分时小区平均 β -1.414  8.6s
18:44:18 INFO 第  17 轮  训练 0.01168  验证 pinball 0.01458  分时小区平均 β -1.414  8.6s
18:44:26 INFO 第  18 轮  训练 0.01154  验证 pinball 0.01484  分时小区平均 β -1.414  8.5s
18:44:35 INFO 第  19 轮  训练 0.01141  验证 pinball 0.01488  分时小区平均 β -1.414  8.8s
18:44:44 INFO 第  20 轮  训练 0.01139  验证 pinball 0.01472  分时小区平均 β -1.414  8.7s
18:44:53 INFO 第  21 轮  训练 0.01125  验证 pinball 0.01508  分时小区平均 β -1.414  8.7s
18:45:02 INFO 第  22 轮  训练 0.01112  验证 pinball 0.01547  分时小区平均 β -1.414  8.9s
18:45:10 INFO 第  23 轮  训练 0.01104  验证 pinball 0.01497  分时小区平均 β -1.414  8.7s
18:45:10 INFO 验证损失 15 轮未改善，提前停止
18:45:15 INFO E-SS flat：真实隐含弹性 -1.101；模型 -1.317（反事实 MAE 0.0444）；插补 P0 -1.317（0.0444）
18:45:15 INFO E-SS spread1.5：真实隐含弹性 -1.100；模型 -1.317（反事实 MAE 0.0458）；插补 P0 -1.317（0.0458）
18:45:20 INFO 测试期 MAE 0.0473  WAPE 0.249  CRPS 0.0273  PICP90 原始 0.848 / ACI 0.903；输出 D:\EV充电因果预测sci论文\05_实验结果\runs\ess_rho0.5_A0cells_s0
== ess_rho0.5_A0cells_s0  完成，用时 3.7 分钟
== ess_rho0.5_A0pooled_s0  开始 18:45:21
18:45:24 INFO 运行 ess_rho0.5_A0pooled_s0，设备 cuda，torch 2.11.0+cu128
18:45:32 INFO E-SS 半合成数据：109 个小区（处理组 54），ρ = 0.5，真实弹性 [-0.2, -0.8, -1.5]；锚定 pooled（在合成训练期上重新估计）
18:45:32 INFO 数据：T=4344 N=109 训练/验证/测试起点 3001/409/841；{'train': ('2022-09-01', '2023-01-05'), 'val': ('2023-01-06', '2023-01-23'), 'test': ('2023-01-24', '2023-02-28')}
18:45:32 INFO 模型参数 194,891；锚定方式 cut；锚定来源 ess_pooled
18:45:46 INFO 第   1 轮  训练 0.02359  验证 pinball 0.01854  分时小区平均 β -1.271  10.2s
18:45:55 INFO 第   2 轮  训练 0.01845  验证 pinball 0.01777  分时小区平均 β -1.271  9.3s
18:46:04 INFO 第   3 轮  训练 0.01670  验证 pinball 0.01524  分时小区平均 β -1.271  8.6s
18:46:13 INFO 第   4 轮  训练 0.01529  验证 pinball 0.01466  分时小区平均 β -1.271  9.0s
18:46:22 INFO 第   5 轮  训练 0.01427  验证 pinball 0.01464  分时小区平均 β -1.271  9.0s
18:46:31 INFO 第   6 轮  训练 0.01358  验证 pinball 0.01451  分时小区平均 β -1.271  8.7s
18:46:40 INFO 第   7 轮  训练 0.01327  验证 pinball 0.01451  分时小区平均 β -1.271  9.1s
18:46:49 INFO 第   8 轮  训练 0.01301  验证 pinball 0.01393  分时小区平均 β -1.271  8.9s
18:46:57 INFO 第   9 轮  训练 0.01279  验证 pinball 0.01542  分时小区平均 β -1.271  8.7s
18:47:06 INFO 第  10 轮  训练 0.01261  验证 pinball 0.01417  分时小区平均 β -1.271  8.8s
18:47:15 INFO 第  11 轮  训练 0.01242  验证 pinball 0.01502  分时小区平均 β -1.271  8.6s
18:47:23 INFO 第  12 轮  训练 0.01226  验证 pinball 0.01419  分时小区平均 β -1.271  8.6s
18:47:32 INFO 第  13 轮  训练 0.01213  验证 pinball 0.01454  分时小区平均 β -1.271  8.7s
18:47:41 INFO 第  14 轮  训练 0.01202  验证 pinball 0.01443  分时小区平均 β -1.271  9.1s
18:47:50 INFO 第  15 轮  训练 0.01183  验证 pinball 0.01408  分时小区平均 β -1.271  9.0s
18:47:59 INFO 第  16 轮  训练 0.01184  验证 pinball 0.01410  分时小区平均 β -1.271  8.7s
18:48:08 INFO 第  17 轮  训练 0.01169  验证 pinball 0.01465  分时小区平均 β -1.271  9.2s
18:48:17 INFO 第  18 轮  训练 0.01153  验证 pinball 0.01458  分时小区平均 β -1.271  8.9s
18:48:25 INFO 第  19 轮  训练 0.01141  验证 pinball 0.01474  分时小区平均 β -1.271  8.6s
18:48:34 INFO 第  20 轮  训练 0.01134  验证 pinball 0.01518  分时小区平均 β -1.271  8.7s
18:48:43 INFO 第  21 轮  训练 0.01121  验证 pinball 0.01512  分时小区平均 β -1.271  8.8s
18:48:52 INFO 第  22 轮  训练 0.01112  验证 pinball 0.01563  分时小区平均 β -1.271  8.6s
18:49:00 INFO 第  23 轮  训练 0.01106  验证 pinball 0.01495  分时小区平均 β -1.271  8.9s
18:49:00 INFO 验证损失 15 轮未改善，提前停止
18:49:06 INFO E-SS flat：真实隐含弹性 -1.101；模型 -1.260（反事实 MAE 0.0445）；插补 P0 -1.260（0.0445）
18:49:06 INFO E-SS spread1.5：真实隐含弹性 -1.100；模型 -1.260（反事实 MAE 0.0459）；插补 P0 -1.260（0.0459）
18:49:13 INFO 测试期 MAE 0.0473  WAPE 0.249  CRPS 0.0273  PICP90 原始 0.850 / ACI 0.902；输出 D:\EV充电因果预测sci论文\05_实验结果\runs\ess_rho0.5_A0pooled_s0
== ess_rho0.5_A0pooled_s0  完成，用时 3.9 分钟
== ess_rho0.5_A1free_s0  开始 18:49:14
18:49:16 INFO 运行 ess_rho0.5_A1free_s0，设备 cuda，torch 2.11.0+cu128
18:49:25 INFO E-SS 半合成数据：109 个小区（处理组 54），ρ = 0.5，真实弹性 [-0.2, -0.8, -1.5]；锚定 cells（在合成训练期上重新估计）
18:49:25 INFO 数据：T=4344 N=109 训练/验证/测试起点 3001/409/841；{'train': ('2022-09-01', '2023-01-05'), 'val': ('2023-01-06', '2023-01-23'), 'test': ('2023-01-24', '2023-02-28')}
18:49:26 INFO 模型参数 195,342；锚定方式 free；锚定来源 ess_cells
18:49:39 INFO 第   1 轮  训练 0.02354  验证 pinball 0.01842  分时小区平均 β -1.351  9.7s
18:49:48 INFO 第   2 轮  训练 0.01839  验证 pinball 0.01679  分时小区平均 β -1.327  9.3s
18:49:57 INFO 第   3 轮  训练 0.01663  验证 pinball 0.01526  分时小区平均 β -1.318  9.4s
18:50:06 INFO 第   4 轮  训练 0.01527  验证 pinball 0.01465  分时小区平均 β -1.296  9.0s
18:50:16 INFO 第   5 轮  训练 0.01423  验证 pinball 0.01455  分时小区平均 β -1.275  9.2s
18:50:25 INFO 第   6 轮  训练 0.01353  验证 pinball 0.01448  分时小区平均 β -1.255  8.9s
18:50:33 INFO 第   7 轮  训练 0.01323  验证 pinball 0.01446  分时小区平均 β -1.238  8.7s
18:50:42 INFO 第   8 轮  训练 0.01295  验证 pinball 0.01390  分时小区平均 β -1.224  8.9s
18:50:52 INFO 第   9 轮  训练 0.01272  验证 pinball 0.01531  分时小区平均 β -1.211  9.5s
18:51:01 INFO 第  10 轮  训练 0.01255  验证 pinball 0.01420  分时小区平均 β -1.201  9.5s
18:51:11 INFO 第  11 轮  训练 0.01239  验证 pinball 0.01505  分时小区平均 β -1.193  9.4s
18:51:19 INFO 第  12 轮  训练 0.01219  验证 pinball 0.01417  分时小区平均 β -1.186  8.8s
18:51:29 INFO 第  13 轮  训练 0.01208  验证 pinball 0.01439  分时小区平均 β -1.179  9.5s
18:51:38 INFO 第  14 轮  训练 0.01198  验证 pinball 0.01428  分时小区平均 β -1.173  9.1s
18:51:47 INFO 第  15 轮  训练 0.01179  验证 pinball 0.01411  分时小区平均 β -1.168  9.1s
18:51:56 INFO 第  16 轮  训练 0.01176  验证 pinball 0.01420  分时小区平均 β -1.162  9.0s
18:52:05 INFO 第  17 轮  训练 0.01165  验证 pinball 0.01465  分时小区平均 β -1.159  9.0s
18:52:14 INFO 第  18 轮  训练 0.01148  验证 pinball 0.01483  分时小区平均 β -1.155  8.8s
18:52:23 INFO 第  19 轮  训练 0.01135  验证 pinball 0.01488  分时小区平均 β -1.152  8.7s
18:52:32 INFO 第  20 轮  训练 0.01132  验证 pinball 0.01492  分时小区平均 β -1.149  9.1s
18:52:41 INFO 第  21 轮  训练 0.01119  验证 pinball 0.01516  分时小区平均 β -1.146  9.5s
18:52:50 INFO 第  22 轮  训练 0.01107  验证 pinball 0.01549  分时小区平均 β -1.143  8.8s
18:52:59 INFO 第  23 轮  训练 0.01099  验证 pinball 0.01519  分时小区平均 β -1.141  9.4s
18:52:59 INFO 验证损失 15 轮未改善，提前停止
18:53:05 INFO E-SS flat：真实隐含弹性 -1.101；模型 -1.140（反事实 MAE 0.0444）；插补 P0 -1.317（0.0443）
18:53:05 INFO E-SS spread1.5：真实隐含弹性 -1.100；模型 -1.140（反事实 MAE 0.0452）；插补 P0 -1.317（0.0454）
18:53:12 INFO 测试期 MAE 0.0470  WAPE 0.248  CRPS 0.0271  PICP90 原始 0.851 / ACI 0.903；输出 D:\EV充电因果预测sci论文\05_实验结果\runs\ess_rho0.5_A1free_s0
== ess_rho0.5_A1free_s0  完成，用时 4.0 分钟
== ess_rho0.5_A2none_s0  开始 18:53:13
18:53:16 INFO 运行 ess_rho0.5_A2none_s0，设备 cuda，torch 2.11.0+cu128
18:53:25 INFO E-SS 半合成数据：109 个小区（处理组 54），ρ = 0.5，真实弹性 [-0.2, -0.8, -1.5]；锚定 cells（在合成训练期上重新估计）
18:53:25 INFO 数据：T=4344 N=109 训练/验证/测试起点 3001/409/841；{'train': ('2022-09-01', '2023-01-05'), 'val': ('2023-01-06', '2023-01-23'), 'test': ('2023-01-24', '2023-02-28')}
18:53:25 INFO 模型参数 195,342；锚定方式 none；锚定来源 ess_cells
18:53:38 INFO 第   1 轮  训练 0.02351  验证 pinball 0.01839  分时小区平均 β -1.280  9.9s
18:53:47 INFO 第   2 轮  训练 0.01834  验证 pinball 0.01670  分时小区平均 β -1.219  8.9s
18:53:56 INFO 第   3 轮  训练 0.01661  验证 pinball 0.01525  分时小区平均 β -1.188  9.3s
18:54:06 INFO 第   4 轮  训练 0.01524  验证 pinball 0.01462  分时小区平均 β -1.146  9.2s
18:54:15 INFO 第   5 轮  训练 0.01420  验证 pinball 0.01449  分时小区平均 β -1.114  9.0s
18:54:24 INFO 第   6 轮  训练 0.01349  验证 pinball 0.01429  分时小区平均 β -1.087  9.3s
18:54:33 INFO 第   7 轮  训练 0.01320  验证 pinball 0.01442  分时小区平均 β -1.067  9.3s
18:54:42 INFO 第   8 轮  训练 0.01292  验证 pinball 0.01391  分时小区平均 β -1.052  8.9s
18:54:51 INFO 第   9 轮  训练 0.01268  验证 pinball 0.01512  分时小区平均 β -1.040  8.7s
18:55:00 INFO 第  10 轮  训练 0.01252  验证 pinball 0.01415  分时小区平均 β -1.032  8.8s
18:55:08 INFO 第  11 轮  训练 0.01235  验证 pinball 0.01499  分时小区平均 β -1.025  8.8s
18:55:17 INFO 第  12 轮  训练 0.01217  验证 pinball 0.01410  分时小区平均 β -1.021  8.9s
18:55:26 INFO 第  13 轮  训练 0.01205  验证 pinball 0.01439  分时小区平均 β -1.017  9.1s
18:55:35 INFO 第  14 轮  训练 0.01196  验证 pinball 0.01427  分时小区平均 β -1.014  8.7s
18:55:44 INFO 第  15 轮  训练 0.01177  验证 pinball 0.01407  分时小区平均 β -1.012  8.9s
18:55:53 INFO 第  16 轮  训练 0.01175  验证 pinball 0.01411  分时小区平均 β -1.010  9.0s
18:56:02 INFO 第  17 轮  训练 0.01163  验证 pinball 0.01460  分时小区平均 β -1.012  8.9s
18:56:11 INFO 第  18 轮  训练 0.01146  验证 pinball 0.01467  分时小区平均 β -1.012  8.7s
18:56:19 INFO 第  19 轮  训练 0.01134  验证 pinball 0.01473  分时小区平均 β -1.013  8.7s
18:56:28 INFO 第  20 轮  训练 0.01130  验证 pinball 0.01490  分时小区平均 β -1.013  8.6s
18:56:37 INFO 第  21 轮  训练 0.01121  验证 pinball 0.01484  分时小区平均 β -1.013  8.8s
18:56:45 INFO 第  22 轮  训练 0.01108  验证 pinball 0.01527  分时小区平均 β -1.014  8.7s
18:56:54 INFO 第  23 轮  训练 0.01100  验证 pinball 0.01496  分时小区平均 β -1.014  8.7s
18:56:54 INFO 验证损失 15 轮未改善，提前停止
18:57:00 INFO E-SS flat：真实隐含弹性 -1.101；模型 -0.958（反事实 MAE 0.0448）；插补 P0 -1.317（0.0445）
18:57:00 INFO E-SS spread1.5：真实隐含弹性 -1.100；模型 -0.957（反事实 MAE 0.0449）；插补 P0 -1.317（0.0453）
18:57:07 INFO 测试期 MAE 0.0471  WAPE 0.248  CRPS 0.0271  PICP90 原始 0.851 / ACI 0.903；输出 D:\EV充电因果预测sci论文\05_实验结果\runs\ess_rho0.5_A2none_s0
== ess_rho0.5_A2none_s0  完成，用时 3.9 分钟
== ess_rho0.5_A5blind_s0  开始 18:57:08
18:57:10 INFO 运行 ess_rho0.5_A5blind_s0，设备 cuda，torch 2.11.0+cu128
18:57:19 INFO E-SS 半合成数据：109 个小区（处理组 54），ρ = 0.5，真实弹性 [-0.2, -0.8, -1.5]；锚定 cells（在合成训练期上重新估计）
18:57:19 INFO 数据：T=4344 N=109 训练/验证/测试起点 3001/409/841；{'train': ('2022-09-01', '2023-01-05'), 'val': ('2023-01-06', '2023-01-23'), 'test': ('2023-01-24', '2023-02-28')}
18:57:19 INFO 模型参数 194,891；锚定方式 cut；锚定来源 ess_cells
18:57:32 INFO 第   1 轮  训练 0.02335  验证 pinball 0.01825  分时小区平均 β +nan  9.6s
18:57:41 INFO 第   2 轮  训练 0.01840  验证 pinball 0.01685  分时小区平均 β +nan  8.5s
18:57:50 INFO 第   3 轮  训练 0.01676  验证 pinball 0.01540  分时小区平均 β +nan  8.8s
18:57:59 INFO 第   4 轮  训练 0.01543  验证 pinball 0.01478  分时小区平均 β +nan  9.0s
18:58:07 INFO 第   5 轮  训练 0.01435  验证 pinball 0.01465  分时小区平均 β +nan  8.8s
18:58:16 INFO 第   6 轮  训练 0.01370  验证 pinball 0.01450  分时小区平均 β +nan  8.9s
18:58:25 INFO 第   7 轮  训练 0.01343  验证 pinball 0.01459  分时小区平均 β +nan  9.1s
18:58:34 INFO 第   8 轮  训练 0.01315  验证 pinball 0.01414  分时小区平均 β +nan  8.6s
18:58:43 INFO 第   9 轮  训练 0.01293  验证 pinball 0.01483  分时小区平均 β +nan  8.9s
18:58:52 INFO 第  10 轮  训练 0.01278  验证 pinball 0.01411  分时小区平均 β +nan  9.0s
18:59:01 INFO 第  11 轮  训练 0.01261  验证 pinball 0.01502  分时小区平均 β +nan  9.5s
18:59:10 INFO 第  12 轮  训练 0.01246  验证 pinball 0.01424  分时小区平均 β +nan  8.8s
18:59:19 INFO 第  13 轮  训练 0.01232  验证 pinball 0.01462  分时小区平均 β +nan  8.7s
18:59:28 INFO 第  14 轮  训练 0.01226  验证 pinball 0.01447  分时小区平均 β +nan  8.7s
18:59:37 INFO 第  15 轮  训练 0.01205  验证 pinball 0.01416  分时小区平均 β +nan  9.0s
18:59:46 INFO 第  16 轮  训练 0.01205  验证 pinball 0.01433  分时小区平均 β +nan  9.4s
18:59:55 INFO 第  17 轮  训练 0.01192  验证 pinball 0.01464  分时小区平均 β +nan  8.7s
19:00:03 INFO 第  18 轮  训练 0.01175  验证 pinball 0.01482  分时小区平均 β +nan  8.8s
19:00:12 INFO 第  19 轮  训练 0.01165  验证 pinball 0.01484  分时小区平均 β +nan  8.6s
19:00:21 INFO 第  20 轮  训练 0.01160  验证 pinball 0.01535  分时小区平均 β +nan  8.8s
19:00:30 INFO 第  21 轮  训练 0.01150  验证 pinball 0.01497  分时小区平均 β +nan  9.0s
19:00:38 INFO 第  22 轮  训练 0.01139  验证 pinball 0.01526  分时小区平均 β +nan  8.7s
19:00:47 INFO 第  23 轮  训练 0.01128  验证 pinball 0.01538  分时小区平均 β +nan  8.8s
19:00:57 INFO 第  24 轮  训练 0.01119  验证 pinball 0.01599  分时小区平均 β +nan  9.3s
19:01:05 INFO 第  25 轮  训练 0.01111  验证 pinball 0.01589  分时小区平均 β +nan  8.9s
19:01:05 INFO 验证损失 15 轮未改善，提前停止
19:01:11 INFO E-SS flat：真实隐含弹性 -1.101；模型 +0.000（反事实 MAE 0.0457）；插补 P0 -1.319（0.0465）
19:01:11 INFO E-SS spread1.5：真实隐含弹性 -1.100；模型 +0.000（反事实 MAE 0.0476）；插补 P0 -1.318（0.0463）
19:01:19 INFO 测试期 MAE 0.0476  WAPE 0.251  CRPS 0.0274  PICP90 原始 0.848 / ACI 0.903；输出 D:\EV充电因果预测sci论文\05_实验结果\runs\ess_rho0.5_A5blind_s0
== ess_rho0.5_A5blind_s0  完成，用时 4.2 分钟
== ess_rho0.5_A6input_s0  开始 19:01:20
19:01:23 INFO 运行 ess_rho0.5_A6input_s0，设备 cuda，torch 2.11.0+cu128
19:01:31 INFO E-SS 半合成数据：109 个小区（处理组 54），ρ = 0.5，真实弹性 [-0.2, -0.8, -1.5]；锚定 cells（在合成训练期上重新估计）
19:01:31 INFO 数据：T=4344 N=109 训练/验证/测试起点 3001/409/841；{'train': ('2022-09-01', '2023-01-05'), 'val': ('2023-01-06', '2023-01-23'), 'test': ('2023-01-24', '2023-02-28')}
19:01:31 INFO 模型参数 195,307；锚定方式 cut；锚定来源 ess_cells
19:01:44 INFO 第   1 轮  训练 0.02323  验证 pinball 0.01774  分时小区平均 β +nan  9.3s
19:01:53 INFO 第   2 轮  训练 0.01843  验证 pinball 0.01699  分时小区平均 β +nan  8.9s
19:02:02 INFO 第   3 轮  训练 0.01679  验证 pinball 0.01560  分时小区平均 β +nan  8.9s
19:02:11 INFO 第   4 轮  训练 0.01535  验证 pinball 0.01480  分时小区平均 β +nan  8.6s
19:02:20 INFO 第   5 轮  训练 0.01425  验证 pinball 0.01514  分时小区平均 β +nan  8.8s
19:02:29 INFO 第   6 轮  训练 0.01356  验证 pinball 0.01419  分时小区平均 β +nan  9.6s
19:02:38 INFO 第   7 轮  训练 0.01329  验证 pinball 0.01449  分时小区平均 β +nan  9.0s
19:02:48 INFO 第   8 轮  训练 0.01302  验证 pinball 0.01450  分时小区平均 β +nan  9.5s
19:02:57 INFO 第   9 轮  训练 0.01281  验证 pinball 0.01523  分时小区平均 β +nan  9.0s
19:03:06 INFO 第  10 轮  训练 0.01258  验证 pinball 0.01448  分时小区平均 β +nan  9.1s
19:03:14 INFO 第  11 轮  训练 0.01248  验证 pinball 0.01417  分时小区平均 β +nan  8.7s
19:03:23 INFO 第  12 轮  训练 0.01221  验证 pinball 0.01403  分时小区平均 β +nan  8.8s
19:03:32 INFO 第  13 轮  训练 0.01208  验证 pinball 0.01468  分时小区平均 β +nan  8.8s
19:03:41 INFO 第  14 轮  训练 0.01202  验证 pinball 0.01393  分时小区平均 β +nan  8.7s
19:03:50 INFO 第  15 轮  训练 0.01189  验证 pinball 0.01397  分时小区平均 β +nan  9.1s
19:03:59 INFO 第  16 轮  训练 0.01175  验证 pinball 0.01388  分时小区平均 β +nan  9.0s
19:04:08 INFO 第  17 轮  训练 0.01160  验证 pinball 0.01432  分时小区平均 β +nan  8.7s
19:04:16 INFO 第  18 轮  训练 0.01150  验证 pinball 0.01444  分时小区平均 β +nan  8.7s
19:04:25 INFO 第  19 轮  训练 0.01139  验证 pinball 0.01498  分时小区平均 β +nan  8.7s
19:04:34 INFO 第  20 轮  训练 0.01131  验证 pinball 0.01493  分时小区平均 β +nan  8.7s
19:04:43 INFO 第  21 轮  训练 0.01122  验证 pinball 0.01466  分时小区平均 β +nan  9.0s
19:04:51 INFO 第  22 轮  训练 0.01111  验证 pinball 0.01518  分时小区平均 β +nan  8.7s
19:05:00 INFO 第  23 轮  训练 0.01101  验证 pinball 0.01457  分时小区平均 β +nan  8.9s
19:05:10 INFO 第  24 轮  训练 0.01103  验证 pinball 0.01527  分时小区平均 β +nan  9.4s
19:05:19 INFO 第  25 轮  训练 0.01083  验证 pinball 0.01530  分时小区平均 β +nan  9.2s
19:05:27 INFO 第  26 轮  训练 0.01072  验证 pinball 0.01537  分时小区平均 β +nan  8.6s
19:05:36 INFO 第  27 轮  训练 0.01067  验证 pinball 0.01575  分时小区平均 β +nan  8.7s
19:05:46 INFO 第  28 轮  训练 0.01055  验证 pinball 0.01544  分时小区平均 β +nan  9.4s
19:05:55 INFO 第  29 轮  训练 0.01048  验证 pinball 0.01516  分时小区平均 β +nan  9.1s
19:06:03 INFO 第  30 轮  训练 0.01040  验证 pinball 0.01615  分时小区平均 β +nan  8.6s
19:06:12 INFO 第  31 轮  训练 0.01036  验证 pinball 0.01614  分时小区平均 β +nan  8.7s
19:06:12 INFO 验证损失 15 轮未改善，提前停止
19:06:17 INFO E-SS flat：真实隐含弹性 -1.101；模型 -0.903（反事实 MAE 0.0450）；插补 P0 -1.318（0.0449）
19:06:17 INFO E-SS spread1.5：真实隐含弹性 -1.100；模型 -0.903（反事实 MAE 0.0455）；插补 P0 -1.318（0.0456）
19:06:26 INFO 测试期 MAE 0.0472  WAPE 0.249  CRPS 0.0277  PICP90 原始 0.809 / ACI 0.903；输出 D:\EV充电因果预测sci论文\05_实验结果\runs\ess_rho0.5_A6input_s0
== ess_rho0.5_A6input_s0  完成，用时 5.1 分钟
== ess_rho0.5_A0cells_s1  开始 19:06:27
19:06:29 INFO 运行 ess_rho0.5_A0cells_s1，设备 cuda，torch 2.11.0+cu128
19:06:35 INFO E-SS 半合成数据：109 个小区（处理组 54），ρ = 0.5，真实弹性 [-0.2, -0.8, -1.5]；锚定 cells（在合成训练期上重新估计）
19:06:35 INFO 数据：T=4344 N=109 训练/验证/测试起点 3001/409/841；{'train': ('2022-09-01', '2023-01-05'), 'val': ('2023-01-06', '2023-01-23'), 'test': ('2023-01-24', '2023-02-28')}
19:06:35 INFO 模型参数 194,891；锚定方式 cut；锚定来源 ess_cells
19:06:48 INFO 第   1 轮  训练 0.02339  验证 pinball 0.01811  分时小区平均 β -1.393  9.6s
19:06:57 INFO 第   2 轮  训练 0.01832  验证 pinball 0.01628  分时小区平均 β -1.393  8.8s
19:07:06 INFO 第   3 轮  训练 0.01667  验证 pinball 0.01546  分时小区平均 β -1.393  8.6s
19:07:14 INFO 第   4 轮  训练 0.01519  验证 pinball 0.01549  分时小区平均 β -1.393  8.6s
19:07:24 INFO 第   5 轮  训练 0.01423  验证 pinball 0.01457  分时小区平均 β -1.393  9.1s
19:07:33 INFO 第   6 轮  训练 0.01362  验证 pinball 0.01416  分时小区平均 β -1.393  9.2s
19:07:42 INFO 第   7 轮  训练 0.01345  验证 pinball 0.01440  分时小区平均 β -1.393  9.4s
19:07:51 INFO 第   8 轮  训练 0.01309  验证 pinball 0.01475  分时小区平均 β -1.393  8.4s
19:07:58 INFO 第   9 轮  训练 0.01283  验证 pinball 0.01412  分时小区平均 β -1.393  7.6s
19:08:06 INFO 第  10 轮  训练 0.01271  验证 pinball 0.01443  分时小区平均 β -1.393  7.6s
19:08:13 INFO 第  11 轮  训练 0.01251  验证 pinball 0.01409  分时小区平均 β -1.393  7.5s
19:08:21 INFO 第  12 轮  训练 0.01237  验证 pinball 0.01491  分时小区平均 β -1.393  7.5s
19:08:28 INFO 第  13 轮  训练 0.01224  验证 pinball 0.01480  分时小区平均 β -1.393  7.5s
19:08:36 INFO 第  14 轮  训练 0.01207  验证 pinball 0.01459  分时小区平均 β -1.393  7.6s
19:08:43 INFO 第  15 轮  训练 0.01191  验证 pinball 0.01426  分时小区平均 β -1.393  7.5s
19:08:51 INFO 第  16 轮  训练 0.01198  验证 pinball 0.01482  分时小区平均 β -1.393  7.5s
19:08:58 INFO 第  17 轮  训练 0.01169  验证 pinball 0.01455  分时小区平均 β -1.393  7.6s
19:09:06 INFO 第  18 轮  训练 0.01158  验证 pinball 0.01480  分时小区平均 β -1.393  7.6s
19:09:14 INFO 第  19 轮  训练 0.01150  验证 pinball 0.01479  分时小区平均 β -1.393  7.5s
19:09:21 INFO 第  20 轮  训练 0.01143  验证 pinball 0.01475  分时小区平均 β -1.393  7.5s
19:09:29 INFO 第  21 轮  训练 0.01128  验证 pinball 0.01524  分时小区平均 β -1.393  7.5s
19:09:36 INFO 第  22 轮  训练 0.01119  验证 pinball 0.01646  分时小区平均 β -1.393  7.5s
19:09:44 INFO 第  23 轮  训练 0.01106  验证 pinball 0.01582  分时小区平均 β -1.393  7.5s
19:09:51 INFO 第  24 轮  训练 0.01094  验证 pinball 0.01603  分时小区平均 β -1.393  7.5s
19:09:59 INFO 第  25 轮  训练 0.01084  验证 pinball 0.01563  分时小区平均 β -1.393  7.5s
19:10:06 INFO 第  26 轮  训练 0.01082  验证 pinball 0.01517  分时小区平均 β -1.393  7.5s
19:10:06 INFO 验证损失 15 轮未改善，提前停止
19:10:10 INFO E-SS flat：真实隐含弹性 -1.062；模型 -1.230（反事实 MAE 0.0442）；插补 P0 -1.230（0.0442）
19:10:10 INFO E-SS spread1.5：真实隐含弹性 -1.062；模型 -1.230（反事实 MAE 0.0454）；插补 P0 -1.230（0.0454）
19:10:14 INFO 测试期 MAE 0.0468  WAPE 0.247  CRPS 0.0269  PICP90 原始 0.861 / ACI 0.903；输出 D:\EV充电因果预测sci论文\05_实验结果\runs\ess_rho0.5_A0cells_s1
== ess_rho0.5_A0cells_s1  完成，用时 3.8 分钟
== ess_rho0.5_A0pooled_s1  开始 19:10:14
19:10:17 INFO 运行 ess_rho0.5_A0pooled_s1，设备 cuda，torch 2.11.0+cu128
19:10:20 INFO E-SS 半合成数据：109 个小区（处理组 54），ρ = 0.5，真实弹性 [-0.2, -0.8, -1.5]；锚定 pooled（在合成训练期上重新估计）
19:10:20 INFO 数据：T=4344 N=109 训练/验证/测试起点 3001/409/841；{'train': ('2022-09-01', '2023-01-05'), 'val': ('2023-01-06', '2023-01-23'), 'test': ('2023-01-24', '2023-02-28')}
19:10:20 INFO 模型参数 194,891；锚定方式 cut；锚定来源 ess_pooled
19:10:29 INFO 第   1 轮  训练 0.02345  验证 pinball 0.01801  分时小区平均 β -1.086  7.9s
19:10:37 INFO 第   2 轮  训练 0.01845  验证 pinball 0.01655  分时小区平均 β -1.086  7.6s
19:10:44 INFO 第   3 轮  训练 0.01683  验证 pinball 0.01544  分时小区平均 β -1.086  7.5s
19:10:52 INFO 第   4 轮  训练 0.01532  验证 pinball 0.01519  分时小区平均 β -1.086  7.6s
19:10:59 INFO 第   5 轮  训练 0.01432  验证 pinball 0.01478  分时小区平均 β -1.086  7.4s
19:11:07 INFO 第   6 轮  训练 0.01367  验证 pinball 0.01406  分时小区平均 β -1.086  7.5s
19:11:14 INFO 第   7 轮  训练 0.01345  验证 pinball 0.01445  分时小区平均 β -1.086  7.5s
19:11:22 INFO 第   8 轮  训练 0.01309  验证 pinball 0.01477  分时小区平均 β -1.086  7.5s
19:11:29 INFO 第   9 轮  训练 0.01281  验证 pinball 0.01411  分时小区平均 β -1.086  7.5s
19:11:37 INFO 第  10 轮  训练 0.01268  验证 pinball 0.01441  分时小区平均 β -1.086  7.5s
19:11:45 INFO 第  11 轮  训练 0.01248  验证 pinball 0.01416  分时小区平均 β -1.086  7.5s
19:11:52 INFO 第  12 轮  训练 0.01236  验证 pinball 0.01483  分时小区平均 β -1.086  7.5s
19:12:00 INFO 第  13 轮  训练 0.01220  验证 pinball 0.01474  分时小区平均 β -1.086  7.5s
19:12:07 INFO 第  14 轮  训练 0.01203  验证 pinball 0.01458  分时小区平均 β -1.086  7.5s
19:12:15 INFO 第  15 轮  训练 0.01188  验证 pinball 0.01430  分时小区平均 β -1.086  7.5s
19:12:22 INFO 第  16 轮  训练 0.01193  验证 pinball 0.01462  分时小区平均 β -1.086  7.5s
19:12:29 INFO 第  17 轮  训练 0.01163  验证 pinball 0.01469  分时小区平均 β -1.086  7.4s
19:12:37 INFO 第  18 轮  训练 0.01156  验证 pinball 0.01505  分时小区平均 β -1.086  7.5s
19:12:44 INFO 第  19 轮  训练 0.01144  验证 pinball 0.01485  分时小区平均 β -1.086  7.5s
19:12:53 INFO 第  20 轮  训练 0.01143  验证 pinball 0.01427  分时小区平均 β -1.086  8.2s
19:13:01 INFO 第  21 轮  训练 0.01125  验证 pinball 0.01489  分时小区平均 β -1.086  8.5s
19:13:01 INFO 验证损失 15 轮未改善，提前停止
19:13:06 INFO E-SS flat：真实隐含弹性 -1.062；模型 -1.076（反事实 MAE 0.0450）；插补 P0 -1.076（0.0450）
19:13:06 INFO E-SS spread1.5：真实隐含弹性 -1.062；模型 -1.076（反事实 MAE 0.0460）；插补 P0 -1.077（0.0460）
19:13:11 INFO 测试期 MAE 0.0473  WAPE 0.249  CRPS 0.0273  PICP90 原始 0.874 / ACI 0.902；输出 D:\EV充电因果预测sci论文\05_实验结果\runs\ess_rho0.5_A0pooled_s1
== ess_rho0.5_A0pooled_s1  完成，用时 3.0 分钟
== ess_rho0.5_A1free_s1  开始 19:13:12
19:13:15 INFO 运行 ess_rho0.5_A1free_s1，设备 cuda，torch 2.11.0+cu128
19:13:21 INFO E-SS 半合成数据：109 个小区（处理组 54），ρ = 0.5，真实弹性 [-0.2, -0.8, -1.5]；锚定 cells（在合成训练期上重新估计）
19:13:21 INFO 数据：T=4344 N=109 训练/验证/测试起点 3001/409/841；{'train': ('2022-09-01', '2023-01-05'), 'val': ('2023-01-06', '2023-01-23'), 'test': ('2023-01-24', '2023-02-28')}
19:13:21 INFO 模型参数 195,342；锚定方式 free；锚定来源 ess_cells
19:13:35 INFO 第   1 轮  训练 0.02338  验证 pinball 0.01806  分时小区平均 β -1.329  10.2s
19:13:44 INFO 第   2 轮  训练 0.01830  验证 pinball 0.01630  分时小区平均 β -1.289  8.8s
19:13:53 INFO 第   3 轮  训练 0.01666  验证 pinball 0.01542  分时小区平均 β -1.261  8.8s
19:14:02 INFO 第   4 轮  训练 0.01518  验证 pinball 0.01541  分时小区平均 β -1.231  8.8s
19:14:11 INFO 第   5 轮  训练 0.01421  验证 pinball 0.01454  分时小区平均 β -1.205  8.9s
19:14:20 INFO 第   6 轮  训练 0.01359  验证 pinball 0.01419  分时小区平均 β -1.182  9.0s
19:14:28 INFO 第   7 轮  训练 0.01343  验证 pinball 0.01438  分时小区平均 β -1.162  8.8s
19:14:38 INFO 第   8 轮  训练 0.01306  验证 pinball 0.01462  分时小区平均 β -1.146  9.3s
19:14:47 INFO 第   9 轮  训练 0.01280  验证 pinball 0.01406  分时小区平均 β -1.132  9.5s
19:14:57 INFO 第  10 轮  训练 0.01267  验证 pinball 0.01442  分时小区平均 β -1.119  9.4s
19:15:06 INFO 第  11 轮  训练 0.01247  验证 pinball 0.01403  分时小区平均 β -1.110  9.8s
19:15:16 INFO 第  12 轮  训练 0.01234  验证 pinball 0.01496  分时小区平均 β -1.102  9.6s
19:15:25 INFO 第  13 轮  训练 0.01219  验证 pinball 0.01473  分时小区平均 β -1.096  9.0s
19:15:35 INFO 第  14 轮  训练 0.01202  验证 pinball 0.01452  分时小区平均 β -1.089  9.6s
19:15:44 INFO 第  15 轮  训练 0.01186  验证 pinball 0.01425  分时小区平均 β -1.085  9.7s
19:15:53 INFO 第  16 轮  训练 0.01192  验证 pinball 0.01472  分时小区平均 β -1.080  9.1s
19:16:02 INFO 第  17 轮  训练 0.01161  验证 pinball 0.01448  分时小区平均 β -1.075  8.8s
19:16:11 INFO 第  18 轮  训练 0.01152  验证 pinball 0.01481  分时小区平均 β -1.071  9.0s
19:16:21 INFO 第  19 轮  训练 0.01143  验证 pinball 0.01466  分时小区平均 β -1.067  9.4s
19:16:30 INFO 第  20 轮  训练 0.01137  验证 pinball 0.01461  分时小区平均 β -1.063  9.7s
19:16:39 INFO 第  21 轮  训练 0.01121  验证 pinball 0.01520  分时小区平均 β -1.060  9.2s
19:16:49 INFO 第  22 轮  训练 0.01114  验证 pinball 0.01616  分时小区平均 β -1.057  9.2s
19:16:58 INFO 第  23 轮  训练 0.01100  验证 pinball 0.01573  分时小区平均 β -1.056  8.9s
19:17:06 INFO 第  24 轮  训练 0.01088  验证 pinball 0.01611  分时小区平均 β -1.054  8.7s
19:17:16 INFO 第  25 轮  训练 0.01077  验证 pinball 0.01546  分时小区平均 β -1.053  9.3s
19:17:24 INFO 第  26 轮  训练 0.01073  验证 pinball 0.01545  分时小区平均 β -1.052  8.7s
19:17:24 INFO 验证损失 15 轮未改善，提前停止
19:17:30 INFO E-SS flat：真实隐含弹性 -1.062；模型 -0.999（反事实 MAE 0.0442）；插补 P0 -1.230（0.0442）
19:17:30 INFO E-SS spread1.5：真实隐含弹性 -1.062；模型 -0.999（反事实 MAE 0.0447）；插补 P0 -1.230（0.0449）
19:17:38 INFO 测试期 MAE 0.0467  WAPE 0.246  CRPS 0.0268  PICP90 原始 0.862 / ACI 0.903；输出 D:\EV充电因果预测sci论文\05_实验结果\runs\ess_rho0.5_A1free_s1
== ess_rho0.5_A1free_s1  完成，用时 4.4 分钟
== ess_rho0.5_A2none_s1  开始 19:17:39
19:17:42 INFO 运行 ess_rho0.5_A2none_s1，设备 cuda，torch 2.11.0+cu128
19:17:47 INFO E-SS 半合成数据：109 个小区（处理组 54），ρ = 0.5，真实弹性 [-0.2, -0.8, -1.5]；锚定 cells（在合成训练期上重新估计）
19:17:47 INFO 数据：T=4344 N=109 训练/验证/测试起点 3001/409/841；{'train': ('2022-09-01', '2023-01-05'), 'val': ('2023-01-06', '2023-01-23'), 'test': ('2023-01-24', '2023-02-28')}
19:17:47 INFO 模型参数 195,342；锚定方式 none；锚定来源 ess_cells
19:18:01 INFO 第   1 轮  训练 0.02336  验证 pinball 0.01803  分时小区平均 β -1.248  9.9s
19:18:09 INFO 第   2 轮  训练 0.01825  验证 pinball 0.01630  分时小区平均 β -1.154  8.8s
19:18:18 INFO 第   3 轮  训练 0.01663  验证 pinball 0.01536  分时小区平均 β -1.097  8.7s
19:18:27 INFO 第   4 轮  训练 0.01520  验证 pinball 0.01488  分时小区平均 β -1.051  8.7s
19:18:36 INFO 第   5 轮  训练 0.01420  验证 pinball 0.01473  分时小区平均 β -1.023  9.0s
19:18:45 INFO 第   6 轮  训练 0.01360  验证 pinball 0.01402  分时小区平均 β -1.003  8.8s
19:18:53 INFO 第   7 轮  训练 0.01338  验证 pinball 0.01436  分时小区平均 β -0.988  8.7s
19:19:02 INFO 第   8 轮  训练 0.01304  验证 pinball 0.01479  分时小区平均 β -0.980  8.9s
19:19:11 INFO 第   9 轮  训练 0.01277  验证 pinball 0.01406  分时小区平均 β -0.976  8.6s
19:19:20 INFO 第  10 轮  训练 0.01263  验证 pinball 0.01443  分时小区平均 β -0.971  8.7s
19:19:29 INFO 第  11 轮  训练 0.01244  验证 pinball 0.01399  分时小区平均 β -0.971  8.9s
19:19:37 INFO 第  12 轮  训练 0.01230  验证 pinball 0.01499  分时小区平均 β -0.970  8.7s
19:19:46 INFO 第  13 轮  训练 0.01216  验证 pinball 0.01468  分时小区平均 β -0.970  8.8s
19:19:55 INFO 第  14 轮  训练 0.01198  验证 pinball 0.01451  分时小区平均 β -0.969  8.9s
19:20:04 INFO 第  15 轮  训练 0.01183  验证 pinball 0.01416  分时小区平均 β -0.969  9.3s
19:20:13 INFO 第  16 轮  训练 0.01189  验证 pinball 0.01460  分时小区平均 β -0.968  8.8s
19:20:22 INFO 第  17 轮  训练 0.01159  验证 pinball 0.01449  分时小区平均 β -0.968  9.1s
19:20:31 INFO 第  18 轮  训练 0.01150  验证 pinball 0.01485  分时小区平均 β -0.968  8.8s
19:20:40 INFO 第  19 轮  训练 0.01140  验证 pinball 0.01461  分时小区平均 β -0.969  8.9s
19:20:49 INFO 第  20 轮  训练 0.01134  验证 pinball 0.01450  分时小区平均 β -0.968  8.8s
19:20:57 INFO 第  21 轮  训练 0.01120  验证 pinball 0.01483  分时小区平均 β -0.971  8.7s
19:21:06 INFO 第  22 轮  训练 0.01112  验证 pinball 0.01597  分时小区平均 β -0.973  8.8s
19:21:15 INFO 第  23 轮  训练 0.01096  验证 pinball 0.01568  分时小区平均 β -0.975  8.8s
19:21:24 INFO 第  24 轮  训练 0.01086  验证 pinball 0.01600  分时小区平均 β -0.978  8.8s
19:21:32 INFO 第  25 轮  训练 0.01075  验证 pinball 0.01539  分时小区平均 β -0.980  8.6s
19:21:42 INFO 第  26 轮  训练 0.01073  验证 pinball 0.01529  分时小区平均 β -0.982  9.2s
19:21:42 INFO 验证损失 15 轮未改善，提前停止
19:21:47 INFO E-SS flat：真实隐含弹性 -1.062；模型 -0.886（反事实 MAE 0.0443）；插补 P0 -1.230（0.0444）
19:21:47 INFO E-SS spread1.5：真实隐含弹性 -1.062；模型 -0.886（反事实 MAE 0.0446）；插补 P0 -1.230（0.0447）
19:21:54 INFO 测试期 MAE 0.0466  WAPE 0.245  CRPS 0.0268  PICP90 原始 0.860 / ACI 0.903；输出 D:\EV充电因果预测sci论文\05_实验结果\runs\ess_rho0.5_A2none_s1
== ess_rho0.5_A2none_s1  完成，用时 4.3 分钟
== ess_rho0.5_A5blind_s1  开始 19:21:55
19:21:57 INFO 运行 ess_rho0.5_A5blind_s1，设备 cuda，torch 2.11.0+cu128
19:22:03 INFO E-SS 半合成数据：109 个小区（处理组 54），ρ = 0.5，真实弹性 [-0.2, -0.8, -1.5]；锚定 cells（在合成训练期上重新估计）
19:22:03 INFO 数据：T=4344 N=109 训练/验证/测试起点 3001/409/841；{'train': ('2022-09-01', '2023-01-05'), 'val': ('2023-01-06', '2023-01-23'), 'test': ('2023-01-24', '2023-02-28')}
19:22:04 INFO 模型参数 194,891；锚定方式 cut；锚定来源 ess_cells
19:22:17 INFO 第   1 轮  训练 0.02321  验证 pinball 0.01777  分时小区平均 β +nan  10.1s
19:22:26 INFO 第   2 轮  训练 0.01834  验证 pinball 0.01623  分时小区平均 β +nan  8.7s
19:22:35 INFO 第   3 轮  训练 0.01679  验证 pinball 0.01548  分时小区平均 β +nan  8.9s
19:22:44 INFO 第   4 轮  训练 0.01550  验证 pinball 0.01510  分时小区平均 β +nan  8.8s
19:22:52 INFO 第   5 轮  训练 0.01449  验证 pinball 0.01498  分时小区平均 β +nan  8.7s
19:23:01 INFO 第   6 轮  训练 0.01383  验证 pinball 0.01410  分时小区平均 β +nan  9.1s
19:23:10 INFO 第   7 轮  训练 0.01356  验证 pinball 0.01491  分时小区平均 β +nan  9.1s
19:23:20 INFO 第   8 轮  训练 0.01324  验证 pinball 0.01463  分时小区平均 β +nan  9.1s
19:23:29 INFO 第   9 轮  训练 0.01295  验证 pinball 0.01411  分时小区平均 β +nan  9.1s
19:23:37 INFO 第  10 轮  训练 0.01279  验证 pinball 0.01454  分时小区平均 β +nan  8.8s
19:23:46 INFO 第  11 轮  训练 0.01258  验证 pinball 0.01419  分时小区平均 β +nan  8.8s
19:23:56 INFO 第  12 轮  训练 0.01246  验证 pinball 0.01460  分时小区平均 β +nan  9.3s
19:24:05 INFO 第  13 轮  训练 0.01233  验证 pinball 0.01490  分时小区平均 β +nan  9.0s
19:24:14 INFO 第  14 轮  训练 0.01215  验证 pinball 0.01464  分时小区平均 β +nan  9.2s
19:24:23 INFO 第  15 轮  训练 0.01200  验证 pinball 0.01439  分时小区平均 β +nan  9.1s
19:24:32 INFO 第  16 轮  训练 0.01206  验证 pinball 0.01490  分时小区平均 β +nan  8.8s
19:24:40 INFO 第  17 轮  训练 0.01177  验证 pinball 0.01457  分时小区平均 β +nan  8.8s
19:24:50 INFO 第  18 轮  训练 0.01169  验证 pinball 0.01495  分时小区平均 β +nan  9.2s
19:24:58 INFO 第  19 轮  训练 0.01159  验证 pinball 0.01514  分时小区平均 β +nan  8.8s
19:25:08 INFO 第  20 轮  训练 0.01154  验证 pinball 0.01449  分时小区平均 β +nan  9.4s
19:25:17 INFO 第  21 轮  训练 0.01140  验证 pinball 0.01513  分时小区平均 β +nan  9.0s
19:25:17 INFO 验证损失 15 轮未改善，提前停止
19:25:22 INFO E-SS flat：真实隐含弹性 -1.062；模型 +0.000（反事实 MAE 0.0457）；插补 P0 -1.230（0.0465）
19:25:22 INFO E-SS spread1.5：真实隐含弹性 -1.062；模型 +0.000（反事实 MAE 0.0475）；插补 P0 -1.230（0.0461）
19:25:30 INFO 测试期 MAE 0.0476  WAPE 0.251  CRPS 0.0274  PICP90 原始 0.875 / ACI 0.902；输出 D:\EV充电因果预测sci论文\05_实验结果\runs\ess_rho0.5_A5blind_s1
== ess_rho0.5_A5blind_s1  完成，用时 3.6 分钟
== ess_rho0.5_A6input_s1  开始 19:25:31
19:25:34 INFO 运行 ess_rho0.5_A6input_s1，设备 cuda，torch 2.11.0+cu128
19:25:40 INFO E-SS 半合成数据：109 个小区（处理组 54），ρ = 0.5，真实弹性 [-0.2, -0.8, -1.5]；锚定 cells（在合成训练期上重新估计）
19:25:40 INFO 数据：T=4344 N=109 训练/验证/测试起点 3001/409/841；{'train': ('2022-09-01', '2023-01-05'), 'val': ('2023-01-06', '2023-01-23'), 'test': ('2023-01-24', '2023-02-28')}
19:25:40 INFO 模型参数 195,307；锚定方式 cut；锚定来源 ess_cells
19:25:54 INFO 第   1 轮  训练 0.02282  验证 pinball 0.01753  分时小区平均 β +nan  10.3s
19:26:02 INFO 第   2 轮  训练 0.01810  验证 pinball 0.01639  分时小区平均 β +nan  8.8s
19:26:11 INFO 第   3 轮  训练 0.01653  验证 pinball 0.01526  分时小区平均 β +nan  8.9s
19:26:21 INFO 第   4 轮  训练 0.01506  验证 pinball 0.01468  分时小区平均 β +nan  9.3s
19:26:29 INFO 第   5 轮  训练 0.01412  验证 pinball 0.01444  分时小区平均 β +nan  8.9s
19:26:38 INFO 第   6 轮  训练 0.01354  验证 pinball 0.01435  分时小区平均 β +nan  8.8s
19:26:47 INFO 第   7 轮  训练 0.01331  验证 pinball 0.01457  分时小区平均 β +nan  8.8s
19:26:56 INFO 第   8 轮  训练 0.01298  验证 pinball 0.01403  分时小区平均 β +nan  9.3s
19:27:05 INFO 第   9 轮  训练 0.01265  验证 pinball 0.01385  分时小区平均 β +nan  8.8s
19:27:14 INFO 第  10 轮  训练 0.01251  验证 pinball 0.01379  分时小区平均 β +nan  9.1s
19:27:24 INFO 第  11 轮  训练 0.01228  验证 pinball 0.01406  分时小区平均 β +nan  9.2s
19:27:32 INFO 第  12 轮  训练 0.01223  验证 pinball 0.01416  分时小区平均 β +nan  8.9s
19:27:41 INFO 第  13 轮  训练 0.01203  验证 pinball 0.01406  分时小区平均 β +nan  8.8s
19:27:50 INFO 第  14 轮  训练 0.01192  验证 pinball 0.01466  分时小区平均 β +nan  8.8s
19:27:59 INFO 第  15 轮  训练 0.01176  验证 pinball 0.01431  分时小区平均 β +nan  9.2s
19:28:08 INFO 第  16 轮  训练 0.01167  验证 pinball 0.01461  分时小区平均 β +nan  9.0s
19:28:17 INFO 第  17 轮  训练 0.01148  验证 pinball 0.01465  分时小区平均 β +nan  8.8s
19:28:26 INFO 第  18 轮  训练 0.01144  验证 pinball 0.01433  分时小区平均 β +nan  9.1s
19:28:35 INFO 第  19 轮  训练 0.01133  验证 pinball 0.01523  分时小区平均 β +nan  8.9s
19:28:44 INFO 第  20 轮  训练 0.01131  验证 pinball 0.01451  分时小区平均 β +nan  9.3s
19:28:53 INFO 第  21 轮  训练 0.01114  验证 pinball 0.01469  分时小区平均 β +nan  9.1s
19:29:02 INFO 第  22 轮  训练 0.01104  验证 pinball 0.01608  分时小区平均 β +nan  8.7s
19:29:11 INFO 第  23 轮  训练 0.01093  验证 pinball 0.01570  分时小区平均 β +nan  9.1s
19:29:20 INFO 第  24 轮  训练 0.01084  验证 pinball 0.01580  分时小区平均 β +nan  9.0s
19:29:29 INFO 第  25 轮  训练 0.01074  验证 pinball 0.01517  分时小区平均 β +nan  8.8s
19:29:29 INFO 验证损失 15 轮未改善，提前停止
19:29:34 INFO E-SS flat：真实隐含弹性 -1.062；模型 -0.658（反事实 MAE 0.0447）；插补 P0 -1.231（0.0450）
19:29:34 INFO E-SS spread1.5：真实隐含弹性 -1.062；模型 -0.658（反事实 MAE 0.0452）；插补 P0 -1.230（0.0451）
19:29:43 INFO 测试期 MAE 0.0468  WAPE 0.247  CRPS 0.0272  PICP90 原始 0.832 / ACI 0.903；输出 D:\EV充电因果预测sci论文\05_实验结果\runs\ess_rho0.5_A6input_s1
== ess_rho0.5_A6input_s1  完成，用时 4.2 分钟
== ess_rho0.5_A0cells_s2  开始 19:29:44
19:29:47 INFO 运行 ess_rho0.5_A0cells_s2，设备 cuda，torch 2.11.0+cu128
19:29:54 INFO E-SS 半合成数据：109 个小区（处理组 54），ρ = 0.5，真实弹性 [-0.2, -0.8, -1.5]；锚定 cells（在合成训练期上重新估计）
19:29:54 INFO 数据：T=4344 N=109 训练/验证/测试起点 3001/409/841；{'train': ('2022-09-01', '2023-01-05'), 'val': ('2023-01-06', '2023-01-23'), 'test': ('2023-01-24', '2023-02-28')}
19:29:54 INFO 模型参数 194,891；锚定方式 cut；锚定来源 ess_cells
19:30:07 INFO 第   1 轮  训练 0.02331  验证 pinball 0.01813  分时小区平均 β -1.236  9.5s
19:30:15 INFO 第   2 轮  训练 0.01837  验证 pinball 0.01622  分时小区平均 β -1.236  8.8s
19:30:24 INFO 第   3 轮  训练 0.01661  验证 pinball 0.01570  分时小区平均 β -1.236  8.9s
19:30:33 INFO 第   4 轮  训练 0.01540  验证 pinball 0.01500  分时小区平均 β -1.236  8.7s
19:30:42 INFO 第   5 轮  训练 0.01428  验证 pinball 0.01439  分时小区平均 β -1.236  8.7s
19:30:51 INFO 第   6 轮  训练 0.01370  验证 pinball 0.01397  分时小区平均 β -1.236  8.7s
19:30:59 INFO 第   7 轮  训练 0.01325  验证 pinball 0.01374  分时小区平均 β -1.236  8.7s
19:31:08 INFO 第   8 轮  训练 0.01296  验证 pinball 0.01424  分时小区平均 β -1.236  8.5s
19:31:16 INFO 第   9 轮  训练 0.01287  验证 pinball 0.01405  分时小区平均 β -1.236  8.7s
19:31:26 INFO 第  10 轮  训练 0.01263  验证 pinball 0.01451  分时小区平均 β -1.236  9.2s
19:31:35 INFO 第  11 轮  训练 0.01240  验证 pinball 0.01409  分时小区平均 β -1.236  9.4s
19:31:44 INFO 第  12 轮  训练 0.01221  验证 pinball 0.01396  分时小区平均 β -1.236  8.9s
19:31:53 INFO 第  13 轮  训练 0.01215  验证 pinball 0.01456  分时小区平均 β -1.236  8.9s
19:32:02 INFO 第  14 轮  训练 0.01206  验证 pinball 0.01390  分时小区平均 β -1.236  9.1s
19:32:11 INFO 第  15 轮  训练 0.01191  验证 pinball 0.01424  分时小区平均 β -1.236  9.0s
19:32:20 INFO 第  16 轮  训练 0.01177  验证 pinball 0.01482  分时小区平均 β -1.236  8.9s
19:32:28 INFO 第  17 轮  训练 0.01171  验证 pinball 0.01445  分时小区平均 β -1.236  8.6s
19:32:37 INFO 第  18 轮  训练 0.01156  验证 pinball 0.01436  分时小区平均 β -1.236  8.6s
19:32:46 INFO 第  19 轮  训练 0.01144  验证 pinball 0.01461  分时小区平均 β -1.236  8.9s
19:32:55 INFO 第  20 轮  训练 0.01137  验证 pinball 0.01494  分时小区平均 β -1.236  8.7s
19:33:03 INFO 第  21 轮  训练 0.01128  验证 pinball 0.01462  分时小区平均 β -1.236  8.8s
19:33:13 INFO 第  22 轮  训练 0.01121  验证 pinball 0.01491  分时小区平均 β -1.236  9.2s
19:33:13 INFO 验证损失 15 轮未改善，提前停止
19:33:18 INFO E-SS flat：真实隐含弹性 -1.028；模型 -1.159（反事实 MAE 0.0484）；插补 P0 -1.159（0.0484）
19:33:18 INFO E-SS spread1.5：真实隐含弹性 -1.028；模型 -1.158（反事实 MAE 0.0490）；插补 P0 -1.158（0.0490）
19:33:26 INFO 测试期 MAE 0.0474  WAPE 0.250  CRPS 0.0273  PICP90 原始 0.863 / ACI 0.901；输出 D:\EV充电因果预测sci论文\05_实验结果\runs\ess_rho0.5_A0cells_s2
== ess_rho0.5_A0cells_s2  完成，用时 3.7 分钟
== ess_rho0.5_A0pooled_s2  开始 19:33:27
19:33:30 INFO 运行 ess_rho0.5_A0pooled_s2，设备 cuda，torch 2.11.0+cu128
19:33:37 INFO E-SS 半合成数据：109 个小区（处理组 54），ρ = 0.5，真实弹性 [-0.2, -0.8, -1.5]；锚定 pooled（在合成训练期上重新估计）
19:33:37 INFO 数据：T=4344 N=109 训练/验证/测试起点 3001/409/841；{'train': ('2022-09-01', '2023-01-05'), 'val': ('2023-01-06', '2023-01-23'), 'test': ('2023-01-24', '2023-02-28')}
19:33:38 INFO 模型参数 194,891；锚定方式 cut；锚定来源 ess_pooled
19:33:51 INFO 第   1 轮  训练 0.02336  验证 pinball 0.01824  分时小区平均 β -1.059  9.6s
19:34:00 INFO 第   2 轮  训练 0.01841  验证 pinball 0.01600  分时小区平均 β -1.059  8.8s
19:34:08 INFO 第   3 轮  训练 0.01665  验证 pinball 0.01543  分时小区平均 β -1.059  8.8s
19:34:17 INFO 第   4 轮  训练 0.01542  验证 pinball 0.01499  分时小区平均 β -1.059  8.5s
19:34:25 INFO 第   5 轮  训练 0.01432  验证 pinball 0.01442  分时小区平均 β -1.059  8.6s
19:34:35 INFO 第   6 轮  训练 0.01374  验证 pinball 0.01404  分时小区平均 β -1.059  9.1s
19:34:43 INFO 第   7 轮  训练 0.01329  验证 pinball 0.01373  分时小区平均 β -1.059  8.8s
19:34:52 INFO 第   8 轮  训练 0.01300  验证 pinball 0.01434  分时小区平均 β -1.059  8.8s
19:35:01 INFO 第   9 轮  训练 0.01290  验证 pinball 0.01425  分时小区平均 β -1.059  9.3s
19:35:10 INFO 第  10 轮  训练 0.01266  验证 pinball 0.01449  分时小区平均 β -1.059  8.9s
19:35:19 INFO 第  11 轮  训练 0.01243  验证 pinball 0.01420  分时小区平均 β -1.059  8.5s
19:35:28 INFO 第  12 轮  训练 0.01223  验证 pinball 0.01408  分时小区平均 β -1.059  8.7s
19:35:37 INFO 第  13 轮  训练 0.01219  验证 pinball 0.01453  分时小区平均 β -1.059  8.9s
19:35:45 INFO 第  14 轮  训练 0.01208  验证 pinball 0.01398  分时小区平均 β -1.059  8.7s
19:35:54 INFO 第  15 轮  训练 0.01193  验证 pinball 0.01430  分时小区平均 β -1.059  8.6s
19:36:03 INFO 第  16 轮  训练 0.01180  验证 pinball 0.01496  分时小区平均 β -1.059  8.8s
19:36:12 INFO 第  17 轮  训练 0.01175  验证 pinball 0.01464  分时小区平均 β -1.059  9.2s
19:36:21 INFO 第  18 轮  训练 0.01159  验证 pinball 0.01466  分时小区平均 β -1.059  8.8s
19:36:29 INFO 第  19 轮  训练 0.01143  验证 pinball 0.01480  分时小区平均 β -1.059  8.7s
19:36:38 INFO 第  20 轮  训练 0.01136  验证 pinball 0.01491  分时小区平均 β -1.059  8.6s
19:36:46 INFO 第  21 轮  训练 0.01129  验证 pinball 0.01463  分时小区平均 β -1.059  8.6s
19:36:55 INFO 第  22 轮  训练 0.01119  验证 pinball 0.01491  分时小区平均 β -1.059  8.9s
19:36:55 INFO 验证损失 15 轮未改善，提前停止
19:37:01 INFO E-SS flat：真实隐含弹性 -1.028；模型 -1.052（反事实 MAE 0.0482）；插补 P0 -1.052（0.0482）
19:37:01 INFO E-SS spread1.5：真实隐含弹性 -1.028；模型 -1.051（反事实 MAE 0.0492）；插补 P0 -1.051（0.0492）
19:37:09 INFO 测试期 MAE 0.0473  WAPE 0.249  CRPS 0.0273  PICP90 原始 0.862 / ACI 0.901；输出 D:\EV充电因果预测sci论文\05_实验结果\runs\ess_rho0.5_A0pooled_s2
== ess_rho0.5_A0pooled_s2  完成，用时 3.7 分钟
== ess_rho0.5_A1free_s2  开始 19:37:10
19:37:12 INFO 运行 ess_rho0.5_A1free_s2，设备 cuda，torch 2.11.0+cu128
19:37:20 INFO E-SS 半合成数据：109 个小区（处理组 54），ρ = 0.5，真实弹性 [-0.2, -0.8, -1.5]；锚定 cells（在合成训练期上重新估计）
19:37:20 INFO 数据：T=4344 N=109 训练/验证/测试起点 3001/409/841；{'train': ('2022-09-01', '2023-01-05'), 'val': ('2023-01-06', '2023-01-23'), 'test': ('2023-01-24', '2023-02-28')}
19:37:20 INFO 模型参数 195,342；锚定方式 free；锚定来源 ess_cells
19:37:34 INFO 第   1 轮  训练 0.02330  验证 pinball 0.01811  分时小区平均 β -1.183  10.0s
19:37:43 INFO 第   2 轮  训练 0.01834  验证 pinball 0.01593  分时小区平均 β -1.160  9.0s
19:37:52 INFO 第   3 轮  训练 0.01659  验证 pinball 0.01562  分时小区平均 β -1.152  9.0s
19:38:01 INFO 第   4 轮  训练 0.01537  验证 pinball 0.01496  分时小区平均 β -1.143  9.2s
19:38:10 INFO 第   5 轮  训练 0.01427  验证 pinball 0.01437  分时小区平均 β -1.131  8.9s
19:38:19 INFO 第   6 轮  训练 0.01368  验证 pinball 0.01395  分时小区平均 β -1.115  9.0s
19:38:28 INFO 第   7 轮  训练 0.01323  验证 pinball 0.01374  分时小区平均 β -1.100  8.8s
19:38:37 INFO 第   8 轮  训练 0.01294  验证 pinball 0.01423  分时小区平均 β -1.088  8.9s
19:38:46 INFO 第   9 轮  训练 0.01284  验证 pinball 0.01412  分时小区平均 β -1.077  9.6s
19:38:56 INFO 第  10 轮  训练 0.01261  验证 pinball 0.01446  分时小区平均 β -1.068  9.3s
19:39:05 INFO 第  11 轮  训练 0.01237  验证 pinball 0.01413  分时小区平均 β -1.060  9.2s
19:39:14 INFO 第  12 轮  训练 0.01218  验证 pinball 0.01398  分时小区平均 β -1.053  9.2s
19:39:23 INFO 第  13 轮  训练 0.01212  验证 pinball 0.01461  分时小区平均 β -1.047  8.8s
19:39:32 INFO 第  14 轮  训练 0.01202  验证 pinball 0.01395  分时小区平均 β -1.041  9.2s
19:39:42 INFO 第  15 轮  训练 0.01188  验证 pinball 0.01421  分时小区平均 β -1.036  9.6s
19:39:51 INFO 第  16 轮  训练 0.01173  验证 pinball 0.01479  分时小区平均 β -1.032  9.0s
19:39:59 INFO 第  17 轮  训练 0.01167  验证 pinball 0.01444  分时小区平均 β -1.028  8.8s
19:40:08 INFO 第  18 轮  训练 0.01151  验证 pinball 0.01444  分时小区平均 β -1.025  8.8s
19:40:17 INFO 第  19 轮  训练 0.01139  验证 pinball 0.01477  分时小区平均 β -1.022  8.9s
19:40:26 INFO 第  20 轮  训练 0.01133  验证 pinball 0.01500  分时小区平均 β -1.019  9.0s
19:40:35 INFO 第  21 轮  训练 0.01122  验证 pinball 0.01456  分时小区平均 β -1.017  9.2s
19:40:45 INFO 第  22 轮  训练 0.01115  验证 pinball 0.01490  分时小区平均 β -1.014  9.5s
19:40:45 INFO 验证损失 15 轮未改善，提前停止
19:40:51 INFO E-SS flat：真实隐含弹性 -1.028；模型 -1.019（反事实 MAE 0.0484）；插补 P0 -1.159（0.0483）
19:40:51 INFO E-SS spread1.5：真实隐含弹性 -1.028；模型 -1.019（反事实 MAE 0.0487）；插补 P0 -1.158（0.0488）
19:40:58 INFO 测试期 MAE 0.0473  WAPE 0.249  CRPS 0.0273  PICP90 原始 0.862 / ACI 0.901；输出 D:\EV充电因果预测sci论文\05_实验结果\runs\ess_rho0.5_A1free_s2
== ess_rho0.5_A1free_s2  完成，用时 3.8 分钟
== ess_rho0.5_A2none_s2  开始 19:40:59
19:41:02 INFO 运行 ess_rho0.5_A2none_s2，设备 cuda，torch 2.11.0+cu128
19:41:09 INFO E-SS 半合成数据：109 个小区（处理组 54），ρ = 0.5，真实弹性 [-0.2, -0.8, -1.5]；锚定 cells（在合成训练期上重新估计）
19:41:09 INFO 数据：T=4344 N=109 训练/验证/测试起点 3001/409/841；{'train': ('2022-09-01', '2023-01-05'), 'val': ('2023-01-06', '2023-01-23'), 'test': ('2023-01-24', '2023-02-28')}
19:41:09 INFO 模型参数 195,342；锚定方式 none；锚定来源 ess_cells
19:41:22 INFO 第   1 轮  训练 0.02327  验证 pinball 0.01806  分时小区平均 β -1.102  9.7s
19:41:31 INFO 第   2 轮  训练 0.01824  验证 pinball 0.01588  分时小区平均 β -1.037  9.2s
19:41:40 INFO 第   3 轮  训练 0.01651  验证 pinball 0.01543  分时小区平均 β -1.009  8.8s
19:41:49 INFO 第   4 轮  训练 0.01533  验证 pinball 0.01491  分时小区平均 β -0.992  9.0s
19:41:58 INFO 第   5 轮  训练 0.01425  验证 pinball 0.01434  分时小区平均 β -0.979  8.8s
19:42:07 INFO 第   6 轮  训练 0.01367  验证 pinball 0.01395  分时小区平均 β -0.964  9.1s
19:42:17 INFO 第   7 轮  训练 0.01322  验证 pinball 0.01370  分时小区平均 β -0.950  9.5s
19:42:26 INFO 第   8 轮  训练 0.01292  验证 pinball 0.01424  分时小区平均 β -0.942  9.0s
19:42:35 INFO 第   9 轮  训练 0.01282  验证 pinball 0.01401  分时小区平均 β -0.934  8.8s
19:42:43 INFO 第  10 轮  训练 0.01258  验证 pinball 0.01445  分时小区平均 β -0.929  8.7s
19:42:52 INFO 第  11 轮  训练 0.01234  验证 pinball 0.01405  分时小区平均 β -0.926  8.8s
19:43:01 INFO 第  12 轮  训练 0.01215  验证 pinball 0.01399  分时小区平均 β -0.923  9.2s
19:43:10 INFO 第  13 轮  训练 0.01209  验证 pinball 0.01446  分时小区平均 β -0.921  8.8s
19:43:19 INFO 第  14 轮  训练 0.01200  验证 pinball 0.01384  分时小区平均 β -0.917  9.1s
19:43:28 INFO 第  15 轮  训练 0.01186  验证 pinball 0.01421  分时小区平均 β -0.915  9.3s
19:43:38 INFO 第  16 轮  训练 0.01172  验证 pinball 0.01469  分时小区平均 β -0.914  9.2s
19:43:47 INFO 第  17 轮  训练 0.01166  验证 pinball 0.01444  分时小区平均 β -0.912  9.3s
19:43:56 INFO 第  18 轮  训练 0.01149  验证 pinball 0.01444  分时小区平均 β -0.910  9.3s
19:44:05 INFO 第  19 轮  训练 0.01139  验证 pinball 0.01454  分时小区平均 β -0.909  8.9s
19:44:14 INFO 第  20 轮  训练 0.01131  验证 pinball 0.01482  分时小区平均 β -0.908  9.3s
19:44:23 INFO 第  21 轮  训练 0.01121  验证 pinball 0.01477  分时小区平均 β -0.907  8.9s
19:44:32 INFO 第  22 轮  训练 0.01115  验证 pinball 0.01486  分时小区平均 β -0.907  8.9s
19:44:32 INFO 验证损失 15 轮未改善，提前停止
19:44:38 INFO E-SS flat：真实隐含弹性 -1.028；模型 -0.866（反事实 MAE 0.0485）；插补 P0 -1.159（0.0483）
19:44:38 INFO E-SS spread1.5：真实隐含弹性 -1.028；模型 -0.866（反事实 MAE 0.0484）；插补 P0 -1.158（0.0485）
19:44:46 INFO 测试期 MAE 0.0472  WAPE 0.249  CRPS 0.0272  PICP90 原始 0.861 / ACI 0.901；输出 D:\EV充电因果预测sci论文\05_实验结果\runs\ess_rho0.5_A2none_s2
== ess_rho0.5_A2none_s2  完成，用时 3.8 分钟
== ess_rho0.5_A5blind_s2  开始 19:44:47
19:44:50 INFO 运行 ess_rho0.5_A5blind_s2，设备 cuda，torch 2.11.0+cu128
19:44:57 INFO E-SS 半合成数据：109 个小区（处理组 54），ρ = 0.5，真实弹性 [-0.2, -0.8, -1.5]；锚定 cells（在合成训练期上重新估计）
19:44:57 INFO 数据：T=4344 N=109 训练/验证/测试起点 3001/409/841；{'train': ('2022-09-01', '2023-01-05'), 'val': ('2023-01-06', '2023-01-23'), 'test': ('2023-01-24', '2023-02-28')}
19:44:58 INFO 模型参数 194,891；锚定方式 cut；锚定来源 ess_cells
19:45:11 INFO 第   1 轮  训练 0.02320  验证 pinball 0.01817  分时小区平均 β +nan  9.5s
19:45:19 INFO 第   2 轮  训练 0.01837  验证 pinball 0.01597  分时小区平均 β +nan  8.7s
19:45:28 INFO 第   3 轮  训练 0.01672  验证 pinball 0.01552  分时小区平均 β +nan  8.5s
19:45:37 INFO 第   4 轮  训练 0.01556  验证 pinball 0.01516  分时小区平均 β +nan  8.7s
19:45:45 INFO 第   5 轮  训练 0.01447  验证 pinball 0.01449  分时小区平均 β +nan  8.9s
19:45:55 INFO 第   6 轮  训练 0.01388  验证 pinball 0.01415  分时小区平均 β +nan  9.1s
19:46:03 INFO 第   7 轮  训练 0.01343  验证 pinball 0.01389  分时小区平均 β +nan  8.9s
19:46:12 INFO 第   8 轮  训练 0.01315  验证 pinball 0.01450  分时小区平均 β +nan  8.8s
19:46:21 INFO 第   9 轮  训练 0.01301  验证 pinball 0.01429  分时小区平均 β +nan  8.7s
19:46:30 INFO 第  10 轮  训练 0.01282  验证 pinball 0.01441  分时小区平均 β +nan  9.1s
19:46:39 INFO 第  11 轮  训练 0.01257  验证 pinball 0.01429  分时小区平均 β +nan  9.0s
19:46:48 INFO 第  12 轮  训练 0.01240  验证 pinball 0.01421  分时小区平均 β +nan  9.3s
19:46:57 INFO 第  13 轮  训练 0.01237  验证 pinball 0.01483  分时小区平均 β +nan  8.8s
19:47:06 INFO 第  14 轮  训练 0.01226  验证 pinball 0.01416  分时小区平均 β +nan  8.7s
19:47:15 INFO 第  15 轮  训练 0.01210  验证 pinball 0.01436  分时小区平均 β +nan  8.7s
19:47:23 INFO 第  16 轮  训练 0.01196  验证 pinball 0.01508  分时小区平均 β +nan  8.9s
19:47:32 INFO 第  17 轮  训练 0.01190  验证 pinball 0.01478  分时小区平均 β +nan  8.9s
19:47:42 INFO 第  18 轮  训练 0.01173  验证 pinball 0.01475  分时小区平均 β +nan  9.4s
19:47:51 INFO 第  19 轮  训练 0.01160  验证 pinball 0.01494  分时小区平均 β +nan  9.4s
19:48:00 INFO 第  20 轮  训练 0.01154  验证 pinball 0.01515  分时小区平均 β +nan  8.9s
19:48:09 INFO 第  21 轮  训练 0.01145  验证 pinball 0.01501  分时小区平均 β +nan  9.2s
19:48:18 INFO 第  22 轮  训练 0.01137  验证 pinball 0.01508  分时小区平均 β +nan  9.2s
19:48:18 INFO 验证损失 15 轮未改善，提前停止
19:48:24 INFO E-SS flat：真实隐含弹性 -1.028；模型 +0.000（反事实 MAE 0.0489）；插补 P0 -1.159（0.0495）
19:48:24 INFO E-SS spread1.5：真实隐含弹性 -1.028；模型 +0.000（反事实 MAE 0.0508）；插补 P0 -1.159（0.0493）
19:48:30 INFO 测试期 MAE 0.0477  WAPE 0.251  CRPS 0.0275  PICP90 原始 0.861 / ACI 0.902；输出 D:\EV充电因果预测sci论文\05_实验结果\runs\ess_rho0.5_A5blind_s2
== ess_rho0.5_A5blind_s2  完成，用时 3.7 分钟
== ess_rho0.5_A6input_s2  开始 19:48:31
19:48:34 INFO 运行 ess_rho0.5_A6input_s2，设备 cuda，torch 2.11.0+cu128
19:48:42 INFO E-SS 半合成数据：109 个小区（处理组 54），ρ = 0.5，真实弹性 [-0.2, -0.8, -1.5]；锚定 cells（在合成训练期上重新估计）
19:48:42 INFO 数据：T=4344 N=109 训练/验证/测试起点 3001/409/841；{'train': ('2022-09-01', '2023-01-05'), 'val': ('2023-01-06', '2023-01-23'), 'test': ('2023-01-24', '2023-02-28')}
19:48:42 INFO 模型参数 195,307；锚定方式 cut；锚定来源 ess_cells
19:48:56 INFO 第   1 轮  训练 0.02331  验证 pinball 0.01794  分时小区平均 β +nan  9.8s
19:49:05 INFO 第   2 轮  训练 0.01817  验证 pinball 0.01591  分时小区平均 β +nan  9.0s
19:49:14 INFO 第   3 轮  训练 0.01635  验证 pinball 0.01539  分时小区平均 β +nan  9.2s
19:49:23 INFO 第   4 轮  训练 0.01486  验证 pinball 0.01481  分时小区平均 β +nan  8.6s
19:49:31 INFO 第   5 轮  训练 0.01397  验证 pinball 0.01496  分时小区平均 β +nan  8.7s
19:49:40 INFO 第   6 轮  训练 0.01358  验证 pinball 0.01393  分时小区平均 β +nan  8.7s
19:49:49 INFO 第   7 轮  训练 0.01325  验证 pinball 0.01372  分时小区平均 β +nan  8.7s
19:49:58 INFO 第   8 轮  训练 0.01298  验证 pinball 0.01433  分时小区平均 β +nan  8.9s
19:50:07 INFO 第   9 轮  训练 0.01291  验证 pinball 0.01454  分时小区平均 β +nan  8.9s
19:50:16 INFO 第  10 轮  训练 0.01266  验证 pinball 0.01421  分时小区平均 β +nan  9.1s
19:50:25 INFO 第  11 轮  训练 0.01253  验证 pinball 0.01412  分时小区平均 β +nan  9.4s
19:50:35 INFO 第  12 轮  训练 0.01229  验证 pinball 0.01415  分时小区平均 β +nan  9.5s
19:50:43 INFO 第  13 轮  训练 0.01222  验证 pinball 0.01440  分时小区平均 β +nan  8.7s
19:50:52 INFO 第  14 轮  训练 0.01204  验证 pinball 0.01495  分时小区平均 β +nan  9.0s
19:51:01 INFO 第  15 轮  训练 0.01194  验证 pinball 0.01402  分时小区平均 β +nan  8.9s
19:51:10 INFO 第  16 轮  训练 0.01178  验证 pinball 0.01542  分时小区平均 β +nan  8.9s
19:51:19 INFO 第  17 轮  训练 0.01173  验证 pinball 0.01412  分时小区平均 β +nan  8.8s
19:51:28 INFO 第  18 轮  训练 0.01155  验证 pinball 0.01478  分时小区平均 β +nan  8.7s
19:51:37 INFO 第  19 轮  训练 0.01140  验证 pinball 0.01449  分时小区平均 β +nan  9.3s
19:51:46 INFO 第  20 轮  训练 0.01131  验证 pinball 0.01479  分时小区平均 β +nan  9.0s
19:51:55 INFO 第  21 轮  训练 0.01125  验证 pinball 0.01468  分时小区平均 β +nan  8.8s
19:52:04 INFO 第  22 轮  训练 0.01113  验证 pinball 0.01481  分时小区平均 β +nan  8.7s
19:52:04 INFO 验证损失 15 轮未改善，提前停止
19:52:09 INFO E-SS flat：真实隐含弹性 -1.028；模型 -0.703（反事实 MAE 0.0483）；插补 P0 -1.159（0.0484）
19:52:09 INFO E-SS spread1.5：真实隐含弹性 -1.028；模型 -0.703（反事实 MAE 0.0488）；插补 P0 -1.158（0.0485）
19:52:17 INFO 测试期 MAE 0.0471  WAPE 0.248  CRPS 0.0272  PICP90 原始 0.856 / ACI 0.903；输出 D:\EV充电因果预测sci论文\05_实验结果\runs\ess_rho0.5_A6input_s2
== ess_rho0.5_A6input_s2  完成，用时 3.8 分钟
== ess_rho0_A0cells_s0  开始 19:52:18
19:52:20 INFO 运行 ess_rho0_A0cells_s0，设备 cuda，torch 2.11.0+cu128
19:52:34 INFO E-SS 半合成数据：109 个小区（处理组 54），ρ = 0.0，真实弹性 [-0.2, -0.8, -1.5]；锚定 cells（在合成训练期上重新估计）
19:52:34 INFO 数据：T=4344 N=109 训练/验证/测试起点 3001/409/841；{'train': ('2022-09-01', '2023-01-05'), 'val': ('2023-01-06', '2023-01-23'), 'test': ('2023-01-24', '2023-02-28')}
19:52:34 INFO 模型参数 194,891；锚定方式 cut；锚定来源 ess_cells
19:52:48 INFO 第   1 轮  训练 0.02354  验证 pinball 0.01807  分时小区平均 β -1.388  10.1s
19:52:57 INFO 第   2 轮  训练 0.01838  验证 pinball 0.01680  分时小区平均 β -1.388  9.2s
19:53:06 INFO 第   3 轮  训练 0.01668  验证 pinball 0.01524  分时小区平均 β -1.388  8.7s
19:53:14 INFO 第   4 轮  训练 0.01531  验证 pinball 0.01467  分时小区平均 β -1.388  8.7s
19:53:23 INFO 第   5 轮  训练 0.01422  验证 pinball 0.01460  分时小区平均 β -1.388  9.1s
19:53:32 INFO 第   6 轮  训练 0.01354  验证 pinball 0.01461  分时小区平均 β -1.388  8.8s
19:53:41 INFO 第   7 轮  训练 0.01328  验证 pinball 0.01449  分时小区平均 β -1.388  8.6s
19:53:50 INFO 第   8 轮  训练 0.01299  验证 pinball 0.01406  分时小区平均 β -1.388  9.1s
19:53:59 INFO 第   9 轮  训练 0.01275  验证 pinball 0.01542  分时小区平均 β -1.388  9.2s
19:54:08 INFO 第  10 轮  训练 0.01260  验证 pinball 0.01422  分时小区平均 β -1.388  8.9s
19:54:17 INFO 第  11 轮  训练 0.01242  验证 pinball 0.01508  分时小区平均 β -1.388  8.6s
19:54:25 INFO 第  12 轮  训练 0.01226  验证 pinball 0.01414  分时小区平均 β -1.388  8.7s
19:54:34 INFO 第  13 轮  训练 0.01216  验证 pinball 0.01416  分时小区平均 β -1.388  8.7s
19:54:43 INFO 第  14 轮  训练 0.01204  验证 pinball 0.01431  分时小区平均 β -1.388  8.8s
19:54:52 INFO 第  15 轮  训练 0.01191  验证 pinball 0.01406  分时小区平均 β -1.388  8.8s
19:55:01 INFO 第  16 轮  训练 0.01181  验证 pinball 0.01414  分时小区平均 β -1.388  8.8s
19:55:10 INFO 第  17 轮  训练 0.01170  验证 pinball 0.01443  分时小区平均 β -1.388  9.0s
19:55:18 INFO 第  18 轮  训练 0.01158  验证 pinball 0.01480  分时小区平均 β -1.388  8.7s
19:55:27 INFO 第  19 轮  训练 0.01144  验证 pinball 0.01478  分时小区平均 β -1.388  8.8s
19:55:36 INFO 第  20 轮  训练 0.01143  验证 pinball 0.01458  分时小区平均 β -1.388  8.7s
19:55:45 INFO 第  21 轮  训练 0.01136  验证 pinball 0.01539  分时小区平均 β -1.388  8.9s
19:55:53 INFO 第  22 轮  训练 0.01120  验证 pinball 0.01463  分时小区平均 β -1.388  8.8s
19:56:02 INFO 第  23 轮  训练 0.01109  验证 pinball 0.01485  分时小区平均 β -1.388  8.9s
19:56:12 INFO 第  24 轮  训练 0.01106  验证 pinball 0.01568  分时小区平均 β -1.388  9.4s
19:56:21 INFO 第  25 轮  训练 0.01092  验证 pinball 0.01561  分时小区平均 β -1.388  9.2s
19:56:30 INFO 第  26 轮  训练 0.01079  验证 pinball 0.01557  分时小区平均 β -1.388  8.7s
19:56:39 INFO 第  27 轮  训练 0.01077  验证 pinball 0.01585  分时小区平均 β -1.388  9.1s
19:56:48 INFO 第  28 轮  训练 0.01067  验证 pinball 0.01592  分时小区平均 β -1.388  9.2s
19:56:56 INFO 第  29 轮  训练 0.01055  验证 pinball 0.01566  分时小区平均 β -1.388  8.6s
19:57:05 INFO 第  30 轮  训练 0.01045  验证 pinball 0.01588  分时小区平均 β -1.388  8.9s
19:57:05 INFO 验证损失 15 轮未改善，提前停止
19:57:11 INFO E-SS flat：真实隐含弹性 -1.102；模型 -1.369（反事实 MAE 0.0451）；插补 P0 -1.369（0.0451）
19:57:11 INFO E-SS spread1.5：真实隐含弹性 -1.101；模型 -1.369（反事实 MAE 0.0461）；插补 P0 -1.369（0.0461）
19:57:18 INFO 测试期 MAE 0.0475  WAPE 0.249  CRPS 0.0277  PICP90 原始 0.821 / ACI 0.902；输出 D:\EV充电因果预测sci论文\05_实验结果\runs\ess_rho0_A0cells_s0
== ess_rho0_A0cells_s0  完成，用时 5.0 分钟
== ess_rho0_A0pooled_s0  开始 19:57:19
19:57:22 INFO 运行 ess_rho0_A0pooled_s0，设备 cuda，torch 2.11.0+cu128
19:57:32 INFO E-SS 半合成数据：109 个小区（处理组 54），ρ = 0.0，真实弹性 [-0.2, -0.8, -1.5]；锚定 pooled（在合成训练期上重新估计）
19:57:32 INFO 数据：T=4344 N=109 训练/验证/测试起点 3001/409/841；{'train': ('2022-09-01', '2023-01-05'), 'val': ('2023-01-06', '2023-01-23'), 'test': ('2023-01-24', '2023-02-28')}
19:57:32 INFO 模型参数 194,891；锚定方式 cut；锚定来源 ess_pooled
19:57:44 INFO 第   1 轮  训练 0.02354  验证 pinball 0.01814  分时小区平均 β -1.300  9.5s
19:57:52 INFO 第   2 轮  训练 0.01839  验证 pinball 0.01687  分时小区平均 β -1.300  8.5s
19:58:01 INFO 第   3 轮  训练 0.01670  验证 pinball 0.01524  分时小区平均 β -1.300  8.4s
19:58:09 INFO 第   4 轮  训练 0.01533  验证 pinball 0.01465  分时小区平均 β -1.300  8.7s
19:58:18 INFO 第   5 轮  训练 0.01424  验证 pinball 0.01460  分时小区平均 β -1.300  8.6s
19:58:27 INFO 第   6 轮  训练 0.01355  验证 pinball 0.01467  分时小区平均 β -1.300  8.9s
19:58:35 INFO 第   7 轮  训练 0.01327  验证 pinball 0.01449  分时小区平均 β -1.300  8.6s
19:58:44 INFO 第   8 轮  训练 0.01299  验证 pinball 0.01401  分时小区平均 β -1.300  8.7s
19:58:53 INFO 第   9 轮  训练 0.01275  验证 pinball 0.01537  分时小区平均 β -1.300  8.6s
19:59:01 INFO 第  10 轮  训练 0.01261  验证 pinball 0.01420  分时小区平均 β -1.300  8.7s
19:59:10 INFO 第  11 轮  训练 0.01244  验证 pinball 0.01500  分时小区平均 β -1.300  8.5s
19:59:19 INFO 第  12 轮  训练 0.01227  验证 pinball 0.01410  分时小区平均 β -1.300  8.6s
19:59:27 INFO 第  13 轮  训练 0.01216  验证 pinball 0.01421  分时小区平均 β -1.300  8.7s
19:59:36 INFO 第  14 轮  训练 0.01206  验证 pinball 0.01427  分时小区平均 β -1.300  8.6s
19:59:44 INFO 第  15 轮  训练 0.01193  验证 pinball 0.01413  分时小区平均 β -1.300  8.6s
19:59:53 INFO 第  16 轮  训练 0.01181  验证 pinball 0.01413  分时小区平均 β -1.300  8.8s
20:00:02 INFO 第  17 轮  训练 0.01172  验证 pinball 0.01447  分时小区平均 β -1.300  8.6s
20:00:10 INFO 第  18 轮  训练 0.01160  验证 pinball 0.01503  分时小区平均 β -1.300  8.5s
20:00:19 INFO 第  19 轮  训练 0.01147  验证 pinball 0.01492  分时小区平均 β -1.300  8.8s
20:00:27 INFO 第  20 轮  训练 0.01148  验证 pinball 0.01461  分时小区平均 β -1.300  8.4s
20:00:36 INFO 第  21 轮  训练 0.01137  验证 pinball 0.01587  分时小区平均 β -1.300  8.5s
20:00:45 INFO 第  22 轮  训练 0.01122  验证 pinball 0.01458  分时小区平均 β -1.300  8.6s
20:00:53 INFO 第  23 轮  训练 0.01110  验证 pinball 0.01491  分时小区平均 β -1.300  8.7s
20:00:53 INFO 验证损失 15 轮未改善，提前停止
20:00:58 INFO E-SS flat：真实隐含弹性 -1.102；模型 -1.289（反事实 MAE 0.0447）；插补 P0 -1.289（0.0447）
20:00:58 INFO E-SS spread1.5：真实隐含弹性 -1.101；模型 -1.289（反事实 MAE 0.0456）；插补 P0 -1.289（0.0456）
20:01:03 INFO 测试期 MAE 0.0473  WAPE 0.248  CRPS 0.0272  PICP90 原始 0.851 / ACI 0.903；输出 D:\EV充电因果预测sci论文\05_实验结果\runs\ess_rho0_A0pooled_s0
== ess_rho0_A0pooled_s0  完成，用时 3.7 分钟
== ess_rho0_A1free_s0  开始 20:01:04
20:01:07 INFO 运行 ess_rho0_A1free_s0，设备 cuda，torch 2.11.0+cu128
20:01:20 INFO E-SS 半合成数据：109 个小区（处理组 54），ρ = 0.0，真实弹性 [-0.2, -0.8, -1.5]；锚定 cells（在合成训练期上重新估计）
20:01:20 INFO 数据：T=4344 N=109 训练/验证/测试起点 3001/409/841；{'train': ('2022-09-01', '2023-01-05'), 'val': ('2023-01-06', '2023-01-23'), 'test': ('2023-01-24', '2023-02-28')}
20:01:20 INFO 模型参数 195,342；锚定方式 free；锚定来源 ess_cells
20:01:33 INFO 第   1 轮  训练 0.02354  验证 pinball 0.01810  分时小区平均 β -1.370  10.1s
20:01:42 INFO 第   2 轮  训练 0.01838  验证 pinball 0.01684  分时小区平均 β -1.353  8.7s
20:01:50 INFO 第   3 轮  训练 0.01667  验证 pinball 0.01522  分时小区平均 β -1.333  8.7s
20:01:59 INFO 第   4 轮  训练 0.01530  验证 pinball 0.01462  分时小区平均 β -1.313  9.0s
20:02:09 INFO 第   5 轮  训练 0.01419  验证 pinball 0.01460  分时小区平均 β -1.293  9.4s
20:02:18 INFO 第   6 轮  训练 0.01350  验证 pinball 0.01462  分时小区平均 β -1.277  9.0s
20:02:27 INFO 第   7 轮  训练 0.01323  验证 pinball 0.01443  分时小区平均 β -1.262  9.4s
20:02:36 INFO 第   8 轮  训练 0.01294  验证 pinball 0.01402  分时小区平均 β -1.251  9.1s
20:02:45 INFO 第   9 轮  训练 0.01270  验证 pinball 0.01527  分时小区平均 β -1.241  8.8s
20:02:54 INFO 第  10 轮  训练 0.01255  验证 pinball 0.01423  分时小区平均 β -1.231  8.9s
20:03:03 INFO 第  11 轮  训练 0.01239  验证 pinball 0.01502  分时小区平均 β -1.222  8.9s
20:03:12 INFO 第  12 轮  训练 0.01221  验证 pinball 0.01411  分时小区平均 β -1.213  8.9s
20:03:21 INFO 第  13 轮  训练 0.01210  验证 pinball 0.01419  分时小区平均 β -1.206  8.9s
20:03:30 INFO 第  14 轮  训练 0.01197  验证 pinball 0.01436  分时小区平均 β -1.200  8.9s
20:03:39 INFO 第  15 轮  训练 0.01182  验证 pinball 0.01408  分时小区平均 β -1.195  9.0s
20:03:48 INFO 第  16 轮  训练 0.01179  验证 pinball 0.01411  分时小区平均 β -1.189  9.1s
20:03:57 INFO 第  17 轮  训练 0.01166  验证 pinball 0.01445  分时小区平均 β -1.185  8.9s
20:04:06 INFO 第  18 轮  训练 0.01155  验证 pinball 0.01505  分时小区平均 β -1.181  8.9s
20:04:15 INFO 第  19 轮  训练 0.01139  验证 pinball 0.01494  分时小区平均 β -1.178  9.5s
20:04:25 INFO 第  20 轮  训练 0.01139  验证 pinball 0.01447  分时小区平均 β -1.174  9.4s
20:04:33 INFO 第  21 轮  训练 0.01129  验证 pinball 0.01568  分时小区平均 β -1.172  9.0s
20:04:42 INFO 第  22 轮  训练 0.01113  验证 pinball 0.01467  分时小区平均 β -1.170  9.0s
20:04:51 INFO 第  23 轮  训练 0.01102  验证 pinball 0.01502  分时小区平均 β -1.168  8.8s
20:04:51 INFO 验证损失 15 轮未改善，提前停止
20:04:57 INFO E-SS flat：真实隐含弹性 -1.102；模型 -1.239（反事实 MAE 0.0447）；插补 P0 -1.369（0.0448）
20:04:57 INFO E-SS spread1.5：真实隐含弹性 -1.101；模型 -1.239（反事实 MAE 0.0452）；插补 P0 -1.369（0.0453）
20:05:05 INFO 测试期 MAE 0.0472  WAPE 0.248  CRPS 0.0272  PICP90 原始 0.850 / ACI 0.903；输出 D:\EV充电因果预测sci论文\05_实验结果\runs\ess_rho0_A1free_s0
== ess_rho0_A1free_s0  完成，用时 4.0 分钟
== ess_rho0_A2none_s0  开始 20:05:06
20:05:08 INFO 运行 ess_rho0_A2none_s0，设备 cuda，torch 2.11.0+cu128
20:05:22 INFO E-SS 半合成数据：109 个小区（处理组 54），ρ = 0.0，真实弹性 [-0.2, -0.8, -1.5]；锚定 cells（在合成训练期上重新估计）
20:05:22 INFO 数据：T=4344 N=109 训练/验证/测试起点 3001/409/841；{'train': ('2022-09-01', '2023-01-05'), 'val': ('2023-01-06', '2023-01-23'), 'test': ('2023-01-24', '2023-02-28')}
20:05:22 INFO 模型参数 195,342；锚定方式 none；锚定来源 ess_cells
20:05:35 INFO 第   1 轮  训练 0.02353  验证 pinball 0.01808  分时小区平均 β -1.342  9.7s
20:05:45 INFO 第   2 轮  训练 0.01836  验证 pinball 0.01681  分时小区平均 β -1.290  9.3s
20:05:54 INFO 第   3 轮  训练 0.01664  验证 pinball 0.01520  分时小区平均 β -1.240  9.0s
20:06:02 INFO 第   4 轮  训练 0.01526  验证 pinball 0.01460  分时小区平均 β -1.198  8.8s
20:06:11 INFO 第   5 轮  训练 0.01416  验证 pinball 0.01456  分时小区平均 β -1.165  8.9s
20:06:20 INFO 第   6 轮  训练 0.01347  验证 pinball 0.01457  分时小区平均 β -1.142  9.1s
20:06:29 INFO 第   7 轮  训练 0.01320  验证 pinball 0.01443  分时小区平均 β -1.127  8.7s
20:06:38 INFO 第   8 轮  训练 0.01292  验证 pinball 0.01399  分时小区平均 β -1.117  8.8s
20:06:47 INFO 第   9 轮  训练 0.01268  验证 pinball 0.01533  分时小区平均 β -1.112  8.8s
20:06:56 INFO 第  10 轮  训练 0.01254  验证 pinball 0.01424  分时小区平均 β -1.109  9.2s
20:07:05 INFO 第  11 轮  训练 0.01236  验证 pinball 0.01504  分时小区平均 β -1.108  9.3s
20:07:14 INFO 第  12 轮  训练 0.01219  验证 pinball 0.01414  分时小区平均 β -1.108  9.0s
20:07:23 INFO 第  13 轮  训练 0.01209  验证 pinball 0.01415  分时小区平均 β -1.107  9.0s
20:07:33 INFO 第  14 轮  训练 0.01197  验证 pinball 0.01428  分时小区平均 β -1.110  9.3s
20:07:41 INFO 第  15 轮  训练 0.01181  验证 pinball 0.01408  分时小区平均 β -1.112  8.9s
20:07:50 INFO 第  16 轮  训练 0.01177  验证 pinball 0.01411  分时小区平均 β -1.112  8.8s
20:07:59 INFO 第  17 轮  训练 0.01164  验证 pinball 0.01444  分时小区平均 β -1.114  9.0s
20:08:08 INFO 第  18 轮  训练 0.01154  验证 pinball 0.01496  分时小区平均 β -1.116  8.9s
20:08:17 INFO 第  19 轮  训练 0.01138  验证 pinball 0.01485  分时小区平均 β -1.116  9.1s
20:08:26 INFO 第  20 轮  训练 0.01139  验证 pinball 0.01460  分时小区平均 β -1.116  8.8s
20:08:35 INFO 第  21 轮  训练 0.01129  验证 pinball 0.01594  分时小区平均 β -1.116  9.2s
20:08:44 INFO 第  22 轮  训练 0.01113  验证 pinball 0.01460  分时小区平均 β -1.117  9.1s
20:08:53 INFO 第  23 轮  训练 0.01102  验证 pinball 0.01492  分时小区平均 β -1.118  9.1s
20:08:53 INFO 验证损失 15 轮未改善，提前停止
20:08:59 INFO E-SS flat：真实隐含弹性 -1.102；模型 -1.103（反事实 MAE 0.0447）；插补 P0 -1.369（0.0450）
20:08:59 INFO E-SS spread1.5：真实隐含弹性 -1.101；模型 -1.102（反事实 MAE 0.0450）；插补 P0 -1.369（0.0450）
20:09:07 INFO 测试期 MAE 0.0471  WAPE 0.247  CRPS 0.0272  PICP90 原始 0.850 / ACI 0.902；输出 D:\EV充电因果预测sci论文\05_实验结果\runs\ess_rho0_A2none_s0
== ess_rho0_A2none_s0  完成，用时 4.0 分钟
== ess_rho0_A5blind_s0  开始 20:09:08
20:09:10 INFO 运行 ess_rho0_A5blind_s0，设备 cuda，torch 2.11.0+cu128
20:09:25 INFO E-SS 半合成数据：109 个小区（处理组 54），ρ = 0.0，真实弹性 [-0.2, -0.8, -1.5]；锚定 cells（在合成训练期上重新估计）
20:09:25 INFO 数据：T=4344 N=109 训练/验证/测试起点 3001/409/841；{'train': ('2022-09-01', '2023-01-05'), 'val': ('2023-01-06', '2023-01-23'), 'test': ('2023-01-24', '2023-02-28')}
20:09:25 INFO 模型参数 194,891；锚定方式 cut；锚定来源 ess_cells
20:09:39 INFO 第   1 轮  训练 0.02365  验证 pinball 0.01854  分时小区平均 β +nan  9.6s
20:09:48 INFO 第   2 轮  训练 0.01852  验证 pinball 0.01805  分时小区平均 β +nan  9.3s
20:09:57 INFO 第   3 轮  训练 0.01688  验证 pinball 0.01540  分时小区平均 β +nan  8.7s
20:10:06 INFO 第   4 轮  训练 0.01554  验证 pinball 0.01482  分时小区平均 β +nan  9.2s
20:10:15 INFO 第   5 轮  训练 0.01450  验证 pinball 0.01473  分时小区平均 β +nan  8.8s
20:10:23 INFO 第   6 轮  训练 0.01381  验证 pinball 0.01461  分时小区平均 β +nan  8.7s
20:10:32 INFO 第   7 轮  训练 0.01353  验证 pinball 0.01479  分时小区平均 β +nan  8.9s
20:10:41 INFO 第   8 轮  训练 0.01325  验证 pinball 0.01422  分时小区平均 β +nan  8.7s
20:10:50 INFO 第   9 轮  训练 0.01304  验证 pinball 0.01558  分时小区平均 β +nan  8.6s
20:10:58 INFO 第  10 轮  训练 0.01287  验证 pinball 0.01442  分时小区平均 β +nan  8.8s
20:11:07 INFO 第  11 轮  训练 0.01270  验证 pinball 0.01528  分时小区平均 β +nan  8.7s
20:11:16 INFO 第  12 轮  训练 0.01252  验证 pinball 0.01441  分时小区平均 β +nan  8.7s
20:11:25 INFO 第  13 轮  训练 0.01243  验证 pinball 0.01467  分时小区平均 β +nan  9.0s
20:11:34 INFO 第  14 轮  训练 0.01233  验证 pinball 0.01444  分时小区平均 β +nan  9.4s
20:11:44 INFO 第  15 轮  训练 0.01214  验证 pinball 0.01427  分时小区平均 β +nan  9.4s
20:11:53 INFO 第  16 轮  训练 0.01212  验证 pinball 0.01434  分时小区平均 β +nan  9.4s
20:12:02 INFO 第  17 轮  训练 0.01199  验证 pinball 0.01478  分时小区平均 β +nan  8.6s
20:12:11 INFO 第  18 轮  训练 0.01187  验证 pinball 0.01490  分时小区平均 β +nan  9.2s
20:12:19 INFO 第  19 轮  训练 0.01172  验证 pinball 0.01486  分时小区平均 β +nan  8.7s
20:12:28 INFO 第  20 轮  训练 0.01169  验证 pinball 0.01514  分时小区平均 β +nan  8.7s
20:12:37 INFO 第  21 轮  训练 0.01154  验证 pinball 0.01538  分时小区平均 β +nan  9.0s
20:12:46 INFO 第  22 轮  训练 0.01145  验证 pinball 0.01543  分时小区平均 β +nan  9.3s
20:12:55 INFO 第  23 轮  训练 0.01137  验证 pinball 0.01492  分时小区平均 β +nan  8.9s
20:12:55 INFO 验证损失 15 轮未改善，提前停止
20:13:01 INFO E-SS flat：真实隐含弹性 -1.102；模型 +0.000（反事实 MAE 0.0448）；插补 P0 -1.369（0.0474）
20:13:01 INFO E-SS spread1.5：真实隐含弹性 -1.101；模型 +0.000（反事实 MAE 0.0488）；插补 P0 -1.369（0.0467）
20:13:09 INFO 测试期 MAE 0.0480  WAPE 0.252  CRPS 0.0276  PICP90 原始 0.854 / ACI 0.903；输出 D:\EV充电因果预测sci论文\05_实验结果\runs\ess_rho0_A5blind_s0
== ess_rho0_A5blind_s0  完成，用时 4.0 分钟
== ess_rho0_A6input_s0  开始 20:13:11
20:13:13 INFO 运行 ess_rho0_A6input_s0，设备 cuda，torch 2.11.0+cu128
20:13:23 INFO E-SS 半合成数据：109 个小区（处理组 54），ρ = 0.0，真实弹性 [-0.2, -0.8, -1.5]；锚定 cells（在合成训练期上重新估计）
20:13:23 INFO 数据：T=4344 N=109 训练/验证/测试起点 3001/409/841；{'train': ('2022-09-01', '2023-01-05'), 'val': ('2023-01-06', '2023-01-23'), 'test': ('2023-01-24', '2023-02-28')}
20:13:23 INFO 模型参数 195,307；锚定方式 cut；锚定来源 ess_cells
20:13:35 INFO 第   1 轮  训练 0.02343  验证 pinball 0.01806  分时小区平均 β +nan  9.6s
20:13:43 INFO 第   2 轮  训练 0.01833  验证 pinball 0.01752  分时小区平均 β +nan  8.6s
20:13:52 INFO 第   3 轮  训练 0.01660  验证 pinball 0.01525  分时小区平均 β +nan  8.7s
20:14:01 INFO 第   4 轮  训练 0.01526  验证 pinball 0.01479  分时小区平均 β +nan  8.9s
20:14:10 INFO 第   5 轮  训练 0.01421  验证 pinball 0.01490  分时小区平均 β +nan  8.6s
20:14:18 INFO 第   6 轮  训练 0.01357  验证 pinball 0.01439  分时小区平均 β +nan  8.7s
20:14:27 INFO 第   7 轮  训练 0.01331  验证 pinball 0.01442  分时小区平均 β +nan  8.7s
20:14:36 INFO 第   8 轮  训练 0.01303  验证 pinball 0.01421  分时小区平均 β +nan  8.9s
20:14:45 INFO 第   9 轮  训练 0.01280  验证 pinball 0.01508  分时小区平均 β +nan  8.8s
20:14:53 INFO 第  10 轮  训练 0.01261  验证 pinball 0.01409  分时小区平均 β +nan  8.8s
20:15:02 INFO 第  11 轮  训练 0.01250  验证 pinball 0.01410  分时小区平均 β +nan  8.6s
20:15:11 INFO 第  12 轮  训练 0.01225  验证 pinball 0.01415  分时小区平均 β +nan  8.6s
20:15:19 INFO 第  13 轮  训练 0.01211  验证 pinball 0.01463  分时小区平均 β +nan  8.7s
20:15:28 INFO 第  14 轮  训练 0.01209  验证 pinball 0.01428  分时小区平均 β +nan  8.8s
20:15:37 INFO 第  15 轮  训练 0.01189  验证 pinball 0.01404  分时小区平均 β +nan  8.7s
20:15:46 INFO 第  16 轮  训练 0.01180  验证 pinball 0.01397  分时小区平均 β +nan  8.7s
20:15:54 INFO 第  17 轮  训练 0.01164  验证 pinball 0.01440  分时小区平均 β +nan  8.6s
20:16:03 INFO 第  18 轮  训练 0.01155  验证 pinball 0.01443  分时小区平均 β +nan  8.7s
20:16:11 INFO 第  19 轮  训练 0.01144  验证 pinball 0.01516  分时小区平均 β +nan  8.6s
20:16:20 INFO 第  20 轮  训练 0.01132  验证 pinball 0.01518  分时小区平均 β +nan  8.7s
20:16:29 INFO 第  21 轮  训练 0.01128  验证 pinball 0.01473  分时小区平均 β +nan  8.5s
20:16:37 INFO 第  22 轮  训练 0.01115  验证 pinball 0.01511  分时小区平均 β +nan  8.7s
20:16:46 INFO 第  23 轮  训练 0.01106  验证 pinball 0.01476  分时小区平均 β +nan  8.6s
20:16:55 INFO 第  24 轮  训练 0.01110  验证 pinball 0.01554  分时小区平均 β +nan  8.6s
20:17:03 INFO 第  25 轮  训练 0.01089  验证 pinball 0.01590  分时小区平均 β +nan  8.7s
20:17:12 INFO 第  26 轮  训练 0.01078  验证 pinball 0.01554  分时小区平均 β +nan  8.6s
20:17:20 INFO 第  27 轮  训练 0.01073  验证 pinball 0.01586  分时小区平均 β +nan  8.6s
20:17:29 INFO 第  28 轮  训练 0.01063  验证 pinball 0.01546  分时小区平均 β +nan  8.6s
20:17:38 INFO 第  29 轮  训练 0.01057  验证 pinball 0.01597  分时小区平均 β +nan  8.9s
20:17:47 INFO 第  30 轮  训练 0.01043  验证 pinball 0.01612  分时小区平均 β +nan  8.6s
20:17:55 INFO 第  31 轮  训练 0.01040  验证 pinball 0.01557  分时小区平均 β +nan  8.9s
20:17:55 INFO 验证损失 15 轮未改善，提前停止
20:18:00 INFO E-SS flat：真实隐含弹性 -1.102；模型 -1.092（反事实 MAE 0.0447）；插补 P0 -1.369（0.0449）
20:18:00 INFO E-SS spread1.5：真实隐含弹性 -1.101；模型 -1.090（反事实 MAE 0.0455）；插补 P0 -1.369（0.0455）
20:18:06 INFO 测试期 MAE 0.0472  WAPE 0.248  CRPS 0.0276  PICP90 原始 0.812 / ACI 0.903；输出 D:\EV充电因果预测sci论文\05_实验结果\runs\ess_rho0_A6input_s0
== ess_rho0_A6input_s0  完成，用时 4.9 分钟
== ess_rho1_A0cells_s0  开始 20:18:06
20:18:09 INFO 运行 ess_rho1_A0cells_s0，设备 cuda，torch 2.11.0+cu128
20:18:18 INFO E-SS 半合成数据：109 个小区（处理组 54），ρ = 1.0，真实弹性 [-0.2, -0.8, -1.5]；锚定 cells（在合成训练期上重新估计）
20:18:18 INFO 数据：T=4344 N=109 训练/验证/测试起点 3001/409/841；{'train': ('2022-09-01', '2023-01-05'), 'val': ('2023-01-06', '2023-01-23'), 'test': ('2023-01-24', '2023-02-28')}
20:18:18 INFO 模型参数 194,891；锚定方式 cut；锚定来源 ess_cells
20:18:31 INFO 第   1 轮  训练 0.02352  验证 pinball 0.01852  分时小区平均 β -1.378  10.1s
20:18:40 INFO 第   2 轮  训练 0.01835  验证 pinball 0.01829  分时小区平均 β -1.378  9.2s
20:18:49 INFO 第   3 轮  训练 0.01661  验证 pinball 0.01519  分时小区平均 β -1.378  8.7s
20:18:58 INFO 第   4 轮  训练 0.01520  验证 pinball 0.01462  分时小区平均 β -1.378  9.0s
20:19:07 INFO 第   5 轮  训练 0.01418  验证 pinball 0.01462  分时小区平均 β -1.378  9.3s
20:19:17 INFO 第   6 轮  训练 0.01353  验证 pinball 0.01456  分时小区平均 β -1.378  9.7s
20:19:26 INFO 第   7 轮  训练 0.01322  验证 pinball 0.01441  分时小区平均 β -1.378  9.5s
20:19:35 INFO 第   8 轮  训练 0.01294  验证 pinball 0.01392  分时小区平均 β -1.378  8.8s
20:19:44 INFO 第   9 轮  训练 0.01273  验证 pinball 0.01531  分时小区平均 β -1.378  9.1s
20:19:53 INFO 第  10 轮  训练 0.01255  验证 pinball 0.01409  分时小区平均 β -1.378  8.7s
20:20:02 INFO 第  11 轮  训练 0.01237  验证 pinball 0.01509  分时小区平均 β -1.378  8.7s
20:20:11 INFO 第  12 轮  训练 0.01221  验证 pinball 0.01423  分时小区平均 β -1.378  8.7s
20:20:19 INFO 第  13 轮  训练 0.01209  验证 pinball 0.01446  分时小区平均 β -1.378  8.6s
20:20:28 INFO 第  14 轮  训练 0.01200  验证 pinball 0.01420  分时小区平均 β -1.378  8.9s
20:20:37 INFO 第  15 轮  训练 0.01181  验证 pinball 0.01404  分时小区平均 β -1.378  9.3s
20:20:46 INFO 第  16 轮  训练 0.01182  验证 pinball 0.01410  分时小区平均 β -1.378  8.7s
20:20:55 INFO 第  17 轮  训练 0.01165  验证 pinball 0.01460  分时小区平均 β -1.378  8.8s
20:21:04 INFO 第  18 轮  训练 0.01150  验证 pinball 0.01472  分时小区平均 β -1.378  8.8s
20:21:13 INFO 第  19 轮  训练 0.01137  验证 pinball 0.01476  分时小区平均 β -1.378  9.0s
20:21:22 INFO 第  20 轮  训练 0.01132  验证 pinball 0.01521  分时小区平均 β -1.378  8.9s
20:21:31 INFO 第  21 轮  训练 0.01121  验证 pinball 0.01500  分时小区平均 β -1.378  9.2s
20:21:39 INFO 第  22 轮  训练 0.01108  验证 pinball 0.01543  分时小区平均 β -1.378  8.6s
20:21:49 INFO 第  23 轮  训练 0.01101  验证 pinball 0.01498  分时小区平均 β -1.378  9.3s
20:21:49 INFO 验证损失 15 轮未改善，提前停止
20:21:54 INFO E-SS flat：真实隐含弹性 -1.100；模型 -1.291（反事实 MAE 0.0444）；插补 P0 -1.291（0.0444）
20:21:54 INFO E-SS spread1.5：真实隐含弹性 -1.100；模型 -1.291（反事实 MAE 0.0456）；插补 P0 -1.291（0.0456）
20:22:02 INFO 测试期 MAE 0.0473  WAPE 0.249  CRPS 0.0272  PICP90 原始 0.851 / ACI 0.903；输出 D:\EV充电因果预测sci论文\05_实验结果\runs\ess_rho1_A0cells_s0
== ess_rho1_A0cells_s0  完成，用时 4.0 分钟
== ess_rho1_A0pooled_s0  开始 20:22:04
20:22:06 INFO 运行 ess_rho1_A0pooled_s0，设备 cuda，torch 2.11.0+cu128
20:22:15 INFO E-SS 半合成数据：109 个小区（处理组 54），ρ = 1.0，真实弹性 [-0.2, -0.8, -1.5]；锚定 pooled（在合成训练期上重新估计）
20:22:15 INFO 数据：T=4344 N=109 训练/验证/测试起点 3001/409/841；{'train': ('2022-09-01', '2023-01-05'), 'val': ('2023-01-06', '2023-01-23'), 'test': ('2023-01-24', '2023-02-28')}
20:22:15 INFO 模型参数 194,891；锚定方式 cut；锚定来源 ess_pooled
20:22:29 INFO 第   1 轮  训练 0.02357  验证 pinball 0.01849  分时小区平均 β -1.164  10.0s
20:22:38 INFO 第   2 轮  训练 0.01842  验证 pinball 0.01766  分时小区平均 β -1.164  8.9s
20:22:47 INFO 第   3 轮  训练 0.01664  验证 pinball 0.01519  分时小区平均 β -1.164  9.0s
20:22:56 INFO 第   4 轮  训练 0.01523  验证 pinball 0.01464  分时小区平均 β -1.164  8.9s
20:23:05 INFO 第   5 轮  训练 0.01421  验证 pinball 0.01452  分时小区平均 β -1.164  9.1s
20:23:14 INFO 第   6 轮  训练 0.01355  验证 pinball 0.01444  分时小区平均 β -1.164  8.6s
20:23:23 INFO 第   7 轮  训练 0.01322  验证 pinball 0.01437  分时小区平均 β -1.164  8.7s
20:23:32 INFO 第   8 轮  训练 0.01295  验证 pinball 0.01387  分时小区平均 β -1.164  9.0s
20:23:41 INFO 第   9 轮  训练 0.01275  验证 pinball 0.01548  分时小区平均 β -1.164  9.1s
20:23:49 INFO 第  10 轮  训练 0.01257  验证 pinball 0.01416  分时小区平均 β -1.164  8.7s
20:23:58 INFO 第  11 轮  训练 0.01238  验证 pinball 0.01508  分时小区平均 β -1.164  9.1s
20:24:07 INFO 第  12 轮  训练 0.01222  验证 pinball 0.01418  分时小区平均 β -1.164  8.8s
20:24:16 INFO 第  13 轮  训练 0.01211  验证 pinball 0.01438  分时小区平均 β -1.164  8.7s
20:24:25 INFO 第  14 轮  训练 0.01200  验证 pinball 0.01413  分时小区平均 β -1.164  8.8s
20:24:34 INFO 第  15 轮  训练 0.01180  验证 pinball 0.01397  分时小区平均 β -1.164  8.9s
20:24:42 INFO 第  16 轮  训练 0.01180  验证 pinball 0.01402  分时小区平均 β -1.164  8.6s
20:24:51 INFO 第  17 轮  训练 0.01165  验证 pinball 0.01454  分时小区平均 β -1.164  8.8s
20:25:00 INFO 第  18 轮  训练 0.01150  验证 pinball 0.01460  分时小区平均 β -1.164  9.1s
20:25:09 INFO 第  19 轮  训练 0.01136  验证 pinball 0.01466  分时小区平均 β -1.164  8.7s
20:25:18 INFO 第  20 轮  训练 0.01131  验证 pinball 0.01503  分时小区平均 β -1.164  8.9s
20:25:27 INFO 第  21 轮  训练 0.01118  验证 pinball 0.01511  分时小区平均 β -1.164  9.3s
20:25:36 INFO 第  22 轮  训练 0.01108  验证 pinball 0.01534  分时小区平均 β -1.164  9.2s
20:25:46 INFO 第  23 轮  训练 0.01102  验证 pinball 0.01468  分时小区平均 β -1.164  9.3s
20:25:46 INFO 验证损失 15 轮未改善，提前停止
20:25:51 INFO E-SS flat：真实隐含弹性 -1.100；模型 -1.155（反事实 MAE 0.0444）；插补 P0 -1.155（0.0444）
20:25:51 INFO E-SS spread1.5：真实隐含弹性 -1.100；模型 -1.154（反事实 MAE 0.0455）；插补 P0 -1.154（0.0455）
20:25:59 INFO 测试期 MAE 0.0472  WAPE 0.249  CRPS 0.0272  PICP90 原始 0.847 / ACI 0.903；输出 D:\EV充电因果预测sci论文\05_实验结果\runs\ess_rho1_A0pooled_s0
== ess_rho1_A0pooled_s0  完成，用时 3.9 分钟
== ess_rho1_A1free_s0  开始 20:26:01
20:26:03 INFO 运行 ess_rho1_A1free_s0，设备 cuda，torch 2.11.0+cu128
20:26:12 INFO E-SS 半合成数据：109 个小区（处理组 54），ρ = 1.0，真实弹性 [-0.2, -0.8, -1.5]；锚定 cells（在合成训练期上重新估计）
20:26:12 INFO 数据：T=4344 N=109 训练/验证/测试起点 3001/409/841；{'train': ('2022-09-01', '2023-01-05'), 'val': ('2023-01-06', '2023-01-23'), 'test': ('2023-01-24', '2023-02-28')}
20:26:12 INFO 模型参数 195,342；锚定方式 free；锚定来源 ess_cells
20:26:26 INFO 第   1 轮  训练 0.02350  验证 pinball 0.01848  分时小区平均 β -1.322  9.6s
20:26:35 INFO 第   2 轮  训练 0.01831  验证 pinball 0.01796  分时小区平均 β -1.305  8.9s
20:26:44 INFO 第   3 轮  训练 0.01656  验证 pinball 0.01517  分时小区平均 β -1.297  9.1s
20:26:53 INFO 第   4 轮  训练 0.01518  验证 pinball 0.01460  分时小区平均 β -1.281  9.5s
20:27:02 INFO 第   5 轮  训练 0.01415  验证 pinball 0.01454  分时小区平均 β -1.263  9.2s
20:27:11 INFO 第   6 轮  训练 0.01351  验证 pinball 0.01453  分时小区平均 β -1.242  9.0s
20:27:20 INFO 第   7 轮  训练 0.01318  验证 pinball 0.01434  分时小区平均 β -1.223  8.9s
20:27:29 INFO 第   8 轮  训练 0.01292  验证 pinball 0.01387  分时小区平均 β -1.205  8.7s
20:27:38 INFO 第   9 轮  训练 0.01270  验证 pinball 0.01523  分时小区平均 β -1.188  8.9s
20:27:47 INFO 第  10 轮  训练 0.01253  验证 pinball 0.01415  分时小区平均 β -1.172  8.9s
20:27:56 INFO 第  11 轮  训练 0.01234  验证 pinball 0.01500  分时小区平均 β -1.159  8.8s
20:28:05 INFO 第  12 轮  训练 0.01219  验证 pinball 0.01424  分时小区平均 β -1.147  8.9s
20:28:14 INFO 第  13 轮  训练 0.01207  验证 pinball 0.01442  分时小区平均 β -1.135  8.8s
20:28:23 INFO 第  14 轮  训练 0.01197  验证 pinball 0.01419  分时小区平均 β -1.125  9.4s
20:28:32 INFO 第  15 轮  训练 0.01178  验证 pinball 0.01403  分时小区平均 β -1.115  9.6s
20:28:42 INFO 第  16 轮  训练 0.01180  验证 pinball 0.01416  分时小区平均 β -1.107  9.0s
20:28:51 INFO 第  17 轮  训练 0.01162  验证 pinball 0.01465  分时小区平均 β -1.100  9.5s
20:29:00 INFO 第  18 轮  训练 0.01149  验证 pinball 0.01490  分时小区平均 β -1.092  8.8s
20:29:09 INFO 第  19 轮  训练 0.01136  验证 pinball 0.01479  分时小区平均 β -1.086  8.8s
20:29:18 INFO 第  20 轮  训练 0.01132  验证 pinball 0.01507  分时小区平均 β -1.080  9.2s
20:29:27 INFO 第  21 轮  训练 0.01119  验证 pinball 0.01492  分时小区平均 β -1.074  9.3s
20:29:36 INFO 第  22 轮  训练 0.01106  验证 pinball 0.01536  分时小区平均 β -1.069  9.2s
20:29:45 INFO 第  23 轮  训练 0.01102  验证 pinball 0.01477  分时小区平均 β -1.064  9.0s
20:29:45 INFO 验证损失 15 轮未改善，提前停止
20:29:51 INFO E-SS flat：真实隐含弹性 -1.100；模型 -1.104（反事实 MAE 0.0445）；插补 P0 -1.291（0.0442）
20:29:51 INFO E-SS spread1.5：真实隐含弹性 -1.100；模型 -1.104（反事实 MAE 0.0451）；插补 P0 -1.291（0.0453）
20:29:59 INFO 测试期 MAE 0.0471  WAPE 0.249  CRPS 0.0271  PICP90 原始 0.850 / ACI 0.903；输出 D:\EV充电因果预测sci论文\05_实验结果\runs\ess_rho1_A1free_s0
== ess_rho1_A1free_s0  完成，用时 4.0 分钟
== ess_rho1_A2none_s0  开始 20:30:01
20:30:03 INFO 运行 ess_rho1_A2none_s0，设备 cuda，torch 2.11.0+cu128
20:30:12 INFO E-SS 半合成数据：109 个小区（处理组 54），ρ = 1.0，真实弹性 [-0.2, -0.8, -1.5]；锚定 cells（在合成训练期上重新估计）
20:30:12 INFO 数据：T=4344 N=109 训练/验证/测试起点 3001/409/841；{'train': ('2022-09-01', '2023-01-05'), 'val': ('2023-01-06', '2023-01-23'), 'test': ('2023-01-24', '2023-02-28')}
20:30:12 INFO 模型参数 195,342；锚定方式 none；锚定来源 ess_cells
20:30:26 INFO 第   1 轮  训练 0.02346  验证 pinball 0.01842  分时小区平均 β -1.254  10.2s
20:30:35 INFO 第   2 轮  训练 0.01824  验证 pinball 0.01767  分时小区平均 β -1.195  9.1s
20:30:44 INFO 第   3 轮  训练 0.01650  验证 pinball 0.01513  分时小区平均 β -1.159  9.0s
20:30:53 INFO 第   4 轮  训练 0.01514  验证 pinball 0.01459  分时小区平均 β -1.117  9.4s
20:31:02 INFO 第   5 轮  训练 0.01412  验证 pinball 0.01443  分时小区平均 β -1.081  8.9s
20:31:12 INFO 第   6 轮  训练 0.01348  验证 pinball 0.01455  分时小区平均 β -1.045  9.3s
20:31:20 INFO 第   7 轮  训练 0.01316  验证 pinball 0.01432  分时小区平均 β -1.014  8.8s
20:31:29 INFO 第   8 轮  训练 0.01289  验证 pinball 0.01384  分时小区平均 β -0.989  8.7s
20:31:38 INFO 第   9 轮  训练 0.01267  验证 pinball 0.01523  分时小区平均 β -0.968  8.9s
20:31:47 INFO 第  10 轮  训练 0.01251  验证 pinball 0.01429  分时小区平均 β -0.951  9.3s
20:31:56 INFO 第  11 轮  训练 0.01232  验证 pinball 0.01490  分时小区平均 β -0.938  9.2s
20:32:05 INFO 第  12 轮  训练 0.01216  验证 pinball 0.01418  分时小区平均 β -0.928  8.6s
20:32:14 INFO 第  13 轮  训练 0.01204  验证 pinball 0.01440  分时小区平均 β -0.919  8.8s
20:32:22 INFO 第  14 轮  训练 0.01193  验证 pinball 0.01426  分时小区平均 β -0.911  8.6s
20:32:31 INFO 第  15 轮  训练 0.01176  验证 pinball 0.01403  分时小区平均 β -0.906  8.8s
20:32:40 INFO 第  16 轮  训练 0.01177  验证 pinball 0.01404  分时小区平均 β -0.900  8.9s
20:32:50 INFO 第  17 轮  训练 0.01160  验证 pinball 0.01456  分时小区平均 β -0.898  9.3s
20:32:59 INFO 第  18 轮  训练 0.01148  验证 pinball 0.01517  分时小区平均 β -0.895  9.3s
20:33:08 INFO 第  19 轮  训练 0.01133  验证 pinball 0.01492  分时小区平均 β -0.892  8.9s
20:33:17 INFO 第  20 轮  训练 0.01128  验证 pinball 0.01485  分时小区平均 β -0.891  8.9s
20:33:26 INFO 第  21 轮  训练 0.01116  验证 pinball 0.01484  分时小区平均 β -0.888  9.3s
20:33:35 INFO 第  22 轮  训练 0.01103  验证 pinball 0.01542  分时小区平均 β -0.888  9.3s
20:33:44 INFO 第  23 轮  训练 0.01098  验证 pinball 0.01497  分时小区平均 β -0.887  9.1s
20:33:44 INFO 验证损失 15 轮未改善，提前停止
20:33:50 INFO E-SS flat：真实隐含弹性 -1.100；模型 -0.834（反事实 MAE 0.0451）；插补 P0 -1.291（0.0441）
20:33:50 INFO E-SS spread1.5：真实隐含弹性 -1.100；模型 -0.834（反事实 MAE 0.0445）；插补 P0 -1.291（0.0450）
20:33:58 INFO 测试期 MAE 0.0470  WAPE 0.248  CRPS 0.0271  PICP90 原始 0.850 / ACI 0.903；输出 D:\EV充电因果预测sci论文\05_实验结果\runs\ess_rho1_A2none_s0
== ess_rho1_A2none_s0  完成，用时 4.0 分钟
== ess_rho1_A5blind_s0  开始 20:33:59
20:34:02 INFO 运行 ess_rho1_A5blind_s0，设备 cuda，torch 2.11.0+cu128
20:34:12 INFO E-SS 半合成数据：109 个小区（处理组 54），ρ = 1.0，真实弹性 [-0.2, -0.8, -1.5]；锚定 cells（在合成训练期上重新估计）
20:34:12 INFO 数据：T=4344 N=109 训练/验证/测试起点 3001/409/841；{'train': ('2022-09-01', '2023-01-05'), 'val': ('2023-01-06', '2023-01-23'), 'test': ('2023-01-24', '2023-02-28')}
20:34:12 INFO 模型参数 194,891；锚定方式 cut；锚定来源 ess_cells
20:34:24 INFO 第   1 轮  训练 0.02318  验证 pinball 0.01830  分时小区平均 β +nan  9.5s
20:34:33 INFO 第   2 轮  训练 0.01825  验证 pinball 0.01806  分时小区平均 β +nan  8.6s
20:34:42 INFO 第   3 轮  训练 0.01665  验证 pinball 0.01525  分时小区平均 β +nan  9.4s
20:34:51 INFO 第   4 轮  训练 0.01529  验证 pinball 0.01469  分时小区平均 β +nan  9.1s
20:35:00 INFO 第   5 轮  训练 0.01423  验证 pinball 0.01460  分时小区平均 β +nan  9.1s
20:35:10 INFO 第   6 轮  训练 0.01360  验证 pinball 0.01441  分时小区平均 β +nan  9.1s
20:35:18 INFO 第   7 轮  训练 0.01330  验证 pinball 0.01456  分时小区平均 β +nan  8.8s
20:35:27 INFO 第   8 轮  训练 0.01307  验证 pinball 0.01415  分时小区平均 β +nan  8.5s
20:35:36 INFO 第   9 轮  训练 0.01286  验证 pinball 0.01506  分时小区平均 β +nan  8.7s
20:35:45 INFO 第  10 轮  训练 0.01271  验证 pinball 0.01411  分时小区平均 β +nan  9.2s
20:35:54 INFO 第  11 轮  训练 0.01253  验证 pinball 0.01502  分时小区平均 β +nan  9.1s
20:36:03 INFO 第  12 轮  训练 0.01238  验证 pinball 0.01414  分时小区平均 β +nan  9.4s
20:36:12 INFO 第  13 轮  训练 0.01223  验证 pinball 0.01450  分时小区平均 β +nan  8.6s
20:36:21 INFO 第  14 轮  训练 0.01216  验证 pinball 0.01436  分时小区平均 β +nan  8.7s
20:36:30 INFO 第  15 轮  训练 0.01196  验证 pinball 0.01409  分时小区平均 β +nan  8.9s
20:36:39 INFO 第  16 轮  训练 0.01194  验证 pinball 0.01413  分时小区平均 β +nan  9.2s
20:36:47 INFO 第  17 轮  训练 0.01178  验证 pinball 0.01459  分时小区平均 β +nan  8.6s
20:36:56 INFO 第  18 轮  训练 0.01163  验证 pinball 0.01470  分时小区平均 β +nan  8.9s
20:37:06 INFO 第  19 轮  训练 0.01152  验证 pinball 0.01475  分时小区平均 β +nan  9.4s
20:37:14 INFO 第  20 轮  训练 0.01144  验证 pinball 0.01545  分时小区平均 β +nan  8.6s
20:37:23 INFO 第  21 轮  训练 0.01136  验证 pinball 0.01494  分时小区平均 β +nan  9.2s
20:37:32 INFO 第  22 轮  训练 0.01121  验证 pinball 0.01528  分时小区平均 β +nan  8.8s
20:37:42 INFO 第  23 轮  训练 0.01114  验证 pinball 0.01493  分时小区平均 β +nan  9.3s
20:37:50 INFO 第  24 轮  训练 0.01103  验证 pinball 0.01557  分时小区平均 β +nan  8.8s
20:38:00 INFO 第  25 轮  训练 0.01095  验证 pinball 0.01541  分时小区平均 β +nan  9.2s
20:38:09 INFO 第  26 轮  训练 0.01086  验证 pinball 0.01606  分时小区平均 β +nan  9.5s
20:38:18 INFO 第  27 轮  训练 0.01077  验证 pinball 0.01546  分时小区平均 β +nan  8.7s
20:38:27 INFO 第  28 轮  训练 0.01072  验证 pinball 0.01593  分时小区平均 β +nan  9.1s
20:38:36 INFO 第  29 轮  训练 0.01057  验证 pinball 0.01546  分时小区平均 β +nan  9.0s
20:38:45 INFO 第  30 轮  训练 0.01043  验证 pinball 0.01593  分时小区平均 β +nan  8.6s
20:38:45 INFO 验证损失 15 轮未改善，提前停止
20:38:49 INFO E-SS flat：真实隐含弹性 -1.100；模型 +0.000（反事实 MAE 0.0463）；插补 P0 -1.292（0.0454）
20:38:49 INFO E-SS spread1.5：真实隐含弹性 -1.100；模型 +0.000（反事实 MAE 0.0463）；插补 P0 -1.292（0.0456）
20:38:52 INFO 测试期 MAE 0.0471  WAPE 0.248  CRPS 0.0273  PICP90 原始 0.829 / ACI 0.903；输出 D:\EV充电因果预测sci论文\05_实验结果\runs\ess_rho1_A5blind_s0
== ess_rho1_A5blind_s0  完成，用时 4.9 分钟
== ess_rho1_A6input_s0  开始 20:38:53
20:38:55 INFO 运行 ess_rho1_A6input_s0，设备 cuda，torch 2.11.0+cu128
20:39:00 INFO E-SS 半合成数据：109 个小区（处理组 54），ρ = 1.0，真实弹性 [-0.2, -0.8, -1.5]；锚定 cells（在合成训练期上重新估计）
20:39:00 INFO 数据：T=4344 N=109 训练/验证/测试起点 3001/409/841；{'train': ('2022-09-01', '2023-01-05'), 'val': ('2023-01-06', '2023-01-23'), 'test': ('2023-01-24', '2023-02-28')}
20:39:00 INFO 模型参数 195,307；锚定方式 cut；锚定来源 ess_cells
20:39:10 INFO 第   1 轮  训练 0.02302  验证 pinball 0.01805  分时小区平均 β +nan  8.0s
20:39:17 INFO 第   2 轮  训练 0.01834  验证 pinball 0.01697  分时小区平均 β +nan  7.6s
20:39:25 INFO 第   3 轮  训练 0.01674  验证 pinball 0.01570  分时小区平均 β +nan  7.5s
20:39:33 INFO 第   4 轮  训练 0.01534  验证 pinball 0.01488  分时小区平均 β +nan  7.6s
20:39:40 INFO 第   5 轮  训练 0.01422  验证 pinball 0.01492  分时小区平均 β +nan  7.6s
20:39:48 INFO 第   6 轮  训练 0.01352  验证 pinball 0.01413  分时小区平均 β +nan  7.6s
20:39:55 INFO 第   7 轮  训练 0.01325  验证 pinball 0.01454  分时小区平均 β +nan  7.6s
20:40:03 INFO 第   8 轮  训练 0.01298  验证 pinball 0.01444  分时小区平均 β +nan  7.5s
20:40:11 INFO 第   9 轮  训练 0.01275  验证 pinball 0.01476  分时小区平均 β +nan  7.6s
20:40:18 INFO 第  10 轮  训练 0.01255  验证 pinball 0.01452  分时小区平均 β +nan  7.6s
20:40:26 INFO 第  11 轮  训练 0.01248  验证 pinball 0.01409  分时小区平均 β +nan  7.6s
20:40:33 INFO 第  12 轮  训练 0.01221  验证 pinball 0.01431  分时小区平均 β +nan  7.6s
20:40:41 INFO 第  13 轮  训练 0.01209  验证 pinball 0.01471  分时小区平均 β +nan  7.6s
20:40:49 INFO 第  14 轮  训练 0.01202  验证 pinball 0.01412  分时小区平均 β +nan  7.7s
20:40:56 INFO 第  15 轮  训练 0.01189  验证 pinball 0.01415  分时小区平均 β +nan  7.7s
20:41:04 INFO 第  16 轮  训练 0.01175  验证 pinball 0.01395  分时小区平均 β +nan  7.6s
20:41:12 INFO 第  17 轮  训练 0.01162  验证 pinball 0.01443  分时小区平均 β +nan  7.6s
20:41:19 INFO 第  18 轮  训练 0.01149  验证 pinball 0.01453  分时小区平均 β +nan  7.5s
20:41:27 INFO 第  19 轮  训练 0.01142  验证 pinball 0.01560  分时小区平均 β +nan  7.6s
20:41:34 INFO 第  20 轮  训练 0.01130  验证 pinball 0.01505  分时小区平均 β +nan  7.6s
20:41:42 INFO 第  21 轮  训练 0.01124  验证 pinball 0.01520  分时小区平均 β +nan  7.6s
20:41:50 INFO 第  22 轮  训练 0.01111  验证 pinball 0.01503  分时小区平均 β +nan  7.6s
20:41:57 INFO 第  23 轮  训练 0.01102  验证 pinball 0.01485  分时小区平均 β +nan  7.5s
20:42:05 INFO 第  24 轮  训练 0.01099  验证 pinball 0.01547  分时小区平均 β +nan  7.6s
20:42:12 INFO 第  25 轮  训练 0.01083  验证 pinball 0.01573  分时小区平均 β +nan  7.6s
20:42:20 INFO 第  26 轮  训练 0.01071  验证 pinball 0.01579  分时小区平均 β +nan  7.6s
20:42:28 INFO 第  27 轮  训练 0.01069  验证 pinball 0.01602  分时小区平均 β +nan  7.5s
20:42:35 INFO 第  28 轮  训练 0.01052  验证 pinball 0.01552  分时小区平均 β +nan  7.6s
20:42:43 INFO 第  29 轮  训练 0.01045  验证 pinball 0.01543  分时小区平均 β +nan  7.6s
20:42:50 INFO 第  30 轮  训练 0.01037  验证 pinball 0.01597  分时小区平均 β +nan  7.6s
20:42:58 INFO 第  31 轮  训练 0.01029  验证 pinball 0.01595  分时小区平均 β +nan  7.6s
20:42:58 INFO 验证损失 15 轮未改善，提前停止
20:43:02 INFO E-SS flat：真实隐含弹性 -1.100；模型 -0.664（反事实 MAE 0.0457）；插补 P0 -1.292（0.0452）
20:43:02 INFO E-SS spread1.5：真实隐含弹性 -1.100；模型 -0.663（反事实 MAE 0.0456）；插补 P0 -1.291（0.0458）
20:43:06 INFO 测试期 MAE 0.0477  WAPE 0.252  CRPS 0.0280  PICP90 原始 0.803 / ACI 0.904；输出 D:\EV充电因果预测sci论文\05_实验结果\runs\ess_rho1_A6input_s0
== ess_rho1_A6input_s0  完成，用时 4.2 分钟
== ess_rho0.5_A0oracle_s0  开始 20:43:06
20:43:09 INFO 运行 ess_rho0.5_A0oracle_s0，设备 cuda，torch 2.11.0+cu128
20:43:10 INFO E-SS 半合成数据：109 个小区（处理组 54），ρ = 0.5，真实弹性 [-0.2, -0.8, -1.5]；锚定 oracle（在合成训练期上重新估计）
20:43:10 INFO 数据：T=4344 N=109 训练/验证/测试起点 3001/409/841；{'train': ('2022-09-01', '2023-01-05'), 'val': ('2023-01-06', '2023-01-23'), 'test': ('2023-01-24', '2023-02-28')}
20:43:10 INFO 模型参数 194,891；锚定方式 cut；锚定来源 ess_oracle
20:43:19 INFO 第   1 轮  训练 0.02347  验证 pinball 0.01843  分时小区平均 β -1.115  7.9s
20:43:27 INFO 第   2 轮  训练 0.01831  验证 pinball 0.01828  分时小区平均 β -1.115  7.6s
20:43:34 INFO 第   3 轮  训练 0.01663  验证 pinball 0.01519  分时小区平均 β -1.115  7.6s
20:43:42 INFO 第   4 轮  训练 0.01524  验证 pinball 0.01457  分时小区平均 β -1.115  7.5s
20:43:49 INFO 第   5 轮  训练 0.01420  验证 pinball 0.01452  分时小区平均 β -1.115  7.6s
20:43:58 INFO 第   6 轮  训练 0.01350  验证 pinball 0.01448  分时小区平均 β -1.115  9.0s
20:44:07 INFO 第   7 轮  训练 0.01320  验证 pinball 0.01437  分时小区平均 β -1.115  8.6s
20:44:16 INFO 第   8 轮  训练 0.01293  验证 pinball 0.01383  分时小区平均 β -1.115  8.7s
20:44:25 INFO 第   9 轮  训练 0.01271  验证 pinball 0.01520  分时小区平均 β -1.115  9.1s
20:44:34 INFO 第  10 轮  训练 0.01255  验证 pinball 0.01400  分时小区平均 β -1.115  8.9s
20:44:43 INFO 第  11 轮  训练 0.01238  验证 pinball 0.01499  分时小区平均 β -1.115  9.0s
20:44:52 INFO 第  12 轮  训练 0.01219  验证 pinball 0.01411  分时小区平均 β -1.115  9.0s
20:45:00 INFO 第  13 轮  训练 0.01208  验证 pinball 0.01441  分时小区平均 β -1.115  8.7s
20:45:10 INFO 第  14 轮  训练 0.01199  验证 pinball 0.01427  分时小区平均 β -1.115  9.1s
20:45:19 INFO 第  15 轮  训练 0.01179  验证 pinball 0.01394  分时小区平均 β -1.115  9.1s
20:45:27 INFO 第  16 轮  训练 0.01177  验证 pinball 0.01405  分时小区平均 β -1.115  8.8s
20:45:36 INFO 第  17 轮  训练 0.01164  验证 pinball 0.01450  分时小区平均 β -1.115  8.7s
20:45:46 INFO 第  18 轮  训练 0.01149  验证 pinball 0.01455  分时小区平均 β -1.115  9.4s
20:45:54 INFO 第  19 轮  训练 0.01136  验证 pinball 0.01449  分时小区平均 β -1.115  8.6s
20:46:03 INFO 第  20 轮  训练 0.01132  验证 pinball 0.01509  分时小区平均 β -1.115  8.7s
20:46:12 INFO 第  21 轮  训练 0.01119  验证 pinball 0.01497  分时小区平均 β -1.115  8.8s
20:46:21 INFO 第  22 轮  训练 0.01108  验证 pinball 0.01523  分时小区平均 β -1.115  9.4s
20:46:30 INFO 第  23 轮  训练 0.01100  验证 pinball 0.01495  分时小区平均 β -1.115  8.6s
20:46:30 INFO 验证损失 15 轮未改善，提前停止
20:46:35 INFO E-SS flat：真实隐含弹性 -1.101；模型 -1.102（反事实 MAE 0.0446）；插补 P0 -1.102（0.0446）
20:46:35 INFO E-SS spread1.5：真实隐含弹性 -1.100；模型 -1.102（反事实 MAE 0.0448）；插补 P0 -1.102（0.0448）
20:46:43 INFO 测试期 MAE 0.0471  WAPE 0.248  CRPS 0.0271  PICP90 原始 0.854 / ACI 0.902；输出 D:\EV充电因果预测sci论文\05_实验结果\runs\ess_rho0.5_A0oracle_s0
== ess_rho0.5_A0oracle_s0  完成，用时 3.6 分钟
阶段 ess 结束
