阶段 sens；日志 D:\EV充电因果预测sci论文\05_实验结果\云端小实验\run_final_sens_20261002_030216.log
== sens_lag_s0  开始 03:02:16
03:02:19 INFO 运行 sens_lag_s0，设备 cuda，torch 2.11.0+cu128
03:02:20 INFO 数据：T=4344 N=275 训练/验证/测试起点 3001/409/841；{'train': ('2022-09-01', '2023-01-05'), 'val': ('2023-01-06', '2023-01-23'), 'test': ('2023-01-24', '2023-02-28')}
03:02:20 INFO 模型参数 198,211；锚定方式 cut；锚定来源 fivemin_main_lag60
03:02:51 INFO 第   1 轮  训练 0.02300  验证 pinball 0.01697  分时小区平均 β -0.359  27.6s
03:03:18 INFO 第   2 轮  训练 0.01836  验证 pinball 0.01701  分时小区平均 β -0.359  26.8s
03:03:45 INFO 第   3 轮  训练 0.01712  验证 pinball 0.01531  分时小区平均 β -0.359  27.0s
03:04:12 INFO 第   4 轮  训练 0.01591  验证 pinball 0.01453  分时小区平均 β -0.359  26.9s
03:04:38 INFO 第   5 轮  训练 0.01497  验证 pinball 0.01437  分时小区平均 β -0.359  26.7s
03:05:05 INFO 第   6 轮  训练 0.01439  验证 pinball 0.01380  分时小区平均 β -0.359  26.9s
03:05:32 INFO 第   7 轮  训练 0.01404  验证 pinball 0.01392  分时小区平均 β -0.359  26.9s
03:05:59 INFO 第   8 轮  训练 0.01386  验证 pinball 0.01393  分时小区平均 β -0.359  26.8s
03:06:26 INFO 第   9 轮  训练 0.01356  验证 pinball 0.01442  分时小区平均 β -0.359  26.8s
03:06:53 INFO 第  10 轮  训练 0.01339  验证 pinball 0.01369  分时小区平均 β -0.359  26.8s
03:07:19 INFO 第  11 轮  训练 0.01329  验证 pinball 0.01321  分时小区平均 β -0.359  26.9s
03:07:46 INFO 第  12 轮  训练 0.01307  验证 pinball 0.01299  分时小区平均 β -0.359  27.1s
03:08:13 INFO 第  13 轮  训练 0.01296  验证 pinball 0.01320  分时小区平均 β -0.359  27.0s
03:08:40 INFO 第  14 轮  训练 0.01288  验证 pinball 0.01319  分时小区平均 β -0.359  26.9s
03:09:07 INFO 第  15 轮  训练 0.01276  验证 pinball 0.01296  分时小区平均 β -0.359  26.8s
03:09:34 INFO 第  16 轮  训练 0.01258  验证 pinball 0.01290  分时小区平均 β -0.359  26.7s
03:10:01 INFO 第  17 轮  训练 0.01254  验证 pinball 0.01297  分时小区平均 β -0.359  27.0s
03:10:28 INFO 第  18 轮  训练 0.01240  验证 pinball 0.01309  分时小区平均 β -0.359  26.8s
03:10:55 INFO 第  19 轮  训练 0.01232  验证 pinball 0.01300  分时小区平均 β -0.359  26.9s
03:11:22 INFO 第  20 轮  训练 0.01225  验证 pinball 0.01289  分时小区平均 β -0.359  26.9s
03:11:48 INFO 第  21 轮  训练 0.01221  验证 pinball 0.01301  分时小区平均 β -0.359  26.7s
03:12:15 INFO 第  22 轮  训练 0.01211  验证 pinball 0.01302  分时小区平均 β -0.359  26.9s
03:12:42 INFO 第  23 轮  训练 0.01204  验证 pinball 0.01282  分时小区平均 β -0.359  26.8s
03:13:09 INFO 第  24 轮  训练 0.01205  验证 pinball 0.01295  分时小区平均 β -0.359  26.7s
03:13:36 INFO 第  25 轮  训练 0.01192  验证 pinball 0.01333  分时小区平均 β -0.359  27.0s
03:14:02 INFO 第  26 轮  训练 0.01187  验证 pinball 0.01310  分时小区平均 β -0.359  26.7s
03:14:29 INFO 第  27 轮  训练 0.01188  验证 pinball 0.01289  分时小区平均 β -0.359  27.0s
03:14:56 INFO 第  28 轮  训练 0.01180  验证 pinball 0.01277  分时小区平均 β -0.359  26.9s
03:15:23 INFO 第  29 轮  训练 0.01172  验证 pinball 0.01288  分时小区平均 β -0.359  27.0s
03:15:50 INFO 第  30 轮  训练 0.01168  验证 pinball 0.01322  分时小区平均 β -0.359  26.9s
03:16:17 INFO 第  31 轮  训练 0.01163  验证 pinball 0.01337  分时小区平均 β -0.359  26.9s
03:16:44 INFO 第  32 轮  训练 0.01162  验证 pinball 0.01329  分时小区平均 β -0.359  26.9s
03:17:11 INFO 第  33 轮  训练 0.01158  验证 pinball 0.01332  分时小区平均 β -0.359  26.8s
03:17:38 INFO 第  34 轮  训练 0.01148  验证 pinball 0.01312  分时小区平均 β -0.359  26.9s
03:18:05 INFO 第  35 轮  训练 0.01146  验证 pinball 0.01351  分时小区平均 β -0.359  26.9s
03:18:31 INFO 第  36 轮  训练 0.01141  验证 pinball 0.01312  分时小区平均 β -0.359  26.7s
03:18:59 INFO 第  37 轮  训练 0.01142  验证 pinball 0.01331  分时小区平均 β -0.359  27.0s
03:19:25 INFO 第  38 轮  训练 0.01130  验证 pinball 0.01349  分时小区平均 β -0.359  26.8s
03:19:52 INFO 第  39 轮  训练 0.01125  验证 pinball 0.01334  分时小区平均 β -0.359  27.0s
03:20:19 INFO 第  40 轮  训练 0.01126  验证 pinball 0.01328  分时小区平均 β -0.359  26.9s
03:20:46 INFO 第  41 轮  训练 0.01124  验证 pinball 0.01399  分时小区平均 β -0.359  26.9s
03:21:13 INFO 第  42 轮  训练 0.01117  验证 pinball 0.01355  分时小区平均 β -0.359  26.7s
03:21:40 INFO 第  43 轮  训练 0.01112  验证 pinball 0.01334  分时小区平均 β -0.359  26.9s
03:21:40 INFO 验证损失 15 轮未改善，提前停止
03:21:45 INFO 切换点一致性（all）：观测 β -1.180（0.393）  模型 β -0.510（0.203）
03:21:45 INFO 切换点一致性（novel）：观测 β -0.367（0.505）  模型 β -0.253（0.254）
03:22:02 INFO 测试期 MAE 0.0449  WAPE 0.230  CRPS 0.0263  PICP90 原始 0.812 / ACI 0.901；输出 D:\EV充电因果预测sci论文\05_实验结果\runs\sens_lag_s0
== sens_lag_s0  完成，用时 19.8 分钟
== sens_lag_s1  开始 03:22:04
03:22:16 INFO 运行 sens_lag_s1，设备 cuda，torch 2.11.0+cu128
03:22:17 INFO 数据：T=4344 N=275 训练/验证/测试起点 3001/409/841；{'train': ('2022-09-01', '2023-01-05'), 'val': ('2023-01-06', '2023-01-23'), 'test': ('2023-01-24', '2023-02-28')}
03:22:17 INFO 模型参数 198,211；锚定方式 cut；锚定来源 fivemin_main_lag60
03:22:48 INFO 第   1 轮  训练 0.02275  验证 pinball 0.01805  分时小区平均 β -0.359  27.6s
03:23:15 INFO 第   2 轮  训练 0.01838  验证 pinball 0.01606  分时小区平均 β -0.359  26.9s
03:23:42 INFO 第   3 轮  训练 0.01699  验证 pinball 0.01494  分时小区平均 β -0.359  26.9s
03:24:09 INFO 第   4 轮  训练 0.01569  验证 pinball 0.01485  分时小区平均 β -0.359  26.9s
03:24:36 INFO 第   5 轮  训练 0.01484  验证 pinball 0.01441  分时小区平均 β -0.359  26.8s
03:25:03 INFO 第   6 轮  训练 0.01424  验证 pinball 0.01379  分时小区平均 β -0.359  26.8s
03:25:29 INFO 第   7 轮  训练 0.01403  验证 pinball 0.01402  分时小区平均 β -0.359  26.7s
03:25:56 INFO 第   8 轮  训练 0.01370  验证 pinball 0.01337  分时小区平均 β -0.359  26.8s
03:26:23 INFO 第   9 轮  训练 0.01342  验证 pinball 0.01327  分时小区平均 β -0.359  27.0s
03:26:50 INFO 第  10 轮  训练 0.01333  验证 pinball 0.01320  分时小区平均 β -0.359  26.8s
03:27:17 INFO 第  11 轮  训练 0.01317  验证 pinball 0.01319  分时小区平均 β -0.359  27.1s
03:27:44 INFO 第  12 轮  训练 0.01305  验证 pinball 0.01374  分时小区平均 β -0.359  26.8s
03:28:11 INFO 第  13 轮  训练 0.01288  验证 pinball 0.01328  分时小区平均 β -0.359  27.0s
03:28:36 INFO 第  14 轮  训练 0.01273  验证 pinball 0.01345  分时小区平均 β -0.359  25.0s
03:29:00 INFO 第  15 轮  训练 0.01264  验证 pinball 0.01290  分时小区平均 β -0.359  24.6s
03:29:25 INFO 第  16 轮  训练 0.01266  验证 pinball 0.01333  分时小区平均 β -0.359  24.5s
03:29:49 INFO 第  17 轮  训练 0.01243  验证 pinball 0.01299  分时小区平均 β -0.359  24.6s
03:30:14 INFO 第  18 轮  训练 0.01235  验证 pinball 0.01295  分时小区平均 β -0.359  24.4s
03:30:38 INFO 第  19 轮  训练 0.01226  验证 pinball 0.01309  分时小区平均 β -0.359  24.5s
03:31:03 INFO 第  20 轮  训练 0.01228  验证 pinball 0.01284  分时小区平均 β -0.359  24.7s
03:31:28 INFO 第  21 轮  训练 0.01210  验证 pinball 0.01328  分时小区平均 β -0.359  25.1s
03:31:53 INFO 第  22 轮  训练 0.01205  验证 pinball 0.01421  分时小区平均 β -0.359  24.5s
03:32:17 INFO 第  23 轮  训练 0.01200  验证 pinball 0.01308  分时小区平均 β -0.359  24.6s
03:32:42 INFO 第  24 轮  训练 0.01191  验证 pinball 0.01323  分时小区平均 β -0.359  24.6s
03:33:06 INFO 第  25 轮  训练 0.01188  验证 pinball 0.01303  分时小区平均 β -0.359  24.6s
03:33:31 INFO 第  26 轮  训练 0.01177  验证 pinball 0.01325  分时小区平均 β -0.359  24.5s
03:33:55 INFO 第  27 轮  训练 0.01169  验证 pinball 0.01309  分时小区平均 β -0.359  24.5s
03:34:20 INFO 第  28 轮  训练 0.01172  验证 pinball 0.01420  分时小区平均 β -0.359  24.5s
03:34:45 INFO 第  29 轮  训练 0.01173  验证 pinball 0.01318  分时小区平均 β -0.359  24.7s
03:35:09 INFO 第  30 轮  训练 0.01153  验证 pinball 0.01328  分时小区平均 β -0.359  24.6s
03:35:34 INFO 第  31 轮  训练 0.01155  验证 pinball 0.01320  分时小区平均 β -0.359  24.6s
03:35:58 INFO 第  32 轮  训练 0.01138  验证 pinball 0.01360  分时小区平均 β -0.359  24.6s
03:36:23 INFO 第  33 轮  训练 0.01136  验证 pinball 0.01341  分时小区平均 β -0.359  24.7s
03:36:48 INFO 第  34 轮  训练 0.01134  验证 pinball 0.01328  分时小区平均 β -0.359  24.5s
03:37:12 INFO 第  35 轮  训练 0.01131  验证 pinball 0.01337  分时小区平均 β -0.359  24.5s
03:37:12 INFO 验证损失 15 轮未改善，提前停止
03:37:16 INFO 切换点一致性（all）：观测 β -1.180（0.393）  模型 β -0.501（0.217）
03:37:17 INFO 切换点一致性（novel）：观测 β -0.367（0.505）  模型 β -0.207（0.287）
03:37:25 INFO 测试期 MAE 0.0449  WAPE 0.230  CRPS 0.0261  PICP90 原始 0.832 / ACI 0.900；输出 D:\EV充电因果预测sci论文\05_实验结果\runs\sens_lag_s1
== sens_lag_s1  完成，用时 15.4 分钟
== sens_lag_s2  开始 03:37:26
03:37:29 INFO 运行 sens_lag_s2，设备 cuda，torch 2.11.0+cu128
03:37:29 INFO 数据：T=4344 N=275 训练/验证/测试起点 3001/409/841；{'train': ('2022-09-01', '2023-01-05'), 'val': ('2023-01-06', '2023-01-23'), 'test': ('2023-01-24', '2023-02-28')}
03:37:30 INFO 模型参数 198,211；锚定方式 cut；锚定来源 fivemin_main_lag60
03:37:56 INFO 第   1 轮  训练 0.02309  验证 pinball 0.01822  分时小区平均 β -0.359  24.9s
03:38:20 INFO 第   2 轮  训练 0.01842  验证 pinball 0.01579  分时小区平均 β -0.359  24.5s
03:38:45 INFO 第   3 轮  训练 0.01689  验证 pinball 0.01474  分时小区平均 β -0.359  24.4s
03:39:09 INFO 第   4 轮  训练 0.01555  验证 pinball 0.01442  分时小区平均 β -0.359  24.5s
03:39:34 INFO 第   5 轮  训练 0.01477  验证 pinball 0.01436  分时小区平均 β -0.359  24.6s
03:39:58 INFO 第   6 轮  训练 0.01438  验证 pinball 0.01390  分时小区平均 β -0.359  24.5s
03:40:23 INFO 第   7 轮  训练 0.01404  验证 pinball 0.01373  分时小区平均 β -0.359  24.4s
03:40:48 INFO 第   8 轮  训练 0.01374  验证 pinball 0.01368  分时小区平均 β -0.359  25.8s
03:41:15 INFO 第   9 轮  训练 0.01354  验证 pinball 0.01345  分时小区平均 β -0.359  26.8s
03:41:42 INFO 第  10 轮  训练 0.01340  验证 pinball 0.01354  分时小区平均 β -0.359  26.8s
03:42:09 INFO 第  11 轮  训练 0.01321  验证 pinball 0.01360  分时小区平均 β -0.359  26.9s
03:42:36 INFO 第  12 轮  训练 0.01300  验证 pinball 0.01314  分时小区平均 β -0.359  26.8s
03:43:03 INFO 第  13 轮  训练 0.01297  验证 pinball 0.01364  分时小区平均 β -0.359  27.1s
03:43:30 INFO 第  14 轮  训练 0.01283  验证 pinball 0.01376  分时小区平均 β -0.359  26.9s
03:43:56 INFO 第  15 轮  训练 0.01269  验证 pinball 0.01314  分时小区平均 β -0.359  26.8s
03:44:23 INFO 第  16 轮  训练 0.01259  验证 pinball 0.01412  分时小区平均 β -0.359  26.9s
03:44:50 INFO 第  17 轮  训练 0.01258  验证 pinball 0.01314  分时小区平均 β -0.359  26.8s
03:45:17 INFO 第  18 轮  训练 0.01243  验证 pinball 0.01315  分时小区平均 β -0.359  26.9s
03:45:44 INFO 第  19 轮  训练 0.01229  验证 pinball 0.01351  分时小区平均 β -0.359  26.9s
03:46:11 INFO 第  20 轮  训练 0.01223  验证 pinball 0.01378  分时小区平均 β -0.359  26.9s
03:46:38 INFO 第  21 轮  训练 0.01216  验证 pinball 0.01396  分时小区平均 β -0.359  27.1s
03:47:05 INFO 第  22 轮  训练 0.01213  验证 pinball 0.01353  分时小区平均 β -0.359  26.9s
03:47:32 INFO 第  23 轮  训练 0.01202  验证 pinball 0.01373  分时小区平均 β -0.359  27.0s
03:47:59 INFO 第  24 轮  训练 0.01191  验证 pinball 0.01335  分时小区平均 β -0.359  26.9s
03:48:26 INFO 第  25 轮  训练 0.01186  验证 pinball 0.01330  分时小区平均 β -0.359  26.8s
03:48:53 INFO 第  26 轮  训练 0.01187  验证 pinball 0.01367  分时小区平均 β -0.359  27.1s
03:49:19 INFO 第  27 轮  训练 0.01174  验证 pinball 0.01370  分时小区平均 β -0.359  26.7s
03:49:46 INFO 第  28 轮  训练 0.01170  验证 pinball 0.01358  分时小区平均 β -0.359  26.8s
03:50:13 INFO 第  29 轮  训练 0.01170  验证 pinball 0.01353  分时小区平均 β -0.359  27.1s
03:50:40 INFO 第  30 轮  训练 0.01156  验证 pinball 0.01466  分时小区平均 β -0.359  26.9s
03:50:40 INFO 验证损失 15 轮未改善，提前停止
03:50:45 INFO 切换点一致性（all）：观测 β -1.180（0.393）  模型 β -0.586（0.174）
03:50:46 INFO 切换点一致性（novel）：观测 β -0.367（0.505）  模型 β -0.260（0.188）
03:51:03 INFO 测试期 MAE 0.0444  WAPE 0.227  CRPS 0.0256  PICP90 原始 0.856 / ACI 0.902；输出 D:\EV充电因果预测sci论文\05_实验结果\runs\sens_lag_s2
== sens_lag_s2  完成，用时 13.6 分钟
阶段 sens 结束
