阶段 tune；日志 D:\EV充电因果预测sci论文\05_实验结果\云端小实验\run_final_tune_20260929_213019.log
== tune_gwn_D32_lr5e-4_do0.1  开始 21:30:19
21:30:21 INFO 运行 tune_gwn_D32_lr5e-4_do0.1，设备 cuda，torch 2.11.0+cu128
21:30:22 INFO 数据：T=4344 N=275 训练/验证/测试起点 3001/409/841；{'train': ('2022-09-01', '2023-01-05'), 'val': ('2023-01-06', '2023-01-23'), 'test': ('2023-01-24', '2023-02-28')}
21:30:22 INFO 模型参数 198,211；锚定方式 cut；锚定来源 fivemin_main
21:30:49 INFO 第   1 轮  训练 0.02486  验证 pinball 0.01857  分时小区平均 β -0.213  25.6s
21:31:15 INFO 第   2 轮  训练 0.01929  验证 pinball 0.01677  分时小区平均 β -0.213  25.3s
21:31:40 INFO 第   3 轮  训练 0.01826  验证 pinball 0.01623  分时小区平均 β -0.213  25.2s
21:32:05 INFO 第   4 轮  训练 0.01756  验证 pinball 0.01559  分时小区平均 β -0.213  25.3s
21:32:31 INFO 第   5 轮  训练 0.01688  验证 pinball 0.01569  分时小区平均 β -0.213  25.2s
21:32:56 INFO 第   6 轮  训练 0.01596  验证 pinball 0.01454  分时小区平均 β -0.213  25.3s
21:33:21 INFO 第   7 轮  训练 0.01539  验证 pinball 0.01460  分时小区平均 β -0.213  25.3s
21:33:46 INFO 第   8 轮  训练 0.01506  验证 pinball 0.01412  分时小区平均 β -0.213  25.2s
21:34:12 INFO 第   9 轮  训练 0.01461  验证 pinball 0.01463  分时小区平均 β -0.213  25.4s
21:34:37 INFO 第  10 轮  训练 0.01431  验证 pinball 0.01397  分时小区平均 β -0.213  25.2s
21:35:02 INFO 第  11 轮  训练 0.01410  验证 pinball 0.01442  分时小区平均 β -0.213  25.3s
21:35:27 INFO 第  12 轮  训练 0.01396  验证 pinball 0.01380  分时小区平均 β -0.213  25.2s
21:35:53 INFO 第  13 轮  训练 0.01387  验证 pinball 0.01344  分时小区平均 β -0.213  26.0s
21:36:21 INFO 第  14 轮  训练 0.01366  验证 pinball 0.01358  分时小区平均 β -0.213  28.0s
21:36:49 INFO 第  15 轮  训练 0.01359  验证 pinball 0.01344  分时小区平均 β -0.213  28.0s
21:37:17 INFO 第  16 轮  训练 0.01346  验证 pinball 0.01328  分时小区平均 β -0.213  27.7s
21:37:45 INFO 第  17 轮  训练 0.01335  验证 pinball 0.01337  分时小区平均 β -0.213  27.8s
21:38:13 INFO 第  18 轮  训练 0.01323  验证 pinball 0.01319  分时小区平均 β -0.213  27.7s
21:38:40 INFO 第  19 轮  训练 0.01316  验证 pinball 0.01334  分时小区平均 β -0.213  27.7s
21:39:08 INFO 第  20 轮  训练 0.01304  验证 pinball 0.01359  分时小区平均 β -0.213  27.7s
21:39:36 INFO 第  21 轮  训练 0.01302  验证 pinball 0.01320  分时小区平均 β -0.213  27.7s
21:40:04 INFO 第  22 轮  训练 0.01288  验证 pinball 0.01346  分时小区平均 β -0.213  27.9s
21:40:31 INFO 第  23 轮  训练 0.01280  验证 pinball 0.01318  分时小区平均 β -0.213  27.8s
21:40:59 INFO 第  24 轮  训练 0.01276  验证 pinball 0.01302  分时小区平均 β -0.213  27.8s
21:41:27 INFO 第  25 轮  训练 0.01268  验证 pinball 0.01346  分时小区平均 β -0.213  27.7s
21:41:55 INFO 第  26 轮  训练 0.01263  验证 pinball 0.01298  分时小区平均 β -0.213  27.7s
21:42:22 INFO 第  27 轮  训练 0.01262  验证 pinball 0.01330  分时小区平均 β -0.213  27.7s
21:42:50 INFO 第  28 轮  训练 0.01249  验证 pinball 0.01284  分时小区平均 β -0.213  27.8s
21:43:18 INFO 第  29 轮  训练 0.01250  验证 pinball 0.01316  分时小区平均 β -0.213  27.7s
21:43:44 INFO 第  30 轮  训练 0.01242  验证 pinball 0.01291  分时小区平均 β -0.213  26.5s
21:44:10 INFO 第  31 轮  训练 0.01237  验证 pinball 0.01335  分时小区平均 β -0.213  25.2s
21:44:35 INFO 第  32 轮  训练 0.01235  验证 pinball 0.01318  分时小区平均 β -0.213  25.2s
21:45:00 INFO 第  33 轮  训练 0.01228  验证 pinball 0.01336  分时小区平均 β -0.213  25.2s
21:45:25 INFO 第  34 轮  训练 0.01220  验证 pinball 0.01288  分时小区平均 β -0.213  25.2s
21:45:50 INFO 第  35 轮  训练 0.01220  验证 pinball 0.01332  分时小区平均 β -0.213  25.3s
21:46:16 INFO 第  36 轮  训练 0.01213  验证 pinball 0.01304  分时小区平均 β -0.213  25.2s
21:46:41 INFO 第  37 轮  训练 0.01212  验证 pinball 0.01324  分时小区平均 β -0.213  25.3s
21:47:06 INFO 第  38 轮  训练 0.01205  验证 pinball 0.01305  分时小区平均 β -0.213  25.2s
21:47:31 INFO 第  39 轮  训练 0.01203  验证 pinball 0.01310  分时小区平均 β -0.213  25.2s
21:47:57 INFO 第  40 轮  训练 0.01203  验证 pinball 0.01315  分时小区平均 β -0.213  25.2s
21:48:22 INFO 第  41 轮  训练 0.01196  验证 pinball 0.01381  分时小区平均 β -0.213  25.2s
21:48:47 INFO 第  42 轮  训练 0.01200  验证 pinball 0.01302  分时小区平均 β -0.213  25.3s
21:49:12 INFO 第  43 轮  训练 0.01195  验证 pinball 0.01311  分时小区平均 β -0.213  25.3s
21:49:12 INFO 验证损失 15 轮未改善，提前停止
21:49:25 INFO 测试期 MAE 0.0442  WAPE 0.226  CRPS 0.0257  PICP90 原始 0.842 / ACI 0.901；输出 D:\EV充电因果预测sci论文\05_实验结果\runs\tune_gwn_D32_lr5e-4_do0.1
== tune_gwn_D32_lr5e-4_do0.1  完成，用时 19.1 分钟
== tune_gwn_D32_lr5e-4_do0.3  开始 21:49:26
21:49:28 INFO 运行 tune_gwn_D32_lr5e-4_do0.3，设备 cuda，torch 2.11.0+cu128
21:49:29 INFO 数据：T=4344 N=275 训练/验证/测试起点 3001/409/841；{'train': ('2022-09-01', '2023-01-05'), 'val': ('2023-01-06', '2023-01-23'), 'test': ('2023-01-24', '2023-02-28')}
21:49:30 INFO 模型参数 198,211；锚定方式 cut；锚定来源 fivemin_main
21:49:57 INFO 第   1 轮  训练 0.02487  验证 pinball 0.01857  分时小区平均 β -0.213  25.5s
21:50:22 INFO 第   2 轮  训练 0.01939  验证 pinball 0.01658  分时小区平均 β -0.213  25.3s
21:50:47 INFO 第   3 轮  训练 0.01827  验证 pinball 0.01642  分时小区平均 β -0.213  25.2s
21:51:13 INFO 第   4 轮  训练 0.01760  验证 pinball 0.01568  分时小区平均 β -0.213  25.2s
21:51:38 INFO 第   5 轮  训练 0.01690  验证 pinball 0.01559  分时小区平均 β -0.213  25.2s
21:52:03 INFO 第   6 轮  训练 0.01599  验证 pinball 0.01449  分时小区平均 β -0.213  25.2s
21:52:28 INFO 第   7 轮  训练 0.01543  验证 pinball 0.01458  分时小区平均 β -0.213  25.3s
21:52:53 INFO 第   8 轮  训练 0.01509  验证 pinball 0.01405  分时小区平均 β -0.213  25.2s
21:53:19 INFO 第   9 轮  训练 0.01465  验证 pinball 0.01474  分时小区平均 β -0.213  25.2s
21:53:44 INFO 第  10 轮  训练 0.01437  验证 pinball 0.01402  分时小区平均 β -0.213  25.2s
21:54:09 INFO 第  11 轮  训练 0.01416  验证 pinball 0.01445  分时小区平均 β -0.213  25.2s
21:54:34 INFO 第  12 轮  训练 0.01402  验证 pinball 0.01379  分时小区平均 β -0.213  25.2s
21:54:59 INFO 第  13 轮  训练 0.01393  验证 pinball 0.01347  分时小区平均 β -0.213  25.2s
21:55:25 INFO 第  14 轮  训练 0.01373  验证 pinball 0.01351  分时小区平均 β -0.213  25.2s
21:55:50 INFO 第  15 轮  训练 0.01366  验证 pinball 0.01341  分时小区平均 β -0.213  25.1s
21:56:15 INFO 第  16 轮  训练 0.01355  验证 pinball 0.01322  分时小区平均 β -0.213  25.3s
21:56:40 INFO 第  17 轮  训练 0.01345  验证 pinball 0.01351  分时小区平均 β -0.213  25.2s
21:57:06 INFO 第  18 轮  训练 0.01332  验证 pinball 0.01319  分时小区平均 β -0.213  25.2s
21:57:31 INFO 第  19 轮  训练 0.01325  验证 pinball 0.01328  分时小区平均 β -0.213  25.2s
21:57:56 INFO 第  20 轮  训练 0.01313  验证 pinball 0.01355  分时小区平均 β -0.213  25.3s
21:58:21 INFO 第  21 轮  训练 0.01312  验证 pinball 0.01320  分时小区平均 β -0.213  25.2s
21:58:46 INFO 第  22 轮  训练 0.01300  验证 pinball 0.01393  分时小区平均 β -0.213  25.3s
21:59:12 INFO 第  23 轮  训练 0.01295  验证 pinball 0.01352  分时小区平均 β -0.213  25.2s
21:59:37 INFO 第  24 轮  训练 0.01289  验证 pinball 0.01303  分时小区平均 β -0.213  25.1s
22:00:02 INFO 第  25 轮  训练 0.01281  验证 pinball 0.01345  分时小区平均 β -0.213  25.2s
22:00:29 INFO 第  26 轮  训练 0.01274  验证 pinball 0.01296  分时小区平均 β -0.213  27.2s
22:00:57 INFO 第  27 轮  训练 0.01272  验证 pinball 0.01307  分时小区平均 β -0.213  27.9s
22:01:25 INFO 第  28 轮  训练 0.01261  验证 pinball 0.01285  分时小区平均 β -0.213  28.0s
22:01:53 INFO 第  29 轮  训练 0.01262  验证 pinball 0.01326  分时小区平均 β -0.213  27.7s
22:02:20 INFO 第  30 轮  训练 0.01253  验证 pinball 0.01287  分时小区平均 β -0.213  27.6s
22:02:48 INFO 第  31 轮  训练 0.01250  验证 pinball 0.01345  分时小区平均 β -0.213  27.8s
22:03:16 INFO 第  32 轮  训练 0.01246  验证 pinball 0.01330  分时小区平均 β -0.213  27.8s
22:03:44 INFO 第  33 轮  训练 0.01240  验证 pinball 0.01338  分时小区平均 β -0.213  27.7s
22:04:12 INFO 第  34 轮  训练 0.01232  验证 pinball 0.01286  分时小区平均 β -0.213  27.8s
22:04:39 INFO 第  35 轮  训练 0.01231  验证 pinball 0.01327  分时小区平均 β -0.213  27.9s
22:05:07 INFO 第  36 轮  训练 0.01225  验证 pinball 0.01311  分时小区平均 β -0.213  27.7s
22:05:35 INFO 第  37 轮  训练 0.01224  验证 pinball 0.01316  分时小区平均 β -0.213  27.7s
22:06:02 INFO 第  38 轮  训练 0.01218  验证 pinball 0.01293  分时小区平均 β -0.213  27.6s
22:06:30 INFO 第  39 轮  训练 0.01215  验证 pinball 0.01317  分时小区平均 β -0.213  27.8s
22:06:58 INFO 第  40 轮  训练 0.01215  验证 pinball 0.01312  分时小区平均 β -0.213  27.9s
22:07:26 INFO 第  41 轮  训练 0.01208  验证 pinball 0.01380  分时小区平均 β -0.213  27.9s
22:07:54 INFO 第  42 轮  训练 0.01213  验证 pinball 0.01303  分时小区平均 β -0.213  27.8s
22:08:22 INFO 第  43 轮  训练 0.01207  验证 pinball 0.01301  分时小区平均 β -0.213  28.0s
22:08:22 INFO 验证损失 15 轮未改善，提前停止
22:08:44 INFO 测试期 MAE 0.0442  WAPE 0.226  CRPS 0.0257  PICP90 原始 0.844 / ACI 0.901；输出 D:\EV充电因果预测sci论文\05_实验结果\runs\tune_gwn_D32_lr5e-4_do0.3
== tune_gwn_D32_lr5e-4_do0.3  完成，用时 19.3 分钟
== tune_gwn_D32_lr1e-3_do0.1  开始 22:08:46
22:08:49 INFO 运行 tune_gwn_D32_lr1e-3_do0.1，设备 cuda，torch 2.11.0+cu128
22:08:50 INFO 数据：T=4344 N=275 训练/验证/测试起点 3001/409/841；{'train': ('2022-09-01', '2023-01-05'), 'val': ('2023-01-06', '2023-01-23'), 'test': ('2023-01-24', '2023-02-28')}
22:08:50 INFO 模型参数 198,211；锚定方式 cut；锚定来源 fivemin_main
22:09:24 INFO 第   1 轮  训练 0.02303  验证 pinball 0.01701  分时小区平均 β -0.213  28.2s
22:09:52 INFO 第   2 轮  训练 0.01836  验证 pinball 0.01617  分时小区平均 β -0.213  27.9s
22:10:20 INFO 第   3 轮  训练 0.01705  验证 pinball 0.01525  分时小区平均 β -0.213  27.8s
22:10:47 INFO 第   4 轮  训练 0.01579  验证 pinball 0.01432  分时小区平均 β -0.213  27.8s
22:11:15 INFO 第   5 轮  训练 0.01495  验证 pinball 0.01450  分时小区平均 β -0.213  27.8s
22:11:43 INFO 第   6 轮  训练 0.01433  验证 pinball 0.01403  分时小区平均 β -0.213  27.7s
22:12:11 INFO 第   7 轮  训练 0.01405  验证 pinball 0.01382  分时小区平均 β -0.213  27.7s
22:12:38 INFO 第   8 轮  训练 0.01384  验证 pinball 0.01372  分时小区平均 β -0.213  27.8s
22:13:06 INFO 第   9 轮  训练 0.01354  验证 pinball 0.01445  分时小区平均 β -0.213  27.8s
22:13:34 INFO 第  10 轮  训练 0.01338  验证 pinball 0.01364  分时小区平均 β -0.213  27.6s
22:14:01 INFO 第  11 轮  训练 0.01328  验证 pinball 0.01318  分时小区平均 β -0.213  27.7s
22:14:29 INFO 第  12 轮  训练 0.01305  验证 pinball 0.01298  分时小区平均 β -0.213  27.6s
22:14:56 INFO 第  13 轮  训练 0.01296  验证 pinball 0.01324  分时小区平均 β -0.213  27.1s
22:15:22 INFO 第  14 轮  训练 0.01288  验证 pinball 0.01328  分时小区平均 β -0.213  25.5s
22:15:47 INFO 第  15 轮  训练 0.01275  验证 pinball 0.01299  分时小区平均 β -0.213  25.2s
22:16:12 INFO 第  16 轮  训练 0.01258  验证 pinball 0.01291  分时小区平均 β -0.213  25.3s
22:16:37 INFO 第  17 轮  训练 0.01254  验证 pinball 0.01304  分时小区平均 β -0.213  25.2s
22:17:03 INFO 第  18 轮  训练 0.01239  验证 pinball 0.01312  分时小区平均 β -0.213  25.2s
22:17:28 INFO 第  19 轮  训练 0.01231  验证 pinball 0.01302  分时小区平均 β -0.213  25.1s
22:17:53 INFO 第  20 轮  训练 0.01224  验证 pinball 0.01295  分时小区平均 β -0.213  25.2s
22:18:18 INFO 第  21 轮  训练 0.01221  验证 pinball 0.01305  分时小区平均 β -0.213  25.2s
22:18:44 INFO 第  22 轮  训练 0.01210  验证 pinball 0.01307  分时小区平均 β -0.213  25.2s
22:19:09 INFO 第  23 轮  训练 0.01203  验证 pinball 0.01290  分时小区平均 β -0.213  25.5s
22:19:34 INFO 第  24 轮  训练 0.01204  验证 pinball 0.01304  分时小区平均 β -0.213  25.2s
22:19:59 INFO 第  25 轮  训练 0.01191  验证 pinball 0.01332  分时小区平均 β -0.213  25.3s
22:20:26 INFO 第  26 轮  训练 0.01188  验证 pinball 0.01315  分时小区平均 β -0.213  26.3s
22:20:54 INFO 第  27 轮  训练 0.01188  验证 pinball 0.01299  分时小区平均 β -0.213  28.0s
22:21:22 INFO 第  28 轮  训练 0.01180  验证 pinball 0.01277  分时小区平均 β -0.213  27.9s
22:21:50 INFO 第  29 轮  训练 0.01171  验证 pinball 0.01295  分时小区平均 β -0.213  27.9s
22:22:18 INFO 第  30 轮  训练 0.01167  验证 pinball 0.01323  分时小区平均 β -0.213  27.9s
22:22:45 INFO 第  31 轮  训练 0.01164  验证 pinball 0.01338  分时小区平均 β -0.213  27.9s
22:23:13 INFO 第  32 轮  训练 0.01165  验证 pinball 0.01328  分时小区平均 β -0.213  27.9s
22:23:41 INFO 第  33 轮  训练 0.01159  验证 pinball 0.01341  分时小区平均 β -0.213  27.8s
22:24:09 INFO 第  34 轮  训练 0.01149  验证 pinball 0.01312  分时小区平均 β -0.213  28.0s
22:24:37 INFO 第  35 轮  训练 0.01146  验证 pinball 0.01369  分时小区平均 β -0.213  27.8s
22:25:05 INFO 第  36 轮  训练 0.01142  验证 pinball 0.01322  分时小区平均 β -0.213  27.7s
22:25:32 INFO 第  37 轮  训练 0.01143  验证 pinball 0.01345  分时小区平均 β -0.213  27.7s
22:26:00 INFO 第  38 轮  训练 0.01131  验证 pinball 0.01364  分时小区平均 β -0.213  27.7s
22:26:28 INFO 第  39 轮  训练 0.01125  验证 pinball 0.01333  分时小区平均 β -0.213  27.8s
22:26:56 INFO 第  40 轮  训练 0.01127  验证 pinball 0.01330  分时小区平均 β -0.213  27.8s
22:27:24 INFO 第  41 轮  训练 0.01132  验证 pinball 0.01414  分时小区平均 β -0.213  27.9s
22:27:51 INFO 第  42 轮  训练 0.01120  验证 pinball 0.01334  分时小区平均 β -0.213  27.8s
22:28:19 INFO 第  43 轮  训练 0.01116  验证 pinball 0.01329  分时小区平均 β -0.213  27.9s
22:28:19 INFO 验证损失 15 轮未改善，提前停止
22:28:43 INFO 测试期 MAE 0.0444  WAPE 0.227  CRPS 0.0260  PICP90 原始 0.817 / ACI 0.901；输出 D:\EV充电因果预测sci论文\05_实验结果\runs\tune_gwn_D32_lr1e-3_do0.1
== tune_gwn_D32_lr1e-3_do0.1  完成，用时 20.0 分钟
== tune_gwn_D32_lr1e-3_do0.3  开始 22:28:45
22:28:47 INFO 运行 tune_gwn_D32_lr1e-3_do0.3，设备 cuda，torch 2.11.0+cu128
22:28:49 INFO 数据：T=4344 N=275 训练/验证/测试起点 3001/409/841；{'train': ('2022-09-01', '2023-01-05'), 'val': ('2023-01-06', '2023-01-23'), 'test': ('2023-01-24', '2023-02-28')}
22:28:49 INFO 模型参数 198,211；锚定方式 cut；锚定来源 fivemin_main
22:29:23 INFO 第   1 轮  训练 0.02307  验证 pinball 0.01706  分时小区平均 β -0.213  28.4s
22:29:51 INFO 第   2 轮  训练 0.01841  验证 pinball 0.01610  分时小区平均 β -0.213  27.7s
22:30:18 INFO 第   3 轮  训练 0.01710  验证 pinball 0.01530  分时小区平均 β -0.213  27.7s
22:30:46 INFO 第   4 轮  训练 0.01586  验证 pinball 0.01436  分时小区平均 β -0.213  27.7s
22:31:14 INFO 第   5 轮  训练 0.01500  验证 pinball 0.01457  分时小区平均 β -0.213  27.8s
22:31:42 INFO 第   6 轮  训练 0.01441  验证 pinball 0.01429  分时小区平均 β -0.213  27.8s
22:32:10 INFO 第   7 轮  训练 0.01411  验证 pinball 0.01385  分时小区平均 β -0.213  27.9s
22:32:37 INFO 第   8 轮  训练 0.01392  验证 pinball 0.01380  分时小区平均 β -0.213  27.8s
22:33:05 INFO 第   9 轮  训练 0.01362  验证 pinball 0.01459  分时小区平均 β -0.213  27.8s
22:33:33 INFO 第  10 轮  训练 0.01346  验证 pinball 0.01370  分时小区平均 β -0.213  27.8s
22:34:01 INFO 第  11 轮  训练 0.01337  验证 pinball 0.01327  分时小区平均 β -0.213  27.7s
22:34:28 INFO 第  12 轮  训练 0.01314  验证 pinball 0.01311  分时小区平均 β -0.213  27.6s
22:34:56 INFO 第  13 轮  训练 0.01306  验证 pinball 0.01316  分时小区平均 β -0.213  27.7s
22:35:24 INFO 第  14 轮  训练 0.01296  验证 pinball 0.01329  分时小区平均 β -0.213  27.8s
22:35:50 INFO 第  15 轮  训练 0.01282  验证 pinball 0.01300  分时小区平均 β -0.213  26.1s
22:36:15 INFO 第  16 轮  训练 0.01268  验证 pinball 0.01296  分时小区平均 β -0.213  25.3s
22:36:40 INFO 第  17 轮  训练 0.01264  验证 pinball 0.01317  分时小区平均 β -0.213  25.2s
22:37:06 INFO 第  18 轮  训练 0.01249  验证 pinball 0.01319  分时小区平均 β -0.213  25.3s
22:37:31 INFO 第  19 轮  训练 0.01242  验证 pinball 0.01318  分时小区平均 β -0.213  25.2s
22:37:56 INFO 第  20 轮  训练 0.01234  验证 pinball 0.01291  分时小区平均 β -0.213  25.2s
22:38:21 INFO 第  21 轮  训练 0.01231  验证 pinball 0.01305  分时小区平均 β -0.213  25.2s
22:38:46 INFO 第  22 轮  训练 0.01222  验证 pinball 0.01298  分时小区平均 β -0.213  25.2s
22:39:12 INFO 第  23 轮  训练 0.01213  验证 pinball 0.01296  分时小区平均 β -0.213  25.2s
22:39:37 INFO 第  24 轮  训练 0.01216  验证 pinball 0.01315  分时小区平均 β -0.213  25.2s
22:40:02 INFO 第  25 轮  训练 0.01206  验证 pinball 0.01350  分时小区平均 β -0.213  25.2s
22:40:27 INFO 第  26 轮  训练 0.01198  验证 pinball 0.01327  分时小区平均 β -0.213  25.1s
22:40:52 INFO 第  27 轮  训练 0.01198  验证 pinball 0.01305  分时小区平均 β -0.213  25.3s
22:41:18 INFO 第  28 轮  训练 0.01186  验证 pinball 0.01286  分时小区平均 β -0.213  25.1s
22:41:43 INFO 第  29 轮  训练 0.01180  验证 pinball 0.01316  分时小区平均 β -0.213  25.3s
22:42:08 INFO 第  30 轮  训练 0.01179  验证 pinball 0.01345  分时小区平均 β -0.213  25.2s
22:42:33 INFO 第  31 轮  训练 0.01175  验证 pinball 0.01358  分时小区平均 β -0.213  25.2s
22:42:59 INFO 第  32 轮  训练 0.01177  验证 pinball 0.01334  分时小区平均 β -0.213  25.2s
22:43:24 INFO 第  33 轮  训练 0.01167  验证 pinball 0.01356  分时小区平均 β -0.213  25.2s
22:43:49 INFO 第  34 轮  训练 0.01162  验证 pinball 0.01322  分时小区平均 β -0.213  25.2s
22:44:14 INFO 第  35 轮  训练 0.01161  验证 pinball 0.01355  分时小区平均 β -0.213  25.1s
22:44:39 INFO 第  36 轮  训练 0.01155  验证 pinball 0.01315  分时小区平均 β -0.213  25.1s
22:45:04 INFO 第  37 轮  训练 0.01157  验证 pinball 0.01345  分时小区平均 β -0.213  25.1s
22:45:30 INFO 第  38 轮  训练 0.01143  验证 pinball 0.01370  分时小区平均 β -0.213  25.3s
22:45:57 INFO 第  39 轮  训练 0.01142  验证 pinball 0.01339  分时小区平均 β -0.213  27.1s
22:46:25 INFO 第  40 轮  训练 0.01148  验证 pinball 0.01351  分时小区平均 β -0.213  28.0s
22:46:52 INFO 第  41 轮  训练 0.01139  验证 pinball 0.01397  分时小区平均 β -0.213  27.9s
22:47:20 INFO 第  42 轮  训练 0.01135  验证 pinball 0.01344  分时小区平均 β -0.213  27.9s
22:47:48 INFO 第  43 轮  训练 0.01135  验证 pinball 0.01342  分时小区平均 β -0.213  27.8s
22:47:48 INFO 验证损失 15 轮未改善，提前停止
22:48:11 INFO 测试期 MAE 0.0440  WAPE 0.225  CRPS 0.0256  PICP90 原始 0.827 / ACI 0.901；输出 D:\EV充电因果预测sci论文\05_实验结果\runs\tune_gwn_D32_lr1e-3_do0.3
== tune_gwn_D32_lr1e-3_do0.3  完成，用时 19.5 分钟
== tune_gwn_D32_lr2e-3_do0.1  开始 22:48:13
22:48:15 INFO 运行 tune_gwn_D32_lr2e-3_do0.1，设备 cuda，torch 2.11.0+cu128
22:48:17 INFO 数据：T=4344 N=275 训练/验证/测试起点 3001/409/841；{'train': ('2022-09-01', '2023-01-05'), 'val': ('2023-01-06', '2023-01-23'), 'test': ('2023-01-24', '2023-02-28')}
22:48:17 INFO 模型参数 198,211；锚定方式 cut；锚定来源 fivemin_main
22:48:50 INFO 第   1 轮  训练 0.02169  验证 pinball 0.01648  分时小区平均 β -0.213  28.5s
22:49:18 INFO 第   2 轮  训练 0.01734  验证 pinball 0.01661  分时小区平均 β -0.213  27.6s
22:49:45 INFO 第   3 轮  训练 0.01548  验证 pinball 0.01432  分时小区平均 β -0.213  27.7s
22:50:13 INFO 第   4 轮  训练 0.01454  验证 pinball 0.01377  分时小区平均 β -0.213  27.7s
22:50:41 INFO 第   5 轮  训练 0.01395  验证 pinball 0.01400  分时小区平均 β -0.213  27.5s
22:51:08 INFO 第   6 轮  训练 0.01344  验证 pinball 0.01334  分时小区平均 β -0.213  27.7s
22:51:36 INFO 第   7 轮  训练 0.01332  验证 pinball 0.01347  分时小区平均 β -0.213  27.8s
22:52:04 INFO 第   8 轮  训练 0.01313  验证 pinball 0.01311  分时小区平均 β -0.213  27.8s
22:52:32 INFO 第   9 轮  训练 0.01281  验证 pinball 0.01299  分时小区平均 β -0.213  27.7s
22:52:59 INFO 第  10 轮  训练 0.01264  验证 pinball 0.01379  分时小区平均 β -0.213  27.7s
22:53:27 INFO 第  11 轮  训练 0.01258  验证 pinball 0.01369  分时小区平均 β -0.213  27.7s
22:53:55 INFO 第  12 轮  训练 0.01241  验证 pinball 0.01333  分时小区平均 β -0.213  27.6s
22:54:22 INFO 第  13 轮  训练 0.01229  验证 pinball 0.01335  分时小区平均 β -0.213  27.6s
22:54:50 INFO 第  14 轮  训练 0.01220  验证 pinball 0.01336  分时小区平均 β -0.213  27.7s
22:55:18 INFO 第  15 轮  训练 0.01204  验证 pinball 0.01301  分时小区平均 β -0.213  27.7s
22:55:46 INFO 第  16 轮  训练 0.01186  验证 pinball 0.01314  分时小区平均 β -0.213  27.8s
22:56:14 INFO 第  17 轮  训练 0.01183  验证 pinball 0.01320  分时小区平均 β -0.213  27.9s
22:56:41 INFO 第  18 轮  训练 0.01172  验证 pinball 0.01382  分时小区平均 β -0.213  27.8s
22:57:09 INFO 第  19 轮  训练 0.01161  验证 pinball 0.01332  分时小区平均 β -0.213  27.8s
22:57:37 INFO 第  20 轮  训练 0.01148  验证 pinball 0.01360  分时小区平均 β -0.213  27.8s
22:58:05 INFO 第  21 轮  训练 0.01148  验证 pinball 0.01380  分时小区平均 β -0.213  27.7s
22:58:32 INFO 第  22 轮  训练 0.01137  验证 pinball 0.01344  分时小区平均 β -0.213  27.8s
22:59:00 INFO 第  23 轮  训练 0.01128  验证 pinball 0.01384  分时小区平均 β -0.213  27.8s
22:59:28 INFO 第  24 轮  训练 0.01127  验证 pinball 0.01375  分时小区平均 β -0.213  27.9s
22:59:28 INFO 验证损失 15 轮未改善，提前停止
22:59:51 INFO 测试期 MAE 0.0453  WAPE 0.232  CRPS 0.0261  PICP90 原始 0.863 / ACI 0.901；输出 D:\EV充电因果预测sci论文\05_实验结果\runs\tune_gwn_D32_lr2e-3_do0.1
== tune_gwn_D32_lr2e-3_do0.1  完成，用时 11.7 分钟
== tune_gwn_D32_lr2e-3_do0.3  开始 22:59:53
22:59:55 INFO 运行 tune_gwn_D32_lr2e-3_do0.3，设备 cuda，torch 2.11.0+cu128
22:59:57 INFO 数据：T=4344 N=275 训练/验证/测试起点 3001/409/841；{'train': ('2022-09-01', '2023-01-05'), 'val': ('2023-01-06', '2023-01-23'), 'test': ('2023-01-24', '2023-02-28')}
22:59:58 INFO 模型参数 198,211；锚定方式 cut；锚定来源 fivemin_main
23:00:31 INFO 第   1 轮  训练 0.02180  验证 pinball 0.01657  分时小区平均 β -0.213  28.5s
23:00:59 INFO 第   2 轮  训练 0.01741  验证 pinball 0.01620  分时小区平均 β -0.213  27.9s
23:01:26 INFO 第   3 轮  训练 0.01555  验证 pinball 0.01442  分时小区平均 β -0.213  27.8s
23:01:54 INFO 第   4 轮  训练 0.01458  验证 pinball 0.01395  分时小区平均 β -0.213  27.8s
23:02:22 INFO 第   5 轮  训练 0.01399  验证 pinball 0.01431  分时小区平均 β -0.213  27.8s
23:02:50 INFO 第   6 轮  训练 0.01354  验证 pinball 0.01334  分时小区平均 β -0.213  27.8s
23:03:18 INFO 第   7 轮  训练 0.01342  验证 pinball 0.01403  分时小区平均 β -0.213  27.8s
23:03:45 INFO 第   8 轮  训练 0.01325  验证 pinball 0.01311  分时小区平均 β -0.213  27.8s
23:04:13 INFO 第   9 轮  训练 0.01295  验证 pinball 0.01304  分时小区平均 β -0.213  27.7s
23:04:41 INFO 第  10 轮  训练 0.01281  验证 pinball 0.01325  分时小区平均 β -0.213  27.7s
23:05:09 INFO 第  11 轮  训练 0.01269  验证 pinball 0.01338  分时小区平均 β -0.213  27.8s
23:05:36 INFO 第  12 轮  训练 0.01254  验证 pinball 0.01322  分时小区平均 β -0.213  27.5s
23:06:04 INFO 第  13 轮  训练 0.01238  验证 pinball 0.01316  分时小区平均 β -0.213  27.7s
23:06:31 INFO 第  14 轮  训练 0.01241  验证 pinball 0.01340  分时小区平均 β -0.213  27.7s
23:06:59 INFO 第  15 轮  训练 0.01220  验证 pinball 0.01301  分时小区平均 β -0.213  27.8s
23:07:27 INFO 第  16 轮  训练 0.01205  验证 pinball 0.01305  分时小区平均 β -0.213  27.8s
23:07:55 INFO 第  17 轮  训练 0.01198  验证 pinball 0.01314  分时小区平均 β -0.213  27.8s
23:08:23 INFO 第  18 轮  训练 0.01187  验证 pinball 0.01361  分时小区平均 β -0.213  27.8s
23:08:51 INFO 第  19 轮  训练 0.01179  验证 pinball 0.01330  分时小区平均 β -0.213  27.8s
23:09:18 INFO 第  20 轮  训练 0.01164  验证 pinball 0.01348  分时小区平均 β -0.213  27.8s
23:09:46 INFO 第  21 轮  训练 0.01165  验证 pinball 0.01364  分时小区平均 β -0.213  27.7s
23:10:14 INFO 第  22 轮  训练 0.01160  验证 pinball 0.01370  分时小区平均 β -0.213  27.9s
23:10:42 INFO 第  23 轮  训练 0.01150  验证 pinball 0.01326  分时小区平均 β -0.213  27.8s
23:11:10 INFO 第  24 轮  训练 0.01145  验证 pinball 0.01360  分时小区平均 β -0.213  27.9s
23:11:38 INFO 第  25 轮  训练 0.01135  验证 pinball 0.01355  分时小区平均 β -0.213  28.0s
23:12:05 INFO 第  26 轮  训练 0.01132  验证 pinball 0.01363  分时小区平均 β -0.213  27.8s
23:12:33 INFO 第  27 轮  训练 0.01121  验证 pinball 0.01340  分时小区平均 β -0.213  27.8s
23:13:01 INFO 第  28 轮  训练 0.01113  验证 pinball 0.01346  分时小区平均 β -0.213  27.7s
23:13:26 INFO 第  29 轮  训练 0.01107  验证 pinball 0.01421  分时小区平均 β -0.213  25.5s
23:13:52 INFO 第  30 轮  训练 0.01104  验证 pinball 0.01381  分时小区平均 β -0.213  25.2s
23:13:52 INFO 验证损失 15 轮未改善，提前停止
23:14:04 INFO 测试期 MAE 0.0436  WAPE 0.223  CRPS 0.0251  PICP90 原始 0.856 / ACI 0.901；输出 D:\EV充电因果预测sci论文\05_实验结果\runs\tune_gwn_D32_lr2e-3_do0.3
== tune_gwn_D32_lr2e-3_do0.3  完成，用时 14.2 分钟
== tune_gwn_D64_lr5e-4_do0.1  开始 23:14:05
23:14:07 INFO 运行 tune_gwn_D64_lr5e-4_do0.1，设备 cuda，torch 2.11.0+cu128
23:14:08 INFO 数据：T=4344 N=275 训练/验证/测试起点 3001/409/841；{'train': ('2022-09-01', '2023-01-05'), 'val': ('2023-01-06', '2023-01-23'), 'test': ('2023-01-24', '2023-02-28')}
23:14:08 INFO 模型参数 744,323；锚定方式 cut；锚定来源 fivemin_main
23:17:15 INFO 第   1 轮  训练 0.02380  验证 pinball 0.01828  分时小区平均 β -0.213  184.8s
23:20:23 INFO 第   2 轮  训练 0.01906  验证 pinball 0.01732  分时小区平均 β -0.213  187.8s
23:23:28 INFO 第   3 轮  训练 0.01786  验证 pinball 0.01608  分时小区平均 β -0.213  185.6s
23:26:36 INFO 第   4 轮  训练 0.01698  验证 pinball 0.01550  分时小区平均 β -0.213  188.2s
23:32:34 INFO 第   5 轮  训练 0.01602  验证 pinball 0.01510  分时小区平均 β -0.213  357.5s
23:35:43 INFO 第   6 轮  训练 0.01511  验证 pinball 0.01473  分时小区平均 β -0.213  189.1s
23:44:03 INFO 第   7 轮  训练 0.01464  验证 pinball 0.01472  分时小区平均 β -0.213  499.7s
23:51:15 INFO 第   8 轮  训练 0.01421  验证 pinball 0.01410  分时小区平均 β -0.213  432.1s
23:54:21 INFO 第   9 轮  训练 0.01387  验证 pinball 0.01414  分时小区平均 β -0.213  186.1s
23:59:26 INFO 第  10 轮  训练 0.01368  验证 pinball 0.01439  分时小区平均 β -0.213  304.7s
00:02:32 INFO 第  11 轮  训练 0.01353  验证 pinball 0.01382  分时小区平均 β -0.213  186.7s
00:09:20 INFO 第  12 轮  训练 0.01326  验证 pinball 0.01357  分时小区平均 β -0.213  407.2s
00:17:54 INFO 第  13 轮  训练 0.01314  验证 pinball 0.01411  分时小区平均 β -0.213  513.9s
00:26:53 INFO 第  14 轮  训练 0.01302  验证 pinball 0.01368  分时小区平均 β -0.213  539.9s
00:35:45 INFO 第  15 轮  训练 0.01287  验证 pinball 0.01346  分时小区平均 β -0.213  531.2s
00:44:24 INFO 第  16 轮  训练 0.01273  验证 pinball 0.01333  分时小区平均 β -0.213  519.7s
00:53:20 INFO 第  17 轮  训练 0.01260  验证 pinball 0.01351  分时小区平均 β -0.213  536.1s
01:01:55 INFO 第  18 轮  训练 0.01248  验证 pinball 0.01374  分时小区平均 β -0.213  514.1s
01:05:00 INFO 第  19 轮  训练 0.01233  验证 pinball 0.01404  分时小区平均 β -0.213  185.7s
01:10:31 INFO 第  20 轮  训练 0.01222  验证 pinball 0.01400  分时小区平均 β -0.213  330.4s
01:19:07 INFO 第  21 轮  训练 0.01217  验证 pinball 0.01381  分时小区平均 β -0.213  516.4s
01:28:06 INFO 第  22 轮  训练 0.01214  验证 pinball 0.01355  分时小区平均 β -0.213  538.5s
01:36:43 INFO 第  23 轮  训练 0.01194  验证 pinball 0.01372  分时小区平均 β -0.213  517.1s
01:40:33 INFO 第  24 轮  训练 0.01194  验证 pinball 0.01389  分时小区平均 β -0.213  230.4s
01:43:20 INFO 第  25 轮  训练 0.01174  验证 pinball 0.01429  分时小区平均 β -0.213  167.3s
01:51:12 INFO 第  26 轮  训练 0.01172  验证 pinball 0.01407  分时小区平均 β -0.213  472.0s
01:59:22 INFO 第  27 轮  训练 0.01160  验证 pinball 0.01389  分时小区平均 β -0.213  489.2s
02:07:34 INFO 第  28 轮  训练 0.01151  验证 pinball 0.01431  分时小区平均 β -0.213  492.8s
02:15:39 INFO 第  29 轮  训练 0.01144  验证 pinball 0.01407  分时小区平均 β -0.213  484.1s
02:23:40 INFO 第  30 轮  训练 0.01136  验证 pinball 0.01399  分时小区平均 β -0.213  481.8s
02:31:22 INFO 第  31 轮  训练 0.01136  验证 pinball 0.01406  分时小区平均 β -0.213  462.1s
02:31:22 INFO 验证损失 15 轮未改善，提前停止
02:31:49 INFO 测试期 MAE 0.0461  WAPE 0.236  CRPS 0.0268  PICP90 原始 0.832 / ACI 0.900；输出 D:\EV充电因果预测sci论文\05_实验结果\runs\tune_gwn_D64_lr5e-4_do0.1
== tune_gwn_D64_lr5e-4_do0.1  完成，用时 197.8 分钟
== tune_gwn_D64_lr5e-4_do0.3  开始 02:31:50
02:31:59 INFO 运行 tune_gwn_D64_lr5e-4_do0.3，设备 cuda，torch 2.11.0+cu128
02:32:00 INFO 数据：T=4344 N=275 训练/验证/测试起点 3001/409/841；{'train': ('2022-09-01', '2023-01-05'), 'val': ('2023-01-06', '2023-01-23'), 'test': ('2023-01-24', '2023-02-28')}
02:32:00 INFO 模型参数 744,323；锚定方式 cut；锚定来源 fivemin_main
02:34:28 INFO 第   1 轮  训练 0.02382  验证 pinball 0.01838  分时小区平均 β -0.213  146.7s
02:38:53 INFO 第   2 轮  训练 0.01908  验证 pinball 0.01766  分时小区平均 β -0.213  264.5s
02:46:38 INFO 第   3 轮  训练 0.01796  验证 pinball 0.01680  分时小区平均 β -0.213  464.9s
02:54:30 INFO 第   4 轮  训练 0.01702  验证 pinball 0.01524  分时小区平均 β -0.213  471.9s
02:57:55 INFO 第   5 轮  训练 0.01608  验证 pinball 0.01527  分时小区平均 β -0.213  205.2s
03:00:28 INFO 第   6 轮  训练 0.01518  验证 pinball 0.01487  分时小区平均 β -0.213  153.4s
03:03:02 INFO 第   7 轮  训练 0.01480  验证 pinball 0.01422  分时小区平均 β -0.213  154.1s
03:05:37 INFO 第   8 轮  训练 0.01445  验证 pinball 0.01391  分时小区平均 β -0.213  154.5s
03:08:11 INFO 第   9 轮  训练 0.01398  验证 pinball 0.01447  分时小区平均 β -0.213  154.6s
03:13:20 INFO 第  10 轮  训练 0.01382  验证 pinball 0.01463  分时小区平均 β -0.213  309.0s
03:21:10 INFO 第  11 轮  训练 0.01362  验证 pinball 0.01374  分时小区平均 β -0.213  469.6s
03:28:54 INFO 第  12 轮  训练 0.01339  验证 pinball 0.01372  分时小区平均 β -0.213  464.4s
03:36:25 INFO 第  13 轮  训练 0.01326  验证 pinball 0.01404  分时小区平均 β -0.213  450.1s
03:44:17 INFO 第  14 轮  训练 0.01313  验证 pinball 0.01367  分时小区平均 β -0.213  472.0s
03:52:06 INFO 第  15 轮  训练 0.01300  验证 pinball 0.01346  分时小区平均 β -0.213  469.9s
03:59:48 INFO 第  16 轮  训练 0.01285  验证 pinball 0.01333  分时小区平均 β -0.213  461.5s
04:07:30 INFO 第  17 轮  训练 0.01274  验证 pinball 0.01348  分时小区平均 β -0.213  462.3s
04:15:10 INFO 第  18 轮  训练 0.01260  验证 pinball 0.01364  分时小区平均 β -0.213  459.4s
04:22:54 INFO 第  19 轮  训练 0.01247  验证 pinball 0.01389  分时小区平均 β -0.213  463.9s
04:30:42 INFO 第  20 轮  训练 0.01238  验证 pinball 0.01378  分时小区平均 β -0.213  468.1s
04:38:21 INFO 第  21 轮  训练 0.01233  验证 pinball 0.01366  分时小区平均 β -0.213  459.0s
04:45:56 INFO 第  22 轮  训练 0.01228  验证 pinball 0.01340  分时小区平均 β -0.213  455.1s
04:53:35 INFO 第  23 轮  训练 0.01210  验证 pinball 0.01360  分时小区平均 β -0.213  458.8s
05:01:11 INFO 第  24 轮  训练 0.01212  验证 pinball 0.01358  分时小区平均 β -0.213  456.1s
05:08:47 INFO 第  25 轮  训练 0.01193  验证 pinball 0.01426  分时小区平均 β -0.213  455.9s
05:16:22 INFO 第  26 轮  训练 0.01193  验证 pinball 0.01374  分时小区平均 β -0.213  455.1s
05:24:04 INFO 第  27 轮  训练 0.01181  验证 pinball 0.01359  分时小区平均 β -0.213  461.9s
05:31:33 INFO 第  28 轮  训练 0.01171  验证 pinball 0.01390  分时小区平均 β -0.213  449.1s
05:39:16 INFO 第  29 轮  训练 0.01166  验证 pinball 0.01387  分时小区平均 β -0.213  463.8s
05:46:56 INFO 第  30 轮  训练 0.01160  验证 pinball 0.01380  分时小区平均 β -0.213  459.2s
05:54:35 INFO 第  31 轮  训练 0.01156  验证 pinball 0.01378  分时小区平均 β -0.213  459.1s
05:54:35 INFO 验证损失 15 轮未改善，提前停止
05:55:37 INFO 测试期 MAE 0.0458  WAPE 0.235  CRPS 0.0266  PICP90 原始 0.839 / ACI 0.900；输出 D:\EV充电因果预测sci论文\05_实验结果\runs\tune_gwn_D64_lr5e-4_do0.3
== tune_gwn_D64_lr5e-4_do0.3  完成，用时 203.8 分钟
== tune_gwn_D64_lr1e-3_do0.1  开始 05:55:39
05:55:52 INFO 运行 tune_gwn_D64_lr1e-3_do0.1，设备 cuda，torch 2.11.0+cu128
05:55:54 INFO 数据：T=4344 N=275 训练/验证/测试起点 3001/409/841；{'train': ('2022-09-01', '2023-01-05'), 'val': ('2023-01-06', '2023-01-23'), 'test': ('2023-01-24', '2023-02-28')}
05:55:54 INFO 模型参数 744,323；锚定方式 cut；锚定来源 fivemin_main
06:02:38 INFO 第   1 轮  训练 0.02238  验证 pinball 0.01693  分时小区平均 β -0.213  400.0s
06:09:57 INFO 第   2 轮  训练 0.01812  验证 pinball 0.01573  分时小区平均 β -0.213  439.3s
06:17:52 INFO 第   3 轮  训练 0.01648  验证 pinball 0.01481  分时小区平均 β -0.213  474.2s
06:25:42 INFO 第   4 轮  训练 0.01522  验证 pinball 0.01473  分时小区平均 β -0.213  470.6s
06:33:53 INFO 第   5 轮  训练 0.01438  验证 pinball 0.01422  分时小区平均 β -0.213  490.3s
06:43:02 INFO 第   6 轮  训练 0.01380  验证 pinball 0.01389  分时小区平均 β -0.213  549.0s
06:51:54 INFO 第   7 轮  训练 0.01349  验证 pinball 0.01365  分时小区平均 β -0.213  532.0s
06:59:58 INFO 第   8 轮  训练 0.01323  验证 pinball 0.01339  分时小区平均 β -0.213  484.0s
07:09:24 INFO 第   9 轮  训练 0.01291  验证 pinball 0.01352  分时小区平均 β -0.213  566.0s
07:19:01 INFO 第  10 轮  训练 0.01257  验证 pinball 0.01458  分时小区平均 β -0.213  577.3s
07:28:56 INFO 第  11 轮  训练 0.01240  验证 pinball 0.01360  分时小区平均 β -0.213  595.5s
07:37:39 INFO 第  12 轮  训练 0.01240  验证 pinball 0.01368  分时小区平均 β -0.213  522.2s
07:47:26 INFO 第  13 轮  训练 0.01202  验证 pinball 0.01341  分时小区平均 β -0.213  587.0s
07:52:01 INFO 第  14 轮  训练 0.01194  验证 pinball 0.01337  分时小区平均 β -0.213  275.5s
07:55:28 INFO 第  15 轮  训练 0.01175  验证 pinball 0.01389  分时小区平均 β -0.213  206.8s
08:03:46 INFO 第  16 轮  训练 0.01154  验证 pinball 0.01364  分时小区平均 β -0.213  497.7s
08:13:05 INFO 第  17 轮  训练 0.01149  验证 pinball 0.01413  分时小区平均 β -0.213  559.1s
08:22:02 INFO 第  18 轮  训练 0.01127  验证 pinball 0.01436  分时小区平均 β -0.213  537.5s
08:30:39 INFO 第  19 轮  训练 0.01121  验证 pinball 0.01437  分时小区平均 β -0.213  516.6s
08:40:25 INFO 第  20 轮  训练 0.01107  验证 pinball 0.01534  分时小区平均 β -0.213  586.6s
08:49:08 INFO 第  21 轮  训练 0.01099  验证 pinball 0.01448  分时小区平均 β -0.213  523.3s
08:58:57 INFO 第  22 轮  训练 0.01074  验证 pinball 0.01441  分时小区平均 β -0.213  588.1s
09:07:58 INFO 第  23 轮  训练 0.01078  验证 pinball 0.01512  分时小区平均 β -0.213  541.0s
09:16:44 INFO 第  24 轮  训练 0.01067  验证 pinball 0.01461  分时小区平均 β -0.213  526.5s
09:26:44 INFO 第  25 轮  训练 0.01070  验证 pinball 0.01452  分时小区平均 β -0.213  600.4s
09:35:24 INFO 第  26 轮  训练 0.01035  验证 pinball 0.01494  分时小区平均 β -0.213  519.0s
09:45:11 INFO 第  27 轮  训练 0.01019  验证 pinball 0.01567  分时小区平均 β -0.213  587.1s
09:54:34 INFO 第  28 轮  训练 0.01008  验证 pinball 0.01548  分时小区平均 β -0.213  562.9s
10:03:15 INFO 第  29 轮  训练 0.01000  验证 pinball 0.01530  分时小区平均 β -0.213  521.2s
10:03:15 INFO 验证损失 15 轮未改善，提前停止
10:05:06 INFO 测试期 MAE 0.0453  WAPE 0.232  CRPS 0.0264  PICP90 原始 0.836 / ACI 0.901；输出 D:\EV充电因果预测sci论文\05_实验结果\runs\tune_gwn_D64_lr1e-3_do0.1
== tune_gwn_D64_lr1e-3_do0.1  完成，用时 249.5 分钟
== tune_gwn_D64_lr1e-3_do0.3  开始 10:05:08
10:05:11 INFO 运行 tune_gwn_D64_lr1e-3_do0.3，设备 cuda，torch 2.11.0+cu128
10:05:12 INFO 数据：T=4344 N=275 训练/验证/测试起点 3001/409/841；{'train': ('2022-09-01', '2023-01-05'), 'val': ('2023-01-06', '2023-01-23'), 'test': ('2023-01-24', '2023-02-28')}
10:05:12 INFO 模型参数 744,323；锚定方式 cut；锚定来源 fivemin_main
10:07:52 INFO 第   1 轮  训练 0.02239  验证 pinball 0.01702  分时小区平均 β -0.213  156.0s
10:10:41 INFO 第   2 轮  训练 0.01808  验证 pinball 0.01618  分时小区平均 β -0.213  169.9s
10:13:34 INFO 第   3 轮  训练 0.01658  验证 pinball 0.01492  分时小区平均 β -0.213  172.4s
10:16:31 INFO 第   4 轮  训练 0.01524  验证 pinball 0.01470  分时小区平均 β -0.213  177.2s
10:19:31 INFO 第   5 轮  训练 0.01441  验证 pinball 0.01417  分时小区平均 β -0.213  180.2s
10:22:28 INFO 第   6 轮  训练 0.01382  验证 pinball 0.01392  分时小区平均 β -0.213  177.2s
10:25:24 INFO 第   7 轮  训练 0.01352  验证 pinball 0.01361  分时小区平均 β -0.213  175.8s
10:28:22 INFO 第   8 轮  训练 0.01327  验证 pinball 0.01337  分时小区平均 β -0.213  177.7s
10:31:20 INFO 第   9 轮  训练 0.01297  验证 pinball 0.01335  分时小区平均 β -0.213  177.5s
10:34:19 INFO 第  10 轮  训练 0.01266  验证 pinball 0.01446  分时小区平均 β -0.213  179.8s
10:37:18 INFO 第  11 轮  训练 0.01249  验证 pinball 0.01360  分时小区平均 β -0.213  178.5s
10:40:15 INFO 第  12 轮  训练 0.01241  验证 pinball 0.01323  分时小区平均 β -0.213  177.6s
10:42:55 INFO 第  13 轮  训练 0.01213  验证 pinball 0.01350  分时小区平均 β -0.213  159.4s
10:44:59 INFO 第  14 轮  训练 0.01209  验证 pinball 0.01313  分时小区平均 β -0.213  123.8s
10:47:03 INFO 第  15 轮  训练 0.01193  验证 pinball 0.01356  分时小区平均 β -0.213  123.8s
10:49:54 INFO 第  16 轮  训练 0.01172  验证 pinball 0.01327  分时小区平均 β -0.213  171.3s
10:52:53 INFO 第  17 轮  训练 0.01168  验证 pinball 0.01348  分时小区平均 β -0.213  179.1s
10:56:00 INFO 第  18 轮  训练 0.01153  验证 pinball 0.01423  分时小区平均 β -0.213  186.6s
10:59:07 INFO 第  19 轮  训练 0.01150  验证 pinball 0.01376  分时小区平均 β -0.213  188.0s
11:02:17 INFO 第  20 轮  训练 0.01129  验证 pinball 0.01461  分时小区平均 β -0.213  189.5s
11:05:25 INFO 第  21 轮  训练 0.01125  验证 pinball 0.01450  分时小区平均 β -0.213  188.4s
11:08:35 INFO 第  22 轮  训练 0.01102  验证 pinball 0.01436  分时小区平均 β -0.213  190.0s
11:11:44 INFO 第  23 轮  训练 0.01100  验证 pinball 0.01438  分时小区平均 β -0.213  189.0s
11:14:52 INFO 第  24 轮  训练 0.01091  验证 pinball 0.01408  分时小区平均 β -0.213  187.7s
11:18:01 INFO 第  25 轮  训练 0.01077  验证 pinball 0.01519  分时小区平均 β -0.213  188.6s
11:21:10 INFO 第  26 轮  训练 0.01075  验证 pinball 0.01440  分时小区平均 β -0.213  189.4s
11:24:19 INFO 第  27 轮  训练 0.01060  验证 pinball 0.01491  分时小区平均 β -0.213  188.9s
11:27:28 INFO 第  28 轮  训练 0.01049  验证 pinball 0.01496  分时小区平均 β -0.213  189.0s
11:30:38 INFO 第  29 轮  训练 0.01038  验证 pinball 0.01508  分时小区平均 β -0.213  190.4s
11:30:38 INFO 验证损失 15 轮未改善，提前停止
11:31:19 INFO 测试期 MAE 0.0456  WAPE 0.233  CRPS 0.0264  PICP90 原始 0.845 / ACI 0.900；输出 D:\EV充电因果预测sci论文\05_实验结果\runs\tune_gwn_D64_lr1e-3_do0.3
== tune_gwn_D64_lr1e-3_do0.3  完成，用时 86.2 分钟
== tune_gwn_D64_lr2e-3_do0.1  开始 11:31:21
11:31:24 INFO 运行 tune_gwn_D64_lr2e-3_do0.1，设备 cuda，torch 2.11.0+cu128
11:31:25 INFO 数据：T=4344 N=275 训练/验证/测试起点 3001/409/841；{'train': ('2022-09-01', '2023-01-05'), 'val': ('2023-01-06', '2023-01-23'), 'test': ('2023-01-24', '2023-02-28')}
11:31:25 INFO 模型参数 744,323；锚定方式 cut；锚定来源 fivemin_main
11:33:24 INFO 第   1 轮  训练 0.02154  验证 pinball 0.01649  分时小区平均 β -0.213  115.3s
11:35:21 INFO 第   2 轮  训练 0.01705  验证 pinball 0.01648  分时小区平均 β -0.213  117.0s
11:37:18 INFO 第   3 轮  训练 0.01517  验证 pinball 0.01414  分时小区平均 β -0.213  117.2s
11:39:15 INFO 第   4 轮  训练 0.01423  验证 pinball 0.01379  分时小区平均 β -0.213  117.3s
11:41:13 INFO 第   5 轮  训练 0.01357  验证 pinball 0.01389  分时小区平均 β -0.213  117.2s
11:43:10 INFO 第   6 轮  训练 0.01300  验证 pinball 0.01442  分时小区平均 β -0.213  117.2s
11:45:07 INFO 第   7 轮  训练 0.01266  验证 pinball 0.01334  分时小区平均 β -0.213  116.9s
11:47:43 INFO 第   8 轮  训练 0.01236  验证 pinball 0.01348  分时小区平均 β -0.213  156.4s
11:51:04 INFO 第   9 轮  训练 0.01206  验证 pinball 0.01313  分时小区平均 β -0.213  200.8s
11:54:26 INFO 第  10 轮  训练 0.01178  验证 pinball 0.01475  分时小区平均 β -0.213  202.0s
11:57:48 INFO 第  11 轮  训练 0.01151  验证 pinball 0.01388  分时小区平均 β -0.213  202.3s
12:01:09 INFO 第  12 轮  训练 0.01125  验证 pinball 0.01437  分时小区平均 β -0.213  201.0s
12:04:30 INFO 第  13 轮  训练 0.01105  验证 pinball 0.01448  分时小区平均 β -0.213  200.4s
12:07:50 INFO 第  14 轮  训练 0.01092  验证 pinball 0.01400  分时小区平均 β -0.213  200.1s
12:11:11 INFO 第  15 轮  训练 0.01076  验证 pinball 0.01469  分时小区平均 β -0.213  201.1s
12:14:34 INFO 第  16 轮  训练 0.01034  验证 pinball 0.01507  分时小区平均 β -0.213  203.4s
12:17:54 INFO 第  17 轮  训练 0.01031  验证 pinball 0.01547  分时小区平均 β -0.213  200.4s
12:21:12 INFO 第  18 轮  训练 0.01000  验证 pinball 0.01573  分时小区平均 β -0.213  197.6s
12:24:32 INFO 第  19 轮  训练 0.00998  验证 pinball 0.01673  分时小区平均 β -0.213  199.5s
12:27:53 INFO 第  20 轮  训练 0.00984  验证 pinball 0.01748  分时小区平均 β -0.213  201.4s
12:31:14 INFO 第  21 轮  训练 0.00960  验证 pinball 0.01591  分时小区平均 β -0.213  200.8s
12:34:35 INFO 第  22 轮  训练 0.00934  验证 pinball 0.01637  分时小区平均 β -0.213  200.7s
12:37:54 INFO 第  23 轮  训练 0.00937  验证 pinball 0.01683  分时小区平均 β -0.213  200.0s
12:41:16 INFO 第  24 轮  训练 0.00918  验证 pinball 0.01653  分时小区平均 β -0.213  201.6s
12:41:16 INFO 验证损失 15 轮未改善，提前停止
12:41:59 INFO 测试期 MAE 0.0460  WAPE 0.235  CRPS 0.0267  PICP90 原始 0.852 / ACI 0.902；输出 D:\EV充电因果预测sci论文\05_实验结果\runs\tune_gwn_D64_lr2e-3_do0.1
== tune_gwn_D64_lr2e-3_do0.1  完成，用时 70.6 分钟
== tune_gwn_D64_lr2e-3_do0.3  开始 12:42:00
12:42:03 INFO 运行 tune_gwn_D64_lr2e-3_do0.3，设备 cuda，torch 2.11.0+cu128
12:42:04 INFO 数据：T=4344 N=275 训练/验证/测试起点 3001/409/841；{'train': ('2022-09-01', '2023-01-05'), 'val': ('2023-01-06', '2023-01-23'), 'test': ('2023-01-24', '2023-02-28')}
12:42:04 INFO 模型参数 744,323；锚定方式 cut；锚定来源 fivemin_main
12:43:57 INFO 第   1 轮  训练 0.02155  验证 pinball 0.01695  分时小区平均 β -0.213  109.5s
12:45:48 INFO 第   2 轮  训练 0.01706  验证 pinball 0.01625  分时小区平均 β -0.213  111.3s
12:47:40 INFO 第   3 轮  训练 0.01526  验证 pinball 0.01419  分时小区平均 β -0.213  111.6s
12:49:31 INFO 第   4 轮  训练 0.01426  验证 pinball 0.01368  分时小区平均 β -0.213  111.7s
12:52:24 INFO 第   5 轮  训练 0.01363  验证 pinball 0.01357  分时小区平均 β -0.213  172.2s
12:55:39 INFO 第   6 轮  训练 0.01312  验证 pinball 0.01356  分时小区平均 β -0.213  194.9s
12:58:51 INFO 第   7 轮  训练 0.01281  验证 pinball 0.01341  分时小区平均 β -0.213  192.6s
13:02:04 INFO 第   8 轮  训练 0.01248  验证 pinball 0.01333  分时小区平均 β -0.213  192.4s
13:05:17 INFO 第   9 轮  训练 0.01220  验证 pinball 0.01323  分时小区平均 β -0.213  193.2s
13:08:32 INFO 第  10 轮  训练 0.01192  验证 pinball 0.01483  分时小区平均 β -0.213  194.9s
13:11:46 INFO 第  11 轮  训练 0.01170  验证 pinball 0.01383  分时小区平均 β -0.213  194.4s
13:15:02 INFO 第  12 轮  训练 0.01155  验证 pinball 0.01483  分时小区平均 β -0.213  195.4s
13:18:17 INFO 第  13 轮  训练 0.01135  验证 pinball 0.01402  分时小区平均 β -0.213  196.0s
13:21:31 INFO 第  14 轮  训练 0.01124  验证 pinball 0.01364  分时小区平均 β -0.213  193.2s
13:24:44 INFO 第  15 轮  训练 0.01107  验证 pinball 0.01471  分时小区平均 β -0.213  193.5s
13:27:56 INFO 第  16 轮  训练 0.01074  验证 pinball 0.01453  分时小区平均 β -0.213  191.6s
13:31:11 INFO 第  17 轮  训练 0.01066  验证 pinball 0.01459  分时小区平均 β -0.213  194.7s
13:34:24 INFO 第  18 轮  训练 0.01038  验证 pinball 0.01492  分时小区平均 β -0.213  193.1s
13:37:37 INFO 第  19 轮  训练 0.01043  验证 pinball 0.01607  分时小区平均 β -0.213  193.7s
13:40:54 INFO 第  20 轮  训练 0.01016  验证 pinball 0.01527  分时小区平均 β -0.213  196.3s
13:44:06 INFO 第  21 轮  训练 0.00996  验证 pinball 0.01552  分时小区平均 β -0.213  192.8s
13:47:20 INFO 第  22 轮  训练 0.00976  验证 pinball 0.01565  分时小区平均 β -0.213  193.1s
13:50:32 INFO 第  23 轮  训练 0.00964  验证 pinball 0.01573  分时小区平均 β -0.213  192.7s
13:53:47 INFO 第  24 轮  训练 0.00978  验证 pinball 0.01556  分时小区平均 β -0.213  195.0s
13:53:47 INFO 验证损失 15 轮未改善，提前停止
13:54:30 INFO 测试期 MAE 0.0453  WAPE 0.232  CRPS 0.0262  PICP90 原始 0.847 / ACI 0.902；输出 D:\EV充电因果预测sci论文\05_实验结果\runs\tune_gwn_D64_lr2e-3_do0.3
== tune_gwn_D64_lr2e-3_do0.3  完成，用时 72.5 分钟
阶段 tune 结束
