阶段 main；日志 D:\EV充电因果预测sci论文\05_实验结果\云端小实验\run_final_main_20260930_222950.log
== main_A0_s0  开始 22:29:50
22:29:53 INFO 运行 main_A0_s0，设备 cuda，torch 2.11.0+cu128
22:29:54 INFO 数据：T=4344 N=275 训练/验证/测试起点 3001/409/841；{'train': ('2022-09-01', '2023-01-05'), 'val': ('2023-01-06', '2023-01-23'), 'test': ('2023-01-24', '2023-02-28')}
22:29:54 INFO 模型参数 198,211；锚定方式 cut；锚定来源 fivemin_main
22:30:20 INFO 第   1 轮  训练 0.02303  验证 pinball 0.01701  分时小区平均 β -0.213  24.9s
22:30:44 INFO 第   2 轮  训练 0.01836  验证 pinball 0.01612  分时小区平均 β -0.213  24.4s
22:31:09 INFO 第   3 轮  训练 0.01705  验证 pinball 0.01525  分时小区平均 β -0.213  24.4s
22:31:33 INFO 第   4 轮  训练 0.01580  验证 pinball 0.01432  分时小区平均 β -0.213  24.3s
22:31:57 INFO 第   5 轮  训练 0.01495  验证 pinball 0.01452  分时小区平均 β -0.213  24.4s
22:32:22 INFO 第   6 轮  训练 0.01434  验证 pinball 0.01396  分时小区平均 β -0.213  24.4s
22:32:46 INFO 第   7 轮  训练 0.01405  验证 pinball 0.01380  分时小区平均 β -0.213  24.4s
22:33:11 INFO 第   8 轮  训练 0.01384  验证 pinball 0.01363  分时小区平均 β -0.213  24.4s
22:33:35 INFO 第   9 轮  训练 0.01355  验证 pinball 0.01460  分时小区平均 β -0.213  24.4s
22:33:59 INFO 第  10 轮  训练 0.01340  验证 pinball 0.01367  分时小区平均 β -0.213  24.4s
22:34:24 INFO 第  11 轮  训练 0.01327  验证 pinball 0.01317  分时小区平均 β -0.213  24.3s
22:34:48 INFO 第  12 轮  训练 0.01305  验证 pinball 0.01297  分时小区平均 β -0.213  24.3s
22:35:12 INFO 第  13 轮  训练 0.01296  验证 pinball 0.01324  分时小区平均 β -0.213  24.4s
22:35:37 INFO 第  14 轮  训练 0.01288  验证 pinball 0.01328  分时小区平均 β -0.213  24.4s
22:36:01 INFO 第  15 轮  训练 0.01275  验证 pinball 0.01302  分时小区平均 β -0.213  24.4s
22:36:26 INFO 第  16 轮  训练 0.01258  验证 pinball 0.01293  分时小区平均 β -0.213  24.3s
22:36:50 INFO 第  17 轮  训练 0.01254  验证 pinball 0.01305  分时小区平均 β -0.213  24.4s
22:37:14 INFO 第  18 轮  训练 0.01238  验证 pinball 0.01316  分时小区平均 β -0.213  24.3s
22:37:39 INFO 第  19 轮  训练 0.01231  验证 pinball 0.01303  分时小区平均 β -0.213  24.4s
22:38:03 INFO 第  20 轮  训练 0.01224  验证 pinball 0.01298  分时小区平均 β -0.213  24.4s
22:38:27 INFO 第  21 轮  训练 0.01221  验证 pinball 0.01309  分时小区平均 β -0.213  24.4s
22:38:52 INFO 第  22 轮  训练 0.01209  验证 pinball 0.01310  分时小区平均 β -0.213  24.4s
22:39:16 INFO 第  23 轮  训练 0.01203  验证 pinball 0.01290  分时小区平均 β -0.213  24.3s
22:39:41 INFO 第  24 轮  训练 0.01203  验证 pinball 0.01304  分时小区平均 β -0.213  24.4s
22:40:05 INFO 第  25 轮  训练 0.01191  验证 pinball 0.01340  分时小区平均 β -0.213  24.4s
22:40:29 INFO 第  26 轮  训练 0.01188  验证 pinball 0.01316  分时小区平均 β -0.213  24.4s
22:40:54 INFO 第  27 轮  训练 0.01187  验证 pinball 0.01304  分时小区平均 β -0.213  24.4s
22:41:18 INFO 第  28 轮  训练 0.01180  验证 pinball 0.01280  分时小区平均 β -0.213  24.5s
22:41:43 INFO 第  29 轮  训练 0.01171  验证 pinball 0.01297  分时小区平均 β -0.213  24.3s
22:42:07 INFO 第  30 轮  训练 0.01166  验证 pinball 0.01322  分时小区平均 β -0.213  24.4s
22:42:32 INFO 第  31 轮  训练 0.01163  验证 pinball 0.01334  分时小区平均 β -0.213  24.4s
22:42:56 INFO 第  32 轮  训练 0.01162  验证 pinball 0.01339  分时小区平均 β -0.213  24.4s
22:43:20 INFO 第  33 轮  训练 0.01158  验证 pinball 0.01339  分时小区平均 β -0.213  24.4s
22:43:45 INFO 第  34 轮  训练 0.01148  验证 pinball 0.01313  分时小区平均 β -0.213  24.4s
22:44:09 INFO 第  35 轮  训练 0.01145  验证 pinball 0.01372  分时小区平均 β -0.213  24.8s
22:44:36 INFO 第  36 轮  训练 0.01142  验证 pinball 0.01311  分时小区平均 β -0.213  26.6s
22:45:03 INFO 第  37 轮  训练 0.01142  验证 pinball 0.01343  分时小区平均 β -0.213  26.8s
22:45:30 INFO 第  38 轮  训练 0.01129  验证 pinball 0.01354  分时小区平均 β -0.213  26.7s
22:45:56 INFO 第  39 轮  训练 0.01124  验证 pinball 0.01332  分时小区平均 β -0.213  26.7s
22:46:23 INFO 第  40 轮  训练 0.01127  验证 pinball 0.01323  分时小区平均 β -0.213  26.7s
22:46:50 INFO 第  41 轮  训练 0.01130  验证 pinball 0.01399  分时小区平均 β -0.213  26.8s
22:47:16 INFO 第  42 轮  训练 0.01117  验证 pinball 0.01335  分时小区平均 β -0.213  26.8s
22:47:43 INFO 第  43 轮  训练 0.01115  验证 pinball 0.01321  分时小区平均 β -0.213  26.5s
22:47:43 INFO 验证损失 15 轮未改善，提前停止
22:47:48 INFO 切换点一致性（all）：观测 β -1.180（0.393）  模型 β -0.535（0.209）
22:47:48 INFO 切换点一致性（novel）：观测 β -0.367（0.505）  模型 β -0.259（0.269）
22:48:06 INFO 测试期 MAE 0.0448  WAPE 0.229  CRPS 0.0263  PICP90 原始 0.809 / ACI 0.901；输出 D:\EV充电因果预测sci论文\05_实验结果\runs\main_A0_s0
== main_A0_s0  完成，用时 18.3 分钟
== main_A0_s1  开始 22:48:07
22:48:10 INFO 运行 main_A0_s1，设备 cuda，torch 2.11.0+cu128
22:48:11 INFO 数据：T=4344 N=275 训练/验证/测试起点 3001/409/841；{'train': ('2022-09-01', '2023-01-05'), 'val': ('2023-01-06', '2023-01-23'), 'test': ('2023-01-24', '2023-02-28')}
22:48:11 INFO 模型参数 198,211；锚定方式 cut；锚定来源 fivemin_main
22:48:40 INFO 第   1 轮  训练 0.02278  验证 pinball 0.01806  分时小区平均 β -0.213  27.0s
22:49:07 INFO 第   2 轮  训练 0.01840  验证 pinball 0.01609  分时小区平均 β -0.213  26.4s
22:49:33 INFO 第   3 轮  训练 0.01699  验证 pinball 0.01494  分时小区平均 β -0.213  26.3s
22:49:59 INFO 第   4 轮  训练 0.01569  验证 pinball 0.01484  分时小区平均 β -0.213  26.4s
22:50:26 INFO 第   5 轮  训练 0.01484  验证 pinball 0.01439  分时小区平均 β -0.213  26.3s
22:50:52 INFO 第   6 轮  训练 0.01424  验证 pinball 0.01383  分时小区平均 β -0.213  26.3s
22:51:18 INFO 第   7 轮  训练 0.01404  验证 pinball 0.01400  分时小区平均 β -0.213  26.3s
22:51:45 INFO 第   8 轮  训练 0.01370  验证 pinball 0.01338  分时小区平均 β -0.213  26.2s
22:52:11 INFO 第   9 轮  训练 0.01342  验证 pinball 0.01329  分时小区平均 β -0.213  26.2s
22:52:37 INFO 第  10 轮  训练 0.01334  验证 pinball 0.01321  分时小区平均 β -0.213  26.2s
22:53:03 INFO 第  11 轮  训练 0.01318  验证 pinball 0.01319  分时小区平均 β -0.213  26.3s
22:53:30 INFO 第  12 轮  训练 0.01305  验证 pinball 0.01371  分时小区平均 β -0.213  26.3s
22:53:56 INFO 第  13 轮  训练 0.01288  验证 pinball 0.01331  分时小区平均 β -0.213  26.3s
22:54:22 INFO 第  14 轮  训练 0.01272  验证 pinball 0.01340  分时小区平均 β -0.213  26.2s
22:54:48 INFO 第  15 轮  训练 0.01263  验证 pinball 0.01288  分时小区平均 β -0.213  26.2s
22:55:15 INFO 第  16 轮  训练 0.01264  验证 pinball 0.01342  分时小区平均 β -0.213  26.3s
22:55:41 INFO 第  17 轮  训练 0.01242  验证 pinball 0.01300  分时小区平均 β -0.213  26.3s
22:56:07 INFO 第  18 轮  训练 0.01233  验证 pinball 0.01294  分时小区平均 β -0.213  26.2s
22:56:33 INFO 第  19 轮  训练 0.01224  验证 pinball 0.01312  分时小区平均 β -0.213  26.2s
22:56:59 INFO 第  20 轮  训练 0.01226  验证 pinball 0.01287  分时小区平均 β -0.213  26.2s
22:57:26 INFO 第  21 轮  训练 0.01209  验证 pinball 0.01325  分时小区平均 β -0.213  26.2s
22:57:52 INFO 第  22 轮  训练 0.01203  验证 pinball 0.01423  分时小区平均 β -0.213  26.2s
22:58:18 INFO 第  23 轮  训练 0.01199  验证 pinball 0.01304  分时小区平均 β -0.213  26.4s
22:58:45 INFO 第  24 轮  训练 0.01190  验证 pinball 0.01324  分时小区平均 β -0.213  26.2s
22:59:11 INFO 第  25 轮  训练 0.01186  验证 pinball 0.01298  分时小区平均 β -0.213  26.3s
22:59:37 INFO 第  26 轮  训练 0.01176  验证 pinball 0.01310  分时小区平均 β -0.213  26.3s
23:00:03 INFO 第  27 轮  训练 0.01168  验证 pinball 0.01310  分时小区平均 β -0.213  26.2s
23:00:30 INFO 第  28 轮  训练 0.01171  验证 pinball 0.01395  分时小区平均 β -0.213  26.2s
23:00:56 INFO 第  29 轮  训练 0.01173  验证 pinball 0.01311  分时小区平均 β -0.213  26.2s
23:01:22 INFO 第  30 轮  训练 0.01152  验证 pinball 0.01326  分时小区平均 β -0.213  26.2s
23:01:48 INFO 第  31 轮  训练 0.01153  验证 pinball 0.01319  分时小区平均 β -0.213  26.4s
23:02:15 INFO 第  32 轮  训练 0.01138  验证 pinball 0.01349  分时小区平均 β -0.213  26.3s
23:02:41 INFO 第  33 轮  训练 0.01134  验证 pinball 0.01348  分时小区平均 β -0.213  26.3s
23:03:07 INFO 第  34 轮  训练 0.01133  验证 pinball 0.01317  分时小区平均 β -0.213  26.3s
23:03:33 INFO 第  35 轮  训练 0.01130  验证 pinball 0.01340  分时小区平均 β -0.213  26.3s
23:03:33 INFO 验证损失 15 轮未改善，提前停止
23:03:38 INFO 切换点一致性（all）：观测 β -1.180（0.393）  模型 β -0.507（0.209）
23:03:38 INFO 切换点一致性（novel）：观测 β -0.367（0.505）  模型 β -0.228（0.258）
23:03:51 INFO 测试期 MAE 0.0452  WAPE 0.231  CRPS 0.0263  PICP90 原始 0.832 / ACI 0.900；输出 D:\EV充电因果预测sci论文\05_实验结果\runs\main_A0_s1
== main_A0_s1  完成，用时 15.7 分钟
== main_A0_s2  开始 23:03:52
23:03:55 INFO 运行 main_A0_s2，设备 cuda，torch 2.11.0+cu128
23:03:56 INFO 数据：T=4344 N=275 训练/验证/测试起点 3001/409/841；{'train': ('2022-09-01', '2023-01-05'), 'val': ('2023-01-06', '2023-01-23'), 'test': ('2023-01-24', '2023-02-28')}
23:03:56 INFO 模型参数 198,211；锚定方式 cut；锚定来源 fivemin_main
23:04:26 INFO 第   1 轮  训练 0.02312  验证 pinball 0.01823  分时小区平均 β -0.213  27.4s
23:04:53 INFO 第   2 轮  训练 0.01843  验证 pinball 0.01581  分时小区平均 β -0.213  26.7s
23:05:19 INFO 第   3 轮  训练 0.01689  验证 pinball 0.01476  分时小区平均 β -0.213  25.7s
23:05:43 INFO 第   4 轮  训练 0.01554  验证 pinball 0.01442  分时小区平均 β -0.213  24.4s
23:06:07 INFO 第   5 轮  训练 0.01478  验证 pinball 0.01438  分时小区平均 β -0.213  24.4s
23:06:32 INFO 第   6 轮  训练 0.01440  验证 pinball 0.01394  分时小区平均 β -0.213  24.4s
23:06:56 INFO 第   7 轮  训练 0.01405  验证 pinball 0.01375  分时小区平均 β -0.213  24.4s
23:07:21 INFO 第   8 轮  训练 0.01376  验证 pinball 0.01369  分时小区平均 β -0.213  24.4s
23:07:45 INFO 第   9 轮  训练 0.01355  验证 pinball 0.01346  分时小区平均 β -0.213  24.4s
23:08:09 INFO 第  10 轮  训练 0.01341  验证 pinball 0.01358  分时小区平均 β -0.213  24.4s
23:08:34 INFO 第  11 轮  训练 0.01322  验证 pinball 0.01363  分时小区平均 β -0.213  24.4s
23:08:58 INFO 第  12 轮  训练 0.01301  验证 pinball 0.01315  分时小区平均 β -0.213  24.4s
23:09:23 INFO 第  13 轮  训练 0.01298  验证 pinball 0.01366  分时小区平均 β -0.213  24.4s
23:09:47 INFO 第  14 轮  训练 0.01283  验证 pinball 0.01380  分时小区平均 β -0.213  24.3s
23:10:11 INFO 第  15 轮  训练 0.01269  验证 pinball 0.01313  分时小区平均 β -0.213  24.3s
23:10:36 INFO 第  16 轮  训练 0.01259  验证 pinball 0.01419  分时小区平均 β -0.213  24.4s
23:11:00 INFO 第  17 轮  训练 0.01258  验证 pinball 0.01314  分时小区平均 β -0.213  24.3s
23:11:25 INFO 第  18 轮  训练 0.01241  验证 pinball 0.01313  分时小区平均 β -0.213  24.4s
23:11:49 INFO 第  19 轮  训练 0.01228  验证 pinball 0.01349  分时小区平均 β -0.213  24.2s
23:12:13 INFO 第  20 轮  训练 0.01222  验证 pinball 0.01375  分时小区平均 β -0.213  24.3s
23:12:38 INFO 第  21 轮  训练 0.01214  验证 pinball 0.01389  分时小区平均 β -0.213  24.4s
23:13:02 INFO 第  22 轮  训练 0.01211  验证 pinball 0.01333  分时小区平均 β -0.213  24.4s
23:13:26 INFO 第  23 轮  训练 0.01201  验证 pinball 0.01371  分时小区平均 β -0.213  24.4s
23:13:51 INFO 第  24 轮  训练 0.01190  验证 pinball 0.01325  分时小区平均 β -0.213  24.4s
23:14:15 INFO 第  25 轮  训练 0.01185  验证 pinball 0.01329  分时小区平均 β -0.213  24.4s
23:14:39 INFO 第  26 轮  训练 0.01186  验证 pinball 0.01361  分时小区平均 β -0.213  24.4s
23:15:04 INFO 第  27 轮  训练 0.01173  验证 pinball 0.01373  分时小区平均 β -0.213  24.5s
23:15:28 INFO 第  28 轮  训练 0.01170  验证 pinball 0.01359  分时小区平均 β -0.213  24.4s
23:15:53 INFO 第  29 轮  训练 0.01169  验证 pinball 0.01344  分时小区平均 β -0.213  24.4s
23:16:17 INFO 第  30 轮  训练 0.01155  验证 pinball 0.01468  分时小区平均 β -0.213  24.4s
23:16:17 INFO 验证损失 15 轮未改善，提前停止
23:16:21 INFO 切换点一致性（all）：观测 β -1.180（0.393）  模型 β -0.585（0.173）
23:16:22 INFO 切换点一致性（novel）：观测 β -0.367（0.505）  模型 β -0.283（0.181）
23:16:30 INFO 测试期 MAE 0.0444  WAPE 0.227  CRPS 0.0256  PICP90 原始 0.855 / ACI 0.902；输出 D:\EV充电因果预测sci论文\05_实验结果\runs\main_A0_s2
== main_A0_s2  完成，用时 12.6 分钟
== main_A0_s3  开始 23:16:31
23:16:33 INFO 运行 main_A0_s3，设备 cuda，torch 2.11.0+cu128
23:16:34 INFO 数据：T=4344 N=275 训练/验证/测试起点 3001/409/841；{'train': ('2022-09-01', '2023-01-05'), 'val': ('2023-01-06', '2023-01-23'), 'test': ('2023-01-24', '2023-02-28')}
23:16:34 INFO 模型参数 198,211；锚定方式 cut；锚定来源 fivemin_main
23:17:00 INFO 第   1 轮  训练 0.02292  验证 pinball 0.01764  分时小区平均 β -0.213  24.9s
23:17:25 INFO 第   2 轮  训练 0.01870  验证 pinball 0.01629  分时小区平均 β -0.213  24.3s
23:17:49 INFO 第   3 轮  训练 0.01734  验证 pinball 0.01549  分时小区平均 β -0.213  24.3s
23:18:13 INFO 第   4 轮  训练 0.01605  验证 pinball 0.01581  分时小区平均 β -0.213  24.4s
23:18:38 INFO 第   5 轮  训练 0.01518  验证 pinball 0.01439  分时小区平均 β -0.213  24.4s
23:19:03 INFO 第   6 轮  训练 0.01447  验证 pinball 0.01437  分时小区平均 β -0.213  25.6s
23:19:30 INFO 第   7 轮  训练 0.01406  验证 pinball 0.01402  分时小区平均 β -0.213  26.6s
23:19:57 INFO 第   8 轮  训练 0.01371  验证 pinball 0.01361  分时小区平均 β -0.213  26.7s
23:20:24 INFO 第   9 轮  训练 0.01346  验证 pinball 0.01350  分时小区平均 β -0.213  26.8s
23:20:50 INFO 第  10 轮  训练 0.01331  验证 pinball 0.01384  分时小区平均 β -0.213  26.7s
23:21:17 INFO 第  11 轮  训练 0.01309  验证 pinball 0.01321  分时小区平均 β -0.213  26.7s
23:21:44 INFO 第  12 轮  训练 0.01302  验证 pinball 0.01358  分时小区平均 β -0.213  26.8s
23:22:10 INFO 第  13 轮  训练 0.01279  验证 pinball 0.01354  分时小区平均 β -0.213  26.7s
23:22:37 INFO 第  14 轮  训练 0.01269  验证 pinball 0.01365  分时小区平均 β -0.213  26.7s
23:23:04 INFO 第  15 轮  训练 0.01260  验证 pinball 0.01305  分时小区平均 β -0.213  26.7s
23:23:31 INFO 第  16 轮  训练 0.01254  验证 pinball 0.01332  分时小区平均 β -0.213  26.7s
23:23:57 INFO 第  17 轮  训练 0.01242  验证 pinball 0.01324  分时小区平均 β -0.213  26.8s
23:24:24 INFO 第  18 轮  训练 0.01236  验证 pinball 0.01373  分时小区平均 β -0.213  26.9s
23:24:51 INFO 第  19 轮  训练 0.01221  验证 pinball 0.01387  分时小区平均 β -0.213  26.7s
23:25:18 INFO 第  20 轮  训练 0.01217  验证 pinball 0.01337  分时小区平均 β -0.213  26.7s
23:25:45 INFO 第  21 轮  训练 0.01218  验证 pinball 0.01307  分时小区平均 β -0.213  26.8s
23:26:12 INFO 第  22 轮  训练 0.01202  验证 pinball 0.01380  分时小区平均 β -0.213  26.9s
23:26:38 INFO 第  23 轮  训练 0.01201  验证 pinball 0.01313  分时小区平均 β -0.213  26.8s
23:27:05 INFO 第  24 轮  训练 0.01189  验证 pinball 0.01343  分时小区平均 β -0.213  26.6s
23:27:32 INFO 第  25 轮  训练 0.01184  验证 pinball 0.01389  分时小区平均 β -0.213  26.7s
23:27:58 INFO 第  26 轮  训练 0.01173  验证 pinball 0.01346  分时小区平均 β -0.213  26.6s
23:28:25 INFO 第  27 轮  训练 0.01172  验证 pinball 0.01358  分时小区平均 β -0.213  26.7s
23:28:52 INFO 第  28 轮  训练 0.01167  验证 pinball 0.01451  分时小区平均 β -0.213  26.8s
23:29:18 INFO 第  29 轮  训练 0.01161  验证 pinball 0.01338  分时小区平均 β -0.213  26.6s
23:29:45 INFO 第  30 轮  训练 0.01153  验证 pinball 0.01351  分时小区平均 β -0.213  26.7s
23:29:45 INFO 验证损失 15 轮未改善，提前停止
23:29:50 INFO 切换点一致性（all）：观测 β -1.180（0.393）  模型 β -0.560（0.207）
23:29:50 INFO 切换点一致性（novel）：观测 β -0.367（0.505）  模型 β -0.299（0.252）
23:30:08 INFO 测试期 MAE 0.0445  WAPE 0.228  CRPS 0.0258  PICP90 原始 0.837 / ACI 0.900；输出 D:\EV充电因果预测sci论文\05_实验结果\runs\main_A0_s3
== main_A0_s3  完成，用时 13.6 分钟
== main_A0_s4  开始 23:30:09
23:30:11 INFO 运行 main_A0_s4，设备 cuda，torch 2.11.0+cu128
23:30:13 INFO 数据：T=4344 N=275 训练/验证/测试起点 3001/409/841；{'train': ('2022-09-01', '2023-01-05'), 'val': ('2023-01-06', '2023-01-23'), 'test': ('2023-01-24', '2023-02-28')}
23:30:13 INFO 模型参数 198,211；锚定方式 cut；锚定来源 fivemin_main
23:30:43 INFO 第   1 轮  训练 0.02307  验证 pinball 0.01774  分时小区平均 β -0.213  27.4s
23:31:10 INFO 第   2 轮  训练 0.01864  验证 pinball 0.01677  分时小区平均 β -0.213  26.6s
23:31:37 INFO 第   3 轮  训练 0.01719  验证 pinball 0.01566  分时小区平均 β -0.213  26.9s
23:32:03 INFO 第   4 轮  训练 0.01592  验证 pinball 0.01466  分时小区平均 β -0.213  26.7s
23:32:30 INFO 第   5 轮  训练 0.01490  验证 pinball 0.01417  分时小区平均 β -0.213  26.7s
23:32:57 INFO 第   6 轮  训练 0.01433  验证 pinball 0.01386  分时小区平均 β -0.213  26.8s
23:33:23 INFO 第   7 轮  训练 0.01408  验证 pinball 0.01409  分时小区平均 β -0.213  26.7s
23:33:50 INFO 第   8 轮  训练 0.01366  验证 pinball 0.01366  分时小区平均 β -0.213  26.8s
23:34:17 INFO 第   9 轮  训练 0.01339  验证 pinball 0.01364  分时小区平均 β -0.213  26.8s
23:34:44 INFO 第  10 轮  训练 0.01324  验证 pinball 0.01327  分时小区平均 β -0.213  26.7s
23:35:11 INFO 第  11 轮  训练 0.01308  验证 pinball 0.01321  分时小区平均 β -0.213  26.7s
23:35:37 INFO 第  12 轮  训练 0.01307  验证 pinball 0.01353  分时小区平均 β -0.213  26.7s
23:36:04 INFO 第  13 轮  训练 0.01279  验证 pinball 0.01311  分时小区平均 β -0.213  26.6s
23:36:31 INFO 第  14 轮  训练 0.01272  验证 pinball 0.01337  分时小区平均 β -0.213  26.7s
23:36:57 INFO 第  15 轮  训练 0.01264  验证 pinball 0.01354  分时小区平均 β -0.213  26.6s
23:37:24 INFO 第  16 轮  训练 0.01248  验证 pinball 0.01312  分时小区平均 β -0.213  26.8s
23:37:51 INFO 第  17 轮  训练 0.01240  验证 pinball 0.01301  分时小区平均 β -0.213  26.6s
23:38:17 INFO 第  18 轮  训练 0.01230  验证 pinball 0.01354  分时小区平均 β -0.213  26.9s
23:38:44 INFO 第  19 轮  训练 0.01225  验证 pinball 0.01305  分时小区平均 β -0.213  26.8s
23:39:11 INFO 第  20 轮  训练 0.01211  验证 pinball 0.01324  分时小区平均 β -0.213  26.7s
23:39:38 INFO 第  21 轮  训练 0.01218  验证 pinball 0.01304  分时小区平均 β -0.213  26.6s
23:40:04 INFO 第  22 轮  训练 0.01204  验证 pinball 0.01336  分时小区平均 β -0.213  26.7s
23:40:31 INFO 第  23 轮  训练 0.01196  验证 pinball 0.01318  分时小区平均 β -0.213  26.7s
23:40:58 INFO 第  24 轮  训练 0.01190  验证 pinball 0.01357  分时小区平均 β -0.213  26.7s
23:41:24 INFO 第  25 轮  训练 0.01184  验证 pinball 0.01339  分时小区平均 β -0.213  26.7s
23:41:51 INFO 第  26 轮  训练 0.01187  验证 pinball 0.01364  分时小区平均 β -0.213  26.6s
23:42:18 INFO 第  27 轮  训练 0.01173  验证 pinball 0.01345  分时小区平均 β -0.213  26.8s
23:42:44 INFO 第  28 轮  训练 0.01173  验证 pinball 0.01369  分时小区平均 β -0.213  26.7s
23:43:11 INFO 第  29 轮  训练 0.01170  验证 pinball 0.01353  分时小区平均 β -0.213  26.7s
23:43:38 INFO 第  30 轮  训练 0.01163  验证 pinball 0.01334  分时小区平均 β -0.213  26.8s
23:44:05 INFO 第  31 轮  训练 0.01159  验证 pinball 0.01370  分时小区平均 β -0.213  26.7s
23:44:31 INFO 第  32 轮  训练 0.01155  验证 pinball 0.01428  分时小区平均 β -0.213  26.6s
23:44:31 INFO 验证损失 15 轮未改善，提前停止
23:44:36 INFO 切换点一致性（all）：观测 β -1.180（0.393）  模型 β -0.548（0.210）
23:44:36 INFO 切换点一致性（novel）：观测 β -0.367（0.505）  模型 β -0.183（0.288）
23:44:54 INFO 测试期 MAE 0.0437  WAPE 0.224  CRPS 0.0254  PICP90 原始 0.838 / ACI 0.900；输出 D:\EV充电因果预测sci论文\05_实验结果\runs\main_A0_s4
== main_A0_s4  完成，用时 14.8 分钟
阶段 main 结束
