阶段 eid；日志 D:\EV充电因果预测sci论文\05_实验结果\云端小实验\run_final_eid_20261001_204644.log
== eid_init-0.05_s0  开始 20:46:44
20:46:47 INFO 运行 eid_init-0.05_s0，设备 cuda，torch 2.11.0+cu128
20:46:48 INFO 数据：T=4344 N=275 训练/验证/测试起点 3001/409/841；{'train': ('2022-09-01', '2023-01-05'), 'val': ('2023-01-06', '2023-01-23'), 'test': ('2023-01-24', '2023-02-28')}
20:46:48 INFO 模型参数 199,326；锚定方式 free；锚定来源 fivemin_main
20:47:18 INFO 第   1 轮  训练 0.02305  验证 pinball 0.01700  分时小区平均 β -0.053  27.2s
20:47:45 INFO 第   2 轮  训练 0.01836  验证 pinball 0.01611  分时小区平均 β -0.054  26.4s
20:48:11 INFO 第   3 轮  训练 0.01704  验证 pinball 0.01525  分时小区平均 β -0.054  26.4s
20:48:37 INFO 第   4 轮  训练 0.01577  验证 pinball 0.01430  分时小区平均 β -0.054  26.3s
20:49:04 INFO 第   5 轮  训练 0.01494  验证 pinball 0.01439  分时小区平均 β -0.054  26.6s
20:49:30 INFO 第   6 轮  训练 0.01433  验证 pinball 0.01413  分时小区平均 β -0.054  26.4s
20:49:57 INFO 第   7 轮  训练 0.01404  验证 pinball 0.01382  分时小区平均 β -0.054  26.4s
20:50:23 INFO 第   8 轮  训练 0.01383  验证 pinball 0.01359  分时小区平均 β -0.055  26.5s
20:50:49 INFO 第   9 轮  训练 0.01355  验证 pinball 0.01474  分时小区平均 β -0.056  26.3s
20:51:16 INFO 第  10 轮  训练 0.01340  验证 pinball 0.01366  分时小区平均 β -0.057  26.5s
20:51:43 INFO 第  11 轮  训练 0.01328  验证 pinball 0.01320  分时小区平均 β -0.058  26.5s
20:52:09 INFO 第  12 轮  训练 0.01305  验证 pinball 0.01299  分时小区平均 β -0.059  26.6s
20:52:36 INFO 第  13 轮  训练 0.01295  验证 pinball 0.01324  分时小区平均 β -0.061  26.5s
20:53:02 INFO 第  14 轮  训练 0.01288  验证 pinball 0.01330  分时小区平均 β -0.062  26.5s
20:53:29 INFO 第  15 轮  训练 0.01274  验证 pinball 0.01300  分时小区平均 β -0.064  26.5s
20:53:55 INFO 第  16 轮  训练 0.01258  验证 pinball 0.01291  分时小区平均 β -0.065  26.5s
20:54:22 INFO 第  17 轮  训练 0.01254  验证 pinball 0.01304  分时小区平均 β -0.067  26.5s
20:54:48 INFO 第  18 轮  训练 0.01238  验证 pinball 0.01314  分时小区平均 β -0.068  26.4s
20:55:14 INFO 第  19 轮  训练 0.01230  验证 pinball 0.01303  分时小区平均 β -0.070  26.4s
20:55:41 INFO 第  20 轮  训练 0.01223  验证 pinball 0.01302  分时小区平均 β -0.072  26.3s
20:56:07 INFO 第  21 轮  训练 0.01221  验证 pinball 0.01314  分时小区平均 β -0.074  26.5s
20:56:34 INFO 第  22 轮  训练 0.01208  验证 pinball 0.01311  分时小区平均 β -0.076  26.4s
20:57:00 INFO 第  23 轮  训练 0.01202  验证 pinball 0.01291  分时小区平均 β -0.078  26.6s
20:57:27 INFO 第  24 轮  训练 0.01202  验证 pinball 0.01307  分时小区平均 β -0.081  26.4s
20:57:53 INFO 第  25 轮  训练 0.01190  验证 pinball 0.01343  分时小区平均 β -0.083  26.5s
20:58:20 INFO 第  26 轮  训练 0.01188  验证 pinball 0.01323  分时小区平均 β -0.085  26.5s
20:58:46 INFO 第  27 轮  训练 0.01187  验证 pinball 0.01303  分时小区平均 β -0.087  26.5s
20:59:13 INFO 第  28 轮  训练 0.01179  验证 pinball 0.01276  分时小区平均 β -0.089  26.5s
20:59:39 INFO 第  29 轮  训练 0.01171  验证 pinball 0.01301  分时小区平均 β -0.091  26.3s
21:00:05 INFO 第  30 轮  训练 0.01165  验证 pinball 0.01318  分时小区平均 β -0.093  26.6s
21:00:32 INFO 第  31 轮  训练 0.01164  验证 pinball 0.01337  分时小区平均 β -0.094  26.4s
21:00:58 INFO 第  32 轮  训练 0.01161  验证 pinball 0.01343  分时小区平均 β -0.096  26.5s
21:01:25 INFO 第  33 轮  训练 0.01158  验证 pinball 0.01342  分时小区平均 β -0.098  26.5s
21:01:51 INFO 第  34 轮  训练 0.01148  验证 pinball 0.01319  分时小区平均 β -0.099  26.5s
21:02:18 INFO 第  35 轮  训练 0.01146  验证 pinball 0.01388  分时小区平均 β -0.100  26.5s
21:02:44 INFO 第  36 轮  训练 0.01142  验证 pinball 0.01315  分时小区平均 β -0.102  26.5s
21:03:11 INFO 第  37 轮  训练 0.01142  验证 pinball 0.01337  分时小区平均 β -0.103  26.4s
21:03:37 INFO 第  38 轮  训练 0.01129  验证 pinball 0.01364  分时小区平均 β -0.104  26.4s
21:04:04 INFO 第  39 轮  训练 0.01124  验证 pinball 0.01343  分时小区平均 β -0.105  26.4s
21:04:30 INFO 第  40 轮  训练 0.01127  验证 pinball 0.01336  分时小区平均 β -0.106  26.5s
21:04:57 INFO 第  41 轮  训练 0.01124  验证 pinball 0.01380  分时小区平均 β -0.107  26.6s
21:05:23 INFO 第  42 轮  训练 0.01116  验证 pinball 0.01378  分时小区平均 β -0.107  26.6s
21:05:50 INFO 第  43 轮  训练 0.01112  验证 pinball 0.01357  分时小区平均 β -0.108  26.4s
21:05:50 INFO 验证损失 15 轮未改善，提前停止
21:05:54 INFO 切换点一致性（all）：观测 β -1.180（0.393）  模型 β -0.423（0.212）
21:05:55 INFO 切换点一致性（novel）：观测 β -0.367（0.505）  模型 β -0.183（0.279）
21:06:07 INFO 测试期 MAE 0.0444  WAPE 0.227  CRPS 0.0260  PICP90 原始 0.817 / ACI 0.901；输出 D:\EV充电因果预测sci论文\05_实验结果\runs\eid_init-0.05_s0
== eid_init-0.05_s0  完成，用时 19.4 分钟
== eid_init-0.3_s0  开始 21:06:08
21:06:11 INFO 运行 eid_init-0.3_s0，设备 cuda，torch 2.11.0+cu128
21:06:12 INFO 数据：T=4344 N=275 训练/验证/测试起点 3001/409/841；{'train': ('2022-09-01', '2023-01-05'), 'val': ('2023-01-06', '2023-01-23'), 'test': ('2023-01-24', '2023-02-28')}
21:06:12 INFO 模型参数 199,326；锚定方式 free；锚定来源 fivemin_main
21:06:43 INFO 第   1 轮  训练 0.02302  验证 pinball 0.01701  分时小区平均 β -0.311  27.4s
21:07:10 INFO 第   2 轮  训练 0.01836  验证 pinball 0.01614  分时小区平均 β -0.306  26.8s
21:07:36 INFO 第   3 轮  训练 0.01705  验证 pinball 0.01526  分时小区平均 β -0.299  26.8s
21:08:03 INFO 第   4 轮  训练 0.01582  验证 pinball 0.01434  分时小区平均 β -0.291  27.0s
21:08:30 INFO 第   5 轮  训练 0.01496  验证 pinball 0.01455  分时小区平均 β -0.284  26.9s
21:08:57 INFO 第   6 轮  训练 0.01434  验证 pinball 0.01384  分时小区平均 β -0.277  26.9s
21:09:24 INFO 第   7 轮  训练 0.01406  验证 pinball 0.01383  分时小区平均 β -0.273  26.8s
21:09:51 INFO 第   8 轮  训练 0.01382  验证 pinball 0.01348  分时小区平均 β -0.269  27.0s
21:10:18 INFO 第   9 轮  训练 0.01355  验证 pinball 0.01489  分时小区平均 β -0.265  26.8s
21:10:45 INFO 第  10 轮  训练 0.01341  验证 pinball 0.01368  分时小区平均 β -0.262  27.0s
21:11:12 INFO 第  11 轮  训练 0.01328  验证 pinball 0.01320  分时小区平均 β -0.259  26.9s
21:11:38 INFO 第  12 轮  训练 0.01306  验证 pinball 0.01299  分时小区平均 β -0.256  26.8s
21:12:05 INFO 第  13 轮  训练 0.01296  验证 pinball 0.01325  分时小区平均 β -0.253  26.9s
21:12:32 INFO 第  14 轮  训练 0.01287  验证 pinball 0.01324  分时小区平均 β -0.250  26.8s
21:12:59 INFO 第  15 轮  训练 0.01275  验证 pinball 0.01303  分时小区平均 β -0.247  27.1s
21:13:26 INFO 第  16 轮  训练 0.01259  验证 pinball 0.01293  分时小区平均 β -0.244  27.0s
21:13:53 INFO 第  17 轮  训练 0.01254  验证 pinball 0.01305  分时小区平均 β -0.241  26.8s
21:14:20 INFO 第  18 轮  训练 0.01238  验证 pinball 0.01310  分时小区平均 β -0.238  26.8s
21:14:46 INFO 第  19 轮  训练 0.01230  验证 pinball 0.01304  分时小区平均 β -0.235  26.8s
21:15:13 INFO 第  20 轮  训练 0.01223  验证 pinball 0.01298  分时小区平均 β -0.233  27.0s
21:15:41 INFO 第  21 轮  训练 0.01220  验证 pinball 0.01308  分时小区平均 β -0.230  27.0s
21:16:08 INFO 第  22 轮  训练 0.01208  验证 pinball 0.01308  分时小区平均 β -0.228  27.2s
21:16:35 INFO 第  23 轮  训练 0.01202  验证 pinball 0.01291  分时小区平均 β -0.225  27.1s
21:17:02 INFO 第  24 轮  训练 0.01203  验证 pinball 0.01301  分时小区平均 β -0.223  26.9s
21:17:28 INFO 第  25 轮  训练 0.01189  验证 pinball 0.01340  分时小区平均 β -0.221  26.8s
21:17:55 INFO 第  26 轮  训练 0.01186  验证 pinball 0.01309  分时小区平均 β -0.219  26.8s
21:18:22 INFO 第  27 轮  训练 0.01184  验证 pinball 0.01301  分时小区平均 β -0.217  26.8s
21:18:49 INFO 第  28 轮  训练 0.01177  验证 pinball 0.01275  分时小区平均 β -0.215  27.0s
21:19:16 INFO 第  29 轮  训练 0.01169  验证 pinball 0.01301  分时小区平均 β -0.213  26.9s
21:19:43 INFO 第  30 轮  训练 0.01166  验证 pinball 0.01333  分时小区平均 β -0.211  27.0s
21:20:10 INFO 第  31 轮  训练 0.01161  验证 pinball 0.01347  分时小区平均 β -0.209  26.9s
21:20:37 INFO 第  32 轮  训练 0.01162  验证 pinball 0.01331  分时小区平均 β -0.207  27.0s
21:21:04 INFO 第  33 轮  训练 0.01155  验证 pinball 0.01333  分时小区平均 β -0.205  26.9s
21:21:31 INFO 第  34 轮  训练 0.01145  验证 pinball 0.01322  分时小区平均 β -0.203  26.8s
21:21:58 INFO 第  35 轮  训练 0.01143  验证 pinball 0.01383  分时小区平均 β -0.200  27.0s
21:22:25 INFO 第  36 轮  训练 0.01138  验证 pinball 0.01311  分时小区平均 β -0.198  26.9s
21:22:52 INFO 第  37 轮  训练 0.01140  验证 pinball 0.01349  分时小区平均 β -0.196  27.1s
21:23:19 INFO 第  38 轮  训练 0.01127  验证 pinball 0.01360  分时小区平均 β -0.194  26.9s
21:23:45 INFO 第  39 轮  训练 0.01121  验证 pinball 0.01338  分时小区平均 β -0.192  27.0s
21:24:13 INFO 第  40 轮  训练 0.01123  验证 pinball 0.01339  分时小区平均 β -0.190  27.0s
21:24:39 INFO 第  41 轮  训练 0.01127  验证 pinball 0.01405  分时小区平均 β -0.189  26.8s
21:25:06 INFO 第  42 轮  训练 0.01114  验证 pinball 0.01349  分时小区平均 β -0.187  27.0s
21:25:33 INFO 第  43 轮  训练 0.01110  验证 pinball 0.01332  分时小区平均 β -0.185  26.7s
21:25:33 INFO 验证损失 15 轮未改善，提前停止
21:25:38 INFO 切换点一致性（all）：观测 β -1.180（0.393）  模型 β -0.568（0.222）
21:25:38 INFO 切换点一致性（novel）：观测 β -0.367（0.505）  模型 β -0.272（0.264）
21:25:56 INFO 测试期 MAE 0.0442  WAPE 0.226  CRPS 0.0259  PICP90 原始 0.818 / ACI 0.902；输出 D:\EV充电因果预测sci论文\05_实验结果\runs\eid_init-0.3_s0
== eid_init-0.3_s0  完成，用时 19.8 分钟
== eid_init-1.0_s0  开始 21:25:57
21:26:00 INFO 运行 eid_init-1.0_s0，设备 cuda，torch 2.11.0+cu128
21:26:01 INFO 数据：T=4344 N=275 训练/验证/测试起点 3001/409/841；{'train': ('2022-09-01', '2023-01-05'), 'val': ('2023-01-06', '2023-01-23'), 'test': ('2023-01-24', '2023-02-28')}
21:26:01 INFO 模型参数 199,326；锚定方式 free；锚定来源 fivemin_main
21:26:32 INFO 第   1 轮  训练 0.02301  验证 pinball 0.01704  分时小区平均 β -0.990  27.5s
21:26:59 INFO 第   2 轮  训练 0.01838  验证 pinball 0.01609  分时小区平均 β -0.942  26.9s
21:27:26 INFO 第   3 轮  训练 0.01709  验证 pinball 0.01526  分时小区平均 β -0.897  26.8s
21:27:53 INFO 第   4 轮  训练 0.01588  验证 pinball 0.01437  分时小区平均 β -0.854  27.0s
21:28:20 INFO 第   5 轮  训练 0.01500  验证 pinball 0.01456  分时小区平均 β -0.814  26.9s
21:28:47 INFO 第   6 轮  训练 0.01438  验证 pinball 0.01416  分时小区平均 β -0.777  26.8s
21:29:13 INFO 第   7 轮  训练 0.01407  验证 pinball 0.01388  分时小区平均 β -0.746  26.9s
21:29:40 INFO 第   8 轮  训练 0.01386  验证 pinball 0.01378  分时小区平均 β -0.717  26.9s
21:30:07 INFO 第   9 轮  训练 0.01356  验证 pinball 0.01476  分时小区平均 β -0.690  26.8s
21:30:34 INFO 第  10 轮  训练 0.01341  验证 pinball 0.01368  分时小区平均 β -0.665  27.1s
21:31:01 INFO 第  11 轮  训练 0.01328  验证 pinball 0.01325  分时小区平均 β -0.642  26.9s
21:31:28 INFO 第  12 轮  训练 0.01308  验证 pinball 0.01305  分时小区平均 β -0.619  27.0s
21:31:55 INFO 第  13 轮  训练 0.01298  验证 pinball 0.01328  分时小区平均 β -0.598  26.9s
21:32:22 INFO 第  14 轮  训练 0.01289  验证 pinball 0.01327  分时小区平均 β -0.579  26.8s
21:32:49 INFO 第  15 轮  训练 0.01275  验证 pinball 0.01315  分时小区平均 β -0.560  27.0s
21:33:16 INFO 第  16 轮  训练 0.01260  验证 pinball 0.01301  分时小区平均 β -0.543  26.8s
21:33:42 INFO 第  17 轮  训练 0.01255  验证 pinball 0.01306  分时小区平均 β -0.527  26.8s
21:34:09 INFO 第  18 轮  训练 0.01239  验证 pinball 0.01319  分时小区平均 β -0.511  27.1s
21:34:36 INFO 第  19 轮  训练 0.01233  验证 pinball 0.01309  分时小区平均 β -0.497  26.9s
21:35:03 INFO 第  20 轮  训练 0.01226  验证 pinball 0.01295  分时小区平均 β -0.483  27.0s
21:35:30 INFO 第  21 轮  训练 0.01221  验证 pinball 0.01312  分时小区平均 β -0.470  26.9s
21:35:57 INFO 第  22 轮  训练 0.01210  验证 pinball 0.01312  分时小区平均 β -0.458  27.0s
21:36:24 INFO 第  23 轮  训练 0.01203  验证 pinball 0.01297  分时小区平均 β -0.446  26.9s
21:36:51 INFO 第  24 轮  训练 0.01205  验证 pinball 0.01306  分时小区平均 β -0.435  26.7s
21:37:18 INFO 第  25 轮  训练 0.01191  验证 pinball 0.01326  分时小区平均 β -0.425  26.9s
21:37:45 INFO 第  26 轮  训练 0.01187  验证 pinball 0.01320  分时小区平均 β -0.414  26.9s
21:38:12 INFO 第  27 轮  训练 0.01185  验证 pinball 0.01306  分时小区平均 β -0.405  26.9s
21:38:38 INFO 第  28 轮  训练 0.01179  验证 pinball 0.01282  分时小区平均 β -0.395  26.9s
21:39:05 INFO 第  29 轮  训练 0.01170  验证 pinball 0.01313  分时小区平均 β -0.386  27.0s
21:39:32 INFO 第  30 轮  训练 0.01166  验证 pinball 0.01339  分时小区平均 β -0.378  27.1s
21:39:59 INFO 第  31 轮  训练 0.01162  验证 pinball 0.01348  分时小区平均 β -0.370  26.9s
21:40:26 INFO 第  32 轮  训练 0.01160  验证 pinball 0.01332  分时小区平均 β -0.362  26.9s
21:40:53 INFO 第  33 轮  训练 0.01154  验证 pinball 0.01339  分时小区平均 β -0.355  26.9s
21:41:20 INFO 第  34 轮  训练 0.01147  验证 pinball 0.01326  分时小区平均 β -0.348  26.8s
21:41:47 INFO 第  35 轮  训练 0.01145  验证 pinball 0.01363  分时小区平均 β -0.341  27.0s
21:42:14 INFO 第  36 轮  训练 0.01138  验证 pinball 0.01309  分时小区平均 β -0.335  26.8s
21:42:41 INFO 第  37 轮  训练 0.01139  验证 pinball 0.01336  分时小区平均 β -0.329  26.9s
21:43:08 INFO 第  38 轮  训练 0.01124  验证 pinball 0.01350  分时小区平均 β -0.323  26.9s
21:43:34 INFO 第  39 轮  训练 0.01121  验证 pinball 0.01328  分时小区平均 β -0.317  26.8s
21:44:01 INFO 第  40 轮  训练 0.01120  验证 pinball 0.01334  分时小区平均 β -0.312  26.8s
21:44:28 INFO 第  41 轮  训练 0.01124  验证 pinball 0.01406  分时小区平均 β -0.306  26.8s
21:44:55 INFO 第  42 轮  训练 0.01112  验证 pinball 0.01358  分时小区平均 β -0.302  27.0s
21:45:22 INFO 第  43 轮  训练 0.01107  验证 pinball 0.01339  分时小区平均 β -0.297  26.9s
21:45:22 INFO 验证损失 15 轮未改善，提前停止
21:45:27 INFO 切换点一致性（all）：观测 β -1.180（0.393）  模型 β -0.662（0.217）
21:45:27 INFO 切换点一致性（novel）：观测 β -0.367（0.505）  模型 β -0.406（0.257）
21:45:42 INFO 测试期 MAE 0.0443  WAPE 0.227  CRPS 0.0260  PICP90 原始 0.816 / ACI 0.902；输出 D:\EV充电因果预测sci论文\05_实验结果\runs\eid_init-1.0_s0
== eid_init-1.0_s0  完成，用时 19.8 分钟
== eid_init-2.0_s0  开始 21:45:43
21:45:46 INFO 运行 eid_init-2.0_s0，设备 cuda，torch 2.11.0+cu128
21:45:47 INFO 数据：T=4344 N=275 训练/验证/测试起点 3001/409/841；{'train': ('2022-09-01', '2023-01-05'), 'val': ('2023-01-06', '2023-01-23'), 'test': ('2023-01-24', '2023-02-28')}
21:45:47 INFO 模型参数 199,326；锚定方式 free；锚定来源 fivemin_main
21:46:18 INFO 第   1 轮  训练 0.02315  验证 pinball 0.01726  分时小区平均 β -1.937  27.9s
21:46:45 INFO 第   2 轮  训练 0.01859  验证 pinball 0.01674  分时小区平均 β -1.844  26.8s
21:47:12 INFO 第   3 轮  训练 0.01737  验证 pinball 0.01544  分时小区平均 β -1.765  27.0s
21:47:39 INFO 第   4 轮  训练 0.01616  验证 pinball 0.01463  分时小区平均 β -1.692  26.8s
21:48:06 INFO 第   5 轮  训练 0.01519  验证 pinball 0.01442  分时小区平均 β -1.625  26.9s
21:48:33 INFO 第   6 轮  训练 0.01454  验证 pinball 0.01415  分时小区平均 β -1.562  26.9s
21:49:00 INFO 第   7 轮  训练 0.01420  验证 pinball 0.01418  分时小区平均 β -1.503  26.9s
21:49:27 INFO 第   8 轮  训练 0.01402  验证 pinball 0.01392  分时小区平均 β -1.447  27.0s
21:49:54 INFO 第   9 轮  训练 0.01370  验证 pinball 0.01479  分时小区平均 β -1.394  27.0s
21:50:21 INFO 第  10 轮  训练 0.01352  验证 pinball 0.01380  分时小区平均 β -1.343  27.0s
21:50:48 INFO 第  11 轮  训练 0.01339  验证 pinball 0.01341  分时小区平均 β -1.295  27.0s
21:51:15 INFO 第  12 轮  训练 0.01315  验证 pinball 0.01333  分时小区平均 β -1.249  26.7s
21:51:41 INFO 第  13 轮  训练 0.01302  验证 pinball 0.01337  分时小区平均 β -1.204  26.8s
21:52:08 INFO 第  14 轮  训练 0.01292  验证 pinball 0.01329  分时小区平均 β -1.162  26.8s
21:52:35 INFO 第  15 轮  训练 0.01278  验证 pinball 0.01321  分时小区平均 β -1.122  26.9s
21:53:02 INFO 第  16 轮  训练 0.01264  验证 pinball 0.01316  分时小区平均 β -1.083  27.0s
21:53:29 INFO 第  17 轮  训练 0.01257  验证 pinball 0.01316  分时小区平均 β -1.047  27.1s
21:53:56 INFO 第  18 轮  训练 0.01242  验证 pinball 0.01325  分时小区平均 β -1.011  27.0s
21:54:23 INFO 第  19 轮  训练 0.01234  验证 pinball 0.01314  分时小区平均 β -0.977  26.8s
21:54:50 INFO 第  20 轮  训练 0.01226  验证 pinball 0.01319  分时小区平均 β -0.945  27.1s
21:55:17 INFO 第  21 轮  训练 0.01221  验证 pinball 0.01337  分时小区平均 β -0.915  26.9s
21:55:44 INFO 第  22 轮  训练 0.01211  验证 pinball 0.01328  分时小区平均 β -0.886  26.7s
21:56:11 INFO 第  23 轮  训练 0.01203  验证 pinball 0.01310  分时小区平均 β -0.858  26.9s
21:56:38 INFO 第  24 轮  训练 0.01207  验证 pinball 0.01329  分时小区平均 β -0.832  27.0s
21:57:05 INFO 第  25 轮  训练 0.01191  验证 pinball 0.01329  分时小区平均 β -0.807  26.9s
21:57:32 INFO 第  26 轮  训练 0.01186  验证 pinball 0.01328  分时小区平均 β -0.783  27.0s
21:57:59 INFO 第  27 轮  训练 0.01184  验证 pinball 0.01314  分时小区平均 β -0.760  26.9s
21:58:25 INFO 第  28 轮  训练 0.01177  验证 pinball 0.01300  分时小区平均 β -0.738  26.9s
21:58:52 INFO 第  29 轮  训练 0.01169  验证 pinball 0.01334  分时小区平均 β -0.717  26.8s
21:59:19 INFO 第  30 轮  训练 0.01164  验证 pinball 0.01341  分时小区平均 β -0.697  27.0s
21:59:46 INFO 第  31 轮  训练 0.01160  验证 pinball 0.01334  分时小区平均 β -0.678  26.9s
22:00:13 INFO 第  32 轮  训练 0.01157  验证 pinball 0.01355  分时小区平均 β -0.660  26.9s
22:00:40 INFO 第  33 轮  训练 0.01151  验证 pinball 0.01346  分时小区平均 β -0.642  27.1s
22:01:07 INFO 第  34 轮  训练 0.01145  验证 pinball 0.01351  分时小区平均 β -0.625  27.0s
22:01:34 INFO 第  35 轮  训练 0.01148  验证 pinball 0.01352  分时小区平均 β -0.609  26.9s
22:02:01 INFO 第  36 轮  训练 0.01141  验证 pinball 0.01337  分时小区平均 β -0.594  27.0s
22:02:28 INFO 第  37 轮  训练 0.01139  验证 pinball 0.01347  分时小区平均 β -0.580  26.9s
22:02:55 INFO 第  38 轮  训练 0.01125  验证 pinball 0.01380  分时小区平均 β -0.565  27.0s
22:03:22 INFO 第  39 轮  训练 0.01122  验证 pinball 0.01350  分时小区平均 β -0.551  26.8s
22:03:49 INFO 第  40 轮  训练 0.01121  验证 pinball 0.01340  分时小区平均 β -0.538  27.0s
22:04:15 INFO 第  41 轮  训练 0.01127  验证 pinball 0.01390  分时小区平均 β -0.526  26.8s
22:04:42 INFO 第  42 轮  训练 0.01112  验证 pinball 0.01374  分时小区平均 β -0.514  26.9s
22:05:09 INFO 第  43 轮  训练 0.01109  验证 pinball 0.01354  分时小区平均 β -0.502  27.0s
22:05:09 INFO 验证损失 15 轮未改善，提前停止
22:05:14 INFO 切换点一致性（all）：观测 β -1.180（0.393）  模型 β -0.759（0.216）
22:05:14 INFO 切换点一致性（novel）：观测 β -0.367（0.505）  模型 β -0.408（0.290）
22:05:31 INFO 测试期 MAE 0.0445  WAPE 0.228  CRPS 0.0261  PICP90 原始 0.815 / ACI 0.902；输出 D:\EV充电因果预测sci论文\05_实验结果\runs\eid_init-2.0_s0
== eid_init-2.0_s0  完成，用时 19.8 分钟
== eid_init-0.05_s1  开始 22:05:32
22:05:34 INFO 运行 eid_init-0.05_s1，设备 cuda，torch 2.11.0+cu128
22:05:36 INFO 数据：T=4344 N=275 训练/验证/测试起点 3001/409/841；{'train': ('2022-09-01', '2023-01-05'), 'val': ('2023-01-06', '2023-01-23'), 'test': ('2023-01-24', '2023-02-28')}
22:05:36 INFO 模型参数 199,326；锚定方式 free；锚定来源 fivemin_main
22:06:07 INFO 第   1 轮  训练 0.02280  验证 pinball 0.01807  分时小区平均 β -0.053  27.5s
22:06:34 INFO 第   2 轮  训练 0.01841  验证 pinball 0.01603  分时小区平均 β -0.054  26.8s
22:07:01 INFO 第   3 轮  训练 0.01698  验证 pinball 0.01491  分时小区平均 β -0.054  26.9s
22:07:27 INFO 第   4 轮  训练 0.01567  验证 pinball 0.01484  分时小区平均 β -0.054  26.9s
22:07:54 INFO 第   5 轮  训练 0.01484  验证 pinball 0.01438  分时小区平均 β -0.054  26.9s
22:08:21 INFO 第   6 轮  训练 0.01424  验证 pinball 0.01383  分时小区平均 β -0.055  26.8s
22:08:48 INFO 第   7 轮  训练 0.01403  验证 pinball 0.01403  分时小区平均 β -0.055  26.9s
22:09:15 INFO 第   8 轮  训练 0.01370  验证 pinball 0.01337  分时小区平均 β -0.056  27.0s
22:09:42 INFO 第   9 轮  训练 0.01341  验证 pinball 0.01326  分时小区平均 β -0.057  26.8s
22:10:09 INFO 第  10 轮  训练 0.01333  验证 pinball 0.01322  分时小区平均 β -0.058  27.0s
22:10:36 INFO 第  11 轮  训练 0.01316  验证 pinball 0.01315  分时小区平均 β -0.059  26.9s
22:11:03 INFO 第  12 轮  训练 0.01304  验证 pinball 0.01368  分时小区平均 β -0.060  27.1s
22:11:30 INFO 第  13 轮  训练 0.01287  验证 pinball 0.01332  分时小区平均 β -0.061  27.0s
22:11:57 INFO 第  14 轮  训练 0.01271  验证 pinball 0.01339  分时小区平均 β -0.062  27.1s
22:12:24 INFO 第  15 轮  训练 0.01262  验证 pinball 0.01290  分时小区平均 β -0.064  27.0s
22:12:51 INFO 第  16 轮  训练 0.01263  验证 pinball 0.01338  分时小区平均 β -0.065  26.9s
22:13:18 INFO 第  17 轮  训练 0.01242  验证 pinball 0.01298  分时小区平均 β -0.066  26.8s
22:13:45 INFO 第  18 轮  训练 0.01232  验证 pinball 0.01294  分时小区平均 β -0.068  26.9s
22:14:12 INFO 第  19 轮  训练 0.01224  验证 pinball 0.01311  分时小区平均 β -0.069  26.8s
22:14:38 INFO 第  20 轮  训练 0.01226  验证 pinball 0.01288  分时小区平均 β -0.071  26.9s
22:15:05 INFO 第  21 轮  训练 0.01208  验证 pinball 0.01317  分时小区平均 β -0.072  26.9s
22:15:32 INFO 第  22 轮  训练 0.01203  验证 pinball 0.01415  分时小区平均 β -0.074  26.9s
22:15:59 INFO 第  23 轮  训练 0.01199  验证 pinball 0.01303  分时小区平均 β -0.076  26.7s
22:16:26 INFO 第  24 轮  训练 0.01190  验证 pinball 0.01323  分时小区平均 β -0.077  27.0s
22:16:53 INFO 第  25 轮  训练 0.01186  验证 pinball 0.01299  分时小区平均 β -0.079  26.7s
22:17:20 INFO 第  26 轮  训练 0.01177  验证 pinball 0.01307  分时小区平均 β -0.081  26.9s
22:17:46 INFO 第  27 轮  训练 0.01168  验证 pinball 0.01302  分时小区平均 β -0.082  26.9s
22:18:13 INFO 第  28 轮  训练 0.01170  验证 pinball 0.01360  分时小区平均 β -0.084  26.9s
22:18:40 INFO 第  29 轮  训练 0.01174  验证 pinball 0.01303  分时小区平均 β -0.085  26.9s
22:19:07 INFO 第  30 轮  训练 0.01153  验证 pinball 0.01317  分时小区平均 β -0.087  26.9s
22:19:34 INFO 第  31 轮  训练 0.01155  验证 pinball 0.01313  分时小区平均 β -0.088  26.8s
22:20:01 INFO 第  32 轮  训练 0.01138  验证 pinball 0.01351  分时小区平均 β -0.089  27.0s
22:20:28 INFO 第  33 轮  训练 0.01135  验证 pinball 0.01341  分时小区平均 β -0.090  26.8s
22:20:55 INFO 第  34 轮  训练 0.01134  验证 pinball 0.01317  分时小区平均 β -0.091  26.9s
22:21:22 INFO 第  35 轮  训练 0.01133  验证 pinball 0.01321  分时小区平均 β -0.092  27.0s
22:21:22 INFO 验证损失 15 轮未改善，提前停止
22:21:27 INFO 切换点一致性（all）：观测 β -1.180（0.393）  模型 β -0.427（0.212）
22:21:27 INFO 切换点一致性（novel）：观测 β -0.367（0.505）  模型 β -0.160（0.269）
22:21:44 INFO 测试期 MAE 0.0451  WAPE 0.231  CRPS 0.0262  PICP90 原始 0.830 / ACI 0.900；输出 D:\EV充电因果预测sci论文\05_实验结果\runs\eid_init-0.05_s1
== eid_init-0.05_s1  完成，用时 16.2 分钟
== eid_init-0.3_s1  开始 22:21:45
22:21:48 INFO 运行 eid_init-0.3_s1，设备 cuda，torch 2.11.0+cu128
22:21:49 INFO 数据：T=4344 N=275 训练/验证/测试起点 3001/409/841；{'train': ('2022-09-01', '2023-01-05'), 'val': ('2023-01-06', '2023-01-23'), 'test': ('2023-01-24', '2023-02-28')}
22:21:49 INFO 模型参数 199,326；锚定方式 free；锚定来源 fivemin_main
22:22:18 INFO 第   1 轮  训练 0.02276  验证 pinball 0.01805  分时小区平均 β -0.311  27.1s
22:22:45 INFO 第   2 轮  训练 0.01838  验证 pinball 0.01606  分时小区平均 β -0.307  26.5s
22:23:12 INFO 第   3 轮  训练 0.01699  验证 pinball 0.01495  分时小区平均 β -0.301  26.6s
22:23:38 INFO 第   4 轮  训练 0.01571  验证 pinball 0.01485  分时小区平均 β -0.294  26.6s
22:24:05 INFO 第   5 轮  训练 0.01486  验证 pinball 0.01441  分时小区平均 β -0.287  26.4s
22:24:31 INFO 第   6 轮  训练 0.01425  验证 pinball 0.01381  分时小区平均 β -0.281  26.4s
22:24:58 INFO 第   7 轮  训练 0.01405  验证 pinball 0.01398  分时小区平均 β -0.276  26.5s
22:25:24 INFO 第   8 轮  训练 0.01371  验证 pinball 0.01339  分时小区平均 β -0.272  26.5s
22:25:51 INFO 第   9 轮  训练 0.01344  验证 pinball 0.01326  分时小区平均 β -0.269  26.5s
22:26:17 INFO 第  10 轮  训练 0.01335  验证 pinball 0.01324  分时小区平均 β -0.265  26.5s
22:26:44 INFO 第  11 轮  训练 0.01319  验证 pinball 0.01319  分时小区平均 β -0.262  26.4s
22:27:10 INFO 第  12 轮  训练 0.01307  验证 pinball 0.01372  分时小区平均 β -0.259  26.4s
22:27:36 INFO 第  13 轮  训练 0.01290  验证 pinball 0.01329  分时小区平均 β -0.255  26.4s
22:28:03 INFO 第  14 轮  训练 0.01274  验证 pinball 0.01340  分时小区平均 β -0.251  26.4s
22:28:29 INFO 第  15 轮  训练 0.01265  验证 pinball 0.01290  分时小区平均 β -0.247  26.5s
22:28:56 INFO 第  16 轮  训练 0.01267  验证 pinball 0.01330  分时小区平均 β -0.243  26.6s
22:29:22 INFO 第  17 轮  训练 0.01244  验证 pinball 0.01298  分时小区平均 β -0.240  26.4s
22:29:49 INFO 第  18 轮  训练 0.01235  验证 pinball 0.01296  分时小区平均 β -0.236  26.4s
22:30:15 INFO 第  19 轮  训练 0.01227  验证 pinball 0.01311  分时小区平均 β -0.233  26.5s
22:30:42 INFO 第  20 轮  训练 0.01227  验证 pinball 0.01287  分时小区平均 β -0.230  26.5s
22:31:08 INFO 第  21 轮  训练 0.01210  验证 pinball 0.01327  分时小区平均 β -0.227  26.5s
22:31:35 INFO 第  22 轮  训练 0.01205  验证 pinball 0.01407  分时小区平均 β -0.224  26.4s
22:32:01 INFO 第  23 轮  训练 0.01200  验证 pinball 0.01310  分时小区平均 β -0.222  26.4s
22:32:27 INFO 第  24 轮  训练 0.01191  验证 pinball 0.01316  分时小区平均 β -0.219  26.4s
22:32:54 INFO 第  25 轮  训练 0.01190  验证 pinball 0.01301  分时小区平均 β -0.217  26.5s
22:33:20 INFO 第  26 轮  训练 0.01182  验证 pinball 0.01356  分时小区平均 β -0.215  26.4s
22:33:47 INFO 第  27 轮  训练 0.01171  验证 pinball 0.01316  分时小区平均 β -0.213  26.4s
22:34:13 INFO 第  28 轮  训练 0.01171  验证 pinball 0.01397  分时小区平均 β -0.210  26.7s
22:34:40 INFO 第  29 轮  训练 0.01169  验证 pinball 0.01308  分时小区平均 β -0.208  26.5s
22:35:06 INFO 第  30 轮  训练 0.01152  验证 pinball 0.01330  分时小区平均 β -0.206  26.6s
22:35:33 INFO 第  31 轮  训练 0.01153  验证 pinball 0.01326  分时小区平均 β -0.204  26.5s
22:35:59 INFO 第  32 轮  训练 0.01137  验证 pinball 0.01363  分时小区平均 β -0.201  26.5s
22:36:26 INFO 第  33 轮  训练 0.01134  验证 pinball 0.01339  分时小区平均 β -0.199  26.5s
22:36:52 INFO 第  34 轮  训练 0.01132  验证 pinball 0.01326  分时小区平均 β -0.197  26.4s
22:37:19 INFO 第  35 轮  训练 0.01129  验证 pinball 0.01347  分时小区平均 β -0.194  26.4s
22:37:19 INFO 验证损失 15 轮未改善，提前停止
22:37:23 INFO 切换点一致性（all）：观测 β -1.180（0.393）  模型 β -0.498（0.217）
22:37:24 INFO 切换点一致性（novel）：观测 β -0.367（0.505）  模型 β -0.202（0.263）
22:37:36 INFO 测试期 MAE 0.0451  WAPE 0.231  CRPS 0.0262  PICP90 原始 0.833 / ACI 0.901；输出 D:\EV充电因果预测sci论文\05_实验结果\runs\eid_init-0.3_s1
== eid_init-0.3_s1  完成，用时 15.9 分钟
== eid_init-1.0_s1  开始 22:37:37
22:37:39 INFO 运行 eid_init-1.0_s1，设备 cuda，torch 2.11.0+cu128
22:37:41 INFO 数据：T=4344 N=275 训练/验证/测试起点 3001/409/841；{'train': ('2022-09-01', '2023-01-05'), 'val': ('2023-01-06', '2023-01-23'), 'test': ('2023-01-24', '2023-02-28')}
22:37:41 INFO 模型参数 199,326；锚定方式 free；锚定来源 fivemin_main
22:38:12 INFO 第   1 轮  训练 0.02272  验证 pinball 0.01806  分时小区平均 β -0.988  27.7s
22:38:39 INFO 第   2 轮  训练 0.01840  验证 pinball 0.01600  分时小区平均 β -0.944  27.1s
22:39:06 INFO 第   3 轮  训练 0.01704  验证 pinball 0.01499  分时小区平均 β -0.902  26.8s
22:39:33 INFO 第   4 轮  训练 0.01575  验证 pinball 0.01478  分时小区平均 β -0.860  26.9s
22:40:00 INFO 第   5 轮  训练 0.01489  验证 pinball 0.01448  分时小区平均 β -0.821  26.9s
22:40:27 INFO 第   6 轮  训练 0.01428  验证 pinball 0.01374  分时小区平均 β -0.783  26.8s
22:40:54 INFO 第   7 轮  训练 0.01407  验证 pinball 0.01394  分时小区平均 β -0.751  27.0s
22:41:20 INFO 第   8 轮  训练 0.01371  验证 pinball 0.01336  分时小区平均 β -0.720  26.8s
22:41:47 INFO 第   9 轮  训练 0.01343  验证 pinball 0.01329  分时小区平均 β -0.692  27.0s
22:42:15 INFO 第  10 轮  训练 0.01334  验证 pinball 0.01322  分时小区平均 β -0.665  27.1s
22:42:41 INFO 第  11 轮  训练 0.01319  验证 pinball 0.01314  分时小区平均 β -0.640  26.9s
22:43:08 INFO 第  12 轮  训练 0.01307  验证 pinball 0.01368  分时小区平均 β -0.617  26.9s
22:43:35 INFO 第  13 轮  训练 0.01290  验证 pinball 0.01332  分时小区平均 β -0.595  26.9s
22:44:02 INFO 第  14 轮  训练 0.01274  验证 pinball 0.01339  分时小区平均 β -0.574  27.1s
22:44:29 INFO 第  15 轮  训练 0.01265  验证 pinball 0.01293  分时小区平均 β -0.554  26.9s
22:44:56 INFO 第  16 轮  训练 0.01267  验证 pinball 0.01333  分时小区平均 β -0.536  26.9s
22:45:23 INFO 第  17 轮  训练 0.01245  验证 pinball 0.01299  分时小区平均 β -0.519  26.9s
22:45:50 INFO 第  18 轮  训练 0.01235  验证 pinball 0.01296  分时小区平均 β -0.503  26.9s
22:46:17 INFO 第  19 轮  训练 0.01228  验证 pinball 0.01312  分时小区平均 β -0.488  27.1s
22:46:44 INFO 第  20 轮  训练 0.01228  验证 pinball 0.01288  分时小区平均 β -0.475  26.9s
22:47:11 INFO 第  21 轮  训练 0.01211  验证 pinball 0.01337  分时小区平均 β -0.462  27.0s
22:47:37 INFO 第  22 轮  训练 0.01206  验证 pinball 0.01426  分时小区平均 β -0.449  25.6s
22:48:01 INFO 第  23 轮  训练 0.01202  验证 pinball 0.01315  分时小区平均 β -0.438  24.6s
22:48:26 INFO 第  24 轮  训练 0.01194  验证 pinball 0.01339  分时小区平均 β -0.428  24.4s
22:48:50 INFO 第  25 轮  训练 0.01189  验证 pinball 0.01314  分时小区平均 β -0.418  24.5s
22:49:15 INFO 第  26 轮  训练 0.01179  验证 pinball 0.01330  分时小区平均 β -0.408  24.9s
22:49:40 INFO 第  27 轮  训练 0.01171  验证 pinball 0.01321  分时小区平均 β -0.399  24.5s
22:50:04 INFO 第  28 轮  训练 0.01174  验证 pinball 0.01442  分时小区平均 β -0.391  24.5s
22:50:29 INFO 第  29 轮  训练 0.01176  验证 pinball 0.01329  分时小区平均 β -0.383  24.5s
22:50:53 INFO 第  30 轮  训练 0.01155  验证 pinball 0.01346  分时小区平均 β -0.375  24.5s
22:51:18 INFO 第  31 轮  训练 0.01156  验证 pinball 0.01336  分时小区平均 β -0.367  24.4s
22:51:42 INFO 第  32 轮  训练 0.01141  验证 pinball 0.01389  分时小区平均 β -0.360  24.4s
22:52:06 INFO 第  33 轮  训练 0.01137  验证 pinball 0.01365  分时小区平均 β -0.353  24.5s
22:52:32 INFO 第  34 轮  训练 0.01137  验证 pinball 0.01337  分时小区平均 β -0.346  25.2s
22:52:59 INFO 第  35 轮  训练 0.01132  验证 pinball 0.01380  分时小区平均 β -0.340  27.2s
22:52:59 INFO 验证损失 15 轮未改善，提前停止
22:53:04 INFO 切换点一致性（all）：观测 β -1.180（0.393）  模型 β -0.649（0.223）
22:53:04 INFO 切换点一致性（novel）：观测 β -0.367（0.505）  模型 β -0.337（0.292）
22:53:23 INFO 测试期 MAE 0.0451  WAPE 0.231  CRPS 0.0262  PICP90 原始 0.832 / ACI 0.901；输出 D:\EV充电因果预测sci论文\05_实验结果\runs\eid_init-1.0_s1
== eid_init-1.0_s1  完成，用时 15.8 分钟
== eid_init-2.0_s1  开始 22:53:24
22:53:27 INFO 运行 eid_init-2.0_s1，设备 cuda，torch 2.11.0+cu128
22:53:28 INFO 数据：T=4344 N=275 训练/验证/测试起点 3001/409/841；{'train': ('2022-09-01', '2023-01-05'), 'val': ('2023-01-06', '2023-01-23'), 'test': ('2023-01-24', '2023-02-28')}
22:53:28 INFO 模型参数 199,326；锚定方式 free；锚定来源 fivemin_main
22:53:59 INFO 第   1 轮  训练 0.02283  验证 pinball 0.01815  分时小区平均 β -1.936  27.6s
22:54:26 INFO 第   2 轮  训练 0.01859  验证 pinball 0.01619  分时小区平均 β -1.848  26.9s
22:54:52 INFO 第   3 轮  训练 0.01723  验证 pinball 0.01516  分时小区平均 β -1.769  26.8s
22:55:19 INFO 第   4 轮  训练 0.01594  验证 pinball 0.01488  分时小区平均 β -1.698  27.0s
22:55:46 INFO 第   5 轮  训练 0.01503  验证 pinball 0.01459  分时小区平均 β -1.630  26.9s
22:56:13 INFO 第   6 轮  训练 0.01440  验证 pinball 0.01388  分时小区平均 β -1.565  26.9s
22:56:40 INFO 第   7 轮  训练 0.01418  验证 pinball 0.01398  分时小区平均 β -1.505  26.9s
22:57:07 INFO 第   8 轮  训练 0.01381  验证 pinball 0.01344  分时小区平均 β -1.448  27.0s
22:57:34 INFO 第   9 轮  训练 0.01351  验证 pinball 0.01345  分时小区平均 β -1.393  27.0s
22:58:01 INFO 第  10 轮  训练 0.01340  验证 pinball 0.01322  分时小区平均 β -1.341  26.9s
22:58:28 INFO 第  11 轮  训练 0.01325  验证 pinball 0.01322  分时小区平均 β -1.292  26.8s
22:58:55 INFO 第  12 轮  训练 0.01311  验证 pinball 0.01369  分时小区平均 β -1.245  27.0s
22:59:22 INFO 第  13 轮  训练 0.01292  验证 pinball 0.01344  分时小区平均 β -1.201  26.9s
22:59:49 INFO 第  14 轮  训练 0.01275  验证 pinball 0.01367  分时小区平均 β -1.157  26.8s
23:00:15 INFO 第  15 轮  训练 0.01269  验证 pinball 0.01307  分时小区平均 β -1.117  26.9s
23:00:42 INFO 第  16 轮  训练 0.01267  验证 pinball 0.01348  分时小区平均 β -1.079  26.8s
23:01:09 INFO 第  17 轮  训练 0.01247  验证 pinball 0.01312  分时小区平均 β -1.042  27.0s
23:01:36 INFO 第  18 轮  训练 0.01235  验证 pinball 0.01304  分时小区平均 β -1.007  27.0s
23:02:03 INFO 第  19 轮  训练 0.01229  验证 pinball 0.01323  分时小区平均 β -0.974  26.9s
23:02:30 INFO 第  20 轮  训练 0.01226  验证 pinball 0.01295  分时小区平均 β -0.943  26.8s
23:02:57 INFO 第  21 轮  训练 0.01210  验证 pinball 0.01355  分时小区平均 β -0.912  26.9s
23:03:24 INFO 第  22 轮  训练 0.01206  验证 pinball 0.01436  分时小区平均 β -0.883  26.8s
23:03:51 INFO 第  23 轮  训练 0.01203  验证 pinball 0.01317  分时小区平均 β -0.857  27.0s
23:04:18 INFO 第  24 轮  训练 0.01193  验证 pinball 0.01340  分时小区平均 β -0.831  27.1s
23:04:45 INFO 第  25 轮  训练 0.01191  验证 pinball 0.01315  分时小区平均 β -0.807  26.9s
23:05:11 INFO 第  26 轮  训练 0.01184  验证 pinball 0.01381  分时小区平均 β -0.784  26.5s
23:05:36 INFO 第  27 轮  训练 0.01174  验证 pinball 0.01320  分时小区平均 β -0.762  24.4s
23:06:00 INFO 第  28 轮  训练 0.01175  验证 pinball 0.01423  分时小区平均 β -0.741  24.5s
23:06:25 INFO 第  29 轮  训练 0.01174  验证 pinball 0.01331  分时小区平均 β -0.721  24.5s
23:06:49 INFO 第  30 轮  训练 0.01157  验证 pinball 0.01344  分时小区平均 β -0.701  24.4s
23:07:13 INFO 第  31 轮  训练 0.01153  验证 pinball 0.01364  分时小区平均 β -0.683  24.3s
23:07:38 INFO 第  32 轮  训练 0.01141  验证 pinball 0.01387  分时小区平均 β -0.665  24.5s
23:08:02 INFO 第  33 轮  训练 0.01137  验证 pinball 0.01368  分时小区平均 β -0.647  24.5s
23:08:27 INFO 第  34 轮  训练 0.01135  验证 pinball 0.01339  分时小区平均 β -0.631  24.5s
23:08:51 INFO 第  35 轮  训练 0.01136  验证 pinball 0.01347  分时小区平均 β -0.615  24.5s
23:08:51 INFO 验证损失 15 轮未改善，提前停止
23:08:55 INFO 切换点一致性（all）：观测 β -1.180（0.393）  模型 β -0.905（0.220）
23:08:56 INFO 切换点一致性（novel）：观测 β -0.367（0.505）  模型 β -0.512（0.253）
23:09:04 INFO 测试期 MAE 0.0447  WAPE 0.229  CRPS 0.0260  PICP90 原始 0.833 / ACI 0.901；输出 D:\EV充电因果预测sci论文\05_实验结果\runs\eid_init-2.0_s1
== eid_init-2.0_s1  完成，用时 15.7 分钟
== eid_init-0.05_s2  开始 23:09:05
23:09:08 INFO 运行 eid_init-0.05_s2，设备 cuda，torch 2.11.0+cu128
23:09:08 INFO 数据：T=4344 N=275 训练/验证/测试起点 3001/409/841；{'train': ('2022-09-01', '2023-01-05'), 'val': ('2023-01-06', '2023-01-23'), 'test': ('2023-01-24', '2023-02-28')}
23:09:09 INFO 模型参数 199,326；锚定方式 free；锚定来源 fivemin_main
23:09:35 INFO 第   1 轮  训练 0.02315  验证 pinball 0.01823  分时小区平均 β -0.053  24.8s
23:09:59 INFO 第   2 轮  训练 0.01844  验证 pinball 0.01582  分时小区平均 β -0.054  24.5s
23:10:24 INFO 第   3 轮  训练 0.01690  验证 pinball 0.01479  分时小区平均 β -0.054  24.4s
23:10:48 INFO 第   4 轮  训练 0.01554  验证 pinball 0.01444  分时小区平均 β -0.054  24.5s
23:11:13 INFO 第   5 轮  训练 0.01478  验证 pinball 0.01441  分时小区平均 β -0.053  24.4s
23:11:37 INFO 第   6 轮  训练 0.01441  验证 pinball 0.01394  分时小区平均 β -0.054  24.5s
23:12:02 INFO 第   7 轮  训练 0.01407  验证 pinball 0.01373  分时小区平均 β -0.054  24.6s
23:12:26 INFO 第   8 轮  训练 0.01378  验证 pinball 0.01371  分时小区平均 β -0.054  24.4s
23:12:50 INFO 第   9 轮  训练 0.01357  验证 pinball 0.01350  分时小区平均 β -0.055  24.4s
23:13:15 INFO 第  10 轮  训练 0.01343  验证 pinball 0.01363  分时小区平均 β -0.056  24.4s
23:13:39 INFO 第  11 轮  训练 0.01324  验证 pinball 0.01363  分时小区平均 β -0.057  24.3s
23:14:04 INFO 第  12 轮  训练 0.01303  验证 pinball 0.01319  分时小区平均 β -0.058  24.4s
23:14:28 INFO 第  13 轮  训练 0.01301  验证 pinball 0.01363  分时小区平均 β -0.059  24.5s
23:14:53 INFO 第  14 轮  训练 0.01286  验证 pinball 0.01392  分时小区平均 β -0.060  24.5s
23:15:17 INFO 第  15 轮  训练 0.01272  验证 pinball 0.01316  分时小区平均 β -0.062  24.4s
23:15:42 INFO 第  16 轮  训练 0.01262  验证 pinball 0.01408  分时小区平均 β -0.063  24.5s
23:16:06 INFO 第  17 轮  训练 0.01261  验证 pinball 0.01320  分时小区平均 β -0.064  24.4s
23:16:30 INFO 第  18 轮  训练 0.01244  验证 pinball 0.01319  分时小区平均 β -0.065  24.4s
23:16:55 INFO 第  19 轮  训练 0.01231  验证 pinball 0.01346  分时小区平均 β -0.067  24.5s
23:17:19 INFO 第  20 轮  训练 0.01225  验证 pinball 0.01382  分时小区平均 β -0.068  24.3s
23:17:44 INFO 第  21 轮  训练 0.01216  验证 pinball 0.01395  分时小区平均 β -0.069  24.4s
23:18:08 INFO 第  22 轮  训练 0.01212  验证 pinball 0.01330  分时小区平均 β -0.071  24.5s
23:18:33 INFO 第  23 轮  训练 0.01203  验证 pinball 0.01377  分时小区平均 β -0.072  24.4s
23:18:57 INFO 第  24 轮  训练 0.01191  验证 pinball 0.01331  分时小区平均 β -0.073  25.0s
23:19:24 INFO 第  25 轮  训练 0.01186  验证 pinball 0.01329  分时小区平均 β -0.075  26.6s
23:19:51 INFO 第  26 轮  训练 0.01187  验证 pinball 0.01370  分时小区平均 β -0.076  26.9s
23:20:18 INFO 第  27 轮  训练 0.01174  验证 pinball 0.01369  分时小区平均 β -0.077  26.9s
23:20:45 INFO 第  28 轮  训练 0.01170  验证 pinball 0.01358  分时小区平均 β -0.079  26.8s
23:21:12 INFO 第  29 轮  训练 0.01170  验证 pinball 0.01362  分时小区平均 β -0.080  26.9s
23:21:39 INFO 第  30 轮  训练 0.01155  验证 pinball 0.01464  分时小区平均 β -0.081  27.1s
23:21:39 INFO 验证损失 15 轮未改善，提前停止
23:21:44 INFO 切换点一致性（all）：观测 β -1.180（0.393）  模型 β -0.506（0.180）
23:21:44 INFO 切换点一致性（novel）：观测 β -0.367（0.505）  模型 β -0.250（0.189）
23:22:02 INFO 测试期 MAE 0.0444  WAPE 0.227  CRPS 0.0255  PICP90 原始 0.857 / ACI 0.902；输出 D:\EV充电因果预测sci论文\05_实验结果\runs\eid_init-0.05_s2
== eid_init-0.05_s2  完成，用时 13.0 分钟
== eid_init-0.3_s2  开始 23:22:04
23:22:06 INFO 运行 eid_init-0.3_s2，设备 cuda，torch 2.11.0+cu128
23:22:08 INFO 数据：T=4344 N=275 训练/验证/测试起点 3001/409/841；{'train': ('2022-09-01', '2023-01-05'), 'val': ('2023-01-06', '2023-01-23'), 'test': ('2023-01-24', '2023-02-28')}
23:22:08 INFO 模型参数 199,326；锚定方式 free；锚定来源 fivemin_main
23:22:39 INFO 第   1 轮  训练 0.02310  验证 pinball 0.01823  分时小区平均 β -0.312  27.8s
23:23:05 INFO 第   2 轮  训练 0.01842  验证 pinball 0.01580  分时小区平均 β -0.309  26.8s
23:23:32 INFO 第   3 轮  训练 0.01688  验证 pinball 0.01474  分时小区平均 β -0.301  27.0s
23:23:59 INFO 第   4 轮  训练 0.01554  验证 pinball 0.01445  分时小区平均 β -0.292  27.0s
23:24:26 INFO 第   5 轮  训练 0.01477  验证 pinball 0.01435  分时小区平均 β -0.284  26.9s
23:24:53 INFO 第   6 轮  训练 0.01438  验证 pinball 0.01391  分时小区平均 β -0.277  27.0s
23:25:20 INFO 第   7 轮  训练 0.01404  验证 pinball 0.01374  分时小区平均 β -0.272  27.0s
23:25:47 INFO 第   8 轮  训练 0.01374  验证 pinball 0.01368  分时小区平均 β -0.267  26.9s
23:26:14 INFO 第   9 轮  训练 0.01354  验证 pinball 0.01347  分时小区平均 β -0.262  26.9s
23:26:41 INFO 第  10 轮  训练 0.01340  验证 pinball 0.01355  分时小区平均 β -0.258  27.0s
23:27:08 INFO 第  11 轮  训练 0.01321  验证 pinball 0.01362  分时小区平均 β -0.254  26.7s
23:27:35 INFO 第  12 轮  训练 0.01300  验证 pinball 0.01315  分时小区平均 β -0.251  26.8s
23:28:02 INFO 第  13 轮  训练 0.01297  验证 pinball 0.01361  分时小区平均 β -0.247  26.9s
23:28:29 INFO 第  14 轮  训练 0.01283  验证 pinball 0.01375  分时小区平均 β -0.244  26.8s
23:28:56 INFO 第  15 轮  训练 0.01269  验证 pinball 0.01314  分时小区平均 β -0.240  27.0s
23:29:23 INFO 第  16 轮  训练 0.01259  验证 pinball 0.01410  分时小区平均 β -0.236  26.9s
23:29:49 INFO 第  17 轮  训练 0.01258  验证 pinball 0.01315  分时小区平均 β -0.232  26.8s
23:30:16 INFO 第  18 轮  训练 0.01242  验证 pinball 0.01312  分时小区平均 β -0.229  27.0s
23:30:43 INFO 第  19 轮  训练 0.01229  验证 pinball 0.01355  分时小区平均 β -0.225  26.9s
23:31:10 INFO 第  20 轮  训练 0.01223  验证 pinball 0.01379  分时小区平均 β -0.222  26.8s
23:31:37 INFO 第  21 轮  训练 0.01215  验证 pinball 0.01394  分时小区平均 β -0.219  27.0s
23:32:04 INFO 第  22 轮  训练 0.01212  验证 pinball 0.01345  分时小区平均 β -0.217  26.9s
23:32:31 INFO 第  23 轮  训练 0.01201  验证 pinball 0.01371  分时小区平均 β -0.214  27.1s
23:32:58 INFO 第  24 轮  训练 0.01190  验证 pinball 0.01331  分时小区平均 β -0.211  26.9s
23:33:25 INFO 第  25 轮  训练 0.01185  验证 pinball 0.01327  分时小区平均 β -0.209  26.8s
23:33:52 INFO 第  26 轮  训练 0.01185  验证 pinball 0.01370  分时小区平均 β -0.206  26.9s
23:34:19 INFO 第  27 轮  训练 0.01173  验证 pinball 0.01377  分时小区平均 β -0.203  26.9s
23:34:45 INFO 第  28 轮  训练 0.01169  验证 pinball 0.01357  分时小区平均 β -0.201  26.9s
23:35:12 INFO 第  29 轮  训练 0.01169  验证 pinball 0.01354  分时小区平均 β -0.198  26.8s
23:35:39 INFO 第  30 轮  训练 0.01154  验证 pinball 0.01461  分时小区平均 β -0.196  26.9s
23:36:06 INFO 第  31 轮  训练 0.01160  验证 pinball 0.01360  分时小区平均 β -0.193  27.0s
23:36:33 INFO 第  32 轮  训练 0.01150  验证 pinball 0.01403  分时小区平均 β -0.191  26.9s
23:37:00 INFO 第  33 轮  训练 0.01152  验证 pinball 0.01436  分时小区平均 β -0.189  27.0s
23:37:00 INFO 验证损失 15 轮未改善，提前停止
23:37:05 INFO 切换点一致性（all）：观测 β -1.180（0.393）  模型 β -0.566（0.197）
23:37:05 INFO 切换点一致性（novel）：观测 β -0.367（0.505）  模型 β -0.227（0.237）
23:37:24 INFO 测试期 MAE 0.0448  WAPE 0.229  CRPS 0.0259  PICP90 原始 0.839 / ACI 0.902；输出 D:\EV充电因果预测sci论文\05_实验结果\runs\eid_init-0.3_s2
== eid_init-0.3_s2  完成，用时 15.4 分钟
== eid_init-1.0_s2  开始 23:37:25
23:37:28 INFO 运行 eid_init-1.0_s2，设备 cuda，torch 2.11.0+cu128
23:37:29 INFO 数据：T=4344 N=275 训练/验证/测试起点 3001/409/841；{'train': ('2022-09-01', '2023-01-05'), 'val': ('2023-01-06', '2023-01-23'), 'test': ('2023-01-24', '2023-02-28')}
23:37:29 INFO 模型参数 199,326；锚定方式 free；锚定来源 fivemin_main
23:38:00 INFO 第   1 轮  训练 0.02305  验证 pinball 0.01828  分时小区平均 β -0.992  27.5s
23:38:27 INFO 第   2 轮  训练 0.01846  验证 pinball 0.01584  分时小区平均 β -0.948  26.8s
23:38:54 INFO 第   3 轮  训练 0.01700  验证 pinball 0.01484  分时小区平均 β -0.902  26.8s
23:39:20 INFO 第   4 轮  训练 0.01569  验证 pinball 0.01459  分时小区平均 β -0.858  26.8s
23:39:47 INFO 第   5 轮  训练 0.01486  验证 pinball 0.01449  分时小区平均 β -0.817  26.9s
23:40:14 INFO 第   6 轮  训练 0.01446  验证 pinball 0.01398  分时小区平均 β -0.780  27.0s
23:40:41 INFO 第   7 轮  训练 0.01409  验证 pinball 0.01375  分时小区平均 β -0.746  27.0s
23:41:08 INFO 第   8 轮  训练 0.01380  验证 pinball 0.01367  分时小区平均 β -0.716  26.8s
23:41:35 INFO 第   9 轮  训练 0.01356  验证 pinball 0.01346  分时小区平均 β -0.688  26.7s
23:42:02 INFO 第  10 轮  训练 0.01343  验证 pinball 0.01360  分时小区平均 β -0.663  26.8s
23:42:28 INFO 第  11 轮  训练 0.01323  验证 pinball 0.01365  分时小区平均 β -0.639  26.8s
23:42:55 INFO 第  12 轮  训练 0.01302  验证 pinball 0.01317  分时小区平均 β -0.616  26.7s
23:43:22 INFO 第  13 轮  训练 0.01299  验证 pinball 0.01362  分时小区平均 β -0.594  26.9s
23:43:49 INFO 第  14 轮  训练 0.01283  验证 pinball 0.01385  分时小区平均 β -0.574  26.9s
23:44:16 INFO 第  15 轮  训练 0.01269  验证 pinball 0.01314  分时小区平均 β -0.555  26.8s
23:44:43 INFO 第  16 轮  训练 0.01260  验证 pinball 0.01413  分时小区平均 β -0.538  26.8s
23:45:10 INFO 第  17 轮  训练 0.01259  验证 pinball 0.01316  分时小区平均 β -0.522  26.9s
23:45:36 INFO 第  18 轮  训练 0.01242  验证 pinball 0.01320  分时小区平均 β -0.508  26.9s
23:46:03 INFO 第  19 轮  训练 0.01229  验证 pinball 0.01359  分时小区平均 β -0.494  26.8s
23:46:30 INFO 第  20 轮  训练 0.01224  验证 pinball 0.01392  分时小区平均 β -0.481  26.8s
23:46:57 INFO 第  21 轮  训练 0.01216  验证 pinball 0.01372  分时小区平均 β -0.468  27.0s
23:47:24 INFO 第  22 轮  训练 0.01211  验证 pinball 0.01330  分时小区平均 β -0.457  27.0s
23:47:51 INFO 第  23 轮  训练 0.01204  验证 pinball 0.01362  分时小区平均 β -0.446  27.0s
23:48:18 INFO 第  24 轮  训练 0.01192  验证 pinball 0.01329  分时小区平均 β -0.435  26.8s
23:48:45 INFO 第  25 轮  训练 0.01186  验证 pinball 0.01338  分时小区平均 β -0.425  26.9s
23:49:12 INFO 第  26 轮  训练 0.01187  验证 pinball 0.01366  分时小区平均 β -0.415  26.9s
23:49:38 INFO 第  27 轮  训练 0.01175  验证 pinball 0.01378  分时小区平均 β -0.405  26.8s
23:50:05 INFO 第  28 轮  训练 0.01171  验证 pinball 0.01368  分时小区平均 β -0.396  26.9s
23:50:32 INFO 第  29 轮  训练 0.01170  验证 pinball 0.01348  分时小区平均 β -0.387  26.8s
23:50:59 INFO 第  30 轮  训练 0.01156  验证 pinball 0.01484  分时小区平均 β -0.378  26.8s
23:50:59 INFO 验证损失 15 轮未改善，提前停止
23:51:04 INFO 切换点一致性（all）：观测 β -1.180（0.393）  模型 β -0.791（0.184）
23:51:04 INFO 切换点一致性（novel）：观测 β -0.367（0.505）  模型 β -0.419（0.207）
23:51:22 INFO 测试期 MAE 0.0445  WAPE 0.228  CRPS 0.0256  PICP90 原始 0.855 / ACI 0.902；输出 D:\EV充电因果预测sci论文\05_实验结果\runs\eid_init-1.0_s2
== eid_init-1.0_s2  完成，用时 14.0 分钟
== eid_init-2.0_s2  开始 23:51:23
23:51:26 INFO 运行 eid_init-2.0_s2，设备 cuda，torch 2.11.0+cu128
23:51:27 INFO 数据：T=4344 N=275 训练/验证/测试起点 3001/409/841；{'train': ('2022-09-01', '2023-01-05'), 'val': ('2023-01-06', '2023-01-23'), 'test': ('2023-01-24', '2023-02-28')}
23:51:27 INFO 模型参数 199,326；锚定方式 free；锚定来源 fivemin_main
23:51:58 INFO 第   1 轮  训练 0.02313  验证 pinball 0.01772  分时小区平均 β -1.940  27.5s
23:52:24 INFO 第   2 轮  训练 0.01855  验证 pinball 0.01598  分时小区平均 β -1.848  26.9s
23:52:51 INFO 第   3 轮  训练 0.01725  验证 pinball 0.01505  分时小区平均 β -1.765  26.9s
23:53:18 INFO 第   4 轮  训练 0.01592  验证 pinball 0.01470  分时小区平均 β -1.691  26.8s
23:53:45 INFO 第   5 轮  训练 0.01510  验证 pinball 0.01464  分时小区平均 β -1.622  26.9s
23:54:12 INFO 第   6 轮  训练 0.01467  验证 pinball 0.01403  分时小区平均 β -1.558  26.9s
23:54:39 INFO 第   7 轮  训练 0.01424  验证 pinball 0.01383  分时小区平均 β -1.497  26.9s
23:55:06 INFO 第   8 轮  训练 0.01393  验证 pinball 0.01387  分时小区平均 β -1.441  26.9s
23:55:33 INFO 第   9 轮  训练 0.01371  验证 pinball 0.01362  分时小区平均 β -1.388  26.8s
23:56:00 INFO 第  10 轮  训练 0.01356  验证 pinball 0.01371  分时小区平均 β -1.338  26.9s
23:56:27 INFO 第  11 轮  训练 0.01334  验证 pinball 0.01375  分时小区平均 β -1.290  26.9s
23:56:54 INFO 第  12 轮  训练 0.01314  验证 pinball 0.01326  分时小区平均 β -1.244  26.9s
23:57:20 INFO 第  13 轮  训练 0.01307  验证 pinball 0.01399  分时小区平均 β -1.201  26.9s
23:57:47 INFO 第  14 轮  训练 0.01292  验证 pinball 0.01368  分时小区平均 β -1.159  27.0s
23:58:14 INFO 第  15 轮  训练 0.01276  验证 pinball 0.01313  分时小区平均 β -1.118  26.9s
23:58:41 INFO 第  16 轮  训练 0.01269  验证 pinball 0.01427  分时小区平均 β -1.080  26.9s
23:59:08 INFO 第  17 轮  训练 0.01267  验证 pinball 0.01322  分时小区平均 β -1.045  27.0s
23:59:35 INFO 第  18 轮  训练 0.01250  验证 pinball 0.01329  分时小区平均 β -1.011  26.8s
00:00:02 INFO 第  19 轮  训练 0.01237  验证 pinball 0.01354  分时小区平均 β -0.979  26.8s
00:00:29 INFO 第  20 轮  训练 0.01232  验证 pinball 0.01399  分时小区平均 β -0.948  26.8s
00:00:56 INFO 第  21 轮  训练 0.01224  验证 pinball 0.01388  分时小区平均 β -0.919  26.8s
00:01:22 INFO 第  22 轮  训练 0.01218  验证 pinball 0.01330  分时小区平均 β -0.891  26.9s
00:01:49 INFO 第  23 轮  训练 0.01212  验证 pinball 0.01362  分时小区平均 β -0.865  26.8s
00:02:16 INFO 第  24 轮  训练 0.01200  验证 pinball 0.01335  分时小区平均 β -0.839  26.9s
00:02:43 INFO 第  25 轮  训练 0.01193  验证 pinball 0.01347  分时小区平均 β -0.815  27.0s
00:03:10 INFO 第  26 轮  训练 0.01194  验证 pinball 0.01380  分时小区平均 β -0.792  26.9s
00:03:37 INFO 第  27 轮  训练 0.01183  验证 pinball 0.01359  分时小区平均 β -0.770  26.7s
00:04:04 INFO 第  28 轮  训练 0.01177  验证 pinball 0.01346  分时小区平均 β -0.748  27.0s
00:04:31 INFO 第  29 轮  训练 0.01174  验证 pinball 0.01339  分时小区平均 β -0.728  26.8s
00:04:58 INFO 第  30 轮  训练 0.01165  验证 pinball 0.01446  分时小区平均 β -0.709  27.0s
00:04:58 INFO 验证损失 15 轮未改善，提前停止
00:05:03 INFO 切换点一致性（all）：观测 β -1.180（0.393）  模型 β -1.096（0.187）
00:05:03 INFO 切换点一致性（novel）：观测 β -0.367（0.505）  模型 β -0.692（0.229）
00:05:21 INFO 测试期 MAE 0.0447  WAPE 0.229  CRPS 0.0259  PICP90 原始 0.846 / ACI 0.902；输出 D:\EV充电因果预测sci论文\05_实验结果\runs\eid_init-2.0_s2
== eid_init-2.0_s2  完成，用时 14.0 分钟
== eid_profile-0.05_s0  开始 00:05:22
00:05:25 INFO 运行 eid_profile-0.05_s0，设备 cuda，torch 2.11.0+cu128
00:05:26 INFO 数据：T=4344 N=275 训练/验证/测试起点 3001/409/841；{'train': ('2022-09-01', '2023-01-05'), 'val': ('2023-01-06', '2023-01-23'), 'test': ('2023-01-24', '2023-02-28')}
00:05:26 INFO 模型参数 198,211；锚定方式 cut；锚定来源 fivemin_main|fixed_beta=-0.05
00:05:57 INFO 第   1 轮  训练 0.02306  验证 pinball 0.01700  分时小区平均 β -0.050  27.5s
00:06:24 INFO 第   2 轮  训练 0.01836  验证 pinball 0.01606  分时小区平均 β -0.050  26.7s
00:06:50 INFO 第   3 轮  训练 0.01704  验证 pinball 0.01525  分时小区平均 β -0.050  26.7s
00:07:17 INFO 第   4 轮  训练 0.01577  验证 pinball 0.01431  分时小区平均 β -0.050  26.7s
00:07:44 INFO 第   5 轮  训练 0.01493  验证 pinball 0.01446  分时小区平均 β -0.050  26.6s
00:08:10 INFO 第   6 轮  训练 0.01433  验证 pinball 0.01410  分时小区平均 β -0.050  26.8s
00:08:37 INFO 第   7 轮  训练 0.01404  验证 pinball 0.01383  分时小区平均 β -0.050  26.6s
00:09:04 INFO 第   8 轮  训练 0.01383  验证 pinball 0.01361  分时小区平均 β -0.050  26.7s
00:09:31 INFO 第   9 轮  训练 0.01354  验证 pinball 0.01467  分时小区平均 β -0.050  26.7s
00:09:57 INFO 第  10 轮  训练 0.01340  验证 pinball 0.01365  分时小区平均 β -0.050  26.7s
00:10:24 INFO 第  11 轮  训练 0.01327  验证 pinball 0.01318  分时小区平均 β -0.050  26.8s
00:10:51 INFO 第  12 轮  训练 0.01305  验证 pinball 0.01297  分时小区平均 β -0.050  26.8s
00:11:18 INFO 第  13 轮  训练 0.01296  验证 pinball 0.01324  分时小区平均 β -0.050  26.8s
00:11:44 INFO 第  14 轮  训练 0.01289  验证 pinball 0.01327  分时小区平均 β -0.050  26.8s
00:12:11 INFO 第  15 轮  训练 0.01275  验证 pinball 0.01300  分时小区平均 β -0.050  26.7s
00:12:38 INFO 第  16 轮  训练 0.01259  验证 pinball 0.01291  分时小区平均 β -0.050  26.7s
00:13:05 INFO 第  17 轮  训练 0.01255  验证 pinball 0.01305  分时小区平均 β -0.050  26.8s
00:13:32 INFO 第  18 轮  训练 0.01239  验证 pinball 0.01313  分时小区平均 β -0.050  26.8s
00:13:58 INFO 第  19 轮  训练 0.01231  验证 pinball 0.01301  分时小区平均 β -0.050  26.9s
00:14:25 INFO 第  20 轮  训练 0.01223  验证 pinball 0.01301  分时小区平均 β -0.050  26.7s
00:14:52 INFO 第  21 轮  训练 0.01222  验证 pinball 0.01313  分时小区平均 β -0.050  26.6s
00:15:18 INFO 第  22 轮  训练 0.01210  验证 pinball 0.01308  分时小区平均 β -0.050  26.8s
00:15:45 INFO 第  23 轮  训练 0.01204  验证 pinball 0.01294  分时小区平均 β -0.050  26.7s
00:16:12 INFO 第  24 轮  训练 0.01203  验证 pinball 0.01307  分时小区平均 β -0.050  26.8s
00:16:39 INFO 第  25 轮  训练 0.01192  验证 pinball 0.01338  分时小区平均 β -0.050  26.8s
00:17:06 INFO 第  26 轮  训练 0.01189  验证 pinball 0.01320  分时小区平均 β -0.050  26.8s
00:17:32 INFO 第  27 轮  训练 0.01190  验证 pinball 0.01302  分时小区平均 β -0.050  26.8s
00:17:59 INFO 第  28 轮  训练 0.01180  验证 pinball 0.01280  分时小区平均 β -0.050  26.9s
00:18:26 INFO 第  29 轮  训练 0.01171  验证 pinball 0.01303  分时小区平均 β -0.050  26.8s
00:18:53 INFO 第  30 轮  训练 0.01166  验证 pinball 0.01323  分时小区平均 β -0.050  26.7s
00:19:19 INFO 第  31 轮  训练 0.01164  验证 pinball 0.01332  分时小区平均 β -0.050  26.9s
00:19:46 INFO 第  32 轮  训练 0.01163  验证 pinball 0.01349  分时小区平均 β -0.050  26.8s
00:20:13 INFO 第  33 轮  训练 0.01159  验证 pinball 0.01346  分时小区平均 β -0.050  26.9s
00:20:40 INFO 第  34 轮  训练 0.01149  验证 pinball 0.01319  分时小区平均 β -0.050  26.8s
00:21:07 INFO 第  35 轮  训练 0.01148  验证 pinball 0.01384  分时小区平均 β -0.050  26.9s
00:21:34 INFO 第  36 轮  训练 0.01143  验证 pinball 0.01321  分时小区平均 β -0.050  27.0s
00:22:01 INFO 第  37 轮  训练 0.01142  验证 pinball 0.01345  分时小区平均 β -0.050  26.8s
00:22:27 INFO 第  38 轮  训练 0.01131  验证 pinball 0.01372  分时小区平均 β -0.050  26.8s
00:22:54 INFO 第  39 轮  训练 0.01125  验证 pinball 0.01343  分时小区平均 β -0.050  26.8s
00:23:21 INFO 第  40 轮  训练 0.01128  验证 pinball 0.01335  分时小区平均 β -0.050  26.7s
00:23:48 INFO 第  41 轮  训练 0.01125  验证 pinball 0.01385  分时小区平均 β -0.050  26.6s
00:24:15 INFO 第  42 轮  训练 0.01117  验证 pinball 0.01359  分时小区平均 β -0.050  26.8s
00:24:41 INFO 第  43 轮  训练 0.01116  验证 pinball 0.01334  分时小区平均 β -0.050  26.7s
00:24:41 INFO 验证损失 15 轮未改善，提前停止
00:24:46 INFO 切换点一致性（all）：观测 β -1.180（0.393）  模型 β -0.419（0.212）
00:24:47 INFO 切换点一致性（novel）：观测 β -0.367（0.505）  模型 β -0.175（0.280）
00:25:03 INFO 测试期 MAE 0.0441  WAPE 0.226  CRPS 0.0258  PICP90 原始 0.820 / ACI 0.902；输出 D:\EV充电因果预测sci论文\05_实验结果\runs\eid_profile-0.05_s0
== eid_profile-0.05_s0  完成，用时 19.7 分钟
== eid_profile-0.1_s0  开始 00:25:04
00:25:07 INFO 运行 eid_profile-0.1_s0，设备 cuda，torch 2.11.0+cu128
00:25:09 INFO 数据：T=4344 N=275 训练/验证/测试起点 3001/409/841；{'train': ('2022-09-01', '2023-01-05'), 'val': ('2023-01-06', '2023-01-23'), 'test': ('2023-01-24', '2023-02-28')}
00:25:09 INFO 模型参数 198,211；锚定方式 cut；锚定来源 fivemin_main|fixed_beta=-0.1
00:25:40 INFO 第   1 轮  训练 0.02305  验证 pinball 0.01701  分时小区平均 β -0.100  27.5s
00:26:06 INFO 第   2 轮  训练 0.01836  验证 pinball 0.01621  分时小区平均 β -0.100  26.6s
00:26:33 INFO 第   3 轮  训练 0.01705  验证 pinball 0.01526  分时小区平均 β -0.100  26.6s
00:27:00 INFO 第   4 轮  训练 0.01578  验证 pinball 0.01430  分时小区平均 β -0.100  26.9s
00:27:26 INFO 第   5 轮  训练 0.01494  验证 pinball 0.01442  分时小区平均 β -0.100  26.8s
00:27:53 INFO 第   6 轮  训练 0.01433  验证 pinball 0.01412  分时小区平均 β -0.100  26.8s
00:28:20 INFO 第   7 轮  训练 0.01403  验证 pinball 0.01381  分时小区平均 β -0.100  26.8s
00:28:47 INFO 第   8 轮  训练 0.01382  验证 pinball 0.01358  分时小区平均 β -0.100  26.6s
00:29:13 INFO 第   9 轮  训练 0.01354  验证 pinball 0.01468  分时小区平均 β -0.100  26.8s
00:29:40 INFO 第  10 轮  训练 0.01339  验证 pinball 0.01364  分时小区平均 β -0.100  26.8s
00:30:07 INFO 第  11 轮  训练 0.01327  验证 pinball 0.01319  分时小区平均 β -0.100  26.7s
00:30:34 INFO 第  12 轮  训练 0.01305  验证 pinball 0.01298  分时小区平均 β -0.100  26.6s
00:31:00 INFO 第  13 轮  训练 0.01295  验证 pinball 0.01323  分时小区平均 β -0.100  26.6s
00:31:27 INFO 第  14 轮  训练 0.01288  验证 pinball 0.01327  分时小区平均 β -0.100  26.7s
00:31:54 INFO 第  15 轮  训练 0.01274  验证 pinball 0.01300  分时小区平均 β -0.100  26.8s
00:32:20 INFO 第  16 轮  训练 0.01257  验证 pinball 0.01291  分时小区平均 β -0.100  26.7s
00:32:47 INFO 第  17 轮  训练 0.01254  验证 pinball 0.01308  分时小区平均 β -0.100  26.8s
00:33:14 INFO 第  18 轮  训练 0.01238  验证 pinball 0.01313  分时小区平均 β -0.100  26.6s
00:33:40 INFO 第  19 轮  训练 0.01231  验证 pinball 0.01303  分时小区平均 β -0.100  26.6s
00:34:07 INFO 第  20 轮  训练 0.01223  验证 pinball 0.01299  分时小区平均 β -0.100  26.7s
00:34:34 INFO 第  21 轮  训练 0.01221  验证 pinball 0.01312  分时小区平均 β -0.100  26.7s
00:35:00 INFO 第  22 轮  训练 0.01210  验证 pinball 0.01311  分时小区平均 β -0.100  26.7s
00:35:27 INFO 第  23 轮  训练 0.01204  验证 pinball 0.01291  分时小区平均 β -0.100  26.9s
00:35:54 INFO 第  24 轮  训练 0.01203  验证 pinball 0.01305  分时小区平均 β -0.100  26.8s
00:36:21 INFO 第  25 轮  训练 0.01191  验证 pinball 0.01337  分时小区平均 β -0.100  26.8s
00:36:47 INFO 第  26 轮  训练 0.01188  验证 pinball 0.01324  分时小区平均 β -0.100  26.6s
00:37:14 INFO 第  27 轮  训练 0.01188  验证 pinball 0.01302  分时小区平均 β -0.100  26.8s
00:37:41 INFO 第  28 轮  训练 0.01180  验证 pinball 0.01277  分时小区平均 β -0.100  26.6s
00:38:07 INFO 第  29 轮  训练 0.01171  验证 pinball 0.01302  分时小区平均 β -0.100  26.6s
00:38:34 INFO 第  30 轮  训练 0.01166  验证 pinball 0.01326  分时小区平均 β -0.100  26.6s
00:39:01 INFO 第  31 轮  训练 0.01164  验证 pinball 0.01341  分时小区平均 β -0.100  26.7s
00:39:27 INFO 第  32 轮  训练 0.01163  验证 pinball 0.01344  分时小区平均 β -0.100  26.5s
00:39:54 INFO 第  33 轮  训练 0.01159  验证 pinball 0.01343  分时小区平均 β -0.100  26.7s
00:40:21 INFO 第  34 轮  训练 0.01148  验证 pinball 0.01316  分时小区平均 β -0.100  26.8s
00:40:48 INFO 第  35 轮  训练 0.01147  验证 pinball 0.01379  分时小区平均 β -0.100  26.7s
00:41:14 INFO 第  36 轮  训练 0.01142  验证 pinball 0.01323  分时小区平均 β -0.100  26.6s
00:41:41 INFO 第  37 轮  训练 0.01143  验证 pinball 0.01342  分时小区平均 β -0.100  26.7s
00:42:08 INFO 第  38 轮  训练 0.01130  验证 pinball 0.01359  分时小区平均 β -0.100  26.8s
00:42:34 INFO 第  39 轮  训练 0.01125  验证 pinball 0.01342  分时小区平均 β -0.100  26.6s
00:43:01 INFO 第  40 轮  训练 0.01127  验证 pinball 0.01333  分时小区平均 β -0.100  26.8s
00:43:28 INFO 第  41 轮  训练 0.01123  验证 pinball 0.01384  分时小区平均 β -0.100  26.9s
00:43:55 INFO 第  42 轮  训练 0.01117  验证 pinball 0.01369  分时小区平均 β -0.100  26.7s
00:44:22 INFO 第  43 轮  训练 0.01111  验证 pinball 0.01357  分时小区平均 β -0.100  26.8s
00:44:22 INFO 验证损失 15 轮未改善，提前停止
00:44:27 INFO 切换点一致性（all）：观测 β -1.180（0.393）  模型 β -0.439（0.208）
00:44:27 INFO 切换点一致性（novel）：观测 β -0.367（0.505）  模型 β -0.181（0.260）
00:44:45 INFO 测试期 MAE 0.0446  WAPE 0.228  CRPS 0.0261  PICP90 原始 0.816 / ACI 0.902；输出 D:\EV充电因果预测sci论文\05_实验结果\runs\eid_profile-0.1_s0
== eid_profile-0.1_s0  完成，用时 19.7 分钟
== eid_profile-0.2_s0  开始 00:44:46
00:44:49 INFO 运行 eid_profile-0.2_s0，设备 cuda，torch 2.11.0+cu128
00:44:50 INFO 数据：T=4344 N=275 训练/验证/测试起点 3001/409/841；{'train': ('2022-09-01', '2023-01-05'), 'val': ('2023-01-06', '2023-01-23'), 'test': ('2023-01-24', '2023-02-28')}
00:44:50 INFO 模型参数 198,211；锚定方式 cut；锚定来源 fivemin_main|fixed_beta=-0.2
00:45:21 INFO 第   1 轮  训练 0.02303  验证 pinball 0.01701  分时小区平均 β -0.200  27.5s
00:45:48 INFO 第   2 轮  训练 0.01835  验证 pinball 0.01611  分时小区平均 β -0.200  26.6s
00:46:15 INFO 第   3 轮  训练 0.01704  验证 pinball 0.01525  分时小区平均 β -0.200  26.9s
00:46:41 INFO 第   4 轮  训练 0.01579  验证 pinball 0.01432  分时小区平均 β -0.200  26.6s
00:47:08 INFO 第   5 轮  训练 0.01494  验证 pinball 0.01451  分时小区平均 β -0.200  26.8s
00:47:35 INFO 第   6 轮  训练 0.01433  验证 pinball 0.01400  分时小区平均 β -0.200  26.7s
00:48:01 INFO 第   7 轮  训练 0.01405  验证 pinball 0.01382  分时小区平均 β -0.200  26.8s
00:48:28 INFO 第   8 轮  训练 0.01384  验证 pinball 0.01367  分时小区平均 β -0.200  26.6s
00:48:55 INFO 第   9 轮  训练 0.01355  验证 pinball 0.01448  分时小区平均 β -0.200  26.7s
00:49:22 INFO 第  10 轮  训练 0.01339  验证 pinball 0.01366  分时小区平均 β -0.200  26.8s
00:49:49 INFO 第  11 轮  训练 0.01328  验证 pinball 0.01318  分时小区平均 β -0.200  27.0s
00:50:16 INFO 第  12 轮  训练 0.01305  验证 pinball 0.01299  分时小区平均 β -0.200  26.9s
00:50:42 INFO 第  13 轮  训练 0.01296  验证 pinball 0.01325  分时小区平均 β -0.200  26.9s
00:51:09 INFO 第  14 轮  训练 0.01288  验证 pinball 0.01327  分时小区平均 β -0.200  26.9s
00:51:36 INFO 第  15 轮  训练 0.01275  验证 pinball 0.01299  分时小区平均 β -0.200  26.9s
00:52:03 INFO 第  16 轮  训练 0.01258  验证 pinball 0.01291  分时小区平均 β -0.200  26.8s
00:52:30 INFO 第  17 轮  训练 0.01254  验证 pinball 0.01307  分时小区平均 β -0.200  26.7s
00:52:56 INFO 第  18 轮  训练 0.01239  验证 pinball 0.01311  分时小区平均 β -0.200  26.8s
00:53:23 INFO 第  19 轮  训练 0.01231  验证 pinball 0.01303  分时小区平均 β -0.200  26.7s
00:53:50 INFO 第  20 轮  训练 0.01224  验证 pinball 0.01298  分时小区平均 β -0.200  26.6s
00:54:17 INFO 第  21 轮  训练 0.01222  验证 pinball 0.01306  分时小区平均 β -0.200  26.8s
00:54:43 INFO 第  22 轮  训练 0.01210  验证 pinball 0.01309  分时小区平均 β -0.200  26.7s
00:55:10 INFO 第  23 轮  训练 0.01203  验证 pinball 0.01291  分时小区平均 β -0.200  26.7s
00:55:37 INFO 第  24 轮  训练 0.01204  验证 pinball 0.01303  分时小区平均 β -0.200  26.6s
00:56:03 INFO 第  25 轮  训练 0.01192  验证 pinball 0.01337  分时小区平均 β -0.200  26.8s
00:56:30 INFO 第  26 轮  训练 0.01189  验证 pinball 0.01316  分时小区平均 β -0.200  26.7s
00:56:57 INFO 第  27 轮  训练 0.01189  验证 pinball 0.01303  分时小区平均 β -0.200  26.7s
00:57:23 INFO 第  28 轮  训练 0.01181  验证 pinball 0.01278  分时小区平均 β -0.200  26.7s
00:57:50 INFO 第  29 轮  训练 0.01172  验证 pinball 0.01299  分时小区平均 β -0.200  26.7s
00:58:17 INFO 第  30 轮  训练 0.01168  验证 pinball 0.01325  分时小区平均 β -0.200  26.8s
00:58:44 INFO 第  31 轮  训练 0.01165  验证 pinball 0.01345  分时小区平均 β -0.200  26.6s
00:59:10 INFO 第  32 轮  训练 0.01166  验证 pinball 0.01336  分时小区平均 β -0.200  26.9s
00:59:37 INFO 第  33 轮  训练 0.01160  验证 pinball 0.01340  分时小区平均 β -0.200  26.7s
01:00:04 INFO 第  34 轮  训练 0.01150  验证 pinball 0.01316  分时小区平均 β -0.200  26.8s
01:00:31 INFO 第  35 轮  训练 0.01147  验证 pinball 0.01370  分时小区平均 β -0.200  26.7s
01:00:57 INFO 第  36 轮  训练 0.01143  验证 pinball 0.01315  分时小区平均 β -0.200  26.6s
01:01:24 INFO 第  37 轮  训练 0.01144  验证 pinball 0.01343  分时小区平均 β -0.200  26.8s
01:01:51 INFO 第  38 轮  训练 0.01132  验证 pinball 0.01360  分时小区平均 β -0.200  26.8s
01:02:18 INFO 第  39 轮  训练 0.01127  验证 pinball 0.01333  分时小区平均 β -0.200  26.7s
01:02:44 INFO 第  40 轮  训练 0.01129  验证 pinball 0.01329  分时小区平均 β -0.200  26.7s
01:03:11 INFO 第  41 轮  训练 0.01132  验证 pinball 0.01403  分时小区平均 β -0.200  26.9s
01:03:38 INFO 第  42 轮  训练 0.01120  验证 pinball 0.01339  分时小区平均 β -0.200  26.6s
01:04:05 INFO 第  43 轮  训练 0.01118  验证 pinball 0.01328  分时小区平均 β -0.200  26.7s
01:04:05 INFO 验证损失 15 轮未改善，提前停止
01:04:09 INFO 切换点一致性（all）：观测 β -1.180（0.393）  模型 β -0.515（0.204）
01:04:10 INFO 切换点一致性（novel）：观测 β -0.367（0.505）  模型 β -0.240（0.247）
01:04:27 INFO 测试期 MAE 0.0448  WAPE 0.229  CRPS 0.0263  PICP90 原始 0.813 / ACI 0.901；输出 D:\EV充电因果预测sci论文\05_实验结果\runs\eid_profile-0.2_s0
== eid_profile-0.2_s0  完成，用时 19.7 分钟
== eid_profile-0.4_s0  开始 01:04:28
01:04:31 INFO 运行 eid_profile-0.4_s0，设备 cuda，torch 2.11.0+cu128
01:04:32 INFO 数据：T=4344 N=275 训练/验证/测试起点 3001/409/841；{'train': ('2022-09-01', '2023-01-05'), 'val': ('2023-01-06', '2023-01-23'), 'test': ('2023-01-24', '2023-02-28')}
01:04:32 INFO 模型参数 198,211；锚定方式 cut；锚定来源 fivemin_main|fixed_beta=-0.4
01:05:03 INFO 第   1 轮  训练 0.02301  验证 pinball 0.01702  分时小区平均 β -0.400  27.5s
01:05:30 INFO 第   2 轮  训练 0.01835  验证 pinball 0.01599  分时小区平均 β -0.400  26.9s
01:05:57 INFO 第   3 轮  训练 0.01705  验证 pinball 0.01524  分时小区平均 β -0.400  26.8s
01:06:24 INFO 第   4 轮  训练 0.01580  验证 pinball 0.01432  分时小区平均 β -0.400  26.7s
01:06:50 INFO 第   5 轮  训练 0.01495  验证 pinball 0.01456  分时小区平均 β -0.400  26.9s
01:07:17 INFO 第   6 轮  训练 0.01434  验证 pinball 0.01385  分时小区平均 β -0.400  26.8s
01:07:44 INFO 第   7 轮  训练 0.01406  验证 pinball 0.01378  分时小区平均 β -0.400  26.7s
01:08:11 INFO 第   8 轮  训练 0.01383  验证 pinball 0.01351  分时小区平均 β -0.400  26.8s
01:08:38 INFO 第   9 轮  训练 0.01355  验证 pinball 0.01473  分时小区平均 β -0.400  26.8s
01:09:04 INFO 第  10 轮  训练 0.01341  验证 pinball 0.01366  分时小区平均 β -0.400  26.8s
01:09:31 INFO 第  11 轮  训练 0.01328  验证 pinball 0.01318  分时小区平均 β -0.400  26.8s
01:09:58 INFO 第  12 轮  训练 0.01306  验证 pinball 0.01300  分时小区平均 β -0.400  26.8s
01:10:25 INFO 第  13 轮  训练 0.01296  验证 pinball 0.01330  分时小区平均 β -0.400  26.7s
01:10:51 INFO 第  14 轮  训练 0.01288  验证 pinball 0.01321  分时小区平均 β -0.400  26.8s
01:11:18 INFO 第  15 轮  训练 0.01276  验证 pinball 0.01301  分时小区平均 β -0.400  26.7s
01:11:45 INFO 第  16 轮  训练 0.01259  验证 pinball 0.01293  分时小区平均 β -0.400  26.6s
01:12:12 INFO 第  17 轮  训练 0.01256  验证 pinball 0.01307  分时小区平均 β -0.400  26.7s
01:12:38 INFO 第  18 轮  训练 0.01240  验证 pinball 0.01316  分时小区平均 β -0.400  26.7s
01:13:05 INFO 第  19 轮  训练 0.01232  验证 pinball 0.01305  分时小区平均 β -0.400  26.7s
01:13:32 INFO 第  20 轮  训练 0.01226  验证 pinball 0.01292  分时小区平均 β -0.400  26.8s
01:13:59 INFO 第  21 轮  训练 0.01224  验证 pinball 0.01299  分时小区平均 β -0.400  26.8s
01:14:25 INFO 第  22 轮  训练 0.01211  验证 pinball 0.01311  分时小区平均 β -0.400  26.8s
01:14:52 INFO 第  23 轮  训练 0.01205  验证 pinball 0.01291  分时小区平均 β -0.400  26.7s
01:15:19 INFO 第  24 轮  训练 0.01207  验证 pinball 0.01298  分时小区平均 β -0.400  27.0s
01:15:46 INFO 第  25 轮  训练 0.01192  验证 pinball 0.01338  分时小区平均 β -0.400  26.8s
01:16:13 INFO 第  26 轮  训练 0.01189  验证 pinball 0.01313  分时小区平均 β -0.400  26.9s
01:16:39 INFO 第  27 轮  训练 0.01188  验证 pinball 0.01303  分时小区平均 β -0.400  26.8s
01:17:06 INFO 第  28 轮  训练 0.01181  验证 pinball 0.01281  分时小区平均 β -0.400  26.7s
01:17:33 INFO 第  29 轮  训练 0.01173  验证 pinball 0.01297  分时小区平均 β -0.400  26.8s
01:18:00 INFO 第  30 轮  训练 0.01169  验证 pinball 0.01325  分时小区平均 β -0.400  26.7s
01:18:26 INFO 第  31 轮  训练 0.01164  验证 pinball 0.01341  分时小区平均 β -0.400  26.7s
01:18:53 INFO 第  32 轮  训练 0.01164  验证 pinball 0.01332  分时小区平均 β -0.400  26.8s
01:19:20 INFO 第  33 轮  训练 0.01158  验证 pinball 0.01339  分时小区平均 β -0.400  26.8s
01:19:47 INFO 第  34 轮  训练 0.01150  验证 pinball 0.01316  分时小区平均 β -0.400  26.8s
01:20:14 INFO 第  35 轮  训练 0.01147  验证 pinball 0.01365  分时小区平均 β -0.400  26.9s
01:20:40 INFO 第  36 轮  训练 0.01142  验证 pinball 0.01313  分时小区平均 β -0.400  26.7s
01:21:07 INFO 第  37 轮  训练 0.01144  验证 pinball 0.01342  分时小区平均 β -0.400  26.8s
01:21:34 INFO 第  38 轮  训练 0.01131  验证 pinball 0.01349  分时小区平均 β -0.400  26.8s
01:22:01 INFO 第  39 轮  训练 0.01126  验证 pinball 0.01334  分时小区平均 β -0.400  26.9s
01:22:28 INFO 第  40 轮  训练 0.01130  验证 pinball 0.01333  分时小区平均 β -0.400  26.6s
01:22:54 INFO 第  41 轮  训练 0.01131  验证 pinball 0.01410  分时小区平均 β -0.400  26.8s
01:23:21 INFO 第  42 轮  训练 0.01120  验证 pinball 0.01338  分时小区平均 β -0.400  26.8s
01:23:48 INFO 第  43 轮  训练 0.01116  验证 pinball 0.01340  分时小区平均 β -0.400  26.9s
01:23:48 INFO 验证损失 15 轮未改善，提前停止
01:23:53 INFO 切换点一致性（all）：观测 β -1.180（0.393）  模型 β -0.645（0.218）
01:23:53 INFO 切换点一致性（novel）：观测 β -0.367（0.505）  模型 β -0.334（0.281）
01:24:11 INFO 测试期 MAE 0.0449  WAPE 0.230  CRPS 0.0264  PICP90 原始 0.810 / ACI 0.901；输出 D:\EV充电因果预测sci论文\05_实验结果\runs\eid_profile-0.4_s0
== eid_profile-0.4_s0  完成，用时 19.7 分钟
== eid_profile-0.8_s0  开始 01:24:12
01:24:14 INFO 运行 eid_profile-0.8_s0，设备 cuda，torch 2.11.0+cu128
01:24:15 INFO 数据：T=4344 N=275 训练/验证/测试起点 3001/409/841；{'train': ('2022-09-01', '2023-01-05'), 'val': ('2023-01-06', '2023-01-23'), 'test': ('2023-01-24', '2023-02-28')}
01:24:15 INFO 模型参数 198,211；锚定方式 cut；锚定来源 fivemin_main|fixed_beta=-0.8
01:24:46 INFO 第   1 轮  训练 0.02300  验证 pinball 0.01702  分时小区平均 β -0.800  27.3s
01:25:13 INFO 第   2 轮  训练 0.01837  验证 pinball 0.01613  分时小区平均 β -0.800  26.7s
01:25:39 INFO 第   3 轮  训练 0.01710  验证 pinball 0.01529  分时小区平均 β -0.800  26.9s
01:26:06 INFO 第   4 轮  训练 0.01588  验证 pinball 0.01437  分时小区平均 β -0.800  26.7s
01:26:33 INFO 第   5 轮  训练 0.01501  验证 pinball 0.01456  分时小区平均 β -0.800  26.5s
01:26:59 INFO 第   6 轮  训练 0.01438  验证 pinball 0.01414  分时小区平均 β -0.800  26.7s
01:27:26 INFO 第   7 轮  训练 0.01408  验证 pinball 0.01387  分时小区平均 β -0.800  26.8s
01:27:53 INFO 第   8 轮  训练 0.01388  验证 pinball 0.01381  分时小区平均 β -0.800  26.8s
01:28:20 INFO 第   9 轮  训练 0.01357  验证 pinball 0.01461  分时小区平均 β -0.800  26.9s
01:28:47 INFO 第  10 轮  训练 0.01342  验证 pinball 0.01370  分时小区平均 β -0.800  26.7s
01:29:13 INFO 第  11 轮  训练 0.01330  验证 pinball 0.01326  分时小区平均 β -0.800  26.7s
01:29:40 INFO 第  12 轮  训练 0.01310  验证 pinball 0.01306  分时小区平均 β -0.800  26.8s
01:30:07 INFO 第  13 轮  训练 0.01300  验证 pinball 0.01333  分时小区平均 β -0.800  26.8s
01:30:34 INFO 第  14 轮  训练 0.01291  验证 pinball 0.01324  分时小区平均 β -0.800  26.7s
01:31:01 INFO 第  15 轮  训练 0.01278  验证 pinball 0.01314  分时小区平均 β -0.800  27.0s
01:31:28 INFO 第  16 轮  训练 0.01264  验证 pinball 0.01300  分时小区平均 β -0.800  26.8s
01:31:54 INFO 第  17 轮  训练 0.01258  验证 pinball 0.01305  分时小区平均 β -0.800  26.9s
01:32:21 INFO 第  18 轮  训练 0.01243  验证 pinball 0.01318  分时小区平均 β -0.800  27.0s
01:32:48 INFO 第  19 轮  训练 0.01236  验证 pinball 0.01310  分时小区平均 β -0.800  26.8s
01:33:15 INFO 第  20 轮  训练 0.01229  验证 pinball 0.01301  分时小区平均 β -0.800  26.8s
01:33:42 INFO 第  21 轮  训练 0.01226  验证 pinball 0.01314  分时小区平均 β -0.800  26.8s
01:34:09 INFO 第  22 轮  训练 0.01214  验证 pinball 0.01312  分时小区平均 β -0.800  26.8s
01:34:36 INFO 第  23 轮  训练 0.01207  验证 pinball 0.01301  分时小区平均 β -0.800  26.9s
01:35:02 INFO 第  24 轮  训练 0.01210  验证 pinball 0.01309  分时小区平均 β -0.800  26.8s
01:35:29 INFO 第  25 轮  训练 0.01196  验证 pinball 0.01325  分时小区平均 β -0.800  26.9s
01:35:56 INFO 第  26 轮  训练 0.01192  验证 pinball 0.01317  分时小区平均 β -0.800  26.8s
01:36:23 INFO 第  27 轮  训练 0.01191  验证 pinball 0.01305  分时小区平均 β -0.800  26.7s
01:36:49 INFO 第  28 轮  训练 0.01184  验证 pinball 0.01280  分时小区平均 β -0.800  26.6s
01:37:16 INFO 第  29 轮  训练 0.01174  验证 pinball 0.01315  分时小区平均 β -0.800  26.7s
01:37:43 INFO 第  30 轮  训练 0.01170  验证 pinball 0.01325  分时小区平均 β -0.800  26.7s
01:38:09 INFO 第  31 轮  训练 0.01170  验证 pinball 0.01352  分时小区平均 β -0.800  26.7s
01:38:36 INFO 第  32 轮  训练 0.01167  验证 pinball 0.01328  分时小区平均 β -0.800  26.7s
01:39:03 INFO 第  33 轮  训练 0.01162  验证 pinball 0.01329  分时小区平均 β -0.800  26.9s
01:39:30 INFO 第  34 轮  训练 0.01153  验证 pinball 0.01319  分时小区平均 β -0.800  26.7s
01:39:57 INFO 第  35 轮  训练 0.01152  验证 pinball 0.01357  分时小区平均 β -0.800  26.8s
01:40:23 INFO 第  36 轮  训练 0.01146  验证 pinball 0.01312  分时小区平均 β -0.800  26.8s
01:40:50 INFO 第  37 轮  训练 0.01148  验证 pinball 0.01341  分时小区平均 β -0.800  26.7s
01:41:17 INFO 第  38 轮  训练 0.01134  验证 pinball 0.01342  分时小区平均 β -0.800  26.7s
01:41:44 INFO 第  39 轮  训练 0.01130  验证 pinball 0.01331  分时小区平均 β -0.800  26.8s
01:42:11 INFO 第  40 轮  训练 0.01130  验证 pinball 0.01339  分时小区平均 β -0.800  26.8s
01:42:37 INFO 第  41 轮  训练 0.01129  验证 pinball 0.01373  分时小区平均 β -0.800  26.8s
01:43:04 INFO 第  42 轮  训练 0.01120  验证 pinball 0.01352  分时小区平均 β -0.800  26.9s
01:43:31 INFO 第  43 轮  训练 0.01115  验证 pinball 0.01371  分时小区平均 β -0.800  26.8s
01:43:31 INFO 验证损失 15 轮未改善，提前停止
01:43:36 INFO 切换点一致性（all）：观测 β -1.180（0.393）  模型 β -0.915（0.218）
01:43:36 INFO 切换点一致性（novel）：观测 β -0.367（0.505）  模型 β -0.538（0.283）
01:43:53 INFO 测试期 MAE 0.0438  WAPE 0.224  CRPS 0.0256  PICP90 原始 0.822 / ACI 0.902；输出 D:\EV充电因果预测sci论文\05_实验结果\runs\eid_profile-0.8_s0
== eid_profile-0.8_s0  完成，用时 19.7 分钟
== eid_profile-1.2_s0  开始 01:43:55
01:43:57 INFO 运行 eid_profile-1.2_s0，设备 cuda，torch 2.11.0+cu128
01:43:58 INFO 数据：T=4344 N=275 训练/验证/测试起点 3001/409/841；{'train': ('2022-09-01', '2023-01-05'), 'val': ('2023-01-06', '2023-01-23'), 'test': ('2023-01-24', '2023-02-28')}
01:43:58 INFO 模型参数 198,211；锚定方式 cut；锚定来源 fivemin_main|fixed_beta=-1.2
01:44:29 INFO 第   1 轮  训练 0.02303  验证 pinball 0.01707  分时小区平均 β -1.200  27.3s
01:44:56 INFO 第   2 轮  训练 0.01843  验证 pinball 0.01634  分时小区平均 β -1.200  26.7s
01:45:23 INFO 第   3 轮  训练 0.01717  验证 pinball 0.01533  分时小区平均 β -1.200  26.7s
01:45:49 INFO 第   4 轮  训练 0.01598  验证 pinball 0.01445  分时小区平均 β -1.200  26.7s
01:46:16 INFO 第   5 轮  训练 0.01509  验证 pinball 0.01453  分时小区平均 β -1.200  26.7s
01:46:43 INFO 第   6 轮  训练 0.01445  验证 pinball 0.01422  分时小区平均 β -1.200  26.8s
01:47:10 INFO 第   7 轮  训练 0.01412  验证 pinball 0.01393  分时小区平均 β -1.200  26.8s
01:47:36 INFO 第   8 轮  训练 0.01392  验证 pinball 0.01366  分时小区平均 β -1.200  26.7s
01:48:03 INFO 第   9 轮  训练 0.01364  验证 pinball 0.01500  分时小区平均 β -1.200  26.8s
01:48:30 INFO 第  10 轮  训练 0.01350  验证 pinball 0.01381  分时小区平均 β -1.200  26.8s
01:48:57 INFO 第  11 轮  训练 0.01337  验证 pinball 0.01338  分时小区平均 β -1.200  26.8s
01:49:23 INFO 第  12 轮  训练 0.01315  验证 pinball 0.01318  分时小区平均 β -1.200  26.8s
01:49:50 INFO 第  13 轮  训练 0.01304  验证 pinball 0.01332  分时小区平均 β -1.200  26.9s
01:50:17 INFO 第  14 轮  训练 0.01295  验证 pinball 0.01331  分时小区平均 β -1.200  26.7s
01:50:44 INFO 第  15 轮  训练 0.01281  验证 pinball 0.01319  分时小区平均 β -1.200  26.8s
01:51:11 INFO 第  16 轮  训练 0.01267  验证 pinball 0.01310  分时小区平均 β -1.200  26.7s
01:51:37 INFO 第  17 轮  训练 0.01262  验证 pinball 0.01315  分时小区平均 β -1.200  26.6s
01:52:04 INFO 第  18 轮  训练 0.01247  验证 pinball 0.01331  分时小区平均 β -1.200  26.8s
01:52:31 INFO 第  19 轮  训练 0.01240  验证 pinball 0.01315  分时小区平均 β -1.200  26.8s
01:52:58 INFO 第  20 轮  训练 0.01233  验证 pinball 0.01311  分时小区平均 β -1.200  26.8s
01:53:24 INFO 第  21 轮  训练 0.01228  验证 pinball 0.01326  分时小区平均 β -1.200  26.8s
01:53:51 INFO 第  22 轮  训练 0.01218  验证 pinball 0.01327  分时小区平均 β -1.200  26.8s
01:54:18 INFO 第  23 轮  训练 0.01211  验证 pinball 0.01314  分时小区平均 β -1.200  26.7s
01:54:44 INFO 第  24 轮  训练 0.01214  验证 pinball 0.01316  分时小区平均 β -1.200  26.5s
01:55:11 INFO 第  25 轮  训练 0.01200  验证 pinball 0.01330  分时小区平均 β -1.200  26.9s
01:55:38 INFO 第  26 轮  训练 0.01195  验证 pinball 0.01332  分时小区平均 β -1.200  26.8s
01:56:05 INFO 第  27 轮  训练 0.01194  验证 pinball 0.01313  分时小区平均 β -1.200  26.7s
01:56:32 INFO 第  28 轮  训练 0.01186  验证 pinball 0.01294  分时小区平均 β -1.200  26.9s
01:56:58 INFO 第  29 轮  训练 0.01179  验证 pinball 0.01323  分时小区平均 β -1.200  26.7s
01:57:25 INFO 第  30 轮  训练 0.01175  验证 pinball 0.01352  分时小区平均 β -1.200  26.8s
01:57:52 INFO 第  31 轮  训练 0.01170  验证 pinball 0.01357  分时小区平均 β -1.200  26.8s
01:58:19 INFO 第  32 轮  训练 0.01169  验证 pinball 0.01337  分时小区平均 β -1.200  26.6s
01:58:45 INFO 第  33 轮  训练 0.01163  验证 pinball 0.01357  分时小区平均 β -1.200  26.7s
01:59:12 INFO 第  34 轮  训练 0.01156  验证 pinball 0.01346  分时小区平均 β -1.200  26.8s
01:59:39 INFO 第  35 轮  训练 0.01158  验证 pinball 0.01334  分时小区平均 β -1.200  26.7s
02:00:06 INFO 第  36 轮  训练 0.01149  验证 pinball 0.01332  分时小区平均 β -1.200  26.7s
02:00:32 INFO 第  37 轮  训练 0.01150  验证 pinball 0.01357  分时小区平均 β -1.200  26.8s
02:00:59 INFO 第  38 轮  训练 0.01138  验证 pinball 0.01377  分时小区平均 β -1.200  26.8s
02:01:26 INFO 第  39 轮  训练 0.01134  验证 pinball 0.01333  分时小区平均 β -1.200  26.7s
02:01:53 INFO 第  40 轮  训练 0.01137  验证 pinball 0.01358  分时小区平均 β -1.200  26.7s
02:02:19 INFO 第  41 轮  训练 0.01135  验证 pinball 0.01408  分时小区平均 β -1.200  26.7s
02:02:46 INFO 第  42 轮  训练 0.01125  验证 pinball 0.01366  分时小区平均 β -1.200  26.9s
02:03:13 INFO 第  43 轮  训练 0.01122  验证 pinball 0.01355  分时小区平均 β -1.200  26.8s
02:03:13 INFO 验证损失 15 轮未改善，提前停止
02:03:18 INFO 切换点一致性（all）：观测 β -1.180（0.393）  模型 β -1.111（0.220）
02:03:18 INFO 切换点一致性（novel）：观测 β -0.367（0.505）  模型 β -0.650（0.278）
02:03:35 INFO 测试期 MAE 0.0450  WAPE 0.230  CRPS 0.0264  PICP90 原始 0.812 / ACI 0.902；输出 D:\EV充电因果预测sci论文\05_实验结果\runs\eid_profile-1.2_s0
== eid_profile-1.2_s0  完成，用时 19.7 分钟
== eid_profile-1.6_s0  开始 02:03:36
02:03:38 INFO 运行 eid_profile-1.6_s0，设备 cuda，torch 2.11.0+cu128
02:03:40 INFO 数据：T=4344 N=275 训练/验证/测试起点 3001/409/841；{'train': ('2022-09-01', '2023-01-05'), 'val': ('2023-01-06', '2023-01-23'), 'test': ('2023-01-24', '2023-02-28')}
02:03:40 INFO 模型参数 198,211；锚定方式 cut；锚定来源 fivemin_main|fixed_beta=-1.6
02:04:11 INFO 第   1 轮  训练 0.02309  验证 pinball 0.01716  分时小区平均 β -1.600  27.4s
02:04:38 INFO 第   2 轮  训练 0.01849  验证 pinball 0.01617  分时小区平均 β -1.600  26.8s
02:05:05 INFO 第   3 轮  训练 0.01722  验证 pinball 0.01536  分时小区平均 β -1.600  26.7s
02:05:31 INFO 第   4 轮  训练 0.01605  验证 pinball 0.01455  分时小区平均 β -1.600  26.7s
02:05:58 INFO 第   5 轮  训练 0.01516  验证 pinball 0.01449  分时小区平均 β -1.600  26.7s
02:06:25 INFO 第   6 轮  训练 0.01450  验证 pinball 0.01421  分时小区平均 β -1.600  26.8s
02:06:51 INFO 第   7 轮  训练 0.01422  验证 pinball 0.01408  分时小区平均 β -1.600  26.6s
02:07:18 INFO 第   8 轮  训练 0.01402  验证 pinball 0.01397  分时小区平均 β -1.600  26.9s
02:07:45 INFO 第   9 轮  训练 0.01372  验证 pinball 0.01469  分时小区平均 β -1.600  26.8s
02:08:12 INFO 第  10 轮  训练 0.01355  验证 pinball 0.01382  分时小区平均 β -1.600  26.8s
02:08:39 INFO 第  11 轮  训练 0.01344  验证 pinball 0.01349  分时小区平均 β -1.600  26.8s
02:09:05 INFO 第  12 轮  训练 0.01321  验证 pinball 0.01331  分时小区平均 β -1.600  26.6s
02:09:32 INFO 第  13 轮  训练 0.01312  验证 pinball 0.01332  分时小区平均 β -1.600  26.6s
02:09:59 INFO 第  14 轮  训练 0.01301  验证 pinball 0.01336  分时小区平均 β -1.600  26.7s
02:10:25 INFO 第  15 轮  训练 0.01288  验证 pinball 0.01330  分时小区平均 β -1.600  26.8s
02:10:52 INFO 第  16 轮  训练 0.01276  验证 pinball 0.01326  分时小区平均 β -1.600  26.6s
02:11:19 INFO 第  17 轮  训练 0.01270  验证 pinball 0.01326  分时小区平均 β -1.600  26.8s
02:11:46 INFO 第  18 轮  训练 0.01254  验证 pinball 0.01338  分时小区平均 β -1.600  26.9s
02:12:13 INFO 第  19 轮  训练 0.01247  验证 pinball 0.01322  分时小区平均 β -1.600  26.7s
02:12:39 INFO 第  20 轮  训练 0.01240  验证 pinball 0.01313  分时小区平均 β -1.600  26.8s
02:13:06 INFO 第  21 轮  训练 0.01234  验证 pinball 0.01336  分时小区平均 β -1.600  26.6s
02:13:33 INFO 第  22 轮  训练 0.01227  验证 pinball 0.01328  分时小区平均 β -1.600  26.7s
02:13:59 INFO 第  23 轮  训练 0.01218  验证 pinball 0.01323  分时小区平均 β -1.600  26.7s
02:14:26 INFO 第  24 轮  训练 0.01219  验证 pinball 0.01333  分时小区平均 β -1.600  26.6s
02:14:53 INFO 第  25 轮  训练 0.01207  验证 pinball 0.01341  分时小区平均 β -1.600  26.8s
02:15:20 INFO 第  26 轮  训练 0.01198  验证 pinball 0.01343  分时小区平均 β -1.600  26.9s
02:15:46 INFO 第  27 轮  训练 0.01197  验证 pinball 0.01327  分时小区平均 β -1.600  26.8s
02:16:13 INFO 第  28 轮  训练 0.01189  验证 pinball 0.01306  分时小区平均 β -1.600  26.8s
02:16:40 INFO 第  29 轮  训练 0.01183  验证 pinball 0.01334  分时小区平均 β -1.600  26.7s
02:17:07 INFO 第  30 轮  训练 0.01179  验证 pinball 0.01355  分时小区平均 β -1.600  26.8s
02:17:34 INFO 第  31 轮  训练 0.01173  验证 pinball 0.01344  分时小区平均 β -1.600  26.8s
02:18:00 INFO 第  32 轮  训练 0.01170  验证 pinball 0.01372  分时小区平均 β -1.600  26.8s
02:18:27 INFO 第  33 轮  训练 0.01166  验证 pinball 0.01353  分时小区平均 β -1.600  26.8s
02:18:54 INFO 第  34 轮  训练 0.01157  验证 pinball 0.01358  分时小区平均 β -1.600  27.0s
02:19:21 INFO 第  35 轮  训练 0.01160  验证 pinball 0.01341  分时小区平均 β -1.600  26.7s
02:19:48 INFO 第  36 轮  训练 0.01154  验证 pinball 0.01346  分时小区平均 β -1.600  26.8s
02:20:15 INFO 第  37 轮  训练 0.01152  验证 pinball 0.01358  分时小区平均 β -1.600  26.9s
02:20:41 INFO 第  38 轮  训练 0.01138  验证 pinball 0.01384  分时小区平均 β -1.600  26.8s
02:21:08 INFO 第  39 轮  训练 0.01136  验证 pinball 0.01361  分时小区平均 β -1.600  26.8s
02:21:35 INFO 第  40 轮  训练 0.01135  验证 pinball 0.01357  分时小区平均 β -1.600  26.7s
02:22:01 INFO 第  41 轮  训练 0.01138  验证 pinball 0.01406  分时小区平均 β -1.600  26.6s
02:22:28 INFO 第  42 轮  训练 0.01127  验证 pinball 0.01385  分时小区平均 β -1.600  26.8s
02:22:55 INFO 第  43 轮  训练 0.01125  验证 pinball 0.01376  分时小区平均 β -1.600  27.0s
02:22:55 INFO 验证损失 15 轮未改善，提前停止
02:23:00 INFO 切换点一致性（all）：观测 β -1.180（0.393）  模型 β -1.243（0.226）
02:23:00 INFO 切换点一致性（novel）：观测 β -0.367（0.505）  模型 β -0.783（0.307）
02:23:17 INFO 测试期 MAE 0.0453  WAPE 0.232  CRPS 0.0266  PICP90 原始 0.813 / ACI 0.901；输出 D:\EV充电因果预测sci论文\05_实验结果\runs\eid_profile-1.6_s0
== eid_profile-1.6_s0  完成，用时 19.7 分钟
== eid_profile-2.0_s0  开始 02:23:18
02:23:21 INFO 运行 eid_profile-2.0_s0，设备 cuda，torch 2.11.0+cu128
02:23:22 INFO 数据：T=4344 N=275 训练/验证/测试起点 3001/409/841；{'train': ('2022-09-01', '2023-01-05'), 'val': ('2023-01-06', '2023-01-23'), 'test': ('2023-01-24', '2023-02-28')}
02:23:22 INFO 模型参数 198,211；锚定方式 cut；锚定来源 fivemin_main|fixed_beta=-2.0
02:23:53 INFO 第   1 轮  训练 0.02316  验证 pinball 0.01728  分时小区平均 β -2.000  27.5s
02:24:20 INFO 第   2 轮  训练 0.01862  验证 pinball 0.01675  分时小区平均 β -2.000  26.8s
02:24:46 INFO 第   3 轮  训练 0.01744  验证 pinball 0.01550  分时小区平均 β -2.000  26.7s
02:25:13 INFO 第   4 轮  训练 0.01625  验证 pinball 0.01472  分时小区平均 β -2.000  26.7s
02:25:40 INFO 第   5 轮  训练 0.01530  验证 pinball 0.01449  分时小区平均 β -2.000  26.8s
02:26:07 INFO 第   6 轮  训练 0.01466  验证 pinball 0.01413  分时小区平均 β -2.000  26.8s
02:26:33 INFO 第   7 轮  训练 0.01433  验证 pinball 0.01436  分时小区平均 β -2.000  26.8s
02:27:00 INFO 第   8 轮  训练 0.01415  验证 pinball 0.01392  分时小区平均 β -2.000  26.8s
02:27:27 INFO 第   9 轮  训练 0.01384  验证 pinball 0.01492  分时小区平均 β -2.000  26.6s
02:27:54 INFO 第  10 轮  训练 0.01367  验证 pinball 0.01403  分时小区平均 β -2.000  26.7s
02:28:20 INFO 第  11 轮  训练 0.01355  验证 pinball 0.01358  分时小区平均 β -2.000  26.8s
02:28:47 INFO 第  12 轮  训练 0.01332  验证 pinball 0.01342  分时小区平均 β -2.000  26.6s
02:29:14 INFO 第  13 轮  训练 0.01320  验证 pinball 0.01347  分时小区平均 β -2.000  26.8s
02:29:41 INFO 第  14 轮  训练 0.01311  验证 pinball 0.01343  分时小区平均 β -2.000  26.8s
02:30:08 INFO 第  15 轮  训练 0.01298  验证 pinball 0.01338  分时小区平均 β -2.000  26.8s
02:30:34 INFO 第  16 轮  训练 0.01285  验证 pinball 0.01338  分时小区平均 β -2.000  26.7s
02:31:01 INFO 第  17 轮  训练 0.01279  验证 pinball 0.01334  分时小区平均 β -2.000  26.8s
02:31:28 INFO 第  18 轮  训练 0.01265  验证 pinball 0.01341  分时小区平均 β -2.000  26.7s
02:31:54 INFO 第  19 轮  训练 0.01257  验证 pinball 0.01338  分时小区平均 β -2.000  26.6s
02:32:21 INFO 第  20 轮  训练 0.01249  验证 pinball 0.01330  分时小区平均 β -2.000  26.6s
02:32:48 INFO 第  21 轮  训练 0.01243  验证 pinball 0.01347  分时小区平均 β -2.000  26.9s
02:33:14 INFO 第  22 轮  训练 0.01236  验证 pinball 0.01345  分时小区平均 β -2.000  26.7s
02:33:41 INFO 第  23 轮  训练 0.01226  验证 pinball 0.01326  分时小区平均 β -2.000  26.7s
02:34:08 INFO 第  24 轮  训练 0.01228  验证 pinball 0.01346  分时小区平均 β -2.000  26.9s
02:34:35 INFO 第  25 轮  训练 0.01215  验证 pinball 0.01348  分时小区平均 β -2.000  26.7s
02:35:02 INFO 第  26 轮  训练 0.01209  验证 pinball 0.01347  分时小区平均 β -2.000  26.8s
02:35:28 INFO 第  27 轮  训练 0.01207  验证 pinball 0.01336  分时小区平均 β -2.000  26.8s
02:35:55 INFO 第  28 轮  训练 0.01199  验证 pinball 0.01322  分时小区平均 β -2.000  26.7s
02:36:22 INFO 第  29 轮  训练 0.01190  验证 pinball 0.01343  分时小区平均 β -2.000  26.8s
02:36:49 INFO 第  30 轮  训练 0.01188  验证 pinball 0.01364  分时小区平均 β -2.000  26.8s
02:37:16 INFO 第  31 轮  训练 0.01182  验证 pinball 0.01363  分时小区平均 β -2.000  26.8s
02:37:42 INFO 第  32 轮  训练 0.01180  验证 pinball 0.01361  分时小区平均 β -2.000  26.9s
02:38:09 INFO 第  33 轮  训练 0.01173  验证 pinball 0.01372  分时小区平均 β -2.000  26.8s
02:38:36 INFO 第  34 轮  训练 0.01165  验证 pinball 0.01375  分时小区平均 β -2.000  26.7s
02:39:03 INFO 第  35 轮  训练 0.01167  验证 pinball 0.01365  分时小区平均 β -2.000  26.6s
02:39:29 INFO 第  36 轮  训练 0.01160  验证 pinball 0.01361  分时小区平均 β -2.000  26.7s
02:39:56 INFO 第  37 轮  训练 0.01158  验证 pinball 0.01365  分时小区平均 β -2.000  26.7s
02:40:23 INFO 第  38 轮  训练 0.01143  验证 pinball 0.01395  分时小区平均 β -2.000  26.6s
02:40:49 INFO 第  39 轮  训练 0.01141  验证 pinball 0.01385  分时小区平均 β -2.000  26.7s
02:41:16 INFO 第  40 轮  训练 0.01138  验证 pinball 0.01377  分时小区平均 β -2.000  26.9s
02:41:43 INFO 第  41 轮  训练 0.01139  验证 pinball 0.01458  分时小区平均 β -2.000  26.7s
02:42:10 INFO 第  42 轮  训练 0.01132  验证 pinball 0.01409  分时小区平均 β -2.000  26.8s
02:42:36 INFO 第  43 轮  训练 0.01124  验证 pinball 0.01400  分时小区平均 β -2.000  26.8s
02:42:36 INFO 验证损失 15 轮未改善，提前停止
02:42:41 INFO 切换点一致性（all）：观测 β -1.180（0.393）  模型 β -1.427（0.234）
02:42:42 INFO 切换点一致性（novel）：观测 β -0.367（0.505）  模型 β -1.014（0.325）
02:42:59 INFO 测试期 MAE 0.0455  WAPE 0.233  CRPS 0.0267  PICP90 原始 0.813 / ACI 0.901；输出 D:\EV充电因果预测sci论文\05_实验结果\runs\eid_profile-2.0_s0
== eid_profile-2.0_s0  完成，用时 19.7 分钟
== eid_profile-3.0_s0  开始 02:43:00
02:43:02 INFO 运行 eid_profile-3.0_s0，设备 cuda，torch 2.11.0+cu128
02:43:03 INFO 数据：T=4344 N=275 训练/验证/测试起点 3001/409/841；{'train': ('2022-09-01', '2023-01-05'), 'val': ('2023-01-06', '2023-01-23'), 'test': ('2023-01-24', '2023-02-28')}
02:43:03 INFO 模型参数 198,211；锚定方式 cut；锚定来源 fivemin_main|fixed_beta=-3.0
02:43:33 INFO 第   1 轮  训练 0.02344  验证 pinball 0.01757  分时小区平均 β -3.000  26.8s
02:43:59 INFO 第   2 轮  训练 0.01898  验证 pinball 0.01714  分时小区平均 β -3.000  26.3s
02:44:25 INFO 第   3 轮  训练 0.01779  验证 pinball 0.01590  分时小区平均 β -3.000  26.4s
02:44:52 INFO 第   4 轮  训练 0.01660  验证 pinball 0.01525  分时小区平均 β -3.000  26.3s
02:45:18 INFO 第   5 轮  训练 0.01558  验证 pinball 0.01482  分时小区平均 β -3.000  26.3s
02:45:44 INFO 第   6 轮  训练 0.01489  验证 pinball 0.01468  分时小区平均 β -3.000  26.2s
02:46:11 INFO 第   7 轮  训练 0.01458  验证 pinball 0.01461  分时小区平均 β -3.000  26.3s
02:46:37 INFO 第   8 轮  训练 0.01440  验证 pinball 0.01418  分时小区平均 β -3.000  26.3s
02:47:03 INFO 第   9 轮  训练 0.01408  验证 pinball 0.01495  分时小区平均 β -3.000  26.4s
02:47:30 INFO 第  10 轮  训练 0.01389  验证 pinball 0.01431  分时小区平均 β -3.000  26.2s
02:47:56 INFO 第  11 轮  训练 0.01376  验证 pinball 0.01383  分时小区平均 β -3.000  26.4s
02:48:22 INFO 第  12 轮  训练 0.01353  验证 pinball 0.01370  分时小区平均 β -3.000  26.3s
02:48:49 INFO 第  13 轮  训练 0.01343  验证 pinball 0.01367  分时小区平均 β -3.000  26.4s
02:49:15 INFO 第  14 轮  训练 0.01332  验证 pinball 0.01375  分时小区平均 β -3.000  26.2s
02:49:41 INFO 第  15 轮  训练 0.01319  验证 pinball 0.01367  分时小区平均 β -3.000  26.3s
02:50:08 INFO 第  16 轮  训练 0.01308  验证 pinball 0.01359  分时小区平均 β -3.000  26.4s
02:50:34 INFO 第  17 轮  训练 0.01299  验证 pinball 0.01363  分时小区平均 β -3.000  26.3s
02:51:00 INFO 第  18 轮  训练 0.01289  验证 pinball 0.01387  分时小区平均 β -3.000  26.4s
02:51:27 INFO 第  19 轮  训练 0.01277  验证 pinball 0.01381  分时小区平均 β -3.000  26.3s
02:51:53 INFO 第  20 轮  训练 0.01268  验证 pinball 0.01357  分时小区平均 β -3.000  26.5s
02:52:19 INFO 第  21 轮  训练 0.01267  验证 pinball 0.01365  分时小区平均 β -3.000  26.3s
02:52:46 INFO 第  22 轮  训练 0.01258  验证 pinball 0.01373  分时小区平均 β -3.000  26.3s
02:53:12 INFO 第  23 轮  训练 0.01247  验证 pinball 0.01359  分时小区平均 β -3.000  26.3s
02:53:38 INFO 第  24 轮  训练 0.01249  验证 pinball 0.01368  分时小区平均 β -3.000  26.3s
02:54:05 INFO 第  25 轮  训练 0.01237  验证 pinball 0.01383  分时小区平均 β -3.000  26.4s
02:54:31 INFO 第  26 轮  训练 0.01230  验证 pinball 0.01381  分时小区平均 β -3.000  26.2s
02:54:57 INFO 第  27 轮  训练 0.01227  验证 pinball 0.01357  分时小区平均 β -3.000  26.3s
02:55:23 INFO 第  28 轮  训练 0.01219  验证 pinball 0.01345  分时小区平均 β -3.000  26.3s
02:55:50 INFO 第  29 轮  训练 0.01212  验证 pinball 0.01369  分时小区平均 β -3.000  26.3s
02:56:16 INFO 第  30 轮  训练 0.01208  验证 pinball 0.01379  分时小区平均 β -3.000  26.2s
02:56:42 INFO 第  31 轮  训练 0.01203  验证 pinball 0.01396  分时小区平均 β -3.000  26.3s
02:57:09 INFO 第  32 轮  训练 0.01199  验证 pinball 0.01388  分时小区平均 β -3.000  26.3s
02:57:35 INFO 第  33 轮  训练 0.01191  验证 pinball 0.01395  分时小区平均 β -3.000  26.3s
02:58:01 INFO 第  34 轮  训练 0.01183  验证 pinball 0.01381  分时小区平均 β -3.000  26.3s
02:58:27 INFO 第  35 轮  训练 0.01186  验证 pinball 0.01397  分时小区平均 β -3.000  26.1s
02:58:54 INFO 第  36 轮  训练 0.01177  验证 pinball 0.01376  分时小区平均 β -3.000  26.3s
02:59:20 INFO 第  37 轮  训练 0.01176  验证 pinball 0.01392  分时小区平均 β -3.000  26.3s
02:59:46 INFO 第  38 轮  训练 0.01160  验证 pinball 0.01382  分时小区平均 β -3.000  26.4s
03:00:13 INFO 第  39 轮  训练 0.01157  验证 pinball 0.01401  分时小区平均 β -3.000  26.3s
03:00:39 INFO 第  40 轮  训练 0.01152  验证 pinball 0.01379  分时小区平均 β -3.000  26.2s
03:01:05 INFO 第  41 轮  训练 0.01153  验证 pinball 0.01449  分时小区平均 β -3.000  26.3s
03:01:31 INFO 第  42 轮  训练 0.01144  验证 pinball 0.01412  分时小区平均 β -3.000  26.2s
03:01:58 INFO 第  43 轮  训练 0.01139  验证 pinball 0.01408  分时小区平均 β -3.000  26.3s
03:01:58 INFO 验证损失 15 轮未改善，提前停止
03:02:02 INFO 切换点一致性（all）：观测 β -1.180（0.393）  模型 β -1.793（0.254）
03:02:03 INFO 切换点一致性（novel）：观测 β -0.367（0.505）  模型 β -1.188（0.346）
03:02:15 INFO 测试期 MAE 0.0463  WAPE 0.237  CRPS 0.0272  PICP90 原始 0.816 / ACI 0.902；输出 D:\EV充电因果预测sci论文\05_实验结果\runs\eid_profile-3.0_s0
== eid_profile-3.0_s0  完成，用时 19.3 分钟
阶段 eid 结束
