2026-10-01 19:52:20,756 INFO 运行 ess_rho0_A0cells_s0，设备 cuda，torch 2.11.0+cu128
2026-10-01 19:52:34,273 INFO E-SS 半合成数据：109 个小区（处理组 54），ρ = 0.0，真实弹性 [-0.2, -0.8, -1.5]；锚定 cells（在合成训练期上重新估计）
2026-10-01 19:52:34,274 INFO 数据：T=4344 N=109 训练/验证/测试起点 3001/409/841；{'train': ('2022-09-01', '2023-01-05'), 'val': ('2023-01-06', '2023-01-23'), 'test': ('2023-01-24', '2023-02-28')}
2026-10-01 19:52:34,417 INFO 模型参数 194,891；锚定方式 cut；锚定来源 ess_cells
2026-10-01 19:52:48,157 INFO 第   1 轮  训练 0.02354  验证 pinball 0.01807  分时小区平均 β -1.388  10.1s
2026-10-01 19:52:57,365 INFO 第   2 轮  训练 0.01838  验证 pinball 0.01680  分时小区平均 β -1.388  9.2s
2026-10-01 19:53:06,051 INFO 第   3 轮  训练 0.01668  验证 pinball 0.01524  分时小区平均 β -1.388  8.7s
2026-10-01 19:53:14,721 INFO 第   4 轮  训练 0.01531  验证 pinball 0.01467  分时小区平均 β -1.388  8.7s
2026-10-01 19:53:23,874 INFO 第   5 轮  训练 0.01422  验证 pinball 0.01460  分时小区平均 β -1.388  9.1s
2026-10-01 19:53:32,731 INFO 第   6 轮  训练 0.01354  验证 pinball 0.01461  分时小区平均 β -1.388  8.8s
2026-10-01 19:53:41,355 INFO 第   7 轮  训练 0.01328  验证 pinball 0.01449  分时小区平均 β -1.388  8.6s
2026-10-01 19:53:50,434 INFO 第   8 轮  训练 0.01299  验证 pinball 0.01406  分时小区平均 β -1.388  9.1s
2026-10-01 19:53:59,666 INFO 第   9 轮  训练 0.01275  验证 pinball 0.01542  分时小区平均 β -1.388  9.2s
2026-10-01 19:54:08,593 INFO 第  10 轮  训练 0.01260  验证 pinball 0.01422  分时小区平均 β -1.388  8.9s
2026-10-01 19:54:17,212 INFO 第  11 轮  训练 0.01242  验证 pinball 0.01508  分时小区平均 β -1.388  8.6s
2026-10-01 19:54:25,950 INFO 第  12 轮  训练 0.01226  验证 pinball 0.01414  分时小区平均 β -1.388  8.7s
2026-10-01 19:54:34,630 INFO 第  13 轮  训练 0.01216  验证 pinball 0.01416  分时小区平均 β -1.388  8.7s
2026-10-01 19:54:43,407 INFO 第  14 轮  训练 0.01204  验证 pinball 0.01431  分时小区平均 β -1.388  8.8s
2026-10-01 19:54:52,219 INFO 第  15 轮  训练 0.01191  验证 pinball 0.01406  分时小区平均 β -1.388  8.8s
2026-10-01 19:55:01,013 INFO 第  16 轮  训练 0.01181  验证 pinball 0.01414  分时小区平均 β -1.388  8.8s
2026-10-01 19:55:10,012 INFO 第  17 轮  训练 0.01170  验证 pinball 0.01443  分时小区平均 β -1.388  9.0s
2026-10-01 19:55:18,728 INFO 第  18 轮  训练 0.01158  验证 pinball 0.01480  分时小区平均 β -1.388  8.7s
2026-10-01 19:55:27,491 INFO 第  19 轮  训练 0.01144  验证 pinball 0.01478  分时小区平均 β -1.388  8.8s
2026-10-01 19:55:36,192 INFO 第  20 轮  训练 0.01143  验证 pinball 0.01458  分时小区平均 β -1.388  8.7s
2026-10-01 19:55:45,080 INFO 第  21 轮  训练 0.01136  验证 pinball 0.01539  分时小区平均 β -1.388  8.9s
2026-10-01 19:55:53,854 INFO 第  22 轮  训练 0.01120  验证 pinball 0.01463  分时小区平均 β -1.388  8.8s
2026-10-01 19:56:02,737 INFO 第  23 轮  训练 0.01109  验证 pinball 0.01485  分时小区平均 β -1.388  8.9s
2026-10-01 19:56:12,098 INFO 第  24 轮  训练 0.01106  验证 pinball 0.01568  分时小区平均 β -1.388  9.4s
2026-10-01 19:56:21,318 INFO 第  25 轮  训练 0.01092  验证 pinball 0.01561  分时小区平均 β -1.388  9.2s
2026-10-01 19:56:30,018 INFO 第  26 轮  训练 0.01079  验证 pinball 0.01557  分时小区平均 β -1.388  8.7s
2026-10-01 19:56:39,086 INFO 第  27 轮  训练 0.01077  验证 pinball 0.01585  分时小区平均 β -1.388  9.1s
2026-10-01 19:56:48,254 INFO 第  28 轮  训练 0.01067  验证 pinball 0.01592  分时小区平均 β -1.388  9.2s
2026-10-01 19:56:56,899 INFO 第  29 轮  训练 0.01055  验证 pinball 0.01566  分时小区平均 β -1.388  8.6s
2026-10-01 19:57:05,800 INFO 第  30 轮  训练 0.01045  验证 pinball 0.01588  分时小区平均 β -1.388  8.9s
2026-10-01 19:57:05,801 INFO 验证损失 15 轮未改善，提前停止
2026-10-01 19:57:11,353 INFO E-SS flat：真实隐含弹性 -1.102；模型 -1.369（反事实 MAE 0.0451）；插补 P0 -1.369（0.0451）
2026-10-01 19:57:11,353 INFO E-SS spread1.5：真实隐含弹性 -1.101；模型 -1.369（反事实 MAE 0.0461）；插补 P0 -1.369（0.0461）
2026-10-01 19:57:18,605 INFO 测试期 MAE 0.0475  WAPE 0.249  CRPS 0.0277  PICP90 原始 0.821 / ACI 0.902；输出 D:\EV充电因果预测sci论文\05_实验结果\runs\ess_rho0_A0cells_s0
