2026-10-01 19:48:34,020 INFO 运行 ess_rho0.5_A6input_s2，设备 cuda，torch 2.11.0+cu128
2026-10-01 19:48:42,051 INFO E-SS 半合成数据：109 个小区（处理组 54），ρ = 0.5，真实弹性 [-0.2, -0.8, -1.5]；锚定 cells（在合成训练期上重新估计）
2026-10-01 19:48:42,052 INFO 数据：T=4344 N=109 训练/验证/测试起点 3001/409/841；{'train': ('2022-09-01', '2023-01-05'), 'val': ('2023-01-06', '2023-01-23'), 'test': ('2023-01-24', '2023-02-28')}
2026-10-01 19:48:42,222 INFO 模型参数 195,307；锚定方式 cut；锚定来源 ess_cells
2026-10-01 19:48:56,309 INFO 第   1 轮  训练 0.02331  验证 pinball 0.01794  分时小区平均 β +nan  9.8s
2026-10-01 19:49:05,315 INFO 第   2 轮  训练 0.01817  验证 pinball 0.01591  分时小区平均 β +nan  9.0s
2026-10-01 19:49:14,532 INFO 第   3 轮  训练 0.01635  验证 pinball 0.01539  分时小区平均 β +nan  9.2s
2026-10-01 19:49:23,169 INFO 第   4 轮  训练 0.01486  验证 pinball 0.01481  分时小区平均 β +nan  8.6s
2026-10-01 19:49:31,875 INFO 第   5 轮  训练 0.01397  验证 pinball 0.01496  分时小区平均 β +nan  8.7s
2026-10-01 19:49:40,609 INFO 第   6 轮  训练 0.01358  验证 pinball 0.01393  分时小区平均 β +nan  8.7s
2026-10-01 19:49:49,323 INFO 第   7 轮  训练 0.01325  验证 pinball 0.01372  分时小区平均 β +nan  8.7s
2026-10-01 19:49:58,260 INFO 第   8 轮  训练 0.01298  验证 pinball 0.01433  分时小区平均 β +nan  8.9s
2026-10-01 19:50:07,137 INFO 第   9 轮  训练 0.01291  验证 pinball 0.01454  分时小区平均 β +nan  8.9s
2026-10-01 19:50:16,280 INFO 第  10 轮  训练 0.01266  验证 pinball 0.01421  分时小区平均 β +nan  9.1s
2026-10-01 19:50:25,726 INFO 第  11 轮  训练 0.01253  验证 pinball 0.01412  分时小区平均 β +nan  9.4s
2026-10-01 19:50:35,229 INFO 第  12 轮  训练 0.01229  验证 pinball 0.01415  分时小区平均 β +nan  9.5s
2026-10-01 19:50:43,966 INFO 第  13 轮  训练 0.01222  验证 pinball 0.01440  分时小区平均 β +nan  8.7s
2026-10-01 19:50:52,983 INFO 第  14 轮  训练 0.01204  验证 pinball 0.01495  分时小区平均 β +nan  9.0s
2026-10-01 19:51:01,878 INFO 第  15 轮  训练 0.01194  验证 pinball 0.01402  分时小区平均 β +nan  8.9s
2026-10-01 19:51:10,753 INFO 第  16 轮  训练 0.01178  验证 pinball 0.01542  分时小区平均 β +nan  8.9s
2026-10-01 19:51:19,562 INFO 第  17 轮  训练 0.01173  验证 pinball 0.01412  分时小区平均 β +nan  8.8s
2026-10-01 19:51:28,262 INFO 第  18 轮  训练 0.01155  验证 pinball 0.01478  分时小区平均 β +nan  8.7s
2026-10-01 19:51:37,593 INFO 第  19 轮  训练 0.01140  验证 pinball 0.01449  分时小区平均 β +nan  9.3s
2026-10-01 19:51:46,580 INFO 第  20 轮  训练 0.01131  验证 pinball 0.01479  分时小区平均 β +nan  9.0s
2026-10-01 19:51:55,410 INFO 第  21 轮  训练 0.01125  验证 pinball 0.01468  分时小区平均 β +nan  8.8s
2026-10-01 19:52:04,104 INFO 第  22 轮  训练 0.01113  验证 pinball 0.01481  分时小区平均 β +nan  8.7s
2026-10-01 19:52:04,104 INFO 验证损失 15 轮未改善，提前停止
2026-10-01 19:52:09,757 INFO E-SS flat：真实隐含弹性 -1.028；模型 -0.703（反事实 MAE 0.0483）；插补 P0 -1.159（0.0484）
2026-10-01 19:52:09,757 INFO E-SS spread1.5：真实隐含弹性 -1.028；模型 -0.703（反事实 MAE 0.0488）；插补 P0 -1.158（0.0485）
2026-10-01 19:52:17,099 INFO 测试期 MAE 0.0471  WAPE 0.248  CRPS 0.0272  PICP90 原始 0.856 / ACI 0.903；输出 D:\EV充电因果预测sci论文\05_实验结果\runs\ess_rho0.5_A6input_s2
